================ bl-union convergence sweep ================
date         : 2026-07-02T15:50:54+02:00
host         : TUMWUTG-MIT148
git commit   : bc1a042 (research/wgp-2026)
python       : Python 3.14.4
instance     : assembly_1
parts file   : data/assembly_1/assembly_1_parts.json
dfm file     : 
num_phases   : 5
lambda grid  : 0.0 0.1 0.2 0.3 0.4 0.5 0.6 0.7 0.8 0.9 1.0
k values     : [1, 2, 3, 4, 6, 8, 12, 16, 24, 32, 48, 64, 96, 128, 192, 256, 384, 512, 768, 1024, 1536, 2048]
blend grid   : [0.0, 0.5, 1.0]
jobs (par.)  : 11
rundir       : experiments/bl_union_convergence/assembly_1_np_5
===========================================================
extra args   : --num-phases 5 --stop-perc-graph 10 --no-cache

----------------- λ = 0.0 -----------------
========================================================================
bl-union convergence — assembly_1  P=5  λ=0.0
========================================================================

Building assembly digraph …
2026-07-02 15:50:55.123 | INFO     | pycaalp.gapp.assembly_digraph:compute_assembly_digraph_complete:395 - Computing assembly digraph...
  343 nodes, 1105 edges  (0.3s)

[ref] Full MIP  P=5  λ=0.0 …
2026-07-02 15:50:55.398 | INFO     | pycaalp.time_balancing.model:run_mip:430 - Running MIP solver ...
  obj=0.8329  alpha=2156.8s  time=0.32s

[bl_union] k-sweep (stop: edge_saturation, stop at 10.0% of the full directed graph):
2026-07-02 15:50:55.738 | INFO     | pycaalp.time_balancing.model:run_mip:430 - Running MIP solver ...
sub_stop=3.167420814479638
  k=    1  edges=  35 ( 3.17%)  Δe=  35  obj=0.8329  gap=-0.00%  Δobj=   —     build=0.02s solve=0.01s
2026-07-02 15:50:55.770 | INFO     | pycaalp.time_balancing.model:run_mip:430 - Running MIP solver ...
sub_stop=3.619909502262444
  k=    2  edges=  40 ( 3.62%)  Δe=   5  obj=0.8329  gap=-0.00%  Δobj=+0.000%  build=0.02s solve=0.03s
2026-07-02 15:50:55.834 | INFO     | pycaalp.time_balancing.model:run_mip:430 - Running MIP solver ...
sub_stop=4.162895927601809
  k=    3  edges=  46 ( 4.16%)  Δe=   6  obj=0.8329  gap=+0.00%  Δobj=-0.000%  build=0.04s solve=0.03s
2026-07-02 15:50:55.925 | INFO     | pycaalp.time_balancing.model:run_mip:430 - Running MIP solver ...
sub_stop=4.524886877828054
  k=    4  edges=  50 ( 4.52%)  Δe=   4  obj=0.8329  gap=+0.00%  Δobj=+0.000%  build=0.06s solve=0.02s
2026-07-02 15:50:55.983 | INFO     | pycaalp.time_balancing.model:run_mip:430 - Running MIP solver ...
sub_stop=5.067873303167421
  k=    6  edges=  56 ( 5.07%)  Δe=   6  obj=0.8329  gap=-0.00%  Δobj=+0.000%  build=0.04s solve=0.02s
2026-07-02 15:50:56.094 | INFO     | pycaalp.time_balancing.model:run_mip:430 - Running MIP solver ...
sub_stop=5.610859728506788
  k=    8  edges=  62 ( 5.61%)  Δe=   6  obj=0.8329  gap=-0.00%  Δobj=+0.000%  build=0.09s solve=0.02s
2026-07-02 15:50:56.234 | INFO     | pycaalp.time_balancing.model:run_mip:430 - Running MIP solver ...
sub_stop=6.0633484162895925
  k=   12  edges=  67 ( 6.06%)  Δe=   5  obj=0.8329  gap=-0.00%  Δobj=+0.000%  build=0.12s solve=0.02s
2026-07-02 15:50:56.452 | INFO     | pycaalp.time_balancing.model:run_mip:430 - Running MIP solver ...
sub_stop=7.420814479638009
  k=   16  edges=  82 ( 7.42%)  Δe=  15  obj=0.8329  gap=+0.00%  Δobj=-0.000%  build=0.20s solve=0.03s
2026-07-02 15:50:56.698 | INFO     | pycaalp.time_balancing.model:run_mip:430 - Running MIP solver ...
sub_stop=8.235294117647058
  k=   24  edges=  91 ( 8.24%)  Δe=   9  obj=0.8329  gap=+0.00%  Δobj=+0.000%  build=0.22s solve=0.02s
2026-07-02 15:50:57.030 | INFO     | pycaalp.time_balancing.model:run_mip:430 - Running MIP solver ...
sub_stop=8.868778280542987
  k=   32  edges=  98 ( 8.87%)  Δe=   7  obj=0.8329  gap=-0.00%  Δobj=+0.000%  build=0.31s solve=0.05s
2026-07-02 15:50:57.480 | INFO     | pycaalp.time_balancing.model:run_mip:430 - Running MIP solver ...
sub_stop=10.316742081447963
  k=   48  edges= 114 (10.32%)  Δe=  16  obj=0.8329  gap=-0.00%  Δobj=+0.000%  build=0.40s solve=0.06s
  → stop: stop_perc_graph (after 2 consecutive steps)

[diverse] k-sweep (stop: edge_saturation, stop at 10.0% of the full directed graph):
2026-07-02 15:50:57.544 | INFO     | pycaalp.time_balancing.model:run_mip:430 - Running MIP solver ...
sub_stop=1.1764705882352942
  k=    1  edges=  13 ( 1.18%)  Δe=  13  obj=0.8329  gap=+0.00%  Δobj=   —     build=0.00s solve=0.02s
2026-07-02 15:50:57.571 | INFO     | pycaalp.time_balancing.model:run_mip:430 - Running MIP solver ...
sub_stop=2.3529411764705883
  k=    2  edges=  26 ( 2.35%)  Δe=  13  obj=0.8329  gap=+0.00%  Δobj=+0.000%  build=0.01s solve=0.02s
2026-07-02 15:50:57.595 | INFO     | pycaalp.time_balancing.model:run_mip:430 - Running MIP solver ...
sub_stop=3.5294117647058822
  k=    3  edges=  39 ( 3.53%)  Δe=  13  obj=0.8329  gap=+0.00%  Δobj=+0.000%  build=0.00s solve=0.01s
2026-07-02 15:50:57.613 | INFO     | pycaalp.time_balancing.model:run_mip:430 - Running MIP solver ...
sub_stop=4.705882352941177
  k=    4  edges=  52 ( 4.71%)  Δe=  13  obj=0.8329  gap=+0.00%  Δobj=+0.000%  build=0.01s solve=0.01s
2026-07-02 15:50:57.634 | INFO     | pycaalp.time_balancing.model:run_mip:430 - Running MIP solver ...
sub_stop=7.0588235294117645
  k=    6  edges=  78 ( 7.06%)  Δe=  26  obj=0.8329  gap=+0.00%  Δobj=+0.000%  build=0.01s solve=0.03s
2026-07-02 15:50:57.668 | INFO     | pycaalp.time_balancing.model:run_mip:430 - Running MIP solver ...
sub_stop=9.230769230769232
  k=    8  edges= 102 ( 9.23%)  Δe=  24  obj=0.8329  gap=+0.00%  Δobj=+0.000%  build=0.01s solve=0.03s
2026-07-02 15:50:57.712 | INFO     | pycaalp.time_balancing.model:run_mip:430 - Running MIP solver ...
sub_stop=13.574660633484163
  k=   12  edges= 150 (13.57%)  Δe=  48  obj=0.8329  gap=+0.00%  Δobj=+0.000%  build=0.02s solve=0.05s
  → stop: stop_perc_graph (after 2 consecutive steps)

[adaptive] k-sweep (stop: edge_saturation, stop at 10.0% of the full directed graph):
2026-07-02 15:50:57.779 | INFO     | pycaalp.time_balancing.model:run_mip:430 - Running MIP solver ...
sub_stop=3.167420814479638
  k=    1  edges=  35 ( 3.17%)  Δe=  35  obj=0.8329  gap=-0.00%  Δobj=   —     build=0.02s solve=0.01s
2026-07-02 15:50:57.809 | INFO     | pycaalp.time_balancing.model:run_mip:430 - Running MIP solver ...
sub_stop=3.619909502262444
  k=    2  edges=  40 ( 3.62%)  Δe=   5  obj=0.8329  gap=-0.00%  Δobj=+0.000%  build=0.02s solve=0.02s
2026-07-02 15:50:57.876 | INFO     | pycaalp.time_balancing.model:run_mip:430 - Running MIP solver ...
sub_stop=4.162895927601809
  k=    3  edges=  46 ( 4.16%)  Δe=   6  obj=0.8329  gap=+0.00%  Δobj=-0.000%  build=0.04s solve=0.03s
2026-07-02 15:50:57.934 | INFO     | pycaalp.time_balancing.model:run_mip:430 - Running MIP solver ...
sub_stop=4.524886877828054
  k=    4  edges=  50 ( 4.52%)  Δe=   4  obj=0.8329  gap=+0.00%  Δobj=+0.000%  build=0.03s solve=0.03s
2026-07-02 15:50:58.035 | INFO     | pycaalp.time_balancing.model:run_mip:430 - Running MIP solver ...
sub_stop=5.067873303167421
  k=    6  edges=  56 ( 5.07%)  Δe=   6  obj=0.8329  gap=-0.00%  Δobj=+0.000%  build=0.07s solve=0.02s
2026-07-02 15:50:58.142 | INFO     | pycaalp.time_balancing.model:run_mip:430 - Running MIP solver ...
sub_stop=5.610859728506788
  k=    8  edges=  62 ( 5.61%)  Δe=   6  obj=0.8329  gap=-0.00%  Δobj=+0.000%  build=0.08s solve=0.04s
2026-07-02 15:50:58.301 | INFO     | pycaalp.time_balancing.model:run_mip:430 - Running MIP solver ...
sub_stop=6.0633484162895925
  k=   12  edges=  67 ( 6.06%)  Δe=   5  obj=0.8329  gap=-0.00%  Δobj=+0.000%  build=0.12s solve=0.03s
2026-07-02 15:50:58.474 | INFO     | pycaalp.time_balancing.model:run_mip:430 - Running MIP solver ...
sub_stop=7.420814479638009
  k=   16  edges=  82 ( 7.42%)  Δe=  15  obj=0.8329  gap=+0.00%  Δobj=-0.000%  build=0.14s solve=0.04s
2026-07-02 15:50:58.702 | INFO     | pycaalp.time_balancing.model:run_mip:430 - Running MIP solver ...
sub_stop=12.036199095022624
  k=   24  edges= 133 (12.04%)  Δe=  51  obj=0.8329  gap=+0.00%  Δobj=+0.000%  build=0.19s solve=0.04s
  → stop: stop_perc_graph (after 2 consecutive steps)

Results saved to experiments/bl_union_convergence/assembly_1_np_5/bl_union_convergence_lambda_0.0.csv
Plot with:  python -m experiments.bl_union_convergence.plot_convergence experiments/bl_union_convergence/assembly_1_np_5/bl_union_convergence_lambda_0.0.csv

----------------- λ = 0.1 -----------------
========================================================================
bl-union convergence — assembly_1  P=5  λ=0.1
========================================================================

Building assembly digraph …
2026-07-02 15:50:55.092 | INFO     | pycaalp.gapp.assembly_digraph:compute_assembly_digraph_complete:395 - Computing assembly digraph...
  343 nodes, 1105 edges  (0.3s)

[ref] Full MIP  P=5  λ=0.1 …
2026-07-02 15:50:55.380 | INFO     | pycaalp.time_balancing.model:run_mip:430 - Running MIP solver ...
  obj=0.8452  alpha=487.3s  time=12.79s

[bl_union] k-sweep (stop: edge_saturation, stop at 10.0% of the full directed graph):
2026-07-02 15:51:08.179 | INFO     | pycaalp.time_balancing.model:run_mip:430 - Running MIP solver ...
sub_stop=3.167420814479638
  k=    1  edges=  35 ( 3.17%)  Δe=  35  obj=0.8453  gap=+0.02%  Δobj=   —     build=0.01s solve=0.63s
2026-07-02 15:51:08.842 | INFO     | pycaalp.time_balancing.model:run_mip:430 - Running MIP solver ...
sub_stop=3.619909502262444
  k=    2  edges=  40 ( 3.62%)  Δe=   5  obj=0.8453  gap=+0.02%  Δobj=-0.000%  build=0.03s solve=0.49s
2026-07-02 15:51:09.357 | INFO     | pycaalp.time_balancing.model:run_mip:430 - Running MIP solver ...
sub_stop=4.162895927601809
  k=    3  edges=  46 ( 4.16%)  Δe=   6  obj=0.8453  gap=+0.02%  Δobj=+0.000%  build=0.03s solve=1.12s
2026-07-02 15:51:10.509 | INFO     | pycaalp.time_balancing.model:run_mip:430 - Running MIP solver ...
sub_stop=4.524886877828054
  k=    4  edges=  50 ( 4.52%)  Δe=   4  obj=0.8453  gap=+0.02%  Δobj=-0.000%  build=0.03s solve=0.95s
2026-07-02 15:51:11.506 | INFO     | pycaalp.time_balancing.model:run_mip:430 - Running MIP solver ...
sub_stop=5.067873303167421
  k=    6  edges=  56 ( 5.07%)  Δe=   6  obj=0.8453  gap=+0.02%  Δobj=+0.000%  build=0.05s solve=1.15s
2026-07-02 15:51:12.708 | INFO     | pycaalp.time_balancing.model:run_mip:430 - Running MIP solver ...
sub_stop=5.610859728506788
  k=    8  edges=  62 ( 5.61%)  Δe=   6  obj=0.8453  gap=+0.02%  Δobj=-0.000%  build=0.05s solve=0.80s
2026-07-02 15:51:13.586 | INFO     | pycaalp.time_balancing.model:run_mip:430 - Running MIP solver ...
sub_stop=6.0633484162895925
  k=   12  edges=  67 ( 6.06%)  Δe=   5  obj=0.8453  gap=+0.02%  Δobj=+0.000%  build=0.08s solve=1.83s
2026-07-02 15:51:15.550 | INFO     | pycaalp.time_balancing.model:run_mip:430 - Running MIP solver ...
sub_stop=7.420814479638009
  k=   16  edges=  82 ( 7.42%)  Δe=  15  obj=0.8452  gap=-0.00%  Δobj=+0.020%  build=0.13s solve=2.76s
2026-07-02 15:51:18.528 | INFO     | pycaalp.time_balancing.model:run_mip:430 - Running MIP solver ...
sub_stop=8.235294117647058
  k=   24  edges=  91 ( 8.24%)  Δe=   9  obj=0.8452  gap=-0.00%  Δobj=+0.000%  build=0.22s solve=2.03s
2026-07-02 15:51:20.870 | INFO     | pycaalp.time_balancing.model:run_mip:430 - Running MIP solver ...
sub_stop=8.868778280542987
  k=   32  edges=  98 ( 8.87%)  Δe=   7  obj=0.8452  gap=+0.00%  Δobj=-0.000%  build=0.31s solve=1.86s
2026-07-02 15:51:23.157 | INFO     | pycaalp.time_balancing.model:run_mip:430 - Running MIP solver ...
sub_stop=10.316742081447963
  k=   48  edges= 114 (10.32%)  Δe=  16  obj=0.8452  gap=+0.00%  Δobj=+0.000%  build=0.43s solve=4.15s
  → stop: stop_perc_graph (after 2 consecutive steps)

[diverse] k-sweep (stop: edge_saturation, stop at 10.0% of the full directed graph):
2026-07-02 15:51:27.312 | INFO     | pycaalp.time_balancing.model:run_mip:430 - Running MIP solver ...
sub_stop=1.1764705882352942
  k=    1  edges=  13 ( 1.18%)  Δe=  13  obj=0.8742  gap=+3.43%  Δobj=   —     build=0.00s solve=0.15s
2026-07-02 15:51:27.464 | INFO     | pycaalp.time_balancing.model:run_mip:430 - Running MIP solver ...
sub_stop=2.3529411764705883
  k=    2  edges=  26 ( 2.35%)  Δe=  13  obj=0.8742  gap=+3.43%  Δobj=-0.000%  build=0.00s solve=0.49s
2026-07-02 15:51:27.959 | INFO     | pycaalp.time_balancing.model:run_mip:430 - Running MIP solver ...
sub_stop=3.5294117647058822
  k=    3  edges=  39 ( 3.53%)  Δe=  13  obj=0.8742  gap=+3.43%  Δobj=+0.000%  build=0.01s solve=0.42s
2026-07-02 15:51:28.390 | INFO     | pycaalp.time_balancing.model:run_mip:430 - Running MIP solver ...
sub_stop=4.705882352941177
  k=    4  edges=  52 ( 4.71%)  Δe=  13  obj=0.8742  gap=+3.43%  Δobj=+0.000%  build=0.01s solve=0.88s
2026-07-02 15:51:29.282 | INFO     | pycaalp.time_balancing.model:run_mip:430 - Running MIP solver ...
sub_stop=7.0588235294117645
  k=    6  edges=  78 ( 7.06%)  Δe=  26  obj=0.8742  gap=+3.43%  Δobj=-0.000%  build=0.01s solve=0.86s
2026-07-02 15:51:30.150 | INFO     | pycaalp.time_balancing.model:run_mip:430 - Running MIP solver ...
sub_stop=9.230769230769232
  k=    8  edges= 102 ( 9.23%)  Δe=  24  obj=0.8680  gap=+2.70%  Δobj=+0.705%  build=0.01s solve=1.48s
2026-07-02 15:51:31.649 | INFO     | pycaalp.time_balancing.model:run_mip:430 - Running MIP solver ...
sub_stop=13.574660633484163
  k=   12  edges= 150 (13.57%)  Δe=  48  obj=0.8680  gap=+2.70%  Δobj=+0.000%  build=0.02s solve=1.76s
  → stop: stop_perc_graph (after 2 consecutive steps)

[adaptive] k-sweep (stop: edge_saturation, stop at 10.0% of the full directed graph):
2026-07-02 15:51:33.420 | INFO     | pycaalp.time_balancing.model:run_mip:430 - Running MIP solver ...
sub_stop=3.167420814479638
  k=    1  edges=  35 ( 3.17%)  Δe=  35  obj=0.8453  gap=+0.02%  Δobj=   —     build=0.01s solve=0.76s
2026-07-02 15:51:34.197 | INFO     | pycaalp.time_balancing.model:run_mip:430 - Running MIP solver ...
sub_stop=3.619909502262444
  k=    2  edges=  40 ( 3.62%)  Δe=   5  obj=0.8453  gap=+0.02%  Δobj=-0.000%  build=0.02s solve=0.59s
2026-07-02 15:51:34.812 | INFO     | pycaalp.time_balancing.model:run_mip:430 - Running MIP solver ...
sub_stop=4.162895927601809
  k=    3  edges=  46 ( 4.16%)  Δe=   6  obj=0.8453  gap=+0.02%  Δobj=+0.000%  build=0.03s solve=1.35s
2026-07-02 15:51:36.201 | INFO     | pycaalp.time_balancing.model:run_mip:430 - Running MIP solver ...
sub_stop=4.524886877828054
  k=    4  edges=  50 ( 4.52%)  Δe=   4  obj=0.8453  gap=+0.02%  Δobj=-0.000%  build=0.04s solve=0.75s
2026-07-02 15:51:37.012 | INFO     | pycaalp.time_balancing.model:run_mip:430 - Running MIP solver ...
sub_stop=5.067873303167421
  k=    6  edges=  56 ( 5.07%)  Δe=   6  obj=0.8453  gap=+0.02%  Δobj=+0.000%  build=0.06s solve=0.86s
2026-07-02 15:51:37.928 | INFO     | pycaalp.time_balancing.model:run_mip:430 - Running MIP solver ...
sub_stop=5.610859728506788
  k=    8  edges=  62 ( 5.61%)  Δe=   6  obj=0.8453  gap=+0.02%  Δobj=+0.000%  build=0.06s solve=0.90s
2026-07-02 15:51:38.932 | INFO     | pycaalp.time_balancing.model:run_mip:430 - Running MIP solver ...
sub_stop=6.0633484162895925
  k=   12  edges=  67 ( 6.06%)  Δe=   5  obj=0.8453  gap=+0.02%  Δobj=+0.000%  build=0.11s solve=2.15s
2026-07-02 15:51:41.205 | INFO     | pycaalp.time_balancing.model:run_mip:430 - Running MIP solver ...
sub_stop=7.420814479638009
  k=   16  edges=  82 ( 7.42%)  Δe=  15  obj=0.8452  gap=-0.00%  Δobj=+0.020%  build=0.12s solve=3.39s
2026-07-02 15:51:44.745 | INFO     | pycaalp.time_balancing.model:run_mip:430 - Running MIP solver ...
sub_stop=11.583710407239819
  k=   24  edges= 128 (11.58%)  Δe=  46  obj=0.8452  gap=-0.00%  Δobj=+0.000%  build=0.14s solve=4.18s
  → stop: stop_perc_graph (after 2 consecutive steps)

Results saved to experiments/bl_union_convergence/assembly_1_np_5/bl_union_convergence_lambda_0.1.csv
Plot with:  python -m experiments.bl_union_convergence.plot_convergence experiments/bl_union_convergence/assembly_1_np_5/bl_union_convergence_lambda_0.1.csv

----------------- λ = 0.2 -----------------
========================================================================
bl-union convergence — assembly_1  P=5  λ=0.2
========================================================================

Building assembly digraph …
2026-07-02 15:50:55.133 | INFO     | pycaalp.gapp.assembly_digraph:compute_assembly_digraph_complete:395 - Computing assembly digraph...
  343 nodes, 1105 edges  (0.3s)

[ref] Full MIP  P=5  λ=0.2 …
2026-07-02 15:50:55.447 | INFO     | pycaalp.time_balancing.model:run_mip:430 - Running MIP solver ...
  obj=0.8558  alpha=487.3s  time=34.19s

[bl_union] k-sweep (stop: edge_saturation, stop at 10.0% of the full directed graph):
2026-07-02 15:51:29.646 | INFO     | pycaalp.time_balancing.model:run_mip:430 - Running MIP solver ...
sub_stop=3.167420814479638
  k=    1  edges=  35 ( 3.17%)  Δe=  35  obj=0.8578  gap=+0.23%  Δobj=   —     build=0.01s solve=0.96s
2026-07-02 15:51:30.620 | INFO     | pycaalp.time_balancing.model:run_mip:430 - Running MIP solver ...
sub_stop=3.619909502262444
  k=    2  edges=  40 ( 3.62%)  Δe=   5  obj=0.8578  gap=+0.23%  Δobj=+0.000%  build=0.02s solve=0.86s
2026-07-02 15:51:31.526 | INFO     | pycaalp.time_balancing.model:run_mip:430 - Running MIP solver ...
sub_stop=4.162895927601809
  k=    3  edges=  46 ( 4.16%)  Δe=   6  obj=0.8578  gap=+0.23%  Δobj=-0.000%  build=0.05s solve=0.84s
2026-07-02 15:51:32.434 | INFO     | pycaalp.time_balancing.model:run_mip:430 - Running MIP solver ...
sub_stop=4.524886877828054
  k=    4  edges=  50 ( 4.52%)  Δe=   4  obj=0.8578  gap=+0.23%  Δobj=+0.000%  build=0.06s solve=1.48s
2026-07-02 15:51:33.982 | INFO     | pycaalp.time_balancing.model:run_mip:430 - Running MIP solver ...
sub_stop=5.067873303167421
  k=    6  edges=  56 ( 5.07%)  Δe=   6  obj=0.8578  gap=+0.23%  Δobj=+0.000%  build=0.06s solve=0.75s
2026-07-02 15:51:34.826 | INFO     | pycaalp.time_balancing.model:run_mip:430 - Running MIP solver ...
sub_stop=5.610859728506788
  k=    8  edges=  62 ( 5.61%)  Δe=   6  obj=0.8578  gap=+0.23%  Δobj=-0.000%  build=0.10s solve=2.25s
2026-07-02 15:51:37.228 | INFO     | pycaalp.time_balancing.model:run_mip:430 - Running MIP solver ...
sub_stop=6.0633484162895925
  k=   12  edges=  67 ( 6.06%)  Δe=   5  obj=0.8578  gap=+0.23%  Δobj=+0.000%  build=0.16s solve=2.01s
2026-07-02 15:51:39.392 | INFO     | pycaalp.time_balancing.model:run_mip:430 - Running MIP solver ...
sub_stop=7.420814479638009
  k=   16  edges=  82 ( 7.42%)  Δe=  15  obj=0.8558  gap=+0.00%  Δobj=+0.228%  build=0.15s solve=2.90s
2026-07-02 15:51:42.528 | INFO     | pycaalp.time_balancing.model:run_mip:430 - Running MIP solver ...
sub_stop=8.235294117647058
  k=   24  edges=  91 ( 8.24%)  Δe=   9  obj=0.8558  gap=+0.00%  Δobj=+0.000%  build=0.23s solve=5.25s
2026-07-02 15:51:48.065 | INFO     | pycaalp.time_balancing.model:run_mip:430 - Running MIP solver ...
sub_stop=8.868778280542987
  k=   32  edges=  98 ( 8.87%)  Δe=   7  obj=0.8558  gap=+0.00%  Δobj=+0.000%  build=0.29s solve=4.64s
2026-07-02 15:51:53.079 | INFO     | pycaalp.time_balancing.model:run_mip:430 - Running MIP solver ...
sub_stop=10.316742081447963
  k=   48  edges= 114 (10.32%)  Δe=  16  obj=0.8558  gap=+0.00%  Δobj=+0.000%  build=0.37s solve=2.01s
  → stop: stop_perc_graph (after 2 consecutive steps)

[diverse] k-sweep (stop: edge_saturation, stop at 10.0% of the full directed graph):
2026-07-02 15:51:55.092 | INFO     | pycaalp.time_balancing.model:run_mip:430 - Running MIP solver ...
sub_stop=1.1764705882352942
  k=    1  edges=  13 ( 1.18%)  Δe=  13  obj=0.8762  gap=+2.39%  Δobj=   —     build=0.00s solve=0.04s
2026-07-02 15:51:55.141 | INFO     | pycaalp.time_balancing.model:run_mip:430 - Running MIP solver ...
sub_stop=2.3529411764705883
  k=    2  edges=  26 ( 2.35%)  Δe=  13  obj=0.8723  gap=+1.93%  Δobj=+0.448%  build=0.00s solve=0.85s
2026-07-02 15:51:55.994 | INFO     | pycaalp.time_balancing.model:run_mip:430 - Running MIP solver ...
sub_stop=3.5294117647058822
  k=    3  edges=  39 ( 3.53%)  Δe=  13  obj=0.8703  gap=+1.70%  Δobj=+0.225%  build=0.00s solve=1.07s
2026-07-02 15:51:57.068 | INFO     | pycaalp.time_balancing.model:run_mip:430 - Running MIP solver ...
sub_stop=4.705882352941177
  k=    4  edges=  52 ( 4.71%)  Δe=  13  obj=0.8703  gap=+1.70%  Δobj=+0.000%  build=0.01s solve=1.32s
2026-07-02 15:51:58.403 | INFO     | pycaalp.time_balancing.model:run_mip:430 - Running MIP solver ...
sub_stop=7.0588235294117645
  k=    6  edges=  78 ( 7.06%)  Δe=  26  obj=0.8703  gap=+1.70%  Δobj=-0.000%  build=0.01s solve=1.25s
2026-07-02 15:51:59.657 | INFO     | pycaalp.time_balancing.model:run_mip:430 - Running MIP solver ...
sub_stop=9.230769230769232
  k=    8  edges= 102 ( 9.23%)  Δe=  24  obj=0.8703  gap=+1.70%  Δobj=+0.000%  build=0.01s solve=2.57s
2026-07-02 15:52:02.235 | INFO     | pycaalp.time_balancing.model:run_mip:430 - Running MIP solver ...
sub_stop=13.574660633484163
  k=   12  edges= 150 (13.57%)  Δe=  48  obj=0.8703  gap=+1.70%  Δobj=+0.000%  build=0.01s solve=2.35s
  → stop: stop_perc_graph (after 2 consecutive steps)

[adaptive] k-sweep (stop: edge_saturation, stop at 10.0% of the full directed graph):
2026-07-02 15:52:04.607 | INFO     | pycaalp.time_balancing.model:run_mip:430 - Running MIP solver ...
sub_stop=3.167420814479638
  k=    1  edges=  35 ( 3.17%)  Δe=  35  obj=0.8578  gap=+0.23%  Δobj=   —     build=0.02s solve=0.92s
2026-07-02 15:52:05.548 | INFO     | pycaalp.time_balancing.model:run_mip:430 - Running MIP solver ...
sub_stop=3.619909502262444
  k=    2  edges=  40 ( 3.62%)  Δe=   5  obj=0.8578  gap=+0.23%  Δobj=+0.000%  build=0.02s solve=0.65s
2026-07-02 15:52:06.225 | INFO     | pycaalp.time_balancing.model:run_mip:430 - Running MIP solver ...
sub_stop=4.162895927601809
  k=    3  edges=  46 ( 4.16%)  Δe=   6  obj=0.8578  gap=+0.23%  Δobj=+0.000%  build=0.03s solve=0.79s
2026-07-02 15:52:07.056 | INFO     | pycaalp.time_balancing.model:run_mip:430 - Running MIP solver ...
sub_stop=4.524886877828054
  k=    4  edges=  50 ( 4.52%)  Δe=   4  obj=0.8578  gap=+0.23%  Δobj=+0.000%  build=0.04s solve=1.30s
2026-07-02 15:52:08.400 | INFO     | pycaalp.time_balancing.model:run_mip:430 - Running MIP solver ...
sub_stop=5.067873303167421
  k=    6  edges=  56 ( 5.07%)  Δe=   6  obj=0.8578  gap=+0.23%  Δobj=+0.000%  build=0.04s solve=0.67s
2026-07-02 15:52:09.137 | INFO     | pycaalp.time_balancing.model:run_mip:430 - Running MIP solver ...
sub_stop=5.610859728506788
  k=    8  edges=  62 ( 5.61%)  Δe=   6  obj=0.8578  gap=+0.23%  Δobj=-0.000%  build=0.07s solve=1.99s
2026-07-02 15:52:11.238 | INFO     | pycaalp.time_balancing.model:run_mip:430 - Running MIP solver ...
sub_stop=6.0633484162895925
  k=   12  edges=  67 ( 6.06%)  Δe=   5  obj=0.8578  gap=+0.23%  Δobj=+0.000%  build=0.11s solve=1.99s
2026-07-02 15:52:13.356 | INFO     | pycaalp.time_balancing.model:run_mip:430 - Running MIP solver ...
sub_stop=7.420814479638009
  k=   16  edges=  82 ( 7.42%)  Δe=  15  obj=0.8558  gap=+0.00%  Δobj=+0.228%  build=0.13s solve=2.88s
2026-07-02 15:52:16.373 | INFO     | pycaalp.time_balancing.model:run_mip:430 - Running MIP solver ...
sub_stop=11.583710407239819
  k=   24  edges= 128 (11.58%)  Δe=  46  obj=0.8558  gap=+0.00%  Δobj=+0.000%  build=0.13s solve=1.73s
  → stop: stop_perc_graph (after 2 consecutive steps)

Results saved to experiments/bl_union_convergence/assembly_1_np_5/bl_union_convergence_lambda_0.2.csv
Plot with:  python -m experiments.bl_union_convergence.plot_convergence experiments/bl_union_convergence/assembly_1_np_5/bl_union_convergence_lambda_0.2.csv

----------------- λ = 0.3 -----------------
========================================================================
bl-union convergence — assembly_1  P=5  λ=0.3
========================================================================

Building assembly digraph …
2026-07-02 15:50:55.173 | INFO     | pycaalp.gapp.assembly_digraph:compute_assembly_digraph_complete:395 - Computing assembly digraph...
  343 nodes, 1105 edges  (0.3s)

[ref] Full MIP  P=5  λ=0.3 …
2026-07-02 15:50:55.461 | INFO     | pycaalp.time_balancing.model:run_mip:430 - Running MIP solver ...
  obj=0.8665  alpha=487.3s  time=29.03s

[bl_union] k-sweep (stop: edge_saturation, stop at 10.0% of the full directed graph):
2026-07-02 15:51:24.501 | INFO     | pycaalp.time_balancing.model:run_mip:430 - Running MIP solver ...
sub_stop=3.167420814479638
  k=    1  edges=  35 ( 3.17%)  Δe=  35  obj=0.8702  gap=+0.43%  Δobj=   —     build=0.01s solve=0.32s
2026-07-02 15:51:24.846 | INFO     | pycaalp.time_balancing.model:run_mip:430 - Running MIP solver ...
sub_stop=3.619909502262444
  k=    2  edges=  40 ( 3.62%)  Δe=   5  obj=0.8702  gap=+0.43%  Δobj=-0.000%  build=0.03s solve=1.46s
2026-07-02 15:51:26.329 | INFO     | pycaalp.time_balancing.model:run_mip:430 - Running MIP solver ...
sub_stop=4.162895927601809
  k=    3  edges=  46 ( 4.16%)  Δe=   6  obj=0.8702  gap=+0.43%  Δobj=+0.000%  build=0.03s solve=2.72s
2026-07-02 15:51:29.099 | INFO     | pycaalp.time_balancing.model:run_mip:430 - Running MIP solver ...
sub_stop=4.524886877828054
  k=    4  edges=  50 ( 4.52%)  Δe=   4  obj=0.8702  gap=+0.43%  Δobj=+0.000%  build=0.05s solve=2.70s
2026-07-02 15:51:31.842 | INFO     | pycaalp.time_balancing.model:run_mip:430 - Running MIP solver ...
sub_stop=5.067873303167421
  k=    6  edges=  56 ( 5.07%)  Δe=   6  obj=0.8702  gap=+0.43%  Δobj=+0.000%  build=0.04s solve=1.04s
2026-07-02 15:51:32.973 | INFO     | pycaalp.time_balancing.model:run_mip:430 - Running MIP solver ...
sub_stop=5.610859728506788
  k=    8  edges=  62 ( 5.61%)  Δe=   6  obj=0.8702  gap=+0.43%  Δobj=+0.000%  build=0.09s solve=1.59s
2026-07-02 15:51:34.688 | INFO     | pycaalp.time_balancing.model:run_mip:430 - Running MIP solver ...
sub_stop=6.0633484162895925
  k=   12  edges=  67 ( 6.06%)  Δe=   5  obj=0.8702  gap=+0.43%  Δobj=+0.000%  build=0.12s solve=1.45s
2026-07-02 15:51:36.281 | INFO     | pycaalp.time_balancing.model:run_mip:430 - Running MIP solver ...
sub_stop=7.420814479638009
  k=   16  edges=  82 ( 7.42%)  Δe=  15  obj=0.8665  gap=+0.00%  Δobj=+0.429%  build=0.14s solve=2.17s
2026-07-02 15:51:38.659 | INFO     | pycaalp.time_balancing.model:run_mip:430 - Running MIP solver ...
sub_stop=8.235294117647058
  k=   24  edges=  91 ( 8.24%)  Δe=   9  obj=0.8665  gap=+0.00%  Δobj=+0.000%  build=0.21s solve=1.22s
2026-07-02 15:51:40.185 | INFO     | pycaalp.time_balancing.model:run_mip:430 - Running MIP solver ...
sub_stop=8.868778280542987
  k=   32  edges=  98 ( 8.87%)  Δe=   7  obj=0.8665  gap=+0.00%  Δobj=+0.000%  build=0.30s solve=1.72s
2026-07-02 15:51:42.329 | INFO     | pycaalp.time_balancing.model:run_mip:430 - Running MIP solver ...
sub_stop=10.316742081447963
  k=   48  edges= 114 (10.32%)  Δe=  16  obj=0.8665  gap=+0.00%  Δobj=+0.000%  build=0.42s solve=2.54s
  → stop: stop_perc_graph (after 2 consecutive steps)

[diverse] k-sweep (stop: edge_saturation, stop at 10.0% of the full directed graph):
2026-07-02 15:51:44.884 | INFO     | pycaalp.time_balancing.model:run_mip:430 - Running MIP solver ...
sub_stop=1.1764705882352942
  k=    1  edges=  13 ( 1.18%)  Δe=  13  obj=0.8746  gap=+0.94%  Δobj=   —     build=0.01s solve=0.06s
2026-07-02 15:51:44.954 | INFO     | pycaalp.time_balancing.model:run_mip:430 - Running MIP solver ...
sub_stop=2.3529411764705883
  k=    2  edges=  26 ( 2.35%)  Δe=  13  obj=0.8746  gap=+0.94%  Δobj=+0.000%  build=0.01s solve=0.76s
2026-07-02 15:51:45.721 | INFO     | pycaalp.time_balancing.model:run_mip:430 - Running MIP solver ...
sub_stop=3.5294117647058822
  k=    3  edges=  39 ( 3.53%)  Δe=  13  obj=0.8746  gap=+0.94%  Δobj=-0.000%  build=0.01s solve=1.17s
2026-07-02 15:51:46.895 | INFO     | pycaalp.time_balancing.model:run_mip:430 - Running MIP solver ...
sub_stop=4.705882352941177
  k=    4  edges=  52 ( 4.71%)  Δe=  13  obj=0.8746  gap=+0.94%  Δobj=+0.000%  build=0.01s solve=1.84s
2026-07-02 15:51:48.742 | INFO     | pycaalp.time_balancing.model:run_mip:430 - Running MIP solver ...
sub_stop=7.0588235294117645
  k=    6  edges=  78 ( 7.06%)  Δe=  26  obj=0.8746  gap=+0.94%  Δobj=-0.000%  build=0.01s solve=0.87s
2026-07-02 15:51:49.615 | INFO     | pycaalp.time_balancing.model:run_mip:430 - Running MIP solver ...
sub_stop=9.230769230769232
  k=    8  edges= 102 ( 9.23%)  Δe=  24  obj=0.8746  gap=+0.94%  Δobj=+0.000%  build=0.01s solve=1.48s
2026-07-02 15:51:51.107 | INFO     | pycaalp.time_balancing.model:run_mip:430 - Running MIP solver ...
sub_stop=13.574660633484163
  k=   12  edges= 150 (13.57%)  Δe=  48  obj=0.8746  gap=+0.94%  Δobj=-0.000%  build=0.01s solve=1.30s
  → stop: stop_perc_graph (after 2 consecutive steps)

[adaptive] k-sweep (stop: edge_saturation, stop at 10.0% of the full directed graph):
2026-07-02 15:51:52.419 | INFO     | pycaalp.time_balancing.model:run_mip:430 - Running MIP solver ...
sub_stop=3.167420814479638
  k=    1  edges=  35 ( 3.17%)  Δe=  35  obj=0.8702  gap=+0.43%  Δobj=   —     build=0.01s solve=0.35s
2026-07-02 15:51:52.807 | INFO     | pycaalp.time_balancing.model:run_mip:430 - Running MIP solver ...
sub_stop=3.619909502262444
  k=    2  edges=  40 ( 3.62%)  Δe=   5  obj=0.8702  gap=+0.43%  Δobj=-0.000%  build=0.03s solve=1.37s
2026-07-02 15:51:54.202 | INFO     | pycaalp.time_balancing.model:run_mip:430 - Running MIP solver ...
sub_stop=4.162895927601809
  k=    3  edges=  46 ( 4.16%)  Δe=   6  obj=0.8702  gap=+0.43%  Δobj=+0.000%  build=0.02s solve=2.43s
2026-07-02 15:51:56.672 | INFO     | pycaalp.time_balancing.model:run_mip:430 - Running MIP solver ...
sub_stop=4.524886877828054
  k=    4  edges=  50 ( 4.52%)  Δe=   4  obj=0.8702  gap=+0.43%  Δobj=+0.000%  build=0.04s solve=2.45s
2026-07-02 15:51:59.167 | INFO     | pycaalp.time_balancing.model:run_mip:430 - Running MIP solver ...
sub_stop=5.067873303167421
  k=    6  edges=  56 ( 5.07%)  Δe=   6  obj=0.8702  gap=+0.43%  Δobj=+0.000%  build=0.05s solve=0.84s
2026-07-02 15:52:00.094 | INFO     | pycaalp.time_balancing.model:run_mip:430 - Running MIP solver ...
sub_stop=5.610859728506788
  k=    8  edges=  62 ( 5.61%)  Δe=   6  obj=0.8702  gap=+0.43%  Δobj=+0.000%  build=0.09s solve=1.40s
2026-07-02 15:52:01.591 | INFO     | pycaalp.time_balancing.model:run_mip:430 - Running MIP solver ...
sub_stop=6.0633484162895925
  k=   12  edges=  67 ( 6.06%)  Δe=   5  obj=0.8702  gap=+0.43%  Δobj=+0.000%  build=0.10s solve=1.26s
2026-07-02 15:52:02.985 | INFO     | pycaalp.time_balancing.model:run_mip:430 - Running MIP solver ...
sub_stop=7.420814479638009
  k=   16  edges=  82 ( 7.42%)  Δe=  15  obj=0.8665  gap=+0.00%  Δobj=+0.429%  build=0.14s solve=2.07s
2026-07-02 15:52:05.230 | INFO     | pycaalp.time_balancing.model:run_mip:430 - Running MIP solver ...
sub_stop=11.67420814479638
  k=   24  edges= 129 (11.67%)  Δe=  47  obj=0.8665  gap=+0.00%  Δobj=+0.000%  build=0.18s solve=2.55s
  → stop: stop_perc_graph (after 2 consecutive steps)

Results saved to experiments/bl_union_convergence/assembly_1_np_5/bl_union_convergence_lambda_0.3.csv
Plot with:  python -m experiments.bl_union_convergence.plot_convergence experiments/bl_union_convergence/assembly_1_np_5/bl_union_convergence_lambda_0.3.csv

----------------- λ = 0.4 -----------------
========================================================================
bl-union convergence — assembly_1  P=5  λ=0.4
========================================================================

Building assembly digraph …
2026-07-02 15:50:55.120 | INFO     | pycaalp.gapp.assembly_digraph:compute_assembly_digraph_complete:395 - Computing assembly digraph...
  343 nodes, 1105 edges  (0.3s)

[ref] Full MIP  P=5  λ=0.4 …
2026-07-02 15:50:55.388 | INFO     | pycaalp.time_balancing.model:run_mip:430 - Running MIP solver ...
  obj=0.8701  alpha=447.1s  time=110.01s

[bl_union] k-sweep (stop: edge_saturation, stop at 10.0% of the full directed graph):
2026-07-02 15:52:45.412 | INFO     | pycaalp.time_balancing.model:run_mip:430 - Running MIP solver ...
sub_stop=3.167420814479638
  k=    1  edges=  35 ( 3.17%)  Δe=  35  obj=0.8730  gap=+0.34%  Δobj=   —     build=0.01s solve=0.80s
2026-07-02 15:52:46.230 | INFO     | pycaalp.time_balancing.model:run_mip:430 - Running MIP solver ...
sub_stop=3.619909502262444
  k=    2  edges=  40 ( 3.62%)  Δe=   5  obj=0.8730  gap=+0.34%  Δobj=+0.000%  build=0.02s solve=0.32s
2026-07-02 15:52:46.574 | INFO     | pycaalp.time_balancing.model:run_mip:430 - Running MIP solver ...
sub_stop=4.162895927601809
  k=    3  edges=  46 ( 4.16%)  Δe=   6  obj=0.8730  gap=+0.34%  Δobj=-0.000%  build=0.02s solve=0.62s
2026-07-02 15:52:47.228 | INFO     | pycaalp.time_balancing.model:run_mip:430 - Running MIP solver ...
sub_stop=4.524886877828054
  k=    4  edges=  50 ( 4.52%)  Δe=   4  obj=0.8730  gap=+0.34%  Δobj=+0.000%  build=0.04s solve=3.36s
2026-07-02 15:52:50.632 | INFO     | pycaalp.time_balancing.model:run_mip:430 - Running MIP solver ...
sub_stop=5.067873303167421
  k=    6  edges=  56 ( 5.07%)  Δe=   6  obj=0.8730  gap=+0.34%  Δobj=-0.000%  build=0.04s solve=0.77s
2026-07-02 15:52:51.486 | INFO     | pycaalp.time_balancing.model:run_mip:430 - Running MIP solver ...
sub_stop=5.610859728506788
  k=    8  edges=  62 ( 5.61%)  Δe=   6  obj=0.8730  gap=+0.34%  Δobj=-0.000%  build=0.09s solve=0.97s
2026-07-02 15:52:52.562 | INFO     | pycaalp.time_balancing.model:run_mip:430 - Running MIP solver ...
sub_stop=6.0633484162895925
  k=   12  edges=  67 ( 6.06%)  Δe=   5  obj=0.8730  gap=+0.34%  Δobj=+0.000%  build=0.11s solve=1.63s
2026-07-02 15:52:54.311 | INFO     | pycaalp.time_balancing.model:run_mip:430 - Running MIP solver ...
sub_stop=7.420814479638009
  k=   16  edges=  82 ( 7.42%)  Δe=  15  obj=0.8730  gap=+0.34%  Δobj=+0.000%  build=0.12s solve=1.39s
2026-07-02 15:52:55.877 | INFO     | pycaalp.time_balancing.model:run_mip:430 - Running MIP solver ...
sub_stop=8.235294117647058
  k=   24  edges=  91 ( 8.24%)  Δe=   9  obj=0.8701  gap=+0.00%  Δobj=+0.337%  build=0.17s solve=1.27s
2026-07-02 15:52:57.369 | INFO     | pycaalp.time_balancing.model:run_mip:430 - Running MIP solver ...
sub_stop=8.868778280542987
  k=   32  edges=  98 ( 8.87%)  Δe=   7  obj=0.8701  gap=+0.00%  Δobj=+0.000%  build=0.22s solve=1.73s
2026-07-02 15:52:59.476 | INFO     | pycaalp.time_balancing.model:run_mip:430 - Running MIP solver ...
sub_stop=10.316742081447963
  k=   48  edges= 114 (10.32%)  Δe=  16  obj=0.8701  gap=+0.00%  Δobj=+0.000%  build=0.38s solve=2.13s
  → stop: stop_perc_graph (after 2 consecutive steps)

[diverse] k-sweep (stop: edge_saturation, stop at 10.0% of the full directed graph):
2026-07-02 15:53:01.614 | INFO     | pycaalp.time_balancing.model:run_mip:430 - Running MIP solver ...
sub_stop=1.1764705882352942
  k=    1  edges=  13 ( 1.18%)  Δe=  13  obj=0.8730  gap=+0.34%  Δobj=   —     build=0.00s solve=0.04s
2026-07-02 15:53:01.653 | INFO     | pycaalp.time_balancing.model:run_mip:430 - Running MIP solver ...
sub_stop=2.3529411764705883
  k=    2  edges=  26 ( 2.35%)  Δe=  13  obj=0.8730  gap=+0.34%  Δobj=-0.000%  build=0.00s solve=0.26s
2026-07-02 15:53:01.914 | INFO     | pycaalp.time_balancing.model:run_mip:430 - Running MIP solver ...
sub_stop=3.5294117647058822
  k=    3  edges=  39 ( 3.53%)  Δe=  13  obj=0.8730  gap=+0.34%  Δobj=+0.000%  build=0.00s solve=0.56s
2026-07-02 15:53:02.477 | INFO     | pycaalp.time_balancing.model:run_mip:430 - Running MIP solver ...
sub_stop=4.705882352941177
  k=    4  edges=  52 ( 4.71%)  Δe=  13  obj=0.8730  gap=+0.34%  Δobj=+0.000%  build=0.01s solve=0.49s
2026-07-02 15:53:02.977 | INFO     | pycaalp.time_balancing.model:run_mip:430 - Running MIP solver ...
sub_stop=7.0588235294117645
  k=    6  edges=  78 ( 7.06%)  Δe=  26  obj=0.8730  gap=+0.34%  Δobj=+0.000%  build=0.01s solve=0.61s
2026-07-02 15:53:03.597 | INFO     | pycaalp.time_balancing.model:run_mip:430 - Running MIP solver ...
sub_stop=9.230769230769232
  k=    8  edges= 102 ( 9.23%)  Δe=  24  obj=0.8730  gap=+0.34%  Δobj=-0.000%  build=0.01s solve=1.25s
2026-07-02 15:53:04.861 | INFO     | pycaalp.time_balancing.model:run_mip:430 - Running MIP solver ...
sub_stop=13.574660633484163
  k=   12  edges= 150 (13.57%)  Δe=  48  obj=0.8730  gap=+0.34%  Δobj=+0.000%  build=0.01s solve=1.20s
  → stop: stop_perc_graph (after 2 consecutive steps)

[adaptive] k-sweep (stop: edge_saturation, stop at 10.0% of the full directed graph):
2026-07-02 15:53:06.067 | INFO     | pycaalp.time_balancing.model:run_mip:430 - Running MIP solver ...
sub_stop=3.167420814479638
  k=    1  edges=  35 ( 3.17%)  Δe=  35  obj=0.8730  gap=+0.34%  Δobj=   —     build=0.01s solve=0.75s
2026-07-02 15:53:06.830 | INFO     | pycaalp.time_balancing.model:run_mip:430 - Running MIP solver ...
sub_stop=3.619909502262444
  k=    2  edges=  40 ( 3.62%)  Δe=   5  obj=0.8730  gap=+0.34%  Δobj=+0.000%  build=0.02s solve=0.26s
2026-07-02 15:53:07.113 | INFO     | pycaalp.time_balancing.model:run_mip:430 - Running MIP solver ...
sub_stop=4.162895927601809
  k=    3  edges=  46 ( 4.16%)  Δe=   6  obj=0.8730  gap=+0.34%  Δobj=-0.000%  build=0.02s solve=0.58s
2026-07-02 15:53:07.721 | INFO     | pycaalp.time_balancing.model:run_mip:430 - Running MIP solver ...
sub_stop=4.524886877828054
  k=    4  edges=  50 ( 4.52%)  Δe=   4  obj=0.8730  gap=+0.34%  Δobj=+0.000%  build=0.03s solve=3.16s
2026-07-02 15:53:10.920 | INFO     | pycaalp.time_balancing.model:run_mip:430 - Running MIP solver ...
sub_stop=5.067873303167421
  k=    6  edges=  56 ( 5.07%)  Δe=   6  obj=0.8730  gap=+0.34%  Δobj=-0.000%  build=0.04s solve=0.63s
2026-07-02 15:53:11.604 | INFO     | pycaalp.time_balancing.model:run_mip:430 - Running MIP solver ...
sub_stop=5.610859728506788
  k=    8  edges=  62 ( 5.61%)  Δe=   6  obj=0.8730  gap=+0.34%  Δobj=-0.000%  build=0.06s solve=0.89s
2026-07-02 15:53:12.577 | INFO     | pycaalp.time_balancing.model:run_mip:430 - Running MIP solver ...
sub_stop=6.0633484162895925
  k=   12  edges=  67 ( 6.06%)  Δe=   5  obj=0.8730  gap=+0.34%  Δobj=+0.000%  build=0.08s solve=1.54s
2026-07-02 15:53:14.233 | INFO     | pycaalp.time_balancing.model:run_mip:430 - Running MIP solver ...
sub_stop=7.420814479638009
  k=   16  edges=  82 ( 7.42%)  Δe=  15  obj=0.8730  gap=+0.34%  Δobj=+0.000%  build=0.11s solve=1.28s
2026-07-02 15:53:15.640 | INFO     | pycaalp.time_balancing.model:run_mip:430 - Running MIP solver ...
sub_stop=11.040723981900452
  k=   24  edges= 122 (11.04%)  Δe=  40  obj=0.8730  gap=+0.34%  Δobj=+0.000%  build=0.13s solve=1.41s
  → stop: stop_perc_graph (after 2 consecutive steps)

Results saved to experiments/bl_union_convergence/assembly_1_np_5/bl_union_convergence_lambda_0.4.csv
Plot with:  python -m experiments.bl_union_convergence.plot_convergence experiments/bl_union_convergence/assembly_1_np_5/bl_union_convergence_lambda_0.4.csv

----------------- λ = 0.5 -----------------
========================================================================
bl-union convergence — assembly_1  P=5  λ=0.5
========================================================================

Building assembly digraph …
2026-07-02 15:50:55.114 | INFO     | pycaalp.gapp.assembly_digraph:compute_assembly_digraph_complete:395 - Computing assembly digraph...
  343 nodes, 1105 edges  (0.2s)

[ref] Full MIP  P=5  λ=0.5 …
2026-07-02 15:50:55.354 | INFO     | pycaalp.time_balancing.model:run_mip:430 - Running MIP solver ...
  obj=0.8689  alpha=447.1s  time=151.09s

[bl_union] k-sweep (stop: edge_saturation, stop at 10.0% of the full directed graph):
2026-07-02 15:53:26.453 | INFO     | pycaalp.time_balancing.model:run_mip:430 - Running MIP solver ...
sub_stop=3.167420814479638
  k=    1  edges=  35 ( 3.17%)  Δe=  35  obj=0.8714  gap=+0.28%  Δobj=   —     build=0.01s solve=1.27s
2026-07-02 15:53:27.740 | INFO     | pycaalp.time_balancing.model:run_mip:430 - Running MIP solver ...
sub_stop=3.619909502262444
  k=    2  edges=  40 ( 3.62%)  Δe=   5  obj=0.8714  gap=+0.28%  Δobj=+0.000%  build=0.02s solve=0.66s
2026-07-02 15:53:28.428 | INFO     | pycaalp.time_balancing.model:run_mip:430 - Running MIP solver ...
sub_stop=4.162895927601809
  k=    3  edges=  46 ( 4.16%)  Δe=   6  obj=0.8714  gap=+0.28%  Δobj=-0.000%  build=0.02s solve=0.68s
2026-07-02 15:53:29.133 | INFO     | pycaalp.time_balancing.model:run_mip:430 - Running MIP solver ...
sub_stop=4.524886877828054
  k=    4  edges=  50 ( 4.52%)  Δe=   4  obj=0.8714  gap=+0.28%  Δobj=+0.000%  build=0.03s solve=0.73s
2026-07-02 15:53:29.908 | INFO     | pycaalp.time_balancing.model:run_mip:430 - Running MIP solver ...
sub_stop=5.067873303167421
  k=    6  edges=  56 ( 5.07%)  Δe=   6  obj=0.8714  gap=+0.28%  Δobj=+0.000%  build=0.04s solve=0.45s
2026-07-02 15:53:30.406 | INFO     | pycaalp.time_balancing.model:run_mip:430 - Running MIP solver ...
sub_stop=5.610859728506788
  k=    8  edges=  62 ( 5.61%)  Δe=   6  obj=0.8714  gap=+0.28%  Δobj=-0.000%  build=0.05s solve=0.42s
2026-07-02 15:53:30.905 | INFO     | pycaalp.time_balancing.model:run_mip:430 - Running MIP solver ...
sub_stop=6.0633484162895925
  k=   12  edges=  67 ( 6.06%)  Δe=   5  obj=0.8714  gap=+0.28%  Δobj=+0.000%  build=0.08s solve=0.66s
2026-07-02 15:53:31.673 | INFO     | pycaalp.time_balancing.model:run_mip:430 - Running MIP solver ...
sub_stop=7.420814479638009
  k=   16  edges=  82 ( 7.42%)  Δe=  15  obj=0.8714  gap=+0.28%  Δobj=-0.000%  build=0.11s solve=0.76s
2026-07-02 15:53:32.590 | INFO     | pycaalp.time_balancing.model:run_mip:430 - Running MIP solver ...
sub_stop=8.235294117647058
  k=   24  edges=  91 ( 8.24%)  Δe=   9  obj=0.8689  gap=+0.00%  Δobj=+0.281%  build=0.15s solve=1.52s
2026-07-02 15:53:34.328 | INFO     | pycaalp.time_balancing.model:run_mip:430 - Running MIP solver ...
sub_stop=8.868778280542987
  k=   32  edges=  98 ( 8.87%)  Δe=   7  obj=0.8689  gap=+0.00%  Δobj=+0.000%  build=0.22s solve=1.24s
2026-07-02 15:53:35.855 | INFO     | pycaalp.time_balancing.model:run_mip:430 - Running MIP solver ...
sub_stop=10.316742081447963
  k=   48  edges= 114 (10.32%)  Δe=  16  obj=0.8689  gap=+0.00%  Δobj=+0.000%  build=0.29s solve=1.37s
  → stop: stop_perc_graph (after 2 consecutive steps)

[diverse] k-sweep (stop: edge_saturation, stop at 10.0% of the full directed graph):
2026-07-02 15:53:37.227 | INFO     | pycaalp.time_balancing.model:run_mip:430 - Running MIP solver ...
sub_stop=1.1764705882352942
  k=    1  edges=  13 ( 1.18%)  Δe=  13  obj=0.8714  gap=+0.28%  Δobj=   —     build=0.00s solve=0.03s
2026-07-02 15:53:37.262 | INFO     | pycaalp.time_balancing.model:run_mip:430 - Running MIP solver ...
sub_stop=2.3529411764705883
  k=    2  edges=  26 ( 2.35%)  Δe=  13  obj=0.8714  gap=+0.28%  Δobj=+0.000%  build=0.00s solve=0.86s
2026-07-02 15:53:38.130 | INFO     | pycaalp.time_balancing.model:run_mip:430 - Running MIP solver ...
sub_stop=3.5294117647058822
  k=    3  edges=  39 ( 3.53%)  Δe=  13  obj=0.8714  gap=+0.28%  Δobj=-0.000%  build=0.00s solve=0.90s
2026-07-02 15:53:39.034 | INFO     | pycaalp.time_balancing.model:run_mip:430 - Running MIP solver ...
sub_stop=4.705882352941177
  k=    4  edges=  52 ( 4.71%)  Δe=  13  obj=0.8714  gap=+0.28%  Δobj=+0.000%  build=0.00s solve=1.18s
2026-07-02 15:53:40.218 | INFO     | pycaalp.time_balancing.model:run_mip:430 - Running MIP solver ...
sub_stop=7.0588235294117645
  k=    6  edges=  78 ( 7.06%)  Δe=  26  obj=0.8714  gap=+0.28%  Δobj=+0.000%  build=0.01s solve=0.79s
2026-07-02 15:53:41.015 | INFO     | pycaalp.time_balancing.model:run_mip:430 - Running MIP solver ...
sub_stop=9.230769230769232
  k=    8  edges= 102 ( 9.23%)  Δe=  24  obj=0.8714  gap=+0.28%  Δobj=+0.000%  build=0.01s solve=0.75s
2026-07-02 15:53:41.769 | INFO     | pycaalp.time_balancing.model:run_mip:430 - Running MIP solver ...
sub_stop=13.574660633484163
  k=   12  edges= 150 (13.57%)  Δe=  48  obj=0.8714  gap=+0.28%  Δobj=+0.000%  build=0.01s solve=1.47s
  → stop: stop_perc_graph (after 2 consecutive steps)

[adaptive] k-sweep (stop: edge_saturation, stop at 10.0% of the full directed graph):
2026-07-02 15:53:43.245 | INFO     | pycaalp.time_balancing.model:run_mip:430 - Running MIP solver ...
sub_stop=3.167420814479638
  k=    1  edges=  35 ( 3.17%)  Δe=  35  obj=0.8714  gap=+0.28%  Δobj=   —     build=0.01s solve=1.26s
2026-07-02 15:53:44.520 | INFO     | pycaalp.time_balancing.model:run_mip:430 - Running MIP solver ...
sub_stop=3.619909502262444
  k=    2  edges=  40 ( 3.62%)  Δe=   5  obj=0.8714  gap=+0.28%  Δobj=+0.000%  build=0.02s solve=0.64s
2026-07-02 15:53:45.182 | INFO     | pycaalp.time_balancing.model:run_mip:430 - Running MIP solver ...
sub_stop=4.162895927601809
  k=    3  edges=  46 ( 4.16%)  Δe=   6  obj=0.8714  gap=+0.28%  Δobj=-0.000%  build=0.02s solve=0.65s
2026-07-02 15:53:45.858 | INFO     | pycaalp.time_balancing.model:run_mip:430 - Running MIP solver ...
sub_stop=4.524886877828054
  k=    4  edges=  50 ( 4.52%)  Δe=   4  obj=0.8714  gap=+0.28%  Δobj=+0.000%  build=0.03s solve=0.74s
2026-07-02 15:53:46.643 | INFO     | pycaalp.time_balancing.model:run_mip:430 - Running MIP solver ...
sub_stop=5.067873303167421
  k=    6  edges=  56 ( 5.07%)  Δe=   6  obj=0.8714  gap=+0.28%  Δobj=+0.000%  build=0.04s solve=0.46s
2026-07-02 15:53:47.161 | INFO     | pycaalp.time_balancing.model:run_mip:430 - Running MIP solver ...
sub_stop=5.610859728506788
  k=    8  edges=  62 ( 5.61%)  Δe=   6  obj=0.8714  gap=+0.28%  Δobj=-0.000%  build=0.05s solve=0.47s
2026-07-02 15:53:47.715 | INFO     | pycaalp.time_balancing.model:run_mip:430 - Running MIP solver ...
sub_stop=6.0633484162895925
  k=   12  edges=  67 ( 6.06%)  Δe=   5  obj=0.8714  gap=+0.28%  Δobj=+0.000%  build=0.08s solve=0.70s
2026-07-02 15:53:48.521 | INFO     | pycaalp.time_balancing.model:run_mip:430 - Running MIP solver ...
sub_stop=7.420814479638009
  k=   16  edges=  82 ( 7.42%)  Δe=  15  obj=0.8714  gap=+0.28%  Δobj=-0.000%  build=0.11s solve=0.71s
2026-07-02 15:53:49.348 | INFO     | pycaalp.time_balancing.model:run_mip:430 - Running MIP solver ...
sub_stop=11.221719457013576
  k=   24  edges= 124 (11.22%)  Δe=  42  obj=0.8714  gap=+0.28%  Δobj=+0.000%  build=0.11s solve=1.38s
  → stop: stop_perc_graph (after 2 consecutive steps)

Results saved to experiments/bl_union_convergence/assembly_1_np_5/bl_union_convergence_lambda_0.5.csv
Plot with:  python -m experiments.bl_union_convergence.plot_convergence experiments/bl_union_convergence/assembly_1_np_5/bl_union_convergence_lambda_0.5.csv

----------------- λ = 0.6 -----------------
========================================================================
bl-union convergence — assembly_1  P=5  λ=0.6
========================================================================

Building assembly digraph …
2026-07-02 15:50:55.125 | INFO     | pycaalp.gapp.assembly_digraph:compute_assembly_digraph_complete:395 - Computing assembly digraph...
  343 nodes, 1105 edges  (0.3s)

[ref] Full MIP  P=5  λ=0.6 …
2026-07-02 15:50:55.377 | INFO     | pycaalp.time_balancing.model:run_mip:430 - Running MIP solver ...
  obj=0.8678  alpha=447.1s  time=100.10s

[bl_union] k-sweep (stop: edge_saturation, stop at 10.0% of the full directed graph):
2026-07-02 15:52:35.486 | INFO     | pycaalp.time_balancing.model:run_mip:430 - Running MIP solver ...
sub_stop=3.167420814479638
  k=    1  edges=  35 ( 3.17%)  Δe=  35  obj=0.8698  gap=+0.23%  Δobj=   —     build=0.01s solve=0.89s
2026-07-02 15:52:36.395 | INFO     | pycaalp.time_balancing.model:run_mip:430 - Running MIP solver ...
sub_stop=3.619909502262444
  k=    2  edges=  40 ( 3.62%)  Δe=   5  obj=0.8698  gap=+0.23%  Δobj=+0.000%  build=0.02s solve=1.14s
2026-07-02 15:52:37.559 | INFO     | pycaalp.time_balancing.model:run_mip:430 - Running MIP solver ...
sub_stop=4.162895927601809
  k=    3  edges=  46 ( 4.16%)  Δe=   6  obj=0.8698  gap=+0.23%  Δobj=+0.000%  build=0.03s solve=0.41s
2026-07-02 15:52:38.002 | INFO     | pycaalp.time_balancing.model:run_mip:430 - Running MIP solver ...
sub_stop=4.524886877828054
  k=    4  edges=  50 ( 4.52%)  Δe=   4  obj=0.8698  gap=+0.23%  Δobj=+0.000%  build=0.03s solve=0.54s
2026-07-02 15:52:38.582 | INFO     | pycaalp.time_balancing.model:run_mip:430 - Running MIP solver ...
sub_stop=5.067873303167421
  k=    6  edges=  56 ( 5.07%)  Δe=   6  obj=0.8698  gap=+0.23%  Δobj=+0.000%  build=0.04s solve=1.40s
2026-07-02 15:52:40.044 | INFO     | pycaalp.time_balancing.model:run_mip:430 - Running MIP solver ...
sub_stop=5.610859728506788
  k=    8  edges=  62 ( 5.61%)  Δe=   6  obj=0.8698  gap=+0.23%  Δobj=+0.000%  build=0.06s solve=0.54s
2026-07-02 15:52:40.660 | INFO     | pycaalp.time_balancing.model:run_mip:430 - Running MIP solver ...
sub_stop=6.0633484162895925
  k=   12  edges=  67 ( 6.06%)  Δe=   5  obj=0.8698  gap=+0.23%  Δobj=+0.000%  build=0.08s solve=0.42s
2026-07-02 15:52:41.187 | INFO     | pycaalp.time_balancing.model:run_mip:430 - Running MIP solver ...
sub_stop=7.420814479638009
  k=   16  edges=  82 ( 7.42%)  Δe=  15  obj=0.8698  gap=+0.23%  Δobj=+0.000%  build=0.11s solve=1.30s
2026-07-02 15:52:42.668 | INFO     | pycaalp.time_balancing.model:run_mip:430 - Running MIP solver ...
sub_stop=8.235294117647058
  k=   24  edges=  91 ( 8.24%)  Δe=   9  obj=0.8678  gap=-0.00%  Δobj=+0.225%  build=0.18s solve=1.07s
2026-07-02 15:52:43.957 | INFO     | pycaalp.time_balancing.model:run_mip:430 - Running MIP solver ...
sub_stop=8.868778280542987
  k=   32  edges=  98 ( 8.87%)  Δe=   7  obj=0.8678  gap=-0.00%  Δobj=+0.000%  build=0.22s solve=1.57s
2026-07-02 15:52:45.842 | INFO     | pycaalp.time_balancing.model:run_mip:430 - Running MIP solver ...
sub_stop=10.316742081447963
  k=   48  edges= 114 (10.32%)  Δe=  16  obj=0.8678  gap=-0.00%  Δobj=+0.000%  build=0.31s solve=1.24s
  → stop: stop_perc_graph (after 2 consecutive steps)

[diverse] k-sweep (stop: edge_saturation, stop at 10.0% of the full directed graph):
2026-07-02 15:52:47.087 | INFO     | pycaalp.time_balancing.model:run_mip:430 - Running MIP solver ...
sub_stop=1.1764705882352942
  k=    1  edges=  13 ( 1.18%)  Δe=  13  obj=0.8698  gap=+0.23%  Δobj=   —     build=0.00s solve=0.07s
2026-07-02 15:52:47.166 | INFO     | pycaalp.time_balancing.model:run_mip:430 - Running MIP solver ...
sub_stop=2.3529411764705883
  k=    2  edges=  26 ( 2.35%)  Δe=  13  obj=0.8698  gap=+0.23%  Δobj=+0.000%  build=0.00s solve=0.20s
2026-07-02 15:52:47.368 | INFO     | pycaalp.time_balancing.model:run_mip:430 - Running MIP solver ...
sub_stop=3.5294117647058822
  k=    3  edges=  39 ( 3.53%)  Δe=  13  obj=0.8698  gap=+0.23%  Δobj=+0.000%  build=0.00s solve=0.36s
2026-07-02 15:52:47.732 | INFO     | pycaalp.time_balancing.model:run_mip:430 - Running MIP solver ...
sub_stop=4.705882352941177
  k=    4  edges=  52 ( 4.71%)  Δe=  13  obj=0.8698  gap=+0.23%  Δobj=-0.000%  build=0.00s solve=0.54s
2026-07-02 15:52:48.281 | INFO     | pycaalp.time_balancing.model:run_mip:430 - Running MIP solver ...
sub_stop=7.0588235294117645
  k=    6  edges=  78 ( 7.06%)  Δe=  26  obj=0.8698  gap=+0.23%  Δobj=+0.000%  build=0.01s solve=1.56s
2026-07-02 15:52:49.848 | INFO     | pycaalp.time_balancing.model:run_mip:430 - Running MIP solver ...
sub_stop=9.230769230769232
  k=    8  edges= 102 ( 9.23%)  Δe=  24  obj=0.8698  gap=+0.23%  Δobj=+0.000%  build=0.01s solve=0.55s
2026-07-02 15:52:50.411 | INFO     | pycaalp.time_balancing.model:run_mip:430 - Running MIP solver ...
sub_stop=13.574660633484163
  k=   12  edges= 150 (13.57%)  Δe=  48  obj=0.8698  gap=+0.23%  Δobj=-0.000%  build=0.01s solve=2.14s
  → stop: stop_perc_graph (after 2 consecutive steps)

[adaptive] k-sweep (stop: edge_saturation, stop at 10.0% of the full directed graph):
2026-07-02 15:52:52.564 | INFO     | pycaalp.time_balancing.model:run_mip:430 - Running MIP solver ...
sub_stop=3.167420814479638
  k=    1  edges=  35 ( 3.17%)  Δe=  35  obj=0.8698  gap=+0.23%  Δobj=   —     build=0.01s solve=0.89s
2026-07-02 15:52:53.470 | INFO     | pycaalp.time_balancing.model:run_mip:430 - Running MIP solver ...
sub_stop=3.619909502262444
  k=    2  edges=  40 ( 3.62%)  Δe=   5  obj=0.8698  gap=+0.23%  Δobj=+0.000%  build=0.02s solve=1.12s
2026-07-02 15:52:54.614 | INFO     | pycaalp.time_balancing.model:run_mip:430 - Running MIP solver ...
sub_stop=4.162895927601809
  k=    3  edges=  46 ( 4.16%)  Δe=   6  obj=0.8698  gap=+0.23%  Δobj=+0.000%  build=0.02s solve=0.40s
2026-07-02 15:52:55.042 | INFO     | pycaalp.time_balancing.model:run_mip:430 - Running MIP solver ...
sub_stop=4.524886877828054
  k=    4  edges=  50 ( 4.52%)  Δe=   4  obj=0.8698  gap=+0.23%  Δobj=+0.000%  build=0.03s solve=0.55s
2026-07-02 15:52:55.647 | INFO     | pycaalp.time_balancing.model:run_mip:430 - Running MIP solver ...
sub_stop=5.067873303167421
  k=    6  edges=  56 ( 5.07%)  Δe=   6  obj=0.8698  gap=+0.23%  Δobj=+0.000%  build=0.05s solve=1.47s
2026-07-02 15:52:57.182 | INFO     | pycaalp.time_balancing.model:run_mip:430 - Running MIP solver ...
sub_stop=5.610859728506788
  k=    8  edges=  62 ( 5.61%)  Δe=   6  obj=0.8698  gap=+0.23%  Δobj=+0.000%  build=0.06s solve=0.62s
2026-07-02 15:52:57.891 | INFO     | pycaalp.time_balancing.model:run_mip:430 - Running MIP solver ...
sub_stop=6.0633484162895925
  k=   12  edges=  67 ( 6.06%)  Δe=   5  obj=0.8698  gap=+0.23%  Δobj=+0.000%  build=0.09s solve=0.53s
2026-07-02 15:52:58.532 | INFO     | pycaalp.time_balancing.model:run_mip:430 - Running MIP solver ...
sub_stop=7.420814479638009
  k=   16  edges=  82 ( 7.42%)  Δe=  15  obj=0.8698  gap=+0.23%  Δobj=+0.000%  build=0.11s solve=1.38s
2026-07-02 15:53:00.047 | INFO     | pycaalp.time_balancing.model:run_mip:430 - Running MIP solver ...
sub_stop=11.221719457013576
  k=   24  edges= 124 (11.22%)  Δe=  42  obj=0.8698  gap=+0.23%  Δobj=-0.000%  build=0.14s solve=1.50s
  → stop: stop_perc_graph (after 2 consecutive steps)

Results saved to experiments/bl_union_convergence/assembly_1_np_5/bl_union_convergence_lambda_0.6.csv
Plot with:  python -m experiments.bl_union_convergence.plot_convergence experiments/bl_union_convergence/assembly_1_np_5/bl_union_convergence_lambda_0.6.csv

----------------- λ = 0.7 -----------------
========================================================================
bl-union convergence — assembly_1  P=5  λ=0.7
========================================================================

Building assembly digraph …
2026-07-02 15:50:55.114 | INFO     | pycaalp.gapp.assembly_digraph:compute_assembly_digraph_complete:395 - Computing assembly digraph...
  343 nodes, 1105 edges  (0.3s)

[ref] Full MIP  P=5  λ=0.7 …
2026-07-02 15:50:55.369 | INFO     | pycaalp.time_balancing.model:run_mip:430 - Running MIP solver ...
  obj=0.8667  alpha=447.1s  time=149.87s

[bl_union] k-sweep (stop: edge_saturation, stop at 10.0% of the full directed graph):
2026-07-02 15:53:25.252 | INFO     | pycaalp.time_balancing.model:run_mip:430 - Running MIP solver ...
sub_stop=3.167420814479638
  k=    1  edges=  35 ( 3.17%)  Δe=  35  obj=0.8682  gap=+0.17%  Δobj=   —     build=0.01s solve=0.23s
2026-07-02 15:53:25.498 | INFO     | pycaalp.time_balancing.model:run_mip:430 - Running MIP solver ...
sub_stop=3.619909502262444
  k=    2  edges=  40 ( 3.62%)  Δe=   5  obj=0.8682  gap=+0.17%  Δobj=+0.000%  build=0.02s solve=2.59s
2026-07-02 15:53:28.115 | INFO     | pycaalp.time_balancing.model:run_mip:430 - Running MIP solver ...
sub_stop=4.162895927601809
  k=    3  edges=  46 ( 4.16%)  Δe=   6  obj=0.8682  gap=+0.17%  Δobj=+0.000%  build=0.02s solve=0.75s
2026-07-02 15:53:28.898 | INFO     | pycaalp.time_balancing.model:run_mip:430 - Running MIP solver ...
sub_stop=4.524886877828054
  k=    4  edges=  50 ( 4.52%)  Δe=   4  obj=0.8682  gap=+0.17%  Δobj=+0.000%  build=0.03s solve=0.35s
2026-07-02 15:53:29.287 | INFO     | pycaalp.time_balancing.model:run_mip:430 - Running MIP solver ...
sub_stop=5.067873303167421
  k=    6  edges=  56 ( 5.07%)  Δe=   6  obj=0.8682  gap=+0.17%  Δobj=+0.000%  build=0.04s solve=0.61s
2026-07-02 15:53:29.952 | INFO     | pycaalp.time_balancing.model:run_mip:430 - Running MIP solver ...
sub_stop=5.610859728506788
  k=    8  edges=  62 ( 5.61%)  Δe=   6  obj=0.8682  gap=+0.17%  Δobj=+0.000%  build=0.05s solve=0.45s
2026-07-02 15:53:30.483 | INFO     | pycaalp.time_balancing.model:run_mip:430 - Running MIP solver ...
sub_stop=6.0633484162895925
  k=   12  edges=  67 ( 6.06%)  Δe=   5  obj=0.8682  gap=+0.17%  Δobj=+0.000%  build=0.08s solve=1.06s
2026-07-02 15:53:31.651 | INFO     | pycaalp.time_balancing.model:run_mip:430 - Running MIP solver ...
sub_stop=7.420814479638009
  k=   16  edges=  82 ( 7.42%)  Δe=  15  obj=0.8682  gap=+0.17%  Δobj=-0.000%  build=0.11s solve=0.92s
2026-07-02 15:53:32.732 | INFO     | pycaalp.time_balancing.model:run_mip:430 - Running MIP solver ...
sub_stop=8.235294117647058
  k=   24  edges=  91 ( 8.24%)  Δe=   9  obj=0.8667  gap=-0.00%  Δobj=+0.169%  build=0.16s solve=1.25s
2026-07-02 15:53:34.191 | INFO     | pycaalp.time_balancing.model:run_mip:430 - Running MIP solver ...
sub_stop=8.868778280542987
  k=   32  edges=  98 ( 8.87%)  Δe=   7  obj=0.8667  gap=-0.00%  Δobj=+0.000%  build=0.21s solve=0.86s
2026-07-02 15:53:35.340 | INFO     | pycaalp.time_balancing.model:run_mip:430 - Running MIP solver ...
sub_stop=10.316742081447963
  k=   48  edges= 114 (10.32%)  Δe=  16  obj=0.8667  gap=+0.00%  Δobj=-0.000%  build=0.29s solve=1.42s
  → stop: stop_perc_graph (after 2 consecutive steps)

[diverse] k-sweep (stop: edge_saturation, stop at 10.0% of the full directed graph):
2026-07-02 15:53:36.767 | INFO     | pycaalp.time_balancing.model:run_mip:430 - Running MIP solver ...
sub_stop=1.1764705882352942
  k=    1  edges=  13 ( 1.18%)  Δe=  13  obj=0.8682  gap=+0.17%  Δobj=   —     build=0.00s solve=0.04s
2026-07-02 15:53:36.813 | INFO     | pycaalp.time_balancing.model:run_mip:430 - Running MIP solver ...
sub_stop=2.3529411764705883
  k=    2  edges=  26 ( 2.35%)  Δe=  13  obj=0.8682  gap=+0.17%  Δobj=+0.000%  build=0.00s solve=0.19s
2026-07-02 15:53:37.010 | INFO     | pycaalp.time_balancing.model:run_mip:430 - Running MIP solver ...
sub_stop=3.5294117647058822
  k=    3  edges=  39 ( 3.53%)  Δe=  13  obj=0.8682  gap=+0.17%  Δobj=+0.000%  build=0.01s solve=0.30s
2026-07-02 15:53:37.317 | INFO     | pycaalp.time_balancing.model:run_mip:430 - Running MIP solver ...
sub_stop=4.705882352941177
  k=    4  edges=  52 ( 4.71%)  Δe=  13  obj=0.8682  gap=+0.17%  Δobj=+0.000%  build=0.01s solve=0.43s
2026-07-02 15:53:37.758 | INFO     | pycaalp.time_balancing.model:run_mip:430 - Running MIP solver ...
sub_stop=7.0588235294117645
  k=    6  edges=  78 ( 7.06%)  Δe=  26  obj=0.8682  gap=+0.17%  Δobj=+0.000%  build=0.01s solve=0.57s
2026-07-02 15:53:38.332 | INFO     | pycaalp.time_balancing.model:run_mip:430 - Running MIP solver ...
sub_stop=9.230769230769232
  k=    8  edges= 102 ( 9.23%)  Δe=  24  obj=0.8682  gap=+0.17%  Δobj=+0.000%  build=0.01s solve=0.44s
2026-07-02 15:53:38.780 | INFO     | pycaalp.time_balancing.model:run_mip:430 - Running MIP solver ...
sub_stop=13.574660633484163
  k=   12  edges= 150 (13.57%)  Δe=  48  obj=0.8682  gap=+0.17%  Δobj=+0.000%  build=0.01s solve=0.94s
  → stop: stop_perc_graph (after 2 consecutive steps)

[adaptive] k-sweep (stop: edge_saturation, stop at 10.0% of the full directed graph):
2026-07-02 15:53:39.730 | INFO     | pycaalp.time_balancing.model:run_mip:430 - Running MIP solver ...
sub_stop=3.167420814479638
  k=    1  edges=  35 ( 3.17%)  Δe=  35  obj=0.8682  gap=+0.17%  Δobj=   —     build=0.01s solve=0.26s
2026-07-02 15:53:40.003 | INFO     | pycaalp.time_balancing.model:run_mip:430 - Running MIP solver ...
sub_stop=3.619909502262444
  k=    2  edges=  40 ( 3.62%)  Δe=   5  obj=0.8682  gap=+0.17%  Δobj=+0.000%  build=0.02s solve=2.49s
2026-07-02 15:53:42.511 | INFO     | pycaalp.time_balancing.model:run_mip:430 - Running MIP solver ...
sub_stop=4.162895927601809
  k=    3  edges=  46 ( 4.16%)  Δe=   6  obj=0.8682  gap=+0.17%  Δobj=+0.000%  build=0.02s solve=0.72s
2026-07-02 15:53:43.260 | INFO     | pycaalp.time_balancing.model:run_mip:430 - Running MIP solver ...
sub_stop=4.524886877828054
  k=    4  edges=  50 ( 4.52%)  Δe=   4  obj=0.8682  gap=+0.17%  Δobj=+0.000%  build=0.03s solve=0.36s
2026-07-02 15:53:43.668 | INFO     | pycaalp.time_balancing.model:run_mip:430 - Running MIP solver ...
sub_stop=5.067873303167421
  k=    6  edges=  56 ( 5.07%)  Δe=   6  obj=0.8682  gap=+0.17%  Δobj=+0.000%  build=0.04s solve=0.67s
2026-07-02 15:53:44.390 | INFO     | pycaalp.time_balancing.model:run_mip:430 - Running MIP solver ...
sub_stop=5.610859728506788
  k=    8  edges=  62 ( 5.61%)  Δe=   6  obj=0.8682  gap=+0.17%  Δobj=+0.000%  build=0.05s solve=0.48s
2026-07-02 15:53:44.957 | INFO     | pycaalp.time_balancing.model:run_mip:430 - Running MIP solver ...
sub_stop=6.0633484162895925
  k=   12  edges=  67 ( 6.06%)  Δe=   5  obj=0.8682  gap=+0.17%  Δobj=+0.000%  build=0.09s solve=1.08s
2026-07-02 15:53:46.144 | INFO     | pycaalp.time_balancing.model:run_mip:430 - Running MIP solver ...
sub_stop=7.420814479638009
  k=   16  edges=  82 ( 7.42%)  Δe=  15  obj=0.8682  gap=+0.17%  Δobj=-0.000%  build=0.11s solve=0.89s
2026-07-02 15:53:47.159 | INFO     | pycaalp.time_balancing.model:run_mip:430 - Running MIP solver ...
sub_stop=11.493212669683258
  k=   24  edges= 127 (11.49%)  Δe=  45  obj=0.8682  gap=+0.17%  Δobj=+0.000%  build=0.12s solve=0.72s
  → stop: stop_perc_graph (after 2 consecutive steps)

Results saved to experiments/bl_union_convergence/assembly_1_np_5/bl_union_convergence_lambda_0.7.csv
Plot with:  python -m experiments.bl_union_convergence.plot_convergence experiments/bl_union_convergence/assembly_1_np_5/bl_union_convergence_lambda_0.7.csv

----------------- λ = 0.8 -----------------
========================================================================
bl-union convergence — assembly_1  P=5  λ=0.8
========================================================================

Building assembly digraph …
2026-07-02 15:50:55.153 | INFO     | pycaalp.gapp.assembly_digraph:compute_assembly_digraph_complete:395 - Computing assembly digraph...
  343 nodes, 1105 edges  (0.3s)

[ref] Full MIP  P=5  λ=0.8 …
2026-07-02 15:50:55.440 | INFO     | pycaalp.time_balancing.model:run_mip:430 - Running MIP solver ...
  obj=0.8656  alpha=447.1s  time=246.07s

[bl_union] k-sweep (stop: edge_saturation, stop at 10.0% of the full directed graph):
2026-07-02 15:55:01.516 | INFO     | pycaalp.time_balancing.model:run_mip:430 - Running MIP solver ...
sub_stop=3.167420814479638
  k=    1  edges=  35 ( 3.17%)  Δe=  35  obj=0.8666  gap=+0.11%  Δobj=   —     build=0.01s solve=0.49s
2026-07-02 15:55:02.015 | INFO     | pycaalp.time_balancing.model:run_mip:430 - Running MIP solver ...
sub_stop=3.619909502262444
  k=    2  edges=  40 ( 3.62%)  Δe=   5  obj=0.8666  gap=+0.11%  Δobj=+0.000%  build=0.01s solve=1.84s
2026-07-02 15:55:03.878 | INFO     | pycaalp.time_balancing.model:run_mip:430 - Running MIP solver ...
sub_stop=4.162895927601809
  k=    3  edges=  46 ( 4.16%)  Δe=   6  obj=0.8666  gap=+0.11%  Δobj=+0.000%  build=0.02s solve=0.36s
2026-07-02 15:55:04.262 | INFO     | pycaalp.time_balancing.model:run_mip:430 - Running MIP solver ...
sub_stop=4.524886877828054
  k=    4  edges=  50 ( 4.52%)  Δe=   4  obj=0.8666  gap=+0.11%  Δobj=+0.000%  build=0.03s solve=0.40s
2026-07-02 15:55:04.694 | INFO     | pycaalp.time_balancing.model:run_mip:430 - Running MIP solver ...
sub_stop=5.067873303167421
  k=    6  edges=  56 ( 5.07%)  Δe=   6  obj=0.8666  gap=+0.11%  Δobj=+0.000%  build=0.04s solve=0.61s
2026-07-02 15:55:05.352 | INFO     | pycaalp.time_balancing.model:run_mip:430 - Running MIP solver ...
sub_stop=5.610859728506788
  k=    8  edges=  62 ( 5.61%)  Δe=   6  obj=0.8666  gap=+0.11%  Δobj=-0.000%  build=0.05s solve=1.21s
2026-07-02 15:55:06.626 | INFO     | pycaalp.time_balancing.model:run_mip:430 - Running MIP solver ...
sub_stop=6.0633484162895925
  k=   12  edges=  67 ( 6.06%)  Δe=   5  obj=0.8666  gap=+0.11%  Δobj=-0.000%  build=0.07s solve=0.52s
2026-07-02 15:55:07.242 | INFO     | pycaalp.time_balancing.model:run_mip:430 - Running MIP solver ...
sub_stop=7.420814479638009
  k=   16  edges=  82 ( 7.42%)  Δe=  15  obj=0.8666  gap=+0.11%  Δobj=+0.000%  build=0.10s solve=0.58s
2026-07-02 15:55:07.953 | INFO     | pycaalp.time_balancing.model:run_mip:430 - Running MIP solver ...
sub_stop=8.235294117647058
  k=   24  edges=  91 ( 8.24%)  Δe=   9  obj=0.8656  gap=+0.00%  Δobj=+0.113%  build=0.13s solve=0.65s
2026-07-02 15:55:08.770 | INFO     | pycaalp.time_balancing.model:run_mip:430 - Running MIP solver ...
sub_stop=8.868778280542987
  k=   32  edges=  98 ( 8.87%)  Δe=   7  obj=0.8656  gap=+0.00%  Δobj=-0.000%  build=0.17s solve=0.98s
2026-07-02 15:55:10.005 | INFO     | pycaalp.time_balancing.model:run_mip:430 - Running MIP solver ...
sub_stop=10.316742081447963
  k=   48  edges= 114 (10.32%)  Δe=  16  obj=0.8656  gap=+0.00%  Δobj=+0.000%  build=0.25s solve=1.02s
  → stop: stop_perc_graph (after 2 consecutive steps)

[diverse] k-sweep (stop: edge_saturation, stop at 10.0% of the full directed graph):
2026-07-02 15:55:11.027 | INFO     | pycaalp.time_balancing.model:run_mip:430 - Running MIP solver ...
sub_stop=1.1764705882352942
  k=    1  edges=  13 ( 1.18%)  Δe=  13  obj=0.9328  gap=+7.77%  Δobj=   —     build=0.00s solve=0.03s
2026-07-02 15:55:11.064 | INFO     | pycaalp.time_balancing.model:run_mip:430 - Running MIP solver ...
sub_stop=2.3529411764705883
  k=    2  edges=  26 ( 2.35%)  Δe=  13  obj=0.9077  gap=+4.87%  Δobj=+2.692%  build=0.00s solve=0.60s
2026-07-02 15:55:11.664 | INFO     | pycaalp.time_balancing.model:run_mip:430 - Running MIP solver ...
sub_stop=3.5294117647058822
  k=    3  edges=  39 ( 3.53%)  Δe=  13  obj=0.9077  gap=+4.87%  Δobj=+0.000%  build=0.00s solve=0.33s
2026-07-02 15:55:12.002 | INFO     | pycaalp.time_balancing.model:run_mip:430 - Running MIP solver ...
sub_stop=4.705882352941177
  k=    4  edges=  52 ( 4.71%)  Δe=  13  obj=0.9077  gap=+4.87%  Δobj=-0.000%  build=0.00s solve=0.58s
2026-07-02 15:55:12.587 | INFO     | pycaalp.time_balancing.model:run_mip:430 - Running MIP solver ...
sub_stop=7.0588235294117645
  k=    6  edges=  78 ( 7.06%)  Δe=  26  obj=0.8932  gap=+3.20%  Δobj=+1.592%  build=0.00s solve=0.40s
2026-07-02 15:55:12.992 | INFO     | pycaalp.time_balancing.model:run_mip:430 - Running MIP solver ...
sub_stop=9.230769230769232
  k=    8  edges= 102 ( 9.23%)  Δe=  24  obj=0.8932  gap=+3.20%  Δobj=+0.000%  build=0.01s solve=0.67s
2026-07-02 15:55:13.668 | INFO     | pycaalp.time_balancing.model:run_mip:430 - Running MIP solver ...
sub_stop=13.574660633484163
  k=   12  edges= 150 (13.57%)  Δe=  48  obj=0.8932  gap=+3.20%  Δobj=-0.000%  build=0.01s solve=0.74s
  → stop: stop_perc_graph (after 2 consecutive steps)

[adaptive] k-sweep (stop: edge_saturation, stop at 10.0% of the full directed graph):
2026-07-02 15:55:14.419 | INFO     | pycaalp.time_balancing.model:run_mip:430 - Running MIP solver ...
sub_stop=3.167420814479638
  k=    1  edges=  35 ( 3.17%)  Δe=  35  obj=0.8666  gap=+0.11%  Δobj=   —     build=0.01s solve=0.49s
2026-07-02 15:55:14.920 | INFO     | pycaalp.time_balancing.model:run_mip:430 - Running MIP solver ...
sub_stop=3.619909502262444
  k=    2  edges=  40 ( 3.62%)  Δe=   5  obj=0.8666  gap=+0.11%  Δobj=+0.000%  build=0.01s solve=1.87s
2026-07-02 15:55:16.814 | INFO     | pycaalp.time_balancing.model:run_mip:430 - Running MIP solver ...
sub_stop=4.162895927601809
  k=    3  edges=  46 ( 4.16%)  Δe=   6  obj=0.8666  gap=+0.11%  Δobj=+0.000%  build=0.02s solve=0.36s
2026-07-02 15:55:17.198 | INFO     | pycaalp.time_balancing.model:run_mip:430 - Running MIP solver ...
sub_stop=4.524886877828054
  k=    4  edges=  50 ( 4.52%)  Δe=   4  obj=0.8666  gap=+0.11%  Δobj=+0.000%  build=0.02s solve=0.39s
2026-07-02 15:55:17.623 | INFO     | pycaalp.time_balancing.model:run_mip:430 - Running MIP solver ...
sub_stop=5.067873303167421
  k=    6  edges=  56 ( 5.07%)  Δe=   6  obj=0.8666  gap=+0.11%  Δobj=+0.000%  build=0.04s solve=0.60s
2026-07-02 15:55:18.269 | INFO     | pycaalp.time_balancing.model:run_mip:430 - Running MIP solver ...
sub_stop=5.610859728506788
  k=    8  edges=  62 ( 5.61%)  Δe=   6  obj=0.8666  gap=+0.11%  Δobj=-0.000%  build=0.05s solve=1.24s
2026-07-02 15:55:19.585 | INFO     | pycaalp.time_balancing.model:run_mip:430 - Running MIP solver ...
sub_stop=6.0633484162895925
  k=   12  edges=  67 ( 6.06%)  Δe=   5  obj=0.8666  gap=+0.11%  Δobj=-0.000%  build=0.07s solve=0.56s
2026-07-02 15:55:20.251 | INFO     | pycaalp.time_balancing.model:run_mip:430 - Running MIP solver ...
sub_stop=7.420814479638009
  k=   16  edges=  82 ( 7.42%)  Δe=  15  obj=0.8666  gap=+0.11%  Δobj=+0.000%  build=0.10s solve=0.58s
2026-07-02 15:55:20.940 | INFO     | pycaalp.time_balancing.model:run_mip:430 - Running MIP solver ...
sub_stop=11.583710407239819
  k=   24  edges= 128 (11.58%)  Δe=  46  obj=0.8666  gap=+0.11%  Δobj=+0.000%  build=0.11s solve=0.77s
  → stop: stop_perc_graph (after 2 consecutive steps)

Results saved to experiments/bl_union_convergence/assembly_1_np_5/bl_union_convergence_lambda_0.8.csv
Plot with:  python -m experiments.bl_union_convergence.plot_convergence experiments/bl_union_convergence/assembly_1_np_5/bl_union_convergence_lambda_0.8.csv

----------------- λ = 0.9 -----------------
========================================================================
bl-union convergence — assembly_1  P=5  λ=0.9
========================================================================

Building assembly digraph …
2026-07-02 15:50:55.171 | INFO     | pycaalp.gapp.assembly_digraph:compute_assembly_digraph_complete:395 - Computing assembly digraph...
  343 nodes, 1105 edges  (0.3s)

[ref] Full MIP  P=5  λ=0.9 …
2026-07-02 15:50:55.505 | INFO     | pycaalp.time_balancing.model:run_mip:430 - Running MIP solver ...
  obj=0.8645  alpha=447.1s  time=276.41s

[bl_union] k-sweep (stop: edge_saturation, stop at 10.0% of the full directed graph):
2026-07-02 15:55:31.927 | INFO     | pycaalp.time_balancing.model:run_mip:430 - Running MIP solver ...
sub_stop=3.167420814479638
  k=    1  edges=  35 ( 3.17%)  Δe=  35  obj=0.8650  gap=+0.06%  Δobj=   —     build=0.01s solve=0.29s
2026-07-02 15:55:32.231 | INFO     | pycaalp.time_balancing.model:run_mip:430 - Running MIP solver ...
sub_stop=3.619909502262444
  k=    2  edges=  40 ( 3.62%)  Δe=   5  obj=0.8650  gap=+0.06%  Δobj=-0.000%  build=0.01s solve=1.01s
2026-07-02 15:55:33.261 | INFO     | pycaalp.time_balancing.model:run_mip:430 - Running MIP solver ...
sub_stop=4.162895927601809
  k=    3  edges=  46 ( 4.16%)  Δe=   6  obj=0.8650  gap=+0.06%  Δobj=+0.000%  build=0.02s solve=0.39s
2026-07-02 15:55:33.672 | INFO     | pycaalp.time_balancing.model:run_mip:430 - Running MIP solver ...
sub_stop=4.524886877828054
  k=    4  edges=  50 ( 4.52%)  Δe=   4  obj=0.8650  gap=+0.06%  Δobj=+0.000%  build=0.02s solve=0.61s
2026-07-02 15:55:34.318 | INFO     | pycaalp.time_balancing.model:run_mip:430 - Running MIP solver ...
sub_stop=5.067873303167421
  k=    6  edges=  56 ( 5.07%)  Δe=   6  obj=0.8650  gap=+0.06%  Δobj=-0.000%  build=0.03s solve=0.57s
2026-07-02 15:55:34.931 | INFO     | pycaalp.time_balancing.model:run_mip:430 - Running MIP solver ...
sub_stop=5.610859728506788
  k=    8  edges=  62 ( 5.61%)  Δe=   6  obj=0.8650  gap=+0.06%  Δobj=+0.000%  build=0.04s solve=0.56s
2026-07-02 15:55:35.552 | INFO     | pycaalp.time_balancing.model:run_mip:430 - Running MIP solver ...
sub_stop=6.0633484162895925
  k=   12  edges=  67 ( 6.06%)  Δe=   5  obj=0.8650  gap=+0.06%  Δobj=+0.000%  build=0.06s solve=0.41s
2026-07-02 15:55:36.046 | INFO     | pycaalp.time_balancing.model:run_mip:430 - Running MIP solver ...
sub_stop=7.420814479638009
  k=   16  edges=  82 ( 7.42%)  Δe=  15  obj=0.8650  gap=+0.06%  Δobj=+0.000%  build=0.09s solve=0.51s
2026-07-02 15:55:36.672 | INFO     | pycaalp.time_balancing.model:run_mip:430 - Running MIP solver ...
sub_stop=8.235294117647058
  k=   24  edges=  91 ( 8.24%)  Δe=   9  obj=0.8645  gap=-0.00%  Δobj=+0.057%  build=0.12s solve=1.05s
2026-07-02 15:55:37.938 | INFO     | pycaalp.time_balancing.model:run_mip:430 - Running MIP solver ...
sub_stop=8.868778280542987
  k=   32  edges=  98 ( 8.87%)  Δe=   7  obj=0.8645  gap=-0.00%  Δobj=+0.000%  build=0.22s solve=0.87s
2026-07-02 15:55:39.059 | INFO     | pycaalp.time_balancing.model:run_mip:430 - Running MIP solver ...
sub_stop=10.316742081447963
  k=   48  edges= 114 (10.32%)  Δe=  16  obj=0.8645  gap=+0.00%  Δobj=-0.000%  build=0.25s solve=1.08s
  → stop: stop_perc_graph (after 2 consecutive steps)

[diverse] k-sweep (stop: edge_saturation, stop at 10.0% of the full directed graph):
2026-07-02 15:55:40.147 | INFO     | pycaalp.time_balancing.model:run_mip:430 - Running MIP solver ...
sub_stop=1.1764705882352942
  k=    1  edges=  13 ( 1.18%)  Δe=  13  obj=0.8981  gap=+3.89%  Δobj=   —     build=0.00s solve=0.03s
2026-07-02 15:55:40.182 | INFO     | pycaalp.time_balancing.model:run_mip:430 - Running MIP solver ...
sub_stop=2.3529411764705883
  k=    2  edges=  26 ( 2.35%)  Δe=  13  obj=0.8981  gap=+3.89%  Δobj=+0.000%  build=0.00s solve=0.98s
2026-07-02 15:55:41.168 | INFO     | pycaalp.time_balancing.model:run_mip:430 - Running MIP solver ...
sub_stop=3.5294117647058822
  k=    3  edges=  39 ( 3.53%)  Δe=  13  obj=0.8881  gap=+2.73%  Δobj=+1.113%  build=0.00s solve=0.54s
2026-07-02 15:55:41.714 | INFO     | pycaalp.time_balancing.model:run_mip:430 - Running MIP solver ...
sub_stop=4.705882352941177
  k=    4  edges=  52 ( 4.71%)  Δe=  13  obj=0.8881  gap=+2.73%  Δobj=+0.000%  build=0.00s solve=0.40s
2026-07-02 15:55:42.121 | INFO     | pycaalp.time_balancing.model:run_mip:430 - Running MIP solver ...
sub_stop=7.0588235294117645
  k=    6  edges=  78 ( 7.06%)  Δe=  26  obj=0.8881  gap=+2.73%  Δobj=-0.000%  build=0.00s solve=0.68s
2026-07-02 15:55:42.810 | INFO     | pycaalp.time_balancing.model:run_mip:430 - Running MIP solver ...
sub_stop=9.230769230769232
  k=    8  edges= 102 ( 9.23%)  Δe=  24  obj=0.8881  gap=+2.73%  Δobj=+0.000%  build=0.01s solve=0.94s
2026-07-02 15:55:43.753 | INFO     | pycaalp.time_balancing.model:run_mip:430 - Running MIP solver ...
sub_stop=13.574660633484163
  k=   12  edges= 150 (13.57%)  Δe=  48  obj=0.8881  gap=+2.73%  Δobj=+0.000%  build=0.01s solve=1.85s
  → stop: stop_perc_graph (after 2 consecutive steps)

[adaptive] k-sweep (stop: edge_saturation, stop at 10.0% of the full directed graph):
2026-07-02 15:55:45.613 | INFO     | pycaalp.time_balancing.model:run_mip:430 - Running MIP solver ...
sub_stop=3.167420814479638
  k=    1  edges=  35 ( 3.17%)  Δe=  35  obj=0.8650  gap=+0.06%  Δobj=   —     build=0.01s solve=0.28s
2026-07-02 15:55:45.910 | INFO     | pycaalp.time_balancing.model:run_mip:430 - Running MIP solver ...
sub_stop=3.619909502262444
  k=    2  edges=  40 ( 3.62%)  Δe=   5  obj=0.8650  gap=+0.06%  Δobj=-0.000%  build=0.01s solve=1.00s
2026-07-02 15:55:46.926 | INFO     | pycaalp.time_balancing.model:run_mip:430 - Running MIP solver ...
sub_stop=4.162895927601809
  k=    3  edges=  46 ( 4.16%)  Δe=   6  obj=0.8650  gap=+0.06%  Δobj=+0.000%  build=0.02s solve=0.38s
2026-07-02 15:55:47.330 | INFO     | pycaalp.time_balancing.model:run_mip:430 - Running MIP solver ...
sub_stop=4.524886877828054
  k=    4  edges=  50 ( 4.52%)  Δe=   4  obj=0.8650  gap=+0.06%  Δobj=+0.000%  build=0.02s solve=0.59s
2026-07-02 15:55:47.949 | INFO     | pycaalp.time_balancing.model:run_mip:430 - Running MIP solver ...
sub_stop=5.067873303167421
  k=    6  edges=  56 ( 5.07%)  Δe=   6  obj=0.8650  gap=+0.06%  Δobj=-0.000%  build=0.03s solve=0.59s
2026-07-02 15:55:48.578 | INFO     | pycaalp.time_balancing.model:run_mip:430 - Running MIP solver ...
sub_stop=5.610859728506788
  k=    8  edges=  62 ( 5.61%)  Δe=   6  obj=0.8650  gap=+0.06%  Δobj=+0.000%  build=0.04s solve=0.56s
2026-07-02 15:55:49.207 | INFO     | pycaalp.time_balancing.model:run_mip:430 - Running MIP solver ...
sub_stop=6.0633484162895925
  k=   12  edges=  67 ( 6.06%)  Δe=   5  obj=0.8650  gap=+0.06%  Δobj=+0.000%  build=0.07s solve=0.41s
2026-07-02 15:55:49.704 | INFO     | pycaalp.time_balancing.model:run_mip:430 - Running MIP solver ...
sub_stop=7.420814479638009
  k=   16  edges=  82 ( 7.42%)  Δe=  15  obj=0.8650  gap=+0.06%  Δobj=+0.000%  build=0.09s solve=0.52s
2026-07-02 15:55:50.332 | INFO     | pycaalp.time_balancing.model:run_mip:430 - Running MIP solver ...
sub_stop=11.493212669683258
  k=   24  edges= 127 (11.49%)  Δe=  45  obj=0.8650  gap=+0.06%  Δobj=+0.000%  build=0.10s solve=0.71s
  → stop: stop_perc_graph (after 2 consecutive steps)

Results saved to experiments/bl_union_convergence/assembly_1_np_5/bl_union_convergence_lambda_0.9.csv
Plot with:  python -m experiments.bl_union_convergence.plot_convergence experiments/bl_union_convergence/assembly_1_np_5/bl_union_convergence_lambda_0.9.csv

----------------- λ = 1.0 -----------------
========================================================================
bl-union convergence — assembly_1  P=5  λ=1.0
========================================================================

Building assembly digraph …
2026-07-02 15:50:55.073 | INFO     | pycaalp.gapp.assembly_digraph:compute_assembly_digraph_complete:395 - Computing assembly digraph...
  343 nodes, 1105 edges  (0.3s)

[ref] Full MIP  P=5  λ=1.0 …
2026-07-02 15:50:55.346 | INFO     | pycaalp.time_balancing.model:run_mip:430 - Running MIP solver ...
  obj=0.8633  alpha=447.1s  time=301.37s

[bl_union] k-sweep (stop: edge_saturation, stop at 10.0% of the full directed graph):
2026-07-02 15:55:56.729 | INFO     | pycaalp.time_balancing.model:run_mip:430 - Running MIP solver ...
sub_stop=3.167420814479638
  k=    1  edges=  35 ( 3.17%)  Δe=  35  obj=0.8633  gap=-0.00%  Δobj=   —     build=0.01s solve=0.19s
2026-07-02 15:55:56.929 | INFO     | pycaalp.time_balancing.model:run_mip:430 - Running MIP solver ...
sub_stop=3.619909502262444
  k=    2  edges=  40 ( 3.62%)  Δe=   5  obj=0.8633  gap=-0.00%  Δobj=-0.000%  build=0.01s solve=0.20s
2026-07-02 15:55:57.148 | INFO     | pycaalp.time_balancing.model:run_mip:430 - Running MIP solver ...
sub_stop=4.162895927601809
  k=    3  edges=  46 ( 4.16%)  Δe=   6  obj=0.8633  gap=-0.00%  Δobj=+0.000%  build=0.02s solve=0.27s
2026-07-02 15:55:57.439 | INFO     | pycaalp.time_balancing.model:run_mip:430 - Running MIP solver ...
sub_stop=4.524886877828054
  k=    4  edges=  50 ( 4.52%)  Δe=   4  obj=0.8633  gap=-0.00%  Δobj=+0.000%  build=0.02s solve=0.24s
2026-07-02 15:55:57.708 | INFO     | pycaalp.time_balancing.model:run_mip:430 - Running MIP solver ...
sub_stop=5.067873303167421
  k=    6  edges=  56 ( 5.07%)  Δe=   6  obj=0.8633  gap=+0.00%  Δobj=-0.000%  build=0.03s solve=0.27s
2026-07-02 15:55:58.020 | INFO     | pycaalp.time_balancing.model:run_mip:430 - Running MIP solver ...
sub_stop=5.610859728506788
  k=    8  edges=  62 ( 5.61%)  Δe=   6  obj=0.8633  gap=-0.00%  Δobj=+0.000%  build=0.04s solve=0.36s
2026-07-02 15:55:58.448 | INFO     | pycaalp.time_balancing.model:run_mip:430 - Running MIP solver ...
sub_stop=6.0633484162895925
  k=   12  edges=  67 ( 6.06%)  Δe=   5  obj=0.8633  gap=-0.00%  Δobj=+0.000%  build=0.06s solve=0.42s
2026-07-02 15:55:58.951 | INFO     | pycaalp.time_balancing.model:run_mip:430 - Running MIP solver ...
sub_stop=7.420814479638009
  k=   16  edges=  82 ( 7.42%)  Δe=  15  obj=0.8633  gap=-0.00%  Δobj=+0.000%  build=0.08s solve=0.71s
2026-07-02 15:55:59.782 | INFO     | pycaalp.time_balancing.model:run_mip:430 - Running MIP solver ...
sub_stop=8.235294117647058
  k=   24  edges=  91 ( 8.24%)  Δe=   9  obj=0.8633  gap=-0.00%  Δobj=+0.000%  build=0.12s solve=0.77s
2026-07-02 15:56:00.712 | INFO     | pycaalp.time_balancing.model:run_mip:430 - Running MIP solver ...
sub_stop=8.868778280542987
  k=   32  edges=  98 ( 8.87%)  Δe=   7  obj=0.8633  gap=-0.00%  Δobj=-0.000%  build=0.16s solve=0.49s
2026-07-02 15:56:01.438 | INFO     | pycaalp.time_balancing.model:run_mip:430 - Running MIP solver ...
sub_stop=10.316742081447963
  k=   48  edges= 114 (10.32%)  Δe=  16  obj=0.8633  gap=-0.00%  Δobj=+0.000%  build=0.23s solve=0.65s
  → stop: stop_perc_graph (after 2 consecutive steps)

[diverse] k-sweep (stop: edge_saturation, stop at 10.0% of the full directed graph):
2026-07-02 15:56:02.087 | INFO     | pycaalp.time_balancing.model:run_mip:430 - Running MIP solver ...
sub_stop=1.1764705882352942
  k=    1  edges=  13 ( 1.18%)  Δe=  13  obj=0.8633  gap=+0.00%  Δobj=   —     build=0.00s solve=0.03s
2026-07-02 15:56:02.118 | INFO     | pycaalp.time_balancing.model:run_mip:430 - Running MIP solver ...
sub_stop=2.3529411764705883
  k=    2  edges=  26 ( 2.35%)  Δe=  13  obj=0.8633  gap=-0.00%  Δobj=+0.000%  build=0.00s solve=0.17s
2026-07-02 15:56:02.289 | INFO     | pycaalp.time_balancing.model:run_mip:430 - Running MIP solver ...
sub_stop=3.5294117647058822
  k=    3  edges=  39 ( 3.53%)  Δe=  13  obj=0.8633  gap=-0.00%  Δobj=+0.000%  build=0.00s solve=0.20s
2026-07-02 15:56:02.492 | INFO     | pycaalp.time_balancing.model:run_mip:430 - Running MIP solver ...
sub_stop=4.705882352941177
  k=    4  edges=  52 ( 4.71%)  Δe=  13  obj=0.8633  gap=-0.00%  Δobj=+0.000%  build=0.00s solve=0.23s
2026-07-02 15:56:02.727 | INFO     | pycaalp.time_balancing.model:run_mip:430 - Running MIP solver ...
sub_stop=7.0588235294117645
  k=    6  edges=  78 ( 7.06%)  Δe=  26  obj=0.8633  gap=+0.00%  Δobj=-0.000%  build=0.00s solve=0.38s
2026-07-02 15:56:03.109 | INFO     | pycaalp.time_balancing.model:run_mip:430 - Running MIP solver ...
sub_stop=9.230769230769232
  k=    8  edges= 102 ( 9.23%)  Δe=  24  obj=0.8633  gap=-0.00%  Δobj=+0.000%  build=0.01s solve=0.54s
2026-07-02 15:56:03.656 | INFO     | pycaalp.time_balancing.model:run_mip:430 - Running MIP solver ...
sub_stop=13.484162895927602
  k=   12  edges= 149 (13.48%)  Δe=  47  obj=0.8633  gap=-0.00%  Δobj=+0.000%  build=0.01s solve=0.96s
  → stop: stop_perc_graph (after 2 consecutive steps)

[adaptive] k-sweep (stop: edge_saturation, stop at 10.0% of the full directed graph):
2026-07-02 15:56:04.623 | INFO     | pycaalp.time_balancing.model:run_mip:430 - Running MIP solver ...
sub_stop=3.167420814479638
  k=    1  edges=  35 ( 3.17%)  Δe=  35  obj=0.8633  gap=-0.00%  Δobj=   —     build=0.01s solve=0.19s
2026-07-02 15:56:04.829 | INFO     | pycaalp.time_balancing.model:run_mip:430 - Running MIP solver ...
sub_stop=3.619909502262444
  k=    2  edges=  40 ( 3.62%)  Δe=   5  obj=0.8633  gap=-0.00%  Δobj=-0.000%  build=0.01s solve=0.22s
2026-07-02 15:56:05.070 | INFO     | pycaalp.time_balancing.model:run_mip:430 - Running MIP solver ...
sub_stop=4.162895927601809
  k=    3  edges=  46 ( 4.16%)  Δe=   6  obj=0.8633  gap=-0.00%  Δobj=+0.000%  build=0.02s solve=0.26s
2026-07-02 15:56:05.353 | INFO     | pycaalp.time_balancing.model:run_mip:430 - Running MIP solver ...
sub_stop=4.524886877828054
  k=    4  edges=  50 ( 4.52%)  Δe=   4  obj=0.8633  gap=-0.00%  Δobj=+0.000%  build=0.02s solve=0.24s
2026-07-02 15:56:05.625 | INFO     | pycaalp.time_balancing.model:run_mip:430 - Running MIP solver ...
sub_stop=5.067873303167421
  k=    6  edges=  56 ( 5.07%)  Δe=   6  obj=0.8633  gap=+0.00%  Δobj=-0.000%  build=0.04s solve=0.27s
2026-07-02 15:56:05.940 | INFO     | pycaalp.time_balancing.model:run_mip:430 - Running MIP solver ...
sub_stop=5.610859728506788
  k=    8  edges=  62 ( 5.61%)  Δe=   6  obj=0.8633  gap=-0.00%  Δobj=+0.000%  build=0.04s solve=0.33s
2026-07-02 15:56:06.339 | INFO     | pycaalp.time_balancing.model:run_mip:430 - Running MIP solver ...
sub_stop=6.0633484162895925
  k=   12  edges=  67 ( 6.06%)  Δe=   5  obj=0.8633  gap=-0.00%  Δobj=+0.000%  build=0.06s solve=0.45s
2026-07-02 15:56:06.866 | INFO     | pycaalp.time_balancing.model:run_mip:430 - Running MIP solver ...
sub_stop=7.420814479638009
  k=   16  edges=  82 ( 7.42%)  Δe=  15  obj=0.8633  gap=-0.00%  Δobj=+0.000%  build=0.08s solve=0.72s
2026-07-02 15:56:07.690 | INFO     | pycaalp.time_balancing.model:run_mip:430 - Running MIP solver ...
sub_stop=11.67420814479638
  k=   24  edges= 129 (11.67%)  Δe=  47  obj=0.8633  gap=-0.00%  Δobj=+0.000%  build=0.10s solve=0.71s
  → stop: stop_perc_graph (after 2 consecutive steps)

Results saved to experiments/bl_union_convergence/assembly_1_np_5/bl_union_convergence_lambda_1.0.csv
Plot with:  python -m experiments.bl_union_convergence.plot_convergence experiments/bl_union_convergence/assembly_1_np_5/bl_union_convergence_lambda_1.0.csv
Combined CSV → experiments/bl_union_convergence/assembly_1_np_5/bl_union_convergence.csv
Saved experiments/bl_union_convergence/assembly_1_np_5/convergence_obj_vs_pct_bl_union_assembly_1_P5.svg
Saved experiments/bl_union_convergence/assembly_1_np_5/convergence_alpha_vs_pct_bl_union_assembly_1_P5.svg
Saved experiments/bl_union_convergence/assembly_1_np_5/convergence_obj_vs_k_bl_union_assembly_1_P5.svg
Saved experiments/bl_union_convergence/assembly_1_np_5/convergence_obj_vs_pct_diverse_assembly_1_P5.svg
Saved experiments/bl_union_convergence/assembly_1_np_5/convergence_alpha_vs_pct_diverse_assembly_1_P5.svg
Saved experiments/bl_union_convergence/assembly_1_np_5/convergence_obj_vs_k_diverse_assembly_1_P5.svg
Saved experiments/bl_union_convergence/assembly_1_np_5/convergence_obj_vs_pct_adaptive_assembly_1_P5.svg
Saved experiments/bl_union_convergence/assembly_1_np_5/convergence_alpha_vs_pct_adaptive_assembly_1_P5.svg
Saved experiments/bl_union_convergence/assembly_1_np_5/convergence_obj_vs_k_adaptive_assembly_1_P5.svg
Saved experiments/bl_union_convergence/assembly_1_np_5/method_best_gap_vs_lambda_assembly_1_P5.svg
Saved experiments/bl_union_convergence/assembly_1_np_5/metrics_grid_bl_union_assembly_1_P5.svg
Saved experiments/bl_union_convergence/assembly_1_np_5/metrics_grid_diverse_assembly_1_P5.svg
Saved experiments/bl_union_convergence/assembly_1_np_5/metrics_grid_adaptive_assembly_1_P5.svg
