============ adaptive convergence (oracle-free) sweep ============
date         : 2026-07-06T15:35:43+02:00
host         : TUMWUTG-MIT148
git commit   : 3bac723 (research/wgp-2026)
python       : Python 3.14.4
instance     : assembly_1
parts file   : data/assembly_1/assembly_1_parts.json
dfm file     : (none)
num_phases   : 4
lambda grid  : 0.1 0.2 0.3 0.4 0.5 0.6 0.7 0.8 0.9
jobs (par.)  : 9
rundir       : experiments/adaptive_convergence/assembly_1_np_4
=================================================================
extra args   : --num-phases 4

----------------- λ = 0.1 -----------------
========================================================================
adaptive convergence (oracle-free) — assembly_1  P=4  λ=0.1
========================================================================

Building assembly digraph …
2026-07-06 15:35:44.240 | INFO     | pycaalp.gapp.assembly_digraph:compute_assembly_digraph_complete:396 - Computing assembly digraph...
  343 nodes, 1105 edges  (0.3s)
  ideal obj (Σ shortest-path bound) = 0.8329
  phase width (T_total/P)           = 539.21

[adaptive] k-sweep (stop at 10.0% of edges):
2026-07-06 15:35:44.514 | INFO     | pycaalp.time_balancing.model:run_mip:430 - Running MIP solver ...
  k=    1    3.3% edges  obj=0.8399  obj_vs_ideal=0.83%  α_vs_width=8.31%  Δobj=   —     build=0.01s solve=0.13s
2026-07-06 15:35:44.661 | INFO     | pycaalp.time_balancing.model:run_mip:430 - Running MIP solver ...
  k=    2    3.9% edges  obj=0.8399  obj_vs_ideal=0.83%  α_vs_width=8.31%  Δobj=+0.000%  build=0.02s solve=0.49s
2026-07-06 15:35:45.173 | INFO     | pycaalp.time_balancing.model:run_mip:430 - Running MIP solver ...
  k=    3    4.4% edges  obj=0.8399  obj_vs_ideal=0.83%  α_vs_width=8.31%  Δobj=-0.000%  build=0.03s solve=0.48s
2026-07-06 15:35:45.692 | INFO     | pycaalp.time_balancing.model:run_mip:430 - Running MIP solver ...
  k=    4    5.0% edges  obj=0.8399  obj_vs_ideal=0.83%  α_vs_width=8.31%  Δobj=+0.000%  build=0.04s solve=0.31s
2026-07-06 15:35:46.049 | INFO     | pycaalp.time_balancing.model:run_mip:430 - Running MIP solver ...
  k=    6    6.0% edges  obj=0.8399  obj_vs_ideal=0.83%  α_vs_width=8.31%  Δobj=+0.000%  build=0.04s solve=0.40s
2026-07-06 15:35:46.507 | INFO     | pycaalp.time_balancing.model:run_mip:430 - Running MIP solver ...
  k=    8    6.5% edges  obj=0.8399  obj_vs_ideal=0.83%  α_vs_width=8.31%  Δobj=+0.000%  build=0.06s solve=0.47s
2026-07-06 15:35:47.123 | INFO     | pycaalp.time_balancing.model:run_mip:430 - Running MIP solver ...
  k=   12    7.1% edges  obj=0.8399  obj_vs_ideal=0.83%  α_vs_width=8.31%  Δobj=-0.000%  build=0.14s solve=0.92s
2026-07-06 15:35:48.166 | INFO     | pycaalp.time_balancing.model:run_mip:430 - Running MIP solver ...
  k=   16    8.1% edges  obj=0.8399  obj_vs_ideal=0.83%  α_vs_width=8.31%  Δobj=+0.000%  build=0.13s solve=0.87s
2026-07-06 15:35:49.188 | INFO     | pycaalp.time_balancing.model:run_mip:430 - Running MIP solver ...
  k=   24   10.8% edges  obj=0.8399  obj_vs_ideal=0.83%  α_vs_width=8.31%  Δobj=+0.000%  build=0.15s solve=1.55s
  → stop: stop_perc_graph

Done. CSV → experiments/adaptive_convergence/assembly_1_np_4/adaptive_convergence_lambda_0.1.csv

----------------- λ = 0.2 -----------------
========================================================================
adaptive convergence (oracle-free) — assembly_1  P=4  λ=0.2
========================================================================

Building assembly digraph …
2026-07-06 15:35:44.279 | INFO     | pycaalp.gapp.assembly_digraph:compute_assembly_digraph_complete:396 - Computing assembly digraph...
  343 nodes, 1105 edges  (0.3s)
  ideal obj (Σ shortest-path bound) = 0.8329
  phase width (T_total/P)           = 539.21

[adaptive] k-sweep (stop at 10.0% of edges):
2026-07-06 15:35:44.543 | INFO     | pycaalp.time_balancing.model:run_mip:430 - Running MIP solver ...
  k=    1    3.3% edges  obj=0.8468  obj_vs_ideal=1.66%  α_vs_width=8.31%  Δobj=   —     build=0.01s solve=0.22s
2026-07-06 15:35:44.793 | INFO     | pycaalp.time_balancing.model:run_mip:430 - Running MIP solver ...
  k=    2    3.9% edges  obj=0.8468  obj_vs_ideal=1.66%  α_vs_width=8.31%  Δobj=-0.000%  build=0.03s solve=0.45s
2026-07-06 15:35:45.281 | INFO     | pycaalp.time_balancing.model:run_mip:430 - Running MIP solver ...
  k=    3    4.4% edges  obj=0.8468  obj_vs_ideal=1.66%  α_vs_width=8.31%  Δobj=+0.000%  build=0.04s solve=0.46s
2026-07-06 15:35:45.774 | INFO     | pycaalp.time_balancing.model:run_mip:430 - Running MIP solver ...
  k=    4    5.0% edges  obj=0.8468  obj_vs_ideal=1.66%  α_vs_width=8.31%  Δobj=+0.000%  build=0.03s solve=0.31s
2026-07-06 15:35:46.134 | INFO     | pycaalp.time_balancing.model:run_mip:430 - Running MIP solver ...
  k=    6    6.0% edges  obj=0.8468  obj_vs_ideal=1.66%  α_vs_width=8.31%  Δobj=-0.000%  build=0.05s solve=0.65s
2026-07-06 15:35:46.873 | INFO     | pycaalp.time_balancing.model:run_mip:430 - Running MIP solver ...
  k=    8    6.5% edges  obj=0.8468  obj_vs_ideal=1.66%  α_vs_width=8.31%  Δobj=+0.000%  build=0.09s solve=0.74s
2026-07-06 15:35:47.704 | INFO     | pycaalp.time_balancing.model:run_mip:430 - Running MIP solver ...
  k=   12    7.1% edges  obj=0.8468  obj_vs_ideal=1.66%  α_vs_width=8.31%  Δobj=-0.000%  build=0.09s solve=0.84s
2026-07-06 15:35:48.686 | INFO     | pycaalp.time_balancing.model:run_mip:430 - Running MIP solver ...
  k=   16    8.1% edges  obj=0.8468  obj_vs_ideal=1.66%  α_vs_width=8.31%  Δobj=+0.000%  build=0.14s solve=0.65s
2026-07-06 15:35:49.528 | INFO     | pycaalp.time_balancing.model:run_mip:430 - Running MIP solver ...
  k=   24   11.2% edges  obj=0.8468  obj_vs_ideal=1.66%  α_vs_width=8.31%  Δobj=+0.000%  build=0.19s solve=1.07s
  → stop: stop_perc_graph

Done. CSV → experiments/adaptive_convergence/assembly_1_np_4/adaptive_convergence_lambda_0.2.csv

----------------- λ = 0.3 -----------------
========================================================================
adaptive convergence (oracle-free) — assembly_1  P=4  λ=0.3
========================================================================

Building assembly digraph …
2026-07-06 15:35:44.314 | INFO     | pycaalp.gapp.assembly_digraph:compute_assembly_digraph_complete:396 - Computing assembly digraph...
  343 nodes, 1105 edges  (0.3s)
  ideal obj (Σ shortest-path bound) = 0.8329
  phase width (T_total/P)           = 539.21

[adaptive] k-sweep (stop at 10.0% of edges):
2026-07-06 15:35:44.613 | INFO     | pycaalp.time_balancing.model:run_mip:430 - Running MIP solver ...
  k=    1    3.3% edges  obj=0.8537  obj_vs_ideal=2.49%  α_vs_width=8.31%  Δobj=   —     build=0.01s solve=0.19s
2026-07-06 15:35:44.825 | INFO     | pycaalp.time_balancing.model:run_mip:430 - Running MIP solver ...
  k=    2    3.9% edges  obj=0.8537  obj_vs_ideal=2.49%  α_vs_width=8.31%  Δobj=-0.000%  build=0.02s solve=0.33s
2026-07-06 15:35:45.186 | INFO     | pycaalp.time_balancing.model:run_mip:430 - Running MIP solver ...
  k=    3    4.4% edges  obj=0.8537  obj_vs_ideal=2.49%  α_vs_width=8.31%  Δobj=+0.000%  build=0.03s solve=0.42s
2026-07-06 15:35:45.644 | INFO     | pycaalp.time_balancing.model:run_mip:430 - Running MIP solver ...
  k=    4    5.0% edges  obj=0.8537  obj_vs_ideal=2.49%  α_vs_width=8.31%  Δobj=-0.000%  build=0.04s solve=0.54s
2026-07-06 15:35:46.227 | INFO     | pycaalp.time_balancing.model:run_mip:430 - Running MIP solver ...
  k=    6    6.0% edges  obj=0.8537  obj_vs_ideal=2.49%  α_vs_width=8.31%  Δobj=-0.000%  build=0.04s solve=0.53s
2026-07-06 15:35:46.815 | INFO     | pycaalp.time_balancing.model:run_mip:430 - Running MIP solver ...
  k=    8    6.5% edges  obj=0.8537  obj_vs_ideal=2.49%  α_vs_width=8.31%  Δobj=+0.000%  build=0.05s solve=0.38s
2026-07-06 15:35:47.310 | INFO     | pycaalp.time_balancing.model:run_mip:430 - Running MIP solver ...
  k=   12    7.1% edges  obj=0.8537  obj_vs_ideal=2.49%  α_vs_width=8.31%  Δobj=+0.000%  build=0.12s solve=0.49s
2026-07-06 15:35:47.925 | INFO     | pycaalp.time_balancing.model:run_mip:430 - Running MIP solver ...
  k=   16    8.1% edges  obj=0.8537  obj_vs_ideal=2.49%  α_vs_width=8.31%  Δobj=+0.000%  build=0.12s solve=1.11s
2026-07-06 15:35:49.200 | INFO     | pycaalp.time_balancing.model:run_mip:430 - Running MIP solver ...
  k=   24   10.4% edges  obj=0.8537  obj_vs_ideal=2.49%  α_vs_width=8.31%  Δobj=+0.000%  build=0.17s solve=0.82s
  → stop: stop_perc_graph

Done. CSV → experiments/adaptive_convergence/assembly_1_np_4/adaptive_convergence_lambda_0.3.csv

----------------- λ = 0.4 -----------------
========================================================================
adaptive convergence (oracle-free) — assembly_1  P=4  λ=0.4
========================================================================

Building assembly digraph …
2026-07-06 15:35:44.313 | INFO     | pycaalp.gapp.assembly_digraph:compute_assembly_digraph_complete:396 - Computing assembly digraph...
  343 nodes, 1105 edges  (0.3s)
  ideal obj (Σ shortest-path bound) = 0.8329
  phase width (T_total/P)           = 539.21

[adaptive] k-sweep (stop at 10.0% of edges):
2026-07-06 15:35:44.603 | INFO     | pycaalp.time_balancing.model:run_mip:430 - Running MIP solver ...
  k=    1    3.3% edges  obj=0.8606  obj_vs_ideal=3.33%  α_vs_width=8.31%  Δobj=   —     build=0.01s solve=0.17s
2026-07-06 15:35:44.788 | INFO     | pycaalp.time_balancing.model:run_mip:430 - Running MIP solver ...
  k=    2    3.9% edges  obj=0.8606  obj_vs_ideal=3.33%  α_vs_width=8.31%  Δobj=+0.000%  build=0.02s solve=0.70s
2026-07-06 15:35:45.513 | INFO     | pycaalp.time_balancing.model:run_mip:430 - Running MIP solver ...
  k=    3    4.4% edges  obj=0.8606  obj_vs_ideal=3.33%  α_vs_width=8.31%  Δobj=-0.000%  build=0.03s solve=1.15s
2026-07-06 15:35:46.687 | INFO     | pycaalp.time_balancing.model:run_mip:430 - Running MIP solver ...
  k=    4    5.0% edges  obj=0.8606  obj_vs_ideal=3.33%  α_vs_width=8.31%  Δobj=+0.000%  build=0.03s solve=0.32s
2026-07-06 15:35:47.051 | INFO     | pycaalp.time_balancing.model:run_mip:430 - Running MIP solver ...
  k=    6    6.0% edges  obj=0.8606  obj_vs_ideal=3.33%  α_vs_width=8.31%  Δobj=+0.000%  build=0.05s solve=0.35s
2026-07-06 15:35:47.464 | INFO     | pycaalp.time_balancing.model:run_mip:430 - Running MIP solver ...
  k=    8    6.5% edges  obj=0.8606  obj_vs_ideal=3.33%  α_vs_width=8.31%  Δobj=+0.000%  build=0.06s solve=0.44s
2026-07-06 15:35:48.005 | INFO     | pycaalp.time_balancing.model:run_mip:430 - Running MIP solver ...
  k=   12    7.1% edges  obj=0.8606  obj_vs_ideal=3.33%  α_vs_width=8.31%  Δobj=+0.000%  build=0.10s solve=0.47s
2026-07-06 15:35:48.600 | INFO     | pycaalp.time_balancing.model:run_mip:430 - Running MIP solver ...
  k=   16    8.1% edges  obj=0.8606  obj_vs_ideal=3.33%  α_vs_width=8.31%  Δobj=+0.000%  build=0.13s solve=0.43s
2026-07-06 15:35:49.230 | INFO     | pycaalp.time_balancing.model:run_mip:430 - Running MIP solver ...
  k=   24   10.4% edges  obj=0.8606  obj_vs_ideal=3.33%  α_vs_width=8.31%  Δobj=-0.000%  build=0.20s solve=0.95s
  → stop: stop_perc_graph

Done. CSV → experiments/adaptive_convergence/assembly_1_np_4/adaptive_convergence_lambda_0.4.csv

----------------- λ = 0.5 -----------------
========================================================================
adaptive convergence (oracle-free) — assembly_1  P=4  λ=0.5
========================================================================

Building assembly digraph …
2026-07-06 15:35:44.339 | INFO     | pycaalp.gapp.assembly_digraph:compute_assembly_digraph_complete:396 - Computing assembly digraph...
  343 nodes, 1105 edges  (0.3s)
  ideal obj (Σ shortest-path bound) = 0.8329
  phase width (T_total/P)           = 539.21

[adaptive] k-sweep (stop at 10.0% of edges):
2026-07-06 15:35:44.651 | INFO     | pycaalp.time_balancing.model:run_mip:430 - Running MIP solver ...
  k=    1    3.3% edges  obj=0.8676  obj_vs_ideal=4.16%  α_vs_width=8.31%  Δobj=   —     build=0.01s solve=0.78s
2026-07-06 15:35:45.452 | INFO     | pycaalp.time_balancing.model:run_mip:430 - Running MIP solver ...
  k=    2    3.9% edges  obj=0.8676  obj_vs_ideal=4.16%  α_vs_width=8.31%  Δobj=+0.000%  build=0.02s solve=0.44s
2026-07-06 15:35:45.924 | INFO     | pycaalp.time_balancing.model:run_mip:430 - Running MIP solver ...
  k=    3    4.4% edges  obj=0.8676  obj_vs_ideal=4.16%  α_vs_width=8.31%  Δobj=+0.000%  build=0.03s solve=0.42s
2026-07-06 15:35:46.382 | INFO     | pycaalp.time_balancing.model:run_mip:430 - Running MIP solver ...
  k=    4    5.0% edges  obj=0.8676  obj_vs_ideal=4.16%  α_vs_width=8.31%  Δobj=-0.000%  build=0.04s solve=0.27s
2026-07-06 15:35:46.694 | INFO     | pycaalp.time_balancing.model:run_mip:430 - Running MIP solver ...
  k=    6    6.0% edges  obj=0.8676  obj_vs_ideal=4.16%  α_vs_width=8.31%  Δobj=+0.000%  build=0.04s solve=0.25s
2026-07-06 15:35:47.036 | INFO     | pycaalp.time_balancing.model:run_mip:430 - Running MIP solver ...
  k=    8    6.5% edges  obj=0.8676  obj_vs_ideal=4.16%  α_vs_width=8.31%  Δobj=+0.000%  build=0.09s solve=0.88s
2026-07-06 15:35:48.022 | INFO     | pycaalp.time_balancing.model:run_mip:430 - Running MIP solver ...
  k=   12    7.1% edges  obj=0.8676  obj_vs_ideal=4.16%  α_vs_width=8.31%  Δobj=-0.000%  build=0.11s solve=1.04s
2026-07-06 15:35:49.199 | INFO     | pycaalp.time_balancing.model:run_mip:430 - Running MIP solver ...
  k=   16    8.1% edges  obj=0.8676  obj_vs_ideal=4.16%  α_vs_width=8.31%  Δobj=+0.000%  build=0.13s solve=0.43s
2026-07-06 15:35:49.792 | INFO     | pycaalp.time_balancing.model:run_mip:430 - Running MIP solver ...
  k=   24   10.7% edges  obj=0.8676  obj_vs_ideal=4.16%  α_vs_width=8.31%  Δobj=+0.000%  build=0.16s solve=0.81s
  → stop: stop_perc_graph

Done. CSV → experiments/adaptive_convergence/assembly_1_np_4/adaptive_convergence_lambda_0.5.csv

----------------- λ = 0.6 -----------------
========================================================================
adaptive convergence (oracle-free) — assembly_1  P=4  λ=0.6
========================================================================

Building assembly digraph …
2026-07-06 15:35:44.270 | INFO     | pycaalp.gapp.assembly_digraph:compute_assembly_digraph_complete:396 - Computing assembly digraph...
  343 nodes, 1105 edges  (0.3s)
  ideal obj (Σ shortest-path bound) = 0.8329
  phase width (T_total/P)           = 539.21

[adaptive] k-sweep (stop at 10.0% of edges):
2026-07-06 15:35:44.572 | INFO     | pycaalp.time_balancing.model:run_mip:430 - Running MIP solver ...
  k=    1    3.3% edges  obj=0.8745  obj_vs_ideal=4.99%  α_vs_width=8.31%  Δobj=   —     build=0.02s solve=0.65s
2026-07-06 15:35:45.238 | INFO     | pycaalp.time_balancing.model:run_mip:430 - Running MIP solver ...
  k=    2    3.9% edges  obj=0.8745  obj_vs_ideal=4.99%  α_vs_width=8.31%  Δobj=-0.000%  build=0.02s solve=0.55s
2026-07-06 15:35:45.813 | INFO     | pycaalp.time_balancing.model:run_mip:430 - Running MIP solver ...
  k=    3    4.4% edges  obj=0.8745  obj_vs_ideal=4.99%  α_vs_width=8.31%  Δobj=+0.000%  build=0.03s solve=0.47s
2026-07-06 15:35:46.308 | INFO     | pycaalp.time_balancing.model:run_mip:430 - Running MIP solver ...
  k=    4    5.0% edges  obj=0.8745  obj_vs_ideal=4.99%  α_vs_width=8.31%  Δobj=+0.000%  build=0.03s solve=1.45s
2026-07-06 15:35:47.801 | INFO     | pycaalp.time_balancing.model:run_mip:430 - Running MIP solver ...
  k=    6    6.0% edges  obj=0.8745  obj_vs_ideal=4.99%  α_vs_width=8.31%  Δobj=+0.000%  build=0.04s solve=0.28s
2026-07-06 15:35:48.137 | INFO     | pycaalp.time_balancing.model:run_mip:430 - Running MIP solver ...
  k=    8    6.5% edges  obj=0.8745  obj_vs_ideal=4.99%  α_vs_width=8.31%  Δobj=+0.000%  build=0.06s solve=0.39s
2026-07-06 15:35:48.637 | INFO     | pycaalp.time_balancing.model:run_mip:430 - Running MIP solver ...
  k=   12    7.1% edges  obj=0.8745  obj_vs_ideal=4.99%  α_vs_width=8.31%  Δobj=+0.000%  build=0.10s solve=0.65s
2026-07-06 15:35:49.434 | INFO     | pycaalp.time_balancing.model:run_mip:430 - Running MIP solver ...
  k=   16    8.1% edges  obj=0.8745  obj_vs_ideal=4.99%  α_vs_width=8.31%  Δobj=-0.000%  build=0.14s solve=0.80s
2026-07-06 15:35:50.377 | INFO     | pycaalp.time_balancing.model:run_mip:430 - Running MIP solver ...
  k=   24   10.9% edges  obj=0.8745  obj_vs_ideal=4.99%  α_vs_width=8.31%  Δobj=+0.000%  build=0.14s solve=0.38s
  → stop: stop_perc_graph

Done. CSV → experiments/adaptive_convergence/assembly_1_np_4/adaptive_convergence_lambda_0.6.csv

----------------- λ = 0.7 -----------------
========================================================================
adaptive convergence (oracle-free) — assembly_1  P=4  λ=0.7
========================================================================

Building assembly digraph …
2026-07-06 15:35:44.338 | INFO     | pycaalp.gapp.assembly_digraph:compute_assembly_digraph_complete:396 - Computing assembly digraph...
  343 nodes, 1105 edges  (0.3s)
  ideal obj (Σ shortest-path bound) = 0.8329
  phase width (T_total/P)           = 539.21

[adaptive] k-sweep (stop at 10.0% of edges):
2026-07-06 15:35:44.685 | INFO     | pycaalp.time_balancing.model:run_mip:430 - Running MIP solver ...
  k=    1    3.3% edges  obj=0.8814  obj_vs_ideal=5.82%  α_vs_width=8.31%  Δobj=   —     build=0.02s solve=0.61s
2026-07-06 15:35:45.318 | INFO     | pycaalp.time_balancing.model:run_mip:430 - Running MIP solver ...
  k=    2    3.9% edges  obj=0.8814  obj_vs_ideal=5.82%  α_vs_width=8.31%  Δobj=-0.000%  build=0.02s solve=0.67s
2026-07-06 15:35:46.023 | INFO     | pycaalp.time_balancing.model:run_mip:430 - Running MIP solver ...
  k=    3    4.4% edges  obj=0.8814  obj_vs_ideal=5.82%  α_vs_width=8.31%  Δobj=-0.000%  build=0.03s solve=1.62s
2026-07-06 15:35:47.673 | INFO     | pycaalp.time_balancing.model:run_mip:430 - Running MIP solver ...
  k=    4    5.0% edges  obj=0.8814  obj_vs_ideal=5.82%  α_vs_width=8.31%  Δobj=+0.000%  build=0.03s solve=0.27s
2026-07-06 15:35:47.999 | INFO     | pycaalp.time_balancing.model:run_mip:430 - Running MIP solver ...
  k=    6    6.0% edges  obj=0.8814  obj_vs_ideal=5.82%  α_vs_width=8.31%  Δobj=-0.000%  build=0.06s solve=1.35s
2026-07-06 15:35:49.432 | INFO     | pycaalp.time_balancing.model:run_mip:430 - Running MIP solver ...
  k=    8    6.5% edges  obj=0.8814  obj_vs_ideal=5.82%  α_vs_width=8.31%  Δobj=+0.000%  build=0.08s solve=0.69s
2026-07-06 15:35:50.202 | INFO     | pycaalp.time_balancing.model:run_mip:430 - Running MIP solver ...
  k=   12    7.1% edges  obj=0.8814  obj_vs_ideal=5.82%  α_vs_width=8.31%  Δobj=+0.000%  build=0.08s solve=0.43s
2026-07-06 15:35:50.737 | INFO     | pycaalp.time_balancing.model:run_mip:430 - Running MIP solver ...
  k=   16    8.1% edges  obj=0.8814  obj_vs_ideal=5.82%  α_vs_width=8.31%  Δobj=+0.000%  build=0.10s solve=0.35s
2026-07-06 15:35:51.209 | INFO     | pycaalp.time_balancing.model:run_mip:430 - Running MIP solver ...
  k=   24   10.5% edges  obj=0.8814  obj_vs_ideal=5.82%  α_vs_width=8.31%  Δobj=-0.000%  build=0.12s solve=0.50s
  → stop: stop_perc_graph

Done. CSV → experiments/adaptive_convergence/assembly_1_np_4/adaptive_convergence_lambda_0.7.csv

----------------- λ = 0.8 -----------------
========================================================================
adaptive convergence (oracle-free) — assembly_1  P=4  λ=0.8
========================================================================

Building assembly digraph …
2026-07-06 15:35:44.404 | INFO     | pycaalp.gapp.assembly_digraph:compute_assembly_digraph_complete:396 - Computing assembly digraph...
  343 nodes, 1105 edges  (0.2s)
  ideal obj (Σ shortest-path bound) = 0.8329
  phase width (T_total/P)           = 539.21

[adaptive] k-sweep (stop at 10.0% of edges):
2026-07-06 15:35:44.642 | INFO     | pycaalp.time_balancing.model:run_mip:430 - Running MIP solver ...
  k=    1    3.3% edges  obj=0.8883  obj_vs_ideal=6.65%  α_vs_width=8.31%  Δobj=   —     build=0.01s solve=0.34s
2026-07-06 15:35:45.011 | INFO     | pycaalp.time_balancing.model:run_mip:430 - Running MIP solver ...
  k=    2    3.9% edges  obj=0.8883  obj_vs_ideal=6.65%  α_vs_width=8.31%  Δobj=+0.000%  build=0.02s solve=1.05s
2026-07-06 15:35:46.094 | INFO     | pycaalp.time_balancing.model:run_mip:430 - Running MIP solver ...
  k=    3    4.4% edges  obj=0.8883  obj_vs_ideal=6.65%  α_vs_width=8.31%  Δobj=+0.000%  build=0.03s solve=0.23s
2026-07-06 15:35:46.356 | INFO     | pycaalp.time_balancing.model:run_mip:430 - Running MIP solver ...
  k=    4    5.0% edges  obj=0.8883  obj_vs_ideal=6.65%  α_vs_width=8.31%  Δobj=-0.000%  build=0.03s solve=0.22s
2026-07-06 15:35:46.625 | INFO     | pycaalp.time_balancing.model:run_mip:430 - Running MIP solver ...
  k=    6    6.0% edges  obj=0.8883  obj_vs_ideal=6.65%  α_vs_width=8.31%  Δobj=+0.000%  build=0.05s solve=0.52s
2026-07-06 15:35:47.221 | INFO     | pycaalp.time_balancing.model:run_mip:430 - Running MIP solver ...
  k=    8    6.5% edges  obj=0.8883  obj_vs_ideal=6.65%  α_vs_width=8.31%  Δobj=+0.000%  build=0.07s solve=0.41s
2026-07-06 15:35:47.706 | INFO     | pycaalp.time_balancing.model:run_mip:430 - Running MIP solver ...
  k=   12    7.1% edges  obj=0.8883  obj_vs_ideal=6.65%  α_vs_width=8.31%  Δobj=-0.000%  build=0.08s solve=0.58s
2026-07-06 15:35:48.405 | INFO     | pycaalp.time_balancing.model:run_mip:430 - Running MIP solver ...
  k=   16    8.1% edges  obj=0.8883  obj_vs_ideal=6.65%  α_vs_width=8.31%  Δobj=-0.000%  build=0.12s solve=0.76s
2026-07-06 15:35:49.319 | INFO     | pycaalp.time_balancing.model:run_mip:430 - Running MIP solver ...
  k=   24   10.5% edges  obj=0.8883  obj_vs_ideal=6.65%  α_vs_width=8.31%  Δobj=+0.000%  build=0.15s solve=0.60s
  → stop: stop_perc_graph

Done. CSV → experiments/adaptive_convergence/assembly_1_np_4/adaptive_convergence_lambda_0.8.csv

----------------- λ = 0.9 -----------------
========================================================================
adaptive convergence (oracle-free) — assembly_1  P=4  λ=0.9
========================================================================

Building assembly digraph …
2026-07-06 15:35:44.294 | INFO     | pycaalp.gapp.assembly_digraph:compute_assembly_digraph_complete:396 - Computing assembly digraph...
  343 nodes, 1105 edges  (0.3s)
  ideal obj (Σ shortest-path bound) = 0.8329
  phase width (T_total/P)           = 539.21

[adaptive] k-sweep (stop at 10.0% of edges):
2026-07-06 15:35:44.565 | INFO     | pycaalp.time_balancing.model:run_mip:430 - Running MIP solver ...
  k=    1    3.3% edges  obj=0.8952  obj_vs_ideal=7.48%  α_vs_width=8.31%  Δobj=   —     build=0.01s solve=0.71s
2026-07-06 15:35:45.295 | INFO     | pycaalp.time_balancing.model:run_mip:430 - Running MIP solver ...
  k=    2    3.9% edges  obj=0.8952  obj_vs_ideal=7.48%  α_vs_width=8.31%  Δobj=+0.000%  build=0.02s solve=0.54s
2026-07-06 15:35:45.855 | INFO     | pycaalp.time_balancing.model:run_mip:430 - Running MIP solver ...
  k=    3    4.4% edges  obj=0.8952  obj_vs_ideal=7.48%  α_vs_width=8.31%  Δobj=+0.000%  build=0.02s solve=0.22s
2026-07-06 15:35:46.109 | INFO     | pycaalp.time_balancing.model:run_mip:430 - Running MIP solver ...
  k=    4    5.0% edges  obj=0.8952  obj_vs_ideal=7.48%  α_vs_width=8.31%  Δobj=+0.000%  build=0.03s solve=0.53s
2026-07-06 15:35:46.686 | INFO     | pycaalp.time_balancing.model:run_mip:430 - Running MIP solver ...
  k=    6    6.0% edges  obj=0.8952  obj_vs_ideal=7.48%  α_vs_width=8.31%  Δobj=+0.000%  build=0.04s solve=0.34s
2026-07-06 15:35:47.124 | INFO     | pycaalp.time_balancing.model:run_mip:430 - Running MIP solver ...
  k=    8    6.5% edges  obj=0.8952  obj_vs_ideal=7.48%  α_vs_width=8.31%  Δobj=-0.000%  build=0.09s solve=0.47s
2026-07-06 15:35:47.673 | INFO     | pycaalp.time_balancing.model:run_mip:430 - Running MIP solver ...
  k=   12    7.1% edges  obj=0.8952  obj_vs_ideal=7.48%  α_vs_width=8.31%  Δobj=+0.000%  build=0.08s solve=0.53s
2026-07-06 15:35:48.357 | INFO     | pycaalp.time_balancing.model:run_mip:430 - Running MIP solver ...
  k=   16    8.1% edges  obj=0.8952  obj_vs_ideal=7.48%  α_vs_width=8.31%  Δobj=-0.000%  build=0.15s solve=0.55s
2026-07-06 15:35:49.088 | INFO     | pycaalp.time_balancing.model:run_mip:430 - Running MIP solver ...
  k=   24   11.1% edges  obj=0.8952  obj_vs_ideal=7.48%  α_vs_width=8.31%  Δobj=+0.000%  build=0.18s solve=0.67s
  → stop: stop_perc_graph

Done. CSV → experiments/adaptive_convergence/assembly_1_np_4/adaptive_convergence_lambda_0.9.csv
Combined CSV → experiments/adaptive_convergence/assembly_1_np_4/adaptive_convergence.csv
Saved experiments/adaptive_convergence/assembly_1_np_4/convergence_path_vs_cmin_assembly_1_P4.svg
Saved experiments/adaptive_convergence/assembly_1_np_4/convergence_alpha_vs_width_assembly_1_P4.svg
Saved experiments/adaptive_convergence/assembly_1_np_4/convergence_fused_assembly_1_P4.svg
Saved experiments/adaptive_convergence/assembly_1_np_4/solutions_asp_plp_assembly_1_P4.svg
