============ adaptive convergence (oracle-free) sweep ============
date         : 2026-07-06T18:02:42+02:00
host         : pop-os
git commit   : a42d700 (research/wgp-2026)
python       : Python 3.14.4
instance     : assembly_2
parts file   : data/assembly_2/assembly_2_parts.json
dfm file     : data/assembly_2/assembly_2_dfm.json
num_phases   : 3
lambda grid  : 0.1 0.2 0.3 0.4 0.5 0.6 0.7 0.8 0.9
jobs (par.)  : 9
rundir       : experiments/adaptive_convergence/assembly_2_np_3
=================================================================
extra args   : --num-phases 3 --stop-perc-graph 3

----------------- λ = 0.1 -----------------
========================================================================
adaptive convergence (oracle-free) — assembly_2  P=3  λ=0.1
========================================================================

Building assembly digraph …
2026-07-06 18:02:42.533 | INFO     | pycaalp.gapp.assembly_digraph:compute_assembly_digraph_complete:396 - Computing assembly digraph...
  22160 nodes, 134216 edges  (197.0s)
  ideal obj (Σ shortest-path bound) = 1.0126
  phase width (T_total/P)           = 896.33

[adaptive] k-sweep (stop at 3.0% of edges):
2026-07-06 18:06:00.883 | INFO     | pycaalp.time_balancing.model:run_mip:430 - Running MIP solver ...
  k=    1    0.0% edges  obj=1.0224  obj_vs_ideal=0.96%  α_vs_width=4.76%  Δobj=   —     build=1.27s solve=0.19s
2026-07-06 18:06:02.975 | INFO     | pycaalp.time_balancing.model:run_mip:430 - Running MIP solver ...
  k=    2    0.0% edges  obj=1.0224  obj_vs_ideal=0.96%  α_vs_width=4.76%  Δobj=+0.000%  build=1.90s solve=0.15s
2026-07-06 18:06:05.371 | INFO     | pycaalp.time_balancing.model:run_mip:430 - Running MIP solver ...
  k=    3    0.0% edges  obj=1.0224  obj_vs_ideal=0.96%  α_vs_width=4.76%  Δobj=-0.000%  build=2.24s solve=0.24s
2026-07-06 18:06:08.317 | INFO     | pycaalp.time_balancing.model:run_mip:430 - Running MIP solver ...
  k=    4    0.1% edges  obj=1.0224  obj_vs_ideal=0.96%  α_vs_width=4.76%  Δobj=+0.000%  build=2.71s solve=0.34s
2026-07-06 18:06:12.267 | INFO     | pycaalp.time_balancing.model:run_mip:430 - Running MIP solver ...
  k=    6    0.1% edges  obj=1.0224  obj_vs_ideal=0.96%  α_vs_width=4.76%  Δobj=+0.000%  build=3.61s solve=0.46s
2026-07-06 18:06:17.172 | INFO     | pycaalp.time_balancing.model:run_mip:430 - Running MIP solver ...
  k=    8    0.1% edges  obj=1.0224  obj_vs_ideal=0.96%  α_vs_width=4.76%  Δobj=-0.000%  build=4.45s solve=0.35s
2026-07-06 18:06:23.742 | INFO     | pycaalp.time_balancing.model:run_mip:430 - Running MIP solver ...
  k=   12    0.1% edges  obj=1.0224  obj_vs_ideal=0.96%  α_vs_width=4.76%  Δobj=+0.000%  build=6.22s solve=0.86s
2026-07-06 18:06:32.559 | INFO     | pycaalp.time_balancing.model:run_mip:430 - Running MIP solver ...
  k=   16    0.1% edges  obj=1.0224  obj_vs_ideal=0.96%  α_vs_width=4.76%  Δobj=+0.000%  build=7.95s solve=0.34s
2026-07-06 18:06:43.803 | INFO     | pycaalp.time_balancing.model:run_mip:430 - Running MIP solver ...
  k=   24    0.1% edges  obj=1.0224  obj_vs_ideal=0.96%  α_vs_width=4.76%  Δobj=+0.000%  build=10.90s solve=0.73s
2026-07-06 18:06:58.575 | INFO     | pycaalp.time_balancing.model:run_mip:430 - Running MIP solver ...
  k=   32    0.1% edges  obj=1.0181  obj_vs_ideal=0.54%  α_vs_width=4.76%  Δobj=+0.420%  build=14.04s solve=0.41s
2026-07-06 18:07:18.012 | INFO     | pycaalp.time_balancing.model:run_mip:430 - Running MIP solver ...
  k=   48    0.1% edges  obj=1.0181  obj_vs_ideal=0.54%  α_vs_width=4.76%  Δobj=+0.000%  build=19.03s solve=0.65s
2026-07-06 18:07:38.739 | INFO     | pycaalp.time_balancing.model:run_mip:430 - Running MIP solver ...
  k=   64    0.3% edges  obj=1.0181  obj_vs_ideal=0.54%  α_vs_width=4.76%  Δobj=+0.000%  build=20.08s solve=1.21s
2026-07-06 18:08:01.302 | INFO     | pycaalp.time_balancing.model:run_mip:430 - Running MIP solver ...
  k=   96    0.6% edges  obj=1.0181  obj_vs_ideal=0.54%  α_vs_width=4.76%  Δobj=+0.000%  build=21.35s solve=1.15s
2026-07-06 18:08:25.683 | INFO     | pycaalp.time_balancing.model:run_mip:430 - Running MIP solver ...
  k=  128    0.9% edges  obj=1.0181  obj_vs_ideal=0.54%  α_vs_width=4.76%  Δobj=+0.000%  build=23.23s solve=2.48s
2026-07-06 18:08:54.572 | INFO     | pycaalp.time_balancing.model:run_mip:430 - Running MIP solver ...
  k=  192    1.4% edges  obj=1.0181  obj_vs_ideal=0.54%  α_vs_width=4.76%  Δobj=+0.000%  build=26.40s solve=3.55s
2026-07-06 18:09:29.622 | INFO     | pycaalp.time_balancing.model:run_mip:430 - Running MIP solver ...
  k=  256    1.9% edges  obj=1.0181  obj_vs_ideal=0.54%  α_vs_width=4.76%  Δobj=+0.000%  build=31.50s solve=6.27s
2026-07-06 18:10:22.225 | INFO     | pycaalp.time_balancing.model:run_mip:430 - Running MIP solver ...
  k=  512    3.6% edges  obj=1.0181  obj_vs_ideal=0.54%  α_vs_width=4.76%  Δobj=+0.000%  build=46.33s solve=8.66s
  → stop: stop_perc_graph

Done. CSV → experiments/adaptive_convergence/assembly_2_np_3/adaptive_convergence_lambda_0.1.csv

----------------- λ = 0.2 -----------------
========================================================================
adaptive convergence (oracle-free) — assembly_2  P=3  λ=0.2
========================================================================

Building assembly digraph …
2026-07-06 18:02:42.598 | INFO     | pycaalp.gapp.assembly_digraph:compute_assembly_digraph_complete:396 - Computing assembly digraph...
  22160 nodes, 134216 edges  (195.3s)
  ideal obj (Σ shortest-path bound) = 1.0126
  phase width (T_total/P)           = 896.33

[adaptive] k-sweep (stop at 3.0% of edges):
2026-07-06 18:05:59.131 | INFO     | pycaalp.time_balancing.model:run_mip:430 - Running MIP solver ...
  k=    1    0.0% edges  obj=1.0267  obj_vs_ideal=1.39%  α_vs_width=4.76%  Δobj=   —     build=1.15s solve=0.07s
2026-07-06 18:06:00.942 | INFO     | pycaalp.time_balancing.model:run_mip:430 - Running MIP solver ...
  k=    2    0.0% edges  obj=1.0267  obj_vs_ideal=1.39%  α_vs_width=4.76%  Δobj=+0.000%  build=1.74s solve=0.19s
2026-07-06 18:06:03.351 | INFO     | pycaalp.time_balancing.model:run_mip:430 - Running MIP solver ...
  k=    3    0.0% edges  obj=1.0267  obj_vs_ideal=1.39%  α_vs_width=4.76%  Δobj=+0.000%  build=2.22s solve=0.24s
2026-07-06 18:06:06.284 | INFO     | pycaalp.time_balancing.model:run_mip:430 - Running MIP solver ...
  k=    4    0.1% edges  obj=1.0267  obj_vs_ideal=1.39%  α_vs_width=4.76%  Δobj=+0.000%  build=2.69s solve=0.30s
2026-07-06 18:06:10.127 | INFO     | pycaalp.time_balancing.model:run_mip:430 - Running MIP solver ...
  k=    6    0.1% edges  obj=1.0267  obj_vs_ideal=1.39%  α_vs_width=4.76%  Δobj=+0.000%  build=3.54s solve=0.65s
2026-07-06 18:06:15.109 | INFO     | pycaalp.time_balancing.model:run_mip:430 - Running MIP solver ...
  k=    8    0.1% edges  obj=1.0267  obj_vs_ideal=1.39%  α_vs_width=4.76%  Δobj=+0.000%  build=4.33s solve=0.37s
2026-07-06 18:06:21.531 | INFO     | pycaalp.time_balancing.model:run_mip:430 - Running MIP solver ...
  k=   12    0.1% edges  obj=1.0267  obj_vs_ideal=1.39%  α_vs_width=4.76%  Δobj=+0.000%  build=6.05s solve=0.91s
2026-07-06 18:06:30.230 | INFO     | pycaalp.time_balancing.model:run_mip:430 - Running MIP solver ...
  k=   16    0.1% edges  obj=1.0267  obj_vs_ideal=1.39%  α_vs_width=4.76%  Δobj=+0.000%  build=7.79s solve=0.30s
2026-07-06 18:06:41.238 | INFO     | pycaalp.time_balancing.model:run_mip:430 - Running MIP solver ...
  k=   24    0.1% edges  obj=1.0267  obj_vs_ideal=1.39%  α_vs_width=4.76%  Δobj=+0.000%  build=10.71s solve=0.46s
2026-07-06 18:06:55.256 | INFO     | pycaalp.time_balancing.model:run_mip:430 - Running MIP solver ...
  k=   32    0.1% edges  obj=1.0229  obj_vs_ideal=1.01%  α_vs_width=4.76%  Δobj=+0.372%  build=13.56s solve=0.32s
2026-07-06 18:07:14.229 | INFO     | pycaalp.time_balancing.model:run_mip:430 - Running MIP solver ...
  k=   48    0.1% edges  obj=1.0229  obj_vs_ideal=1.01%  α_vs_width=4.76%  Δobj=-0.000%  build=18.65s solve=0.43s
2026-07-06 18:07:34.092 | INFO     | pycaalp.time_balancing.model:run_mip:430 - Running MIP solver ...
  k=   64    0.3% edges  obj=1.0229  obj_vs_ideal=1.01%  α_vs_width=4.76%  Δobj=+0.000%  build=19.43s solve=0.63s
2026-07-06 18:07:55.481 | INFO     | pycaalp.time_balancing.model:run_mip:430 - Running MIP solver ...
  k=   96    0.6% edges  obj=1.0229  obj_vs_ideal=1.01%  α_vs_width=4.76%  Δobj=-0.000%  build=20.76s solve=1.55s
2026-07-06 18:08:19.433 | INFO     | pycaalp.time_balancing.model:run_mip:430 - Running MIP solver ...
  k=  128    0.9% edges  obj=1.0229  obj_vs_ideal=1.01%  α_vs_width=4.76%  Δobj=+0.000%  build=22.40s solve=3.90s
2026-07-06 18:08:49.699 | INFO     | pycaalp.time_balancing.model:run_mip:430 - Running MIP solver ...
  k=  192    1.4% edges  obj=1.0229  obj_vs_ideal=1.01%  α_vs_width=4.76%  Δobj=+0.000%  build=26.36s solve=4.82s
2026-07-06 18:09:25.378 | INFO     | pycaalp.time_balancing.model:run_mip:430 - Running MIP solver ...
  k=  256    1.9% edges  obj=1.0229  obj_vs_ideal=1.01%  α_vs_width=4.76%  Δobj=+0.000%  build=30.86s solve=9.01s
2026-07-06 18:10:21.294 | INFO     | pycaalp.time_balancing.model:run_mip:430 - Running MIP solver ...
  k=  512    3.6% edges  obj=1.0229  obj_vs_ideal=1.01%  α_vs_width=4.76%  Δobj=+0.000%  build=46.91s solve=9.88s
  → stop: stop_perc_graph

Done. CSV → experiments/adaptive_convergence/assembly_2_np_3/adaptive_convergence_lambda_0.2.csv

----------------- λ = 0.3 -----------------
========================================================================
adaptive convergence (oracle-free) — assembly_2  P=3  λ=0.3
========================================================================

Building assembly digraph …
2026-07-06 18:02:42.540 | INFO     | pycaalp.gapp.assembly_digraph:compute_assembly_digraph_complete:396 - Computing assembly digraph...
  22160 nodes, 134216 edges  (182.6s)
  ideal obj (Σ shortest-path bound) = 1.0126
  phase width (T_total/P)           = 896.33

[adaptive] k-sweep (stop at 3.0% of edges):
2026-07-06 18:05:45.875 | INFO     | pycaalp.time_balancing.model:run_mip:430 - Running MIP solver ...
  k=    1    0.0% edges  obj=1.0310  obj_vs_ideal=1.81%  α_vs_width=4.76%  Δobj=   —     build=0.75s solve=0.23s
2026-07-06 18:05:47.107 | INFO     | pycaalp.time_balancing.model:run_mip:430 - Running MIP solver ...
  k=    2    0.0% edges  obj=1.0310  obj_vs_ideal=1.81%  α_vs_width=4.76%  Δobj=-0.000%  build=1.00s solve=0.12s
2026-07-06 18:05:48.366 | INFO     | pycaalp.time_balancing.model:run_mip:430 - Running MIP solver ...
  k=    3    0.0% edges  obj=1.0310  obj_vs_ideal=1.81%  α_vs_width=4.76%  Δobj=+0.000%  build=1.14s solve=0.24s
2026-07-06 18:05:49.977 | INFO     | pycaalp.time_balancing.model:run_mip:430 - Running MIP solver ...
  k=    4    0.1% edges  obj=1.0310  obj_vs_ideal=1.81%  α_vs_width=4.76%  Δobj=+0.000%  build=1.37s solve=0.24s
2026-07-06 18:05:51.999 | INFO     | pycaalp.time_balancing.model:run_mip:430 - Running MIP solver ...
  k=    6    0.1% edges  obj=1.0310  obj_vs_ideal=1.81%  α_vs_width=4.76%  Δobj=-0.000%  build=1.78s solve=0.40s
2026-07-06 18:05:54.594 | INFO     | pycaalp.time_balancing.model:run_mip:430 - Running MIP solver ...
  k=    8    0.1% edges  obj=1.0310  obj_vs_ideal=1.81%  α_vs_width=4.76%  Δobj=+0.000%  build=2.20s solve=0.35s
2026-07-06 18:05:57.945 | INFO     | pycaalp.time_balancing.model:run_mip:430 - Running MIP solver ...
  k=   12    0.1% edges  obj=1.0310  obj_vs_ideal=1.81%  α_vs_width=4.76%  Δobj=+0.000%  build=3.00s solve=0.18s
2026-07-06 18:06:01.912 | INFO     | pycaalp.time_balancing.model:run_mip:430 - Running MIP solver ...
  k=   16    0.1% edges  obj=1.0310  obj_vs_ideal=1.81%  α_vs_width=4.76%  Δobj=+0.000%  build=3.78s solve=0.17s
2026-07-06 18:06:07.245 | INFO     | pycaalp.time_balancing.model:run_mip:430 - Running MIP solver ...
  k=   24    0.1% edges  obj=1.0310  obj_vs_ideal=1.81%  α_vs_width=4.76%  Δobj=+0.000%  build=5.17s solve=0.34s
2026-07-06 18:06:14.172 | INFO     | pycaalp.time_balancing.model:run_mip:430 - Running MIP solver ...
  k=   32    0.1% edges  obj=1.0276  obj_vs_ideal=1.48%  α_vs_width=4.76%  Δobj=+0.324%  build=6.58s solve=0.31s
2026-07-06 18:06:23.345 | INFO     | pycaalp.time_balancing.model:run_mip:430 - Running MIP solver ...
  k=   48    0.1% edges  obj=1.0276  obj_vs_ideal=1.48%  α_vs_width=4.76%  Δobj=+0.000%  build=8.87s solve=0.46s
2026-07-06 18:06:33.014 | INFO     | pycaalp.time_balancing.model:run_mip:430 - Running MIP solver ...
  k=   64    0.3% edges  obj=1.0276  obj_vs_ideal=1.48%  α_vs_width=4.76%  Δobj=+0.000%  build=9.21s solve=0.67s
2026-07-06 18:06:43.610 | INFO     | pycaalp.time_balancing.model:run_mip:430 - Running MIP solver ...
  k=   96    0.6% edges  obj=1.0276  obj_vs_ideal=1.48%  α_vs_width=4.76%  Δobj=+0.000%  build=9.92s solve=1.93s
2026-07-06 18:06:56.157 | INFO     | pycaalp.time_balancing.model:run_mip:430 - Running MIP solver ...
  k=  128    0.9% edges  obj=1.0276  obj_vs_ideal=1.48%  α_vs_width=4.76%  Δobj=+0.000%  build=10.62s solve=2.71s
2026-07-06 18:07:10.983 | INFO     | pycaalp.time_balancing.model:run_mip:430 - Running MIP solver ...
  k=  192    1.4% edges  obj=1.0276  obj_vs_ideal=1.48%  α_vs_width=4.76%  Δobj=+0.000%  build=12.12s solve=4.61s
2026-07-06 18:07:29.321 | INFO     | pycaalp.time_balancing.model:run_mip:430 - Running MIP solver ...
  k=  256    1.9% edges  obj=1.0276  obj_vs_ideal=1.48%  α_vs_width=4.76%  Δobj=+0.000%  build=13.73s solve=30.38s
2026-07-06 18:08:19.615 | INFO     | pycaalp.time_balancing.model:run_mip:430 - Running MIP solver ...
  k=  512    3.6% edges  obj=1.0276  obj_vs_ideal=1.48%  α_vs_width=4.76%  Δobj=+0.000%  build=19.92s solve=35.97s
  → stop: stop_perc_graph

Done. CSV → experiments/adaptive_convergence/assembly_2_np_3/adaptive_convergence_lambda_0.3.csv

----------------- λ = 0.4 -----------------
========================================================================
adaptive convergence (oracle-free) — assembly_2  P=3  λ=0.4
========================================================================

Building assembly digraph …
2026-07-06 18:02:42.593 | INFO     | pycaalp.gapp.assembly_digraph:compute_assembly_digraph_complete:396 - Computing assembly digraph...
  22160 nodes, 134216 edges  (196.7s)
  ideal obj (Σ shortest-path bound) = 1.0126
  phase width (T_total/P)           = 896.33

[adaptive] k-sweep (stop at 3.0% of edges):
2026-07-06 18:06:00.647 | INFO     | pycaalp.time_balancing.model:run_mip:430 - Running MIP solver ...
  k=    1    0.0% edges  obj=1.0352  obj_vs_ideal=2.23%  α_vs_width=4.76%  Δobj=   —     build=1.27s solve=0.32s
2026-07-06 18:06:02.876 | INFO     | pycaalp.time_balancing.model:run_mip:430 - Running MIP solver ...
  k=    2    0.0% edges  obj=1.0352  obj_vs_ideal=2.23%  α_vs_width=4.76%  Δobj=+0.000%  build=1.90s solve=0.20s
2026-07-06 18:06:05.341 | INFO     | pycaalp.time_balancing.model:run_mip:430 - Running MIP solver ...
  k=    3    0.0% edges  obj=1.0352  obj_vs_ideal=2.23%  α_vs_width=4.76%  Δobj=+0.000%  build=2.27s solve=0.22s
2026-07-06 18:06:08.298 | INFO     | pycaalp.time_balancing.model:run_mip:430 - Running MIP solver ...
  k=    4    0.1% edges  obj=1.0352  obj_vs_ideal=2.23%  α_vs_width=4.76%  Δobj=+0.000%  build=2.73s solve=0.41s
2026-07-06 18:06:12.330 | INFO     | pycaalp.time_balancing.model:run_mip:430 - Running MIP solver ...
  k=    6    0.1% edges  obj=1.0352  obj_vs_ideal=2.23%  α_vs_width=4.76%  Δobj=+0.000%  build=3.62s solve=0.33s
2026-07-06 18:06:17.161 | INFO     | pycaalp.time_balancing.model:run_mip:430 - Running MIP solver ...
  k=    8    0.1% edges  obj=1.0352  obj_vs_ideal=2.23%  α_vs_width=4.76%  Δobj=+0.000%  build=4.50s solve=0.15s
2026-07-06 18:06:23.540 | INFO     | pycaalp.time_balancing.model:run_mip:430 - Running MIP solver ...
  k=   12    0.1% edges  obj=1.0352  obj_vs_ideal=2.23%  α_vs_width=4.76%  Δobj=+0.000%  build=6.22s solve=0.27s
2026-07-06 18:06:31.770 | INFO     | pycaalp.time_balancing.model:run_mip:430 - Running MIP solver ...
  k=   16    0.1% edges  obj=1.0352  obj_vs_ideal=2.23%  α_vs_width=4.76%  Δobj=+0.000%  build=7.96s solve=0.57s
2026-07-06 18:06:43.513 | INFO     | pycaalp.time_balancing.model:run_mip:430 - Running MIP solver ...
  k=   24    0.1% edges  obj=1.0352  obj_vs_ideal=2.23%  α_vs_width=4.76%  Δobj=+0.000%  build=11.18s solve=0.36s
2026-07-06 18:06:57.891 | INFO     | pycaalp.time_balancing.model:run_mip:430 - Running MIP solver ...
  k=   32    0.1% edges  obj=1.0324  obj_vs_ideal=1.95%  α_vs_width=4.76%  Δobj=+0.276%  build=14.02s solve=0.31s
2026-07-06 18:07:17.525 | INFO     | pycaalp.time_balancing.model:run_mip:430 - Running MIP solver ...
  k=   48    0.1% edges  obj=1.0324  obj_vs_ideal=1.95%  α_vs_width=4.76%  Δobj=+0.000%  build=19.32s solve=0.54s
2026-07-06 18:07:38.051 | INFO     | pycaalp.time_balancing.model:run_mip:430 - Running MIP solver ...
  k=   64    0.3% edges  obj=1.0324  obj_vs_ideal=1.95%  α_vs_width=4.76%  Δobj=+0.000%  build=19.98s solve=1.00s
2026-07-06 18:08:00.570 | INFO     | pycaalp.time_balancing.model:run_mip:430 - Running MIP solver ...
  k=   96    0.6% edges  obj=1.0323  obj_vs_ideal=1.94%  α_vs_width=2.75%  Δobj=+0.002%  build=21.51s solve=3.02s
2026-07-06 18:08:27.068 | INFO     | pycaalp.time_balancing.model:run_mip:430 - Running MIP solver ...
  k=  128    0.9% edges  obj=1.0319  obj_vs_ideal=1.9%  α_vs_width=2.86%  Δobj=+0.043%  build=23.48s solve=3.23s
2026-07-06 18:08:57.501 | INFO     | pycaalp.time_balancing.model:run_mip:430 - Running MIP solver ...
  k=  192    1.4% edges  obj=1.0319  obj_vs_ideal=1.9%  α_vs_width=2.86%  Δobj=+0.000%  build=27.20s solve=11.39s
2026-07-06 18:09:40.518 | INFO     | pycaalp.time_balancing.model:run_mip:430 - Running MIP solver ...
  k=  256    1.9% edges  obj=1.0319  obj_vs_ideal=1.9%  α_vs_width=2.86%  Δobj=+0.000%  build=31.63s solve=9.37s
2026-07-06 18:10:37.987 | INFO     | pycaalp.time_balancing.model:run_mip:430 - Running MIP solver ...
  k=  512    3.6% edges  obj=1.0319  obj_vs_ideal=1.9%  α_vs_width=2.86%  Δobj=+0.000%  build=48.10s solve=41.26s
  → stop: stop_perc_graph

Done. CSV → experiments/adaptive_convergence/assembly_2_np_3/adaptive_convergence_lambda_0.4.csv

----------------- λ = 0.5 -----------------
========================================================================
adaptive convergence (oracle-free) — assembly_2  P=3  λ=0.5
========================================================================

Building assembly digraph …
2026-07-06 18:02:42.600 | INFO     | pycaalp.gapp.assembly_digraph:compute_assembly_digraph_complete:396 - Computing assembly digraph...
  22160 nodes, 134216 edges  (198.6s)
  ideal obj (Σ shortest-path bound) = 1.0126
  phase width (T_total/P)           = 896.33

[adaptive] k-sweep (stop at 3.0% of edges):
2026-07-06 18:06:02.592 | INFO     | pycaalp.time_balancing.model:run_mip:430 - Running MIP solver ...
  k=    1    0.0% edges  obj=1.0395  obj_vs_ideal=2.65%  α_vs_width=4.76%  Δobj=   —     build=1.35s solve=0.24s
2026-07-06 18:06:04.672 | INFO     | pycaalp.time_balancing.model:run_mip:430 - Running MIP solver ...
  k=    2    0.0% edges  obj=1.0395  obj_vs_ideal=2.65%  α_vs_width=4.76%  Δobj=+0.000%  build=1.84s solve=0.18s
2026-07-06 18:06:07.024 | INFO     | pycaalp.time_balancing.model:run_mip:430 - Running MIP solver ...
  k=    3    0.0% edges  obj=1.0395  obj_vs_ideal=2.65%  α_vs_width=4.76%  Δobj=+0.000%  build=2.17s solve=0.36s
2026-07-06 18:06:10.005 | INFO     | pycaalp.time_balancing.model:run_mip:430 - Running MIP solver ...
  k=    4    0.1% edges  obj=1.0395  obj_vs_ideal=2.65%  α_vs_width=4.76%  Δobj=-0.000%  build=2.62s solve=0.13s
2026-07-06 18:06:13.618 | INFO     | pycaalp.time_balancing.model:run_mip:430 - Running MIP solver ...
  k=    6    0.1% edges  obj=1.0395  obj_vs_ideal=2.65%  α_vs_width=4.76%  Δobj=+0.000%  build=3.48s solve=0.47s
2026-07-06 18:06:18.491 | INFO     | pycaalp.time_balancing.model:run_mip:430 - Running MIP solver ...
  k=    8    0.1% edges  obj=1.0395  obj_vs_ideal=2.65%  α_vs_width=4.76%  Δobj=+0.000%  build=4.40s solve=0.53s
2026-07-06 18:06:25.051 | INFO     | pycaalp.time_balancing.model:run_mip:430 - Running MIP solver ...
  k=   12    0.1% edges  obj=1.0395  obj_vs_ideal=2.65%  α_vs_width=4.76%  Δobj=-0.000%  build=6.03s solve=0.23s
2026-07-06 18:06:33.018 | INFO     | pycaalp.time_balancing.model:run_mip:430 - Running MIP solver ...
  k=   16    0.1% edges  obj=1.0395  obj_vs_ideal=2.65%  α_vs_width=4.76%  Δobj=+0.000%  build=7.74s solve=0.29s
2026-07-06 18:06:44.059 | INFO     | pycaalp.time_balancing.model:run_mip:430 - Running MIP solver ...
  k=   24    0.1% edges  obj=1.0395  obj_vs_ideal=2.65%  α_vs_width=4.76%  Δobj=+0.000%  build=10.75s solve=0.57s
2026-07-06 18:06:58.272 | INFO     | pycaalp.time_balancing.model:run_mip:430 - Running MIP solver ...
  k=   32    0.1% edges  obj=1.0371  obj_vs_ideal=2.42%  α_vs_width=4.76%  Δobj=+0.229%  build=13.64s solve=0.51s
2026-07-06 18:07:17.316 | INFO     | pycaalp.time_balancing.model:run_mip:430 - Running MIP solver ...
  k=   48    0.1% edges  obj=1.0371  obj_vs_ideal=2.42%  α_vs_width=4.76%  Δobj=+0.000%  build=18.54s solve=0.57s
2026-07-06 18:07:37.235 | INFO     | pycaalp.time_balancing.model:run_mip:430 - Running MIP solver ...
  k=   64    0.3% edges  obj=1.0371  obj_vs_ideal=2.42%  α_vs_width=4.76%  Δobj=+0.000%  build=19.35s solve=1.10s
2026-07-06 18:07:59.548 | INFO     | pycaalp.time_balancing.model:run_mip:430 - Running MIP solver ...
  k=   96    0.6% edges  obj=1.0337  obj_vs_ideal=2.08%  α_vs_width=2.75%  Δobj=+0.328%  build=21.22s solve=2.39s
2026-07-06 18:08:25.008 | INFO     | pycaalp.time_balancing.model:run_mip:430 - Running MIP solver ...
  k=  128    0.9% edges  obj=1.0337  obj_vs_ideal=2.08%  α_vs_width=2.75%  Δobj=+0.000%  build=23.07s solve=6.09s
2026-07-06 18:08:57.985 | INFO     | pycaalp.time_balancing.model:run_mip:430 - Running MIP solver ...
  k=  192    1.4% edges  obj=1.0335  obj_vs_ideal=2.06%  α_vs_width=2.86%  Δobj=+0.018%  build=26.88s solve=18.94s
2026-07-06 18:09:47.843 | INFO     | pycaalp.time_balancing.model:run_mip:430 - Running MIP solver ...
  k=  256    1.9% edges  obj=1.0335  obj_vs_ideal=2.06%  α_vs_width=2.86%  Δobj=+0.000%  build=30.92s solve=17.05s
2026-07-06 18:10:50.876 | INFO     | pycaalp.time_balancing.model:run_mip:430 - Running MIP solver ...
  k=  512    3.6% edges  obj=1.0335  obj_vs_ideal=2.06%  α_vs_width=2.86%  Δobj=+0.000%  build=45.99s solve=117.71s
  → stop: stop_perc_graph

Done. CSV → experiments/adaptive_convergence/assembly_2_np_3/adaptive_convergence_lambda_0.5.csv

----------------- λ = 0.6 -----------------
========================================================================
adaptive convergence (oracle-free) — assembly_2  P=3  λ=0.6
========================================================================

Building assembly digraph …
2026-07-06 18:02:42.557 | INFO     | pycaalp.gapp.assembly_digraph:compute_assembly_digraph_complete:396 - Computing assembly digraph...
  22160 nodes, 134216 edges  (198.9s)
  ideal obj (Σ shortest-path bound) = 1.0126
  phase width (T_total/P)           = 896.33

[adaptive] k-sweep (stop at 3.0% of edges):
2026-07-06 18:06:02.930 | INFO     | pycaalp.time_balancing.model:run_mip:430 - Running MIP solver ...
  k=    1    0.0% edges  obj=1.0438  obj_vs_ideal=3.07%  α_vs_width=4.76%  Δobj=   —     build=1.35s solve=0.30s
2026-07-06 18:06:05.081 | INFO     | pycaalp.time_balancing.model:run_mip:430 - Running MIP solver ...
  k=    2    0.0% edges  obj=1.0438  obj_vs_ideal=3.07%  α_vs_width=4.76%  Δobj=-0.000%  build=1.85s solve=0.30s
2026-07-06 18:06:07.557 | INFO     | pycaalp.time_balancing.model:run_mip:430 - Running MIP solver ...
  k=    3    0.0% edges  obj=1.0438  obj_vs_ideal=3.07%  α_vs_width=4.76%  Δobj=+0.000%  build=2.17s solve=0.15s
2026-07-06 18:06:10.325 | INFO     | pycaalp.time_balancing.model:run_mip:430 - Running MIP solver ...
  k=    4    0.1% edges  obj=1.0438  obj_vs_ideal=3.07%  α_vs_width=4.76%  Δobj=+0.000%  build=2.62s solve=0.22s
2026-07-06 18:06:14.072 | INFO     | pycaalp.time_balancing.model:run_mip:430 - Running MIP solver ...
  k=    6    0.1% edges  obj=1.0438  obj_vs_ideal=3.07%  α_vs_width=4.76%  Δobj=+0.000%  build=3.52s solve=0.67s
2026-07-06 18:06:19.125 | INFO     | pycaalp.time_balancing.model:run_mip:430 - Running MIP solver ...
  k=    8    0.1% edges  obj=1.0438  obj_vs_ideal=3.07%  α_vs_width=4.76%  Δobj=-0.000%  build=4.38s solve=0.53s
2026-07-06 18:06:25.737 | INFO     | pycaalp.time_balancing.model:run_mip:430 - Running MIP solver ...
  k=   12    0.1% edges  obj=1.0438  obj_vs_ideal=3.07%  α_vs_width=4.76%  Δobj=+0.000%  build=6.08s solve=0.20s
2026-07-06 18:06:33.702 | INFO     | pycaalp.time_balancing.model:run_mip:430 - Running MIP solver ...
  k=   16    0.1% edges  obj=1.0438  obj_vs_ideal=3.07%  α_vs_width=4.76%  Δobj=-0.000%  build=7.77s solve=0.18s
2026-07-06 18:06:44.716 | INFO     | pycaalp.time_balancing.model:run_mip:430 - Running MIP solver ...
  k=   24    0.1% edges  obj=1.0438  obj_vs_ideal=3.07%  α_vs_width=4.76%  Δobj=+0.000%  build=10.84s solve=0.20s
2026-07-06 18:06:58.813 | INFO     | pycaalp.time_balancing.model:run_mip:430 - Running MIP solver ...
  k=   32    0.1% edges  obj=1.0419  obj_vs_ideal=2.88%  α_vs_width=4.76%  Δobj=+0.183%  build=13.90s solve=0.32s
2026-07-06 18:07:17.763 | INFO     | pycaalp.time_balancing.model:run_mip:430 - Running MIP solver ...
  k=   48    0.1% edges  obj=1.0419  obj_vs_ideal=2.88%  α_vs_width=4.76%  Δobj=+0.000%  build=18.63s solve=0.49s
2026-07-06 18:07:37.910 | INFO     | pycaalp.time_balancing.model:run_mip:430 - Running MIP solver ...
  k=   64    0.3% edges  obj=1.0371  obj_vs_ideal=2.42%  α_vs_width=2.86%  Δobj=+0.454%  build=19.66s solve=0.73s
2026-07-06 18:08:00.013 | INFO     | pycaalp.time_balancing.model:run_mip:430 - Running MIP solver ...
  k=   96    0.6% edges  obj=1.0351  obj_vs_ideal=2.21%  α_vs_width=2.75%  Δobj=+0.199%  build=21.38s solve=4.18s
2026-07-06 18:08:27.437 | INFO     | pycaalp.time_balancing.model:run_mip:430 - Running MIP solver ...
  k=  128    0.9% edges  obj=1.0351  obj_vs_ideal=2.21%  α_vs_width=2.75%  Δobj=+0.000%  build=23.24s solve=6.44s
2026-07-06 18:09:00.944 | INFO     | pycaalp.time_balancing.model:run_mip:430 - Running MIP solver ...
  k=  192    1.4% edges  obj=1.0351  obj_vs_ideal=2.21%  α_vs_width=2.75%  Δobj=+0.000%  build=27.06s solve=13.31s
2026-07-06 18:09:45.266 | INFO     | pycaalp.time_balancing.model:run_mip:430 - Running MIP solver ...
  k=  256    1.9% edges  obj=1.0351  obj_vs_ideal=2.21%  α_vs_width=2.75%  Δobj=+0.000%  build=31.01s solve=43.36s
2026-07-06 18:11:13.329 | INFO     | pycaalp.time_balancing.model:run_mip:430 - Running MIP solver ...
  k=  512    3.6% edges  obj=1.0351  obj_vs_ideal=2.21%  α_vs_width=2.75%  Δobj=+0.002%  build=44.70s solve=111.30s
  → stop: stop_perc_graph

Done. CSV → experiments/adaptive_convergence/assembly_2_np_3/adaptive_convergence_lambda_0.6.csv

----------------- λ = 0.7 -----------------
========================================================================
adaptive convergence (oracle-free) — assembly_2  P=3  λ=0.7
========================================================================

Building assembly digraph …
2026-07-06 18:02:42.519 | INFO     | pycaalp.gapp.assembly_digraph:compute_assembly_digraph_complete:396 - Computing assembly digraph...
  22160 nodes, 134216 edges  (195.7s)
  ideal obj (Σ shortest-path bound) = 1.0126
  phase width (T_total/P)           = 896.33

[adaptive] k-sweep (stop at 3.0% of edges):
2026-07-06 18:05:59.481 | INFO     | pycaalp.time_balancing.model:run_mip:430 - Running MIP solver ...
  k=    1    0.0% edges  obj=1.0480  obj_vs_ideal=3.49%  α_vs_width=4.76%  Δobj=   —     build=1.18s solve=0.23s
2026-07-06 18:06:01.482 | INFO     | pycaalp.time_balancing.model:run_mip:430 - Running MIP solver ...
  k=    2    0.0% edges  obj=1.0480  obj_vs_ideal=3.49%  α_vs_width=4.76%  Δobj=+0.000%  build=1.77s solve=0.24s
2026-07-06 18:06:03.974 | INFO     | pycaalp.time_balancing.model:run_mip:430 - Running MIP solver ...
  k=    3    0.0% edges  obj=1.0480  obj_vs_ideal=3.49%  α_vs_width=4.76%  Δobj=+0.000%  build=2.25s solve=0.13s
2026-07-06 18:06:06.769 | INFO     | pycaalp.time_balancing.model:run_mip:430 - Running MIP solver ...
  k=    4    0.1% edges  obj=1.0480  obj_vs_ideal=3.49%  α_vs_width=4.76%  Δobj=+0.000%  build=2.66s solve=0.15s
2026-07-06 18:06:10.514 | INFO     | pycaalp.time_balancing.model:run_mip:430 - Running MIP solver ...
  k=    6    0.1% edges  obj=1.0480  obj_vs_ideal=3.49%  α_vs_width=4.76%  Δobj=+0.000%  build=3.59s solve=0.20s
2026-07-06 18:06:15.167 | INFO     | pycaalp.time_balancing.model:run_mip:430 - Running MIP solver ...
  k=    8    0.1% edges  obj=1.0480  obj_vs_ideal=3.49%  α_vs_width=4.76%  Δobj=+0.000%  build=4.45s solve=0.66s
2026-07-06 18:06:21.994 | INFO     | pycaalp.time_balancing.model:run_mip:430 - Running MIP solver ...
  k=   12    0.1% edges  obj=1.0480  obj_vs_ideal=3.49%  α_vs_width=4.76%  Δobj=+0.000%  build=6.16s solve=0.22s
2026-07-06 18:06:30.176 | INFO     | pycaalp.time_balancing.model:run_mip:430 - Running MIP solver ...
  k=   16    0.1% edges  obj=1.0480  obj_vs_ideal=3.49%  α_vs_width=4.76%  Δobj=+0.000%  build=7.97s solve=0.27s
2026-07-06 18:06:41.402 | INFO     | pycaalp.time_balancing.model:run_mip:430 - Running MIP solver ...
  k=   24    0.1% edges  obj=1.0480  obj_vs_ideal=3.49%  α_vs_width=4.76%  Δobj=-0.000%  build=10.96s solve=0.30s
2026-07-06 18:06:55.903 | INFO     | pycaalp.time_balancing.model:run_mip:430 - Running MIP solver ...
  k=   32    0.1% edges  obj=1.0466  obj_vs_ideal=3.35%  α_vs_width=4.76%  Δobj=+0.137%  build=14.20s solve=0.32s
2026-07-06 18:07:15.287 | INFO     | pycaalp.time_balancing.model:run_mip:430 - Running MIP solver ...
  k=   48    0.2% edges  obj=1.0358  obj_vs_ideal=2.29%  α_vs_width=0.52%  Δobj=+1.028%  build=19.06s solve=0.33s
2026-07-06 18:07:35.533 | INFO     | pycaalp.time_balancing.model:run_mip:430 - Running MIP solver ...
  k=   64    0.3% edges  obj=1.0358  obj_vs_ideal=2.29%  α_vs_width=0.52%  Δobj=+0.000%  build=19.92s solve=1.15s
2026-07-06 18:07:58.376 | INFO     | pycaalp.time_balancing.model:run_mip:430 - Running MIP solver ...
  k=   96    0.6% edges  obj=1.0358  obj_vs_ideal=2.29%  α_vs_width=0.52%  Δobj=+0.000%  build=21.69s solve=3.24s
2026-07-06 18:08:25.128 | INFO     | pycaalp.time_balancing.model:run_mip:430 - Running MIP solver ...
  k=  128    0.9% edges  obj=1.0358  obj_vs_ideal=2.29%  α_vs_width=0.52%  Δobj=+0.000%  build=23.52s solve=7.85s
2026-07-06 18:08:59.974 | INFO     | pycaalp.time_balancing.model:run_mip:430 - Running MIP solver ...
  k=  192    1.4% edges  obj=1.0358  obj_vs_ideal=2.29%  α_vs_width=0.52%  Δobj=+0.000%  build=26.99s solve=15.59s
2026-07-06 18:09:47.109 | INFO     | pycaalp.time_balancing.model:run_mip:430 - Running MIP solver ...
  k=  256    1.9% edges  obj=1.0356  obj_vs_ideal=2.27%  α_vs_width=0.41%  Δobj=+0.020%  build=31.55s solve=37.84s
2026-07-06 18:11:09.257 | INFO     | pycaalp.time_balancing.model:run_mip:430 - Running MIP solver ...
  k=  512    3.6% edges  obj=1.0356  obj_vs_ideal=2.27%  α_vs_width=0.41%  Δobj=+0.000%  build=44.31s solve=147.74s
  → stop: stop_perc_graph

Done. CSV → experiments/adaptive_convergence/assembly_2_np_3/adaptive_convergence_lambda_0.7.csv

----------------- λ = 0.8 -----------------
========================================================================
adaptive convergence (oracle-free) — assembly_2  P=3  λ=0.8
========================================================================

Building assembly digraph …
2026-07-06 18:02:42.584 | INFO     | pycaalp.gapp.assembly_digraph:compute_assembly_digraph_complete:396 - Computing assembly digraph...
  22160 nodes, 134216 edges  (198.1s)
  ideal obj (Σ shortest-path bound) = 1.0126
  phase width (T_total/P)           = 896.33

[adaptive] k-sweep (stop at 3.0% of edges):
2026-07-06 18:06:02.110 | INFO     | pycaalp.time_balancing.model:run_mip:430 - Running MIP solver ...
  k=    1    0.0% edges  obj=1.0523  obj_vs_ideal=3.92%  α_vs_width=4.76%  Δobj=   —     build=1.31s solve=0.18s
2026-07-06 18:06:04.127 | INFO     | pycaalp.time_balancing.model:run_mip:430 - Running MIP solver ...
  k=    2    0.0% edges  obj=1.0523  obj_vs_ideal=3.92%  α_vs_width=4.76%  Δobj=-0.000%  build=1.84s solve=0.13s
2026-07-06 18:06:06.438 | INFO     | pycaalp.time_balancing.model:run_mip:430 - Running MIP solver ...
  k=    3    0.0% edges  obj=1.0523  obj_vs_ideal=3.92%  α_vs_width=4.76%  Δobj=+0.000%  build=2.18s solve=0.22s
2026-07-06 18:06:09.295 | INFO     | pycaalp.time_balancing.model:run_mip:430 - Running MIP solver ...
  k=    4    0.1% edges  obj=1.0523  obj_vs_ideal=3.92%  α_vs_width=4.76%  Δobj=-0.000%  build=2.64s solve=0.13s
2026-07-06 18:06:12.937 | INFO     | pycaalp.time_balancing.model:run_mip:430 - Running MIP solver ...
  k=    6    0.1% edges  obj=1.0523  obj_vs_ideal=3.92%  α_vs_width=4.76%  Δobj=+0.000%  build=3.51s solve=0.19s
2026-07-06 18:06:17.478 | INFO     | pycaalp.time_balancing.model:run_mip:430 - Running MIP solver ...
  k=    8    0.1% edges  obj=1.0523  obj_vs_ideal=3.92%  α_vs_width=4.76%  Δobj=+0.000%  build=4.35s solve=0.34s
2026-07-06 18:06:23.795 | INFO     | pycaalp.time_balancing.model:run_mip:430 - Running MIP solver ...
  k=   12    0.1% edges  obj=1.0523  obj_vs_ideal=3.92%  α_vs_width=4.76%  Δobj=-0.000%  build=5.97s solve=0.23s
2026-07-06 18:06:31.833 | INFO     | pycaalp.time_balancing.model:run_mip:430 - Running MIP solver ...
  k=   16    0.1% edges  obj=1.0523  obj_vs_ideal=3.92%  α_vs_width=4.76%  Δobj=-0.000%  build=7.81s solve=0.21s
2026-07-06 18:06:42.987 | INFO     | pycaalp.time_balancing.model:run_mip:430 - Running MIP solver ...
  k=   24    0.1% edges  obj=1.0523  obj_vs_ideal=3.92%  α_vs_width=4.76%  Δobj=+0.000%  build=10.94s solve=0.39s
2026-07-06 18:06:57.278 | INFO     | pycaalp.time_balancing.model:run_mip:430 - Running MIP solver ...
  k=   32    0.1% edges  obj=1.0514  obj_vs_ideal=3.82%  α_vs_width=4.76%  Δobj=+0.091%  build=13.90s solve=0.39s
2026-07-06 18:07:16.345 | INFO     | pycaalp.time_balancing.model:run_mip:430 - Running MIP solver ...
  k=   48    0.2% edges  obj=1.0291  obj_vs_ideal=1.62%  α_vs_width=0.41%  Δobj=+2.122%  build=18.67s solve=0.39s
2026-07-06 18:07:36.006 | INFO     | pycaalp.time_balancing.model:run_mip:430 - Running MIP solver ...
  k=   64    0.3% edges  obj=1.0291  obj_vs_ideal=1.62%  α_vs_width=0.41%  Δobj=+0.000%  build=19.27s solve=1.38s
2026-07-06 18:07:58.781 | INFO     | pycaalp.time_balancing.model:run_mip:430 - Running MIP solver ...
  k=   96    0.6% edges  obj=1.0291  obj_vs_ideal=1.62%  α_vs_width=0.41%  Δobj=+0.000%  build=21.39s solve=3.77s
2026-07-06 18:08:25.604 | INFO     | pycaalp.time_balancing.model:run_mip:430 - Running MIP solver ...
  k=  128    0.9% edges  obj=1.0291  obj_vs_ideal=1.62%  α_vs_width=0.41%  Δobj=-0.000%  build=23.06s solve=9.07s
2026-07-06 18:09:01.417 | INFO     | pycaalp.time_balancing.model:run_mip:430 - Running MIP solver ...
  k=  192    1.4% edges  obj=1.0291  obj_vs_ideal=1.62%  α_vs_width=0.41%  Δobj=+0.000%  build=26.75s solve=26.96s
2026-07-06 18:10:00.402 | INFO     | pycaalp.time_balancing.model:run_mip:430 - Running MIP solver ...
  k=  256    1.9% edges  obj=1.0291  obj_vs_ideal=1.62%  α_vs_width=0.41%  Δobj=+0.000%  build=32.02s solve=38.98s
2026-07-06 18:11:24.721 | INFO     | pycaalp.time_balancing.model:run_mip:430 - Running MIP solver ...
  k=  512    3.6% edges  obj=1.0291  obj_vs_ideal=1.62%  α_vs_width=0.41%  Δobj=-0.000%  build=45.34s solve=179.04s
  → stop: stop_perc_graph

Done. CSV → experiments/adaptive_convergence/assembly_2_np_3/adaptive_convergence_lambda_0.8.csv

----------------- λ = 0.9 -----------------
========================================================================
adaptive convergence (oracle-free) — assembly_2  P=3  λ=0.9
========================================================================

Building assembly digraph …
2026-07-06 18:02:42.488 | INFO     | pycaalp.gapp.assembly_digraph:compute_assembly_digraph_complete:396 - Computing assembly digraph...
  22160 nodes, 134216 edges  (195.2s)
  ideal obj (Σ shortest-path bound) = 1.0126
  phase width (T_total/P)           = 896.33

[adaptive] k-sweep (stop at 3.0% of edges):
2026-07-06 18:05:58.984 | INFO     | pycaalp.time_balancing.model:run_mip:430 - Running MIP solver ...
  k=    1    0.0% edges  obj=1.0451  obj_vs_ideal=3.2%  α_vs_width=0.19%  Δobj=   —     build=1.18s solve=0.27s
2026-07-06 18:06:01.018 | INFO     | pycaalp.time_balancing.model:run_mip:430 - Running MIP solver ...
  k=    2    0.0% edges  obj=1.0451  obj_vs_ideal=3.2%  α_vs_width=0.19%  Δobj=+0.000%  build=1.77s solve=0.14s
2026-07-06 18:06:03.428 | INFO     | pycaalp.time_balancing.model:run_mip:430 - Running MIP solver ...
  k=    3    0.0% edges  obj=1.0359  obj_vs_ideal=2.29%  α_vs_width=0.19%  Δobj=+0.882%  build=2.27s solve=0.28s
2026-07-06 18:06:06.419 | INFO     | pycaalp.time_balancing.model:run_mip:430 - Running MIP solver ...
  k=    4    0.1% edges  obj=1.0359  obj_vs_ideal=2.29%  α_vs_width=0.19%  Δobj=+0.000%  build=2.71s solve=0.17s
2026-07-06 18:06:10.168 | INFO     | pycaalp.time_balancing.model:run_mip:430 - Running MIP solver ...
  k=    6    0.1% edges  obj=1.0359  obj_vs_ideal=2.29%  α_vs_width=0.19%  Δobj=+0.000%  build=3.58s solve=0.13s
2026-07-06 18:06:14.739 | INFO     | pycaalp.time_balancing.model:run_mip:430 - Running MIP solver ...
  k=    8    0.1% edges  obj=1.0358  obj_vs_ideal=2.29%  α_vs_width=0.19%  Δobj=+0.003%  build=4.44s solve=0.30s
2026-07-06 18:06:21.189 | INFO     | pycaalp.time_balancing.model:run_mip:430 - Running MIP solver ...
  k=   12    0.1% edges  obj=1.0358  obj_vs_ideal=2.29%  α_vs_width=0.19%  Δobj=+0.000%  build=6.15s solve=0.21s
2026-07-06 18:06:29.295 | INFO     | pycaalp.time_balancing.model:run_mip:430 - Running MIP solver ...
  k=   16    0.1% edges  obj=1.0358  obj_vs_ideal=2.29%  α_vs_width=0.19%  Δobj=+0.000%  build=7.90s solve=0.19s
2026-07-06 18:06:40.345 | INFO     | pycaalp.time_balancing.model:run_mip:430 - Running MIP solver ...
  k=   24    0.1% edges  obj=1.0338  obj_vs_ideal=2.08%  α_vs_width=0.19%  Δobj=+0.200%  build=10.86s solve=0.34s
2026-07-06 18:06:54.562 | INFO     | pycaalp.time_balancing.model:run_mip:430 - Running MIP solver ...
  k=   32    0.1% edges  obj=1.0336  obj_vs_ideal=2.07%  α_vs_width=0.19%  Δobj=+0.014%  build=13.88s solve=0.33s
2026-07-06 18:07:13.620 | INFO     | pycaalp.time_balancing.model:run_mip:430 - Running MIP solver ...
  k=   48    0.2% edges  obj=1.0229  obj_vs_ideal=1.01%  α_vs_width=0.41%  Δobj=+1.034%  build=18.73s solve=0.53s
2026-07-06 18:07:33.647 | INFO     | pycaalp.time_balancing.model:run_mip:430 - Running MIP solver ...
  k=   64    0.3% edges  obj=1.0229  obj_vs_ideal=1.01%  α_vs_width=0.41%  Δobj=-0.000%  build=19.50s solve=0.80s
2026-07-06 18:07:55.646 | INFO     | pycaalp.time_balancing.model:run_mip:430 - Running MIP solver ...
  k=   96    0.6% edges  obj=1.0229  obj_vs_ideal=1.01%  α_vs_width=0.41%  Δobj=+0.000%  build=21.20s solve=5.21s
2026-07-06 18:08:23.859 | INFO     | pycaalp.time_balancing.model:run_mip:430 - Running MIP solver ...
  k=  128    0.9% edges  obj=1.0229  obj_vs_ideal=1.01%  α_vs_width=0.41%  Δobj=-0.000%  build=23.01s solve=10.06s
2026-07-06 18:09:00.515 | INFO     | pycaalp.time_balancing.model:run_mip:430 - Running MIP solver ...
  k=  192    1.4% edges  obj=1.0229  obj_vs_ideal=1.01%  α_vs_width=0.41%  Δobj=+0.000%  build=26.59s solve=22.80s
2026-07-06 18:09:54.294 | INFO     | pycaalp.time_balancing.model:run_mip:430 - Running MIP solver ...
  k=  256    1.9% edges  obj=1.0229  obj_vs_ideal=1.01%  α_vs_width=0.41%  Δobj=+0.000%  build=30.98s solve=50.90s
2026-07-06 18:11:29.380 | INFO     | pycaalp.time_balancing.model:run_mip:430 - Running MIP solver ...
  k=  512    3.6% edges  obj=1.0229  obj_vs_ideal=1.01%  α_vs_width=0.41%  Δobj=+0.000%  build=44.18s solve=192.98s
  → stop: stop_perc_graph

Done. CSV → experiments/adaptive_convergence/assembly_2_np_3/adaptive_convergence_lambda_0.9.csv
Combined CSV → experiments/adaptive_convergence/assembly_2_np_3/adaptive_convergence.csv
Saved experiments/adaptive_convergence/assembly_2_np_3/convergence_path_vs_cmin_assembly_2_P3.svg
Saved experiments/adaptive_convergence/assembly_2_np_3/convergence_alpha_vs_width_assembly_2_P3.svg
Saved experiments/adaptive_convergence/assembly_2_np_3/convergence_fused_assembly_2_P3.svg
Saved experiments/adaptive_convergence/assembly_2_np_3/solutions_asp_plp_assembly_2_P3.svg
