============ adaptive convergence (oracle-free) sweep ============
date         : 2026-07-07T11:24:17+02:00
host         : TUMWUTG-MIT148
git commit   : b4fff55 (research/wgp-2026)
python       : Python 3.14.4
instance     : assembly_1
parts file   : data/assembly_1/assembly_1_parts.json
dfm file     : (none)
num_phases   : 3
lambda grid  : 0.1 0.2 0.3 0.4 0.5 0.6 0.7 0.8 0.9
jobs (par.)  : 9
rundir       : experiments/adaptive_convergence/assembly_1_np_3
=================================================================
extra args   : --num-phases 3

----------------- λ = 0.1 -----------------
========================================================================
adaptive convergence (oracle-free) — assembly_1  P=3  λ=0.1
========================================================================

Building assembly digraph …
2026-07-07 11:24:18.349 | INFO     | pycaalp.gapp.assembly_digraph:compute_assembly_digraph_complete:396 - Computing assembly digraph...
  343 nodes, 1105 edges  (0.2s)
  ideal obj (Σ shortest-path bound) = 0.8329
  phase width (T_total/P)           = 718.95

[adaptive] k-sweep (stop at 10.0% of edges):
2026-07-07 11:24:18.596 | INFO     | pycaalp.time_balancing.model:run_mip:430 - Running MIP solver ...
  k=    1    3.3% edges  obj=0.8414  obj_vs_ideal=1.02%  α_vs_width=10.16%  Δobj=   —     build=0.01s solve=0.12s
2026-07-07 11:24:18.728 | INFO     | pycaalp.time_balancing.model:run_mip:430 - Running MIP solver ...
  k=    2    3.8% edges  obj=0.8412  obj_vs_ideal=0.99%  α_vs_width=9.65%  Δobj=+0.026%  build=0.02s solve=0.09s
2026-07-07 11:24:18.847 | INFO     | pycaalp.time_balancing.model:run_mip:430 - Running MIP solver ...
  k=    3    4.3% edges  obj=0.8412  obj_vs_ideal=0.99%  α_vs_width=9.65%  Δobj=+0.000%  build=0.03s solve=0.40s
2026-07-07 11:24:19.290 | INFO     | pycaalp.time_balancing.model:run_mip:430 - Running MIP solver ...
  k=    4    4.9% edges  obj=0.8412  obj_vs_ideal=0.99%  α_vs_width=9.65%  Δobj=-0.000%  build=0.04s solve=0.28s
2026-07-07 11:24:19.639 | INFO     | pycaalp.time_balancing.model:run_mip:430 - Running MIP solver ...
  k=    6    5.8% edges  obj=0.8412  obj_vs_ideal=0.99%  α_vs_width=9.65%  Δobj=+0.000%  build=0.07s solve=0.45s
2026-07-07 11:24:20.156 | INFO     | pycaalp.time_balancing.model:run_mip:430 - Running MIP solver ...
  k=    8    6.6% edges  obj=0.8412  obj_vs_ideal=0.99%  α_vs_width=9.65%  Δobj=+0.000%  build=0.07s solve=0.44s
2026-07-07 11:24:20.696 | INFO     | pycaalp.time_balancing.model:run_mip:430 - Running MIP solver ...
  k=   12    7.5% edges  obj=0.8412  obj_vs_ideal=0.99%  α_vs_width=9.65%  Δobj=+0.000%  build=0.10s solve=0.79s
2026-07-07 11:24:21.591 | INFO     | pycaalp.time_balancing.model:run_mip:430 - Running MIP solver ...
  k=   16    8.1% edges  obj=0.8412  obj_vs_ideal=0.99%  α_vs_width=9.65%  Δobj=-0.000%  build=0.10s solve=0.95s
2026-07-07 11:24:22.658 | INFO     | pycaalp.time_balancing.model:run_mip:430 - Running MIP solver ...
  k=   24   13.8% edges  obj=0.8412  obj_vs_ideal=0.99%  α_vs_width=9.65%  Δobj=+0.000%  build=0.12s solve=0.63s
  → stop: stop_perc_graph

Done. CSV → experiments/adaptive_convergence/assembly_1_np_3/adaptive_convergence_lambda_0.1.csv

----------------- λ = 0.2 -----------------
========================================================================
adaptive convergence (oracle-free) — assembly_1  P=3  λ=0.2
========================================================================

Building assembly digraph …
2026-07-07 11:24:18.314 | INFO     | pycaalp.gapp.assembly_digraph:compute_assembly_digraph_complete:396 - Computing assembly digraph...
  343 nodes, 1105 edges  (0.2s)
  ideal obj (Σ shortest-path bound) = 0.8329
  phase width (T_total/P)           = 718.95

[adaptive] k-sweep (stop at 10.0% of edges):
2026-07-07 11:24:18.551 | INFO     | pycaalp.time_balancing.model:run_mip:430 - Running MIP solver ...
  k=    1    3.3% edges  obj=0.8499  obj_vs_ideal=2.03%  α_vs_width=10.16%  Δobj=   —     build=0.01s solve=0.15s
2026-07-07 11:24:18.720 | INFO     | pycaalp.time_balancing.model:run_mip:430 - Running MIP solver ...
  k=    2    3.8% edges  obj=0.8492  obj_vs_ideal=1.95%  α_vs_width=9.65%  Δobj=+0.078%  build=0.02s solve=0.26s
2026-07-07 11:24:19.000 | INFO     | pycaalp.time_balancing.model:run_mip:430 - Running MIP solver ...
  k=    3    4.3% edges  obj=0.8492  obj_vs_ideal=1.95%  α_vs_width=9.65%  Δobj=-0.000%  build=0.02s solve=0.46s
2026-07-07 11:24:19.492 | INFO     | pycaalp.time_balancing.model:run_mip:430 - Running MIP solver ...
  k=    4    4.9% edges  obj=0.8492  obj_vs_ideal=1.95%  α_vs_width=9.65%  Δobj=+0.000%  build=0.03s solve=0.39s
2026-07-07 11:24:19.947 | INFO     | pycaalp.time_balancing.model:run_mip:430 - Running MIP solver ...
  k=    6    5.8% edges  obj=0.8492  obj_vs_ideal=1.95%  α_vs_width=9.65%  Δobj=+0.000%  build=0.07s solve=0.85s
2026-07-07 11:24:20.851 | INFO     | pycaalp.time_balancing.model:run_mip:430 - Running MIP solver ...
  k=    8    6.6% edges  obj=0.8492  obj_vs_ideal=1.95%  α_vs_width=9.65%  Δobj=-0.000%  build=0.06s solve=0.53s
2026-07-07 11:24:21.464 | INFO     | pycaalp.time_balancing.model:run_mip:430 - Running MIP solver ...
  k=   12    7.5% edges  obj=0.8492  obj_vs_ideal=1.95%  α_vs_width=9.65%  Δobj=+0.000%  build=0.09s solve=0.44s
2026-07-07 11:24:22.040 | INFO     | pycaalp.time_balancing.model:run_mip:430 - Running MIP solver ...
  k=   16    8.1% edges  obj=0.8492  obj_vs_ideal=1.95%  α_vs_width=9.65%  Δobj=+0.000%  build=0.14s solve=0.50s
2026-07-07 11:24:22.651 | INFO     | pycaalp.time_balancing.model:run_mip:430 - Running MIP solver ...
  k=   24   13.6% edges  obj=0.8492  obj_vs_ideal=1.95%  α_vs_width=9.65%  Δobj=-0.000%  build=0.11s solve=0.98s
  → stop: stop_perc_graph

Done. CSV → experiments/adaptive_convergence/assembly_1_np_3/adaptive_convergence_lambda_0.2.csv

----------------- λ = 0.3 -----------------
========================================================================
adaptive convergence (oracle-free) — assembly_1  P=3  λ=0.3
========================================================================

Building assembly digraph …
2026-07-07 11:24:18.271 | INFO     | pycaalp.gapp.assembly_digraph:compute_assembly_digraph_complete:396 - Computing assembly digraph...
  343 nodes, 1105 edges  (0.2s)
  ideal obj (Σ shortest-path bound) = 0.8329
  phase width (T_total/P)           = 718.95

[adaptive] k-sweep (stop at 10.0% of edges):
2026-07-07 11:24:18.520 | INFO     | pycaalp.time_balancing.model:run_mip:430 - Running MIP solver ...
  k=    1    3.3% edges  obj=0.8544  obj_vs_ideal=2.58%  α_vs_width=3.92%  Δobj=   —     build=0.01s solve=0.21s
2026-07-07 11:24:18.748 | INFO     | pycaalp.time_balancing.model:run_mip:430 - Running MIP solver ...
  k=    2    3.8% edges  obj=0.8544  obj_vs_ideal=2.58%  α_vs_width=3.92%  Δobj=+0.000%  build=0.02s solve=0.50s
2026-07-07 11:24:19.284 | INFO     | pycaalp.time_balancing.model:run_mip:430 - Running MIP solver ...
  k=    3    4.3% edges  obj=0.8544  obj_vs_ideal=2.58%  α_vs_width=3.92%  Δobj=+0.000%  build=0.04s solve=0.80s
2026-07-07 11:24:20.125 | INFO     | pycaalp.time_balancing.model:run_mip:430 - Running MIP solver ...
  k=    4    4.9% edges  obj=0.8544  obj_vs_ideal=2.58%  α_vs_width=3.92%  Δobj=+0.000%  build=0.04s solve=1.02s
2026-07-07 11:24:21.200 | INFO     | pycaalp.time_balancing.model:run_mip:430 - Running MIP solver ...
  k=    6    5.8% edges  obj=0.8544  obj_vs_ideal=2.58%  α_vs_width=3.92%  Δobj=+0.000%  build=0.05s solve=1.08s
2026-07-07 11:24:22.336 | INFO     | pycaalp.time_balancing.model:run_mip:430 - Running MIP solver ...
  k=    8    6.6% edges  obj=0.8544  obj_vs_ideal=2.58%  α_vs_width=3.92%  Δobj=+0.000%  build=0.05s solve=0.86s
2026-07-07 11:24:23.271 | INFO     | pycaalp.time_balancing.model:run_mip:430 - Running MIP solver ...
  k=   12    7.5% edges  obj=0.8544  obj_vs_ideal=2.58%  α_vs_width=3.92%  Δobj=+0.000%  build=0.08s solve=0.43s
2026-07-07 11:24:23.799 | INFO     | pycaalp.time_balancing.model:run_mip:430 - Running MIP solver ...
  k=   16    8.1% edges  obj=0.8544  obj_vs_ideal=2.58%  α_vs_width=3.92%  Δobj=+0.000%  build=0.10s solve=0.39s
2026-07-07 11:24:24.293 | INFO     | pycaalp.time_balancing.model:run_mip:430 - Running MIP solver ...
  k=   24   13.4% edges  obj=0.8544  obj_vs_ideal=2.58%  α_vs_width=3.92%  Δobj=+0.000%  build=0.10s solve=0.51s
  → stop: stop_perc_graph

Done. CSV → experiments/adaptive_convergence/assembly_1_np_3/adaptive_convergence_lambda_0.3.csv

----------------- λ = 0.4 -----------------
========================================================================
adaptive convergence (oracle-free) — assembly_1  P=3  λ=0.4
========================================================================

Building assembly digraph …
2026-07-07 11:24:18.340 | INFO     | pycaalp.gapp.assembly_digraph:compute_assembly_digraph_complete:396 - Computing assembly digraph...
  343 nodes, 1105 edges  (0.3s)
  ideal obj (Σ shortest-path bound) = 0.8329
  phase width (T_total/P)           = 718.95

[adaptive] k-sweep (stop at 10.0% of edges):
2026-07-07 11:24:18.627 | INFO     | pycaalp.time_balancing.model:run_mip:430 - Running MIP solver ...
  k=    1    3.3% edges  obj=0.8560  obj_vs_ideal=2.77%  α_vs_width=3.92%  Δobj=   —     build=0.01s solve=0.24s
2026-07-07 11:24:18.889 | INFO     | pycaalp.time_balancing.model:run_mip:430 - Running MIP solver ...
  k=    2    3.8% edges  obj=0.8560  obj_vs_ideal=2.77%  α_vs_width=3.92%  Δobj=-0.000%  build=0.02s solve=0.74s
2026-07-07 11:24:19.650 | INFO     | pycaalp.time_balancing.model:run_mip:430 - Running MIP solver ...
  k=    3    4.3% edges  obj=0.8560  obj_vs_ideal=2.77%  α_vs_width=3.92%  Δobj=+0.000%  build=0.02s solve=0.78s
2026-07-07 11:24:20.462 | INFO     | pycaalp.time_balancing.model:run_mip:430 - Running MIP solver ...
  k=    4    4.9% edges  obj=0.8560  obj_vs_ideal=2.77%  α_vs_width=3.92%  Δobj=+0.000%  build=0.03s solve=0.70s
2026-07-07 11:24:21.242 | INFO     | pycaalp.time_balancing.model:run_mip:430 - Running MIP solver ...
  k=    6    5.8% edges  obj=0.8560  obj_vs_ideal=2.77%  α_vs_width=3.92%  Δobj=-0.000%  build=0.08s solve=0.40s
2026-07-07 11:24:21.709 | INFO     | pycaalp.time_balancing.model:run_mip:430 - Running MIP solver ...
  k=    8    6.6% edges  obj=0.8560  obj_vs_ideal=2.77%  α_vs_width=3.92%  Δobj=+0.000%  build=0.06s solve=0.65s
2026-07-07 11:24:22.429 | INFO     | pycaalp.time_balancing.model:run_mip:430 - Running MIP solver ...
  k=   12    7.5% edges  obj=0.8560  obj_vs_ideal=2.77%  α_vs_width=3.92%  Δobj=-0.000%  build=0.07s solve=0.51s
2026-07-07 11:24:23.032 | INFO     | pycaalp.time_balancing.model:run_mip:430 - Running MIP solver ...
  k=   16    8.1% edges  obj=0.8560  obj_vs_ideal=2.77%  α_vs_width=3.92%  Δobj=+0.000%  build=0.09s solve=0.29s
2026-07-07 11:24:23.430 | INFO     | pycaalp.time_balancing.model:run_mip:430 - Running MIP solver ...
  k=   24   13.6% edges  obj=0.8560  obj_vs_ideal=2.77%  α_vs_width=3.92%  Δobj=-0.000%  build=0.10s solve=0.59s
  → stop: stop_perc_graph

Done. CSV → experiments/adaptive_convergence/assembly_1_np_3/adaptive_convergence_lambda_0.4.csv

----------------- λ = 0.5 -----------------
========================================================================
adaptive convergence (oracle-free) — assembly_1  P=3  λ=0.5
========================================================================

Building assembly digraph …
2026-07-07 11:24:18.330 | INFO     | pycaalp.gapp.assembly_digraph:compute_assembly_digraph_complete:396 - Computing assembly digraph...
  343 nodes, 1105 edges  (0.3s)
  ideal obj (Σ shortest-path bound) = 0.8329
  phase width (T_total/P)           = 718.95

[adaptive] k-sweep (stop at 10.0% of edges):
2026-07-07 11:24:18.605 | INFO     | pycaalp.time_balancing.model:run_mip:430 - Running MIP solver ...
  k=    1    3.3% edges  obj=0.8576  obj_vs_ideal=2.96%  α_vs_width=3.92%  Δobj=   —     build=0.01s solve=0.39s
2026-07-07 11:24:19.010 | INFO     | pycaalp.time_balancing.model:run_mip:430 - Running MIP solver ...
  k=    2    3.8% edges  obj=0.8576  obj_vs_ideal=2.96%  α_vs_width=3.92%  Δobj=+0.000%  build=0.01s solve=0.39s
2026-07-07 11:24:19.427 | INFO     | pycaalp.time_balancing.model:run_mip:430 - Running MIP solver ...
  k=    3    4.3% edges  obj=0.8576  obj_vs_ideal=2.96%  α_vs_width=3.92%  Δobj=+0.000%  build=0.03s solve=0.81s
2026-07-07 11:24:20.279 | INFO     | pycaalp.time_balancing.model:run_mip:430 - Running MIP solver ...
  k=    4    4.9% edges  obj=0.8576  obj_vs_ideal=2.96%  α_vs_width=3.92%  Δobj=-0.000%  build=0.04s solve=0.31s
2026-07-07 11:24:20.643 | INFO     | pycaalp.time_balancing.model:run_mip:430 - Running MIP solver ...
  k=    6    5.8% edges  obj=0.8576  obj_vs_ideal=2.96%  α_vs_width=3.92%  Δobj=+0.000%  build=0.05s solve=0.53s
2026-07-07 11:24:21.230 | INFO     | pycaalp.time_balancing.model:run_mip:430 - Running MIP solver ...
  k=    8    6.6% edges  obj=0.8576  obj_vs_ideal=2.96%  α_vs_width=3.92%  Δobj=+0.000%  build=0.06s solve=1.02s
2026-07-07 11:24:22.331 | INFO     | pycaalp.time_balancing.model:run_mip:430 - Running MIP solver ...
  k=   12    7.5% edges  obj=0.8576  obj_vs_ideal=2.96%  α_vs_width=3.92%  Δobj=+0.000%  build=0.08s solve=0.31s
2026-07-07 11:24:22.733 | INFO     | pycaalp.time_balancing.model:run_mip:430 - Running MIP solver ...
  k=   16    8.1% edges  obj=0.8576  obj_vs_ideal=2.96%  α_vs_width=3.92%  Δobj=+0.000%  build=0.10s solve=0.20s
2026-07-07 11:24:23.042 | INFO     | pycaalp.time_balancing.model:run_mip:430 - Running MIP solver ...
  k=   24   13.6% edges  obj=0.8576  obj_vs_ideal=2.96%  α_vs_width=3.92%  Δobj=+0.000%  build=0.11s solve=0.32s
  → stop: stop_perc_graph

Done. CSV → experiments/adaptive_convergence/assembly_1_np_3/adaptive_convergence_lambda_0.5.csv

----------------- λ = 0.6 -----------------
========================================================================
adaptive convergence (oracle-free) — assembly_1  P=3  λ=0.6
========================================================================

Building assembly digraph …
2026-07-07 11:24:18.342 | INFO     | pycaalp.gapp.assembly_digraph:compute_assembly_digraph_complete:396 - Computing assembly digraph...
  343 nodes, 1105 edges  (0.3s)
  ideal obj (Σ shortest-path bound) = 0.8329
  phase width (T_total/P)           = 718.95

[adaptive] k-sweep (stop at 10.0% of edges):
2026-07-07 11:24:18.646 | INFO     | pycaalp.time_balancing.model:run_mip:430 - Running MIP solver ...
  k=    1    3.3% edges  obj=0.8592  obj_vs_ideal=3.15%  α_vs_width=3.92%  Δobj=   —     build=0.01s solve=0.34s
2026-07-07 11:24:19.018 | INFO     | pycaalp.time_balancing.model:run_mip:430 - Running MIP solver ...
  k=    2    3.8% edges  obj=0.8592  obj_vs_ideal=3.15%  α_vs_width=3.92%  Δobj=+0.000%  build=0.03s solve=0.31s
2026-07-07 11:24:19.365 | INFO     | pycaalp.time_balancing.model:run_mip:430 - Running MIP solver ...
  k=    3    4.3% edges  obj=0.8592  obj_vs_ideal=3.15%  α_vs_width=3.92%  Δobj=+0.000%  build=0.04s solve=0.48s
2026-07-07 11:24:19.889 | INFO     | pycaalp.time_balancing.model:run_mip:430 - Running MIP solver ...
  k=    4    4.9% edges  obj=0.8592  obj_vs_ideal=3.15%  α_vs_width=3.92%  Δobj=+0.000%  build=0.04s solve=0.73s
2026-07-07 11:24:20.664 | INFO     | pycaalp.time_balancing.model:run_mip:430 - Running MIP solver ...
  k=    6    5.8% edges  obj=0.8592  obj_vs_ideal=3.15%  α_vs_width=3.92%  Δobj=+0.000%  build=0.05s solve=1.12s
2026-07-07 11:24:21.860 | INFO     | pycaalp.time_balancing.model:run_mip:430 - Running MIP solver ...
  k=    8    6.6% edges  obj=0.8592  obj_vs_ideal=3.15%  α_vs_width=3.92%  Δobj=+0.000%  build=0.07s solve=0.52s
2026-07-07 11:24:22.458 | INFO     | pycaalp.time_balancing.model:run_mip:430 - Running MIP solver ...
  k=   12    7.5% edges  obj=0.8592  obj_vs_ideal=3.15%  α_vs_width=3.92%  Δobj=+0.000%  build=0.08s solve=0.67s
2026-07-07 11:24:23.232 | INFO     | pycaalp.time_balancing.model:run_mip:430 - Running MIP solver ...
  k=   16    8.1% edges  obj=0.8592  obj_vs_ideal=3.15%  α_vs_width=3.92%  Δobj=+0.000%  build=0.10s solve=0.30s
2026-07-07 11:24:23.635 | INFO     | pycaalp.time_balancing.model:run_mip:430 - Running MIP solver ...
  k=   24   13.6% edges  obj=0.8592  obj_vs_ideal=3.15%  α_vs_width=3.92%  Δobj=+0.000%  build=0.10s solve=0.53s
  → stop: stop_perc_graph

Done. CSV → experiments/adaptive_convergence/assembly_1_np_3/adaptive_convergence_lambda_0.6.csv

----------------- λ = 0.7 -----------------
========================================================================
adaptive convergence (oracle-free) — assembly_1  P=3  λ=0.7
========================================================================

Building assembly digraph …
2026-07-07 11:24:18.330 | INFO     | pycaalp.gapp.assembly_digraph:compute_assembly_digraph_complete:396 - Computing assembly digraph...
  343 nodes, 1105 edges  (0.3s)
  ideal obj (Σ shortest-path bound) = 0.8329
  phase width (T_total/P)           = 718.95

[adaptive] k-sweep (stop at 10.0% of edges):
2026-07-07 11:24:18.601 | INFO     | pycaalp.time_balancing.model:run_mip:430 - Running MIP solver ...
  k=    1    3.3% edges  obj=0.8608  obj_vs_ideal=3.34%  α_vs_width=3.92%  Δobj=   —     build=0.01s solve=0.19s
2026-07-07 11:24:18.814 | INFO     | pycaalp.time_balancing.model:run_mip:430 - Running MIP solver ...
  k=    2    3.8% edges  obj=0.8608  obj_vs_ideal=3.34%  α_vs_width=3.92%  Δobj=+0.000%  build=0.02s solve=0.56s
2026-07-07 11:24:19.403 | INFO     | pycaalp.time_balancing.model:run_mip:430 - Running MIP solver ...
  k=    3    4.3% edges  obj=0.8608  obj_vs_ideal=3.34%  α_vs_width=3.92%  Δobj=+0.000%  build=0.03s solve=0.16s
2026-07-07 11:24:19.608 | INFO     | pycaalp.time_balancing.model:run_mip:430 - Running MIP solver ...
  k=    4    4.9% edges  obj=0.8608  obj_vs_ideal=3.34%  α_vs_width=3.92%  Δobj=-0.000%  build=0.04s solve=0.82s
2026-07-07 11:24:20.475 | INFO     | pycaalp.time_balancing.model:run_mip:430 - Running MIP solver ...
  k=    6    5.8% edges  obj=0.8608  obj_vs_ideal=3.34%  α_vs_width=3.92%  Δobj=+0.000%  build=0.04s solve=0.18s
2026-07-07 11:24:20.729 | INFO     | pycaalp.time_balancing.model:run_mip:430 - Running MIP solver ...
  k=    8    6.6% edges  obj=0.8608  obj_vs_ideal=3.34%  α_vs_width=3.92%  Δobj=+0.000%  build=0.07s solve=0.23s
2026-07-07 11:24:21.046 | INFO     | pycaalp.time_balancing.model:run_mip:430 - Running MIP solver ...
  k=   12    7.5% edges  obj=0.8608  obj_vs_ideal=3.34%  α_vs_width=3.92%  Δobj=+0.000%  build=0.09s solve=0.21s
2026-07-07 11:24:21.362 | INFO     | pycaalp.time_balancing.model:run_mip:430 - Running MIP solver ...
  k=   16    8.1% edges  obj=0.8608  obj_vs_ideal=3.34%  α_vs_width=3.92%  Δobj=+0.000%  build=0.10s solve=0.22s
2026-07-07 11:24:21.730 | INFO     | pycaalp.time_balancing.model:run_mip:430 - Running MIP solver ...
  k=   24   13.6% edges  obj=0.8608  obj_vs_ideal=3.34%  α_vs_width=3.92%  Δobj=-0.000%  build=0.15s solve=0.47s
  → stop: stop_perc_graph

Done. CSV → experiments/adaptive_convergence/assembly_1_np_3/adaptive_convergence_lambda_0.7.csv

----------------- λ = 0.8 -----------------
========================================================================
adaptive convergence (oracle-free) — assembly_1  P=3  λ=0.8
========================================================================

Building assembly digraph …
2026-07-07 11:24:18.298 | INFO     | pycaalp.gapp.assembly_digraph:compute_assembly_digraph_complete:396 - Computing assembly digraph...
  343 nodes, 1105 edges  (0.3s)
  ideal obj (Σ shortest-path bound) = 0.8329
  phase width (T_total/P)           = 718.95

[adaptive] k-sweep (stop at 10.0% of edges):
2026-07-07 11:24:18.562 | INFO     | pycaalp.time_balancing.model:run_mip:430 - Running MIP solver ...
  k=    1    3.3% edges  obj=0.8624  obj_vs_ideal=3.54%  α_vs_width=3.92%  Δobj=   —     build=0.01s solve=0.35s
2026-07-07 11:24:18.931 | INFO     | pycaalp.time_balancing.model:run_mip:430 - Running MIP solver ...
  k=    2    3.8% edges  obj=0.8624  obj_vs_ideal=3.54%  α_vs_width=3.92%  Δobj=-0.000%  build=0.02s solve=0.29s
2026-07-07 11:24:19.245 | INFO     | pycaalp.time_balancing.model:run_mip:430 - Running MIP solver ...
  k=    3    4.3% edges  obj=0.8624  obj_vs_ideal=3.54%  α_vs_width=3.92%  Δobj=-0.000%  build=0.02s solve=0.55s
2026-07-07 11:24:19.834 | INFO     | pycaalp.time_balancing.model:run_mip:430 - Running MIP solver ...
  k=    4    4.9% edges  obj=0.8624  obj_vs_ideal=3.54%  α_vs_width=3.92%  Δobj=-0.000%  build=0.03s solve=0.72s
2026-07-07 11:24:20.615 | INFO     | pycaalp.time_balancing.model:run_mip:430 - Running MIP solver ...
  k=    6    5.8% edges  obj=0.8624  obj_vs_ideal=3.54%  α_vs_width=3.92%  Δobj=+0.000%  build=0.06s solve=0.22s
2026-07-07 11:24:20.917 | INFO     | pycaalp.time_balancing.model:run_mip:430 - Running MIP solver ...
  k=    8    6.6% edges  obj=0.8624  obj_vs_ideal=3.54%  α_vs_width=3.92%  Δobj=+0.000%  build=0.08s solve=0.28s
2026-07-07 11:24:21.282 | INFO     | pycaalp.time_balancing.model:run_mip:430 - Running MIP solver ...
  k=   12    7.5% edges  obj=0.8624  obj_vs_ideal=3.54%  α_vs_width=3.92%  Δobj=+0.000%  build=0.09s solve=0.20s
2026-07-07 11:24:21.608 | INFO     | pycaalp.time_balancing.model:run_mip:430 - Running MIP solver ...
  k=   16    8.1% edges  obj=0.8624  obj_vs_ideal=3.54%  α_vs_width=3.92%  Δobj=+0.000%  build=0.13s solve=0.30s
2026-07-07 11:24:22.061 | INFO     | pycaalp.time_balancing.model:run_mip:430 - Running MIP solver ...
  k=   24   13.6% edges  obj=0.8624  obj_vs_ideal=3.54%  α_vs_width=3.92%  Δobj=-0.000%  build=0.15s solve=0.43s
  → stop: stop_perc_graph

Done. CSV → experiments/adaptive_convergence/assembly_1_np_3/adaptive_convergence_lambda_0.8.csv

----------------- λ = 0.9 -----------------
========================================================================
adaptive convergence (oracle-free) — assembly_1  P=3  λ=0.9
========================================================================

Building assembly digraph …
2026-07-07 11:24:18.306 | INFO     | pycaalp.gapp.assembly_digraph:compute_assembly_digraph_complete:396 - Computing assembly digraph...
  343 nodes, 1105 edges  (0.2s)
  ideal obj (Σ shortest-path bound) = 0.8329
  phase width (T_total/P)           = 718.95

[adaptive] k-sweep (stop at 10.0% of edges):
2026-07-07 11:24:18.556 | INFO     | pycaalp.time_balancing.model:run_mip:430 - Running MIP solver ...
  k=    1    3.3% edges  obj=0.8640  obj_vs_ideal=3.73%  α_vs_width=3.92%  Δobj=   —     build=0.01s solve=0.30s
2026-07-07 11:24:18.871 | INFO     | pycaalp.time_balancing.model:run_mip:430 - Running MIP solver ...
  k=    2    3.8% edges  obj=0.8640  obj_vs_ideal=3.73%  α_vs_width=3.92%  Δobj=-0.000%  build=0.02s solve=0.40s
2026-07-07 11:24:19.294 | INFO     | pycaalp.time_balancing.model:run_mip:430 - Running MIP solver ...
  k=    3    4.3% edges  obj=0.8640  obj_vs_ideal=3.73%  α_vs_width=3.92%  Δobj=+0.000%  build=0.02s solve=0.29s
2026-07-07 11:24:19.636 | INFO     | pycaalp.time_balancing.model:run_mip:430 - Running MIP solver ...
  k=    4    4.9% edges  obj=0.8640  obj_vs_ideal=3.73%  α_vs_width=3.92%  Δobj=+0.000%  build=0.05s solve=0.22s
2026-07-07 11:24:19.897 | INFO     | pycaalp.time_balancing.model:run_mip:430 - Running MIP solver ...
  k=    6    5.8% edges  obj=0.8640  obj_vs_ideal=3.73%  α_vs_width=3.92%  Δobj=+0.000%  build=0.04s solve=0.26s
2026-07-07 11:24:20.254 | INFO     | pycaalp.time_balancing.model:run_mip:430 - Running MIP solver ...
  k=    8    6.6% edges  obj=0.8640  obj_vs_ideal=3.73%  α_vs_width=3.92%  Δobj=+0.000%  build=0.10s solve=0.39s
2026-07-07 11:24:20.738 | INFO     | pycaalp.time_balancing.model:run_mip:430 - Running MIP solver ...
  k=   12    7.5% edges  obj=0.8640  obj_vs_ideal=3.73%  α_vs_width=3.92%  Δobj=+0.000%  build=0.10s solve=0.28s
2026-07-07 11:24:21.189 | INFO     | pycaalp.time_balancing.model:run_mip:430 - Running MIP solver ...
  k=   16    8.1% edges  obj=0.8640  obj_vs_ideal=3.73%  α_vs_width=3.92%  Δobj=+0.000%  build=0.17s solve=0.33s
2026-07-07 11:24:21.625 | INFO     | pycaalp.time_balancing.model:run_mip:430 - Running MIP solver ...
  k=   24   13.5% edges  obj=0.8636  obj_vs_ideal=3.68%  α_vs_width=0.48%  Δobj=+0.048%  build=0.11s solve=0.68s
  → stop: stop_perc_graph

Done. CSV → experiments/adaptive_convergence/assembly_1_np_3/adaptive_convergence_lambda_0.9.csv
Combined CSV → experiments/adaptive_convergence/assembly_1_np_3/adaptive_convergence.csv
Saved experiments/adaptive_convergence/assembly_1_np_3/convergence_path_vs_cmin_assembly_1_P3.svg
Saved experiments/adaptive_convergence/assembly_1_np_3/convergence_alpha_vs_width_assembly_1_P3.svg
Saved experiments/adaptive_convergence/assembly_1_np_3/convergence_fused_assembly_1_P3.svg
Saved experiments/adaptive_convergence/assembly_1_np_3/solutions_asp_plp_assembly_1_P3.svg
