============ adaptive convergence (oracle-free) sweep ============
date         : 2026-07-07T10:53:22+02:00
host         : pop-os
git commit   : a42d700 (research/wgp-2026)
python       : Python 3.14.4
instance     : assembly_2
parts file   : data/assembly_2/assembly_2_parts.json
dfm file     : data/assembly_2/assembly_2_dfm.json
num_phases   : 2
lambda grid  : 0.1 0.2 0.3 0.4 0.5 0.6 0.7 0.8 0.9
jobs (par.)  : 9
rundir       : experiments/adaptive_convergence/assembly_2_np_2
=================================================================
extra args   : --num-phases 2 --stop-perc-graph 3

----------------- λ = 0.1 -----------------
========================================================================
adaptive convergence (oracle-free) — assembly_2  P=2  λ=0.1
========================================================================

Building assembly digraph …
2026-07-07 10:53:22.318 | INFO     | pycaalp.gapp.assembly_digraph:compute_assembly_digraph_complete:396 - Computing assembly digraph...
  22160 nodes, 134216 edges  (198.2s)
  ideal obj (Σ shortest-path bound) = 1.0126
  phase width (T_total/P)           = 1344.50

[adaptive] k-sweep (stop at 3.0% of edges):
2026-07-07 10:56:41.926 | INFO     | pycaalp.time_balancing.model:run_mip:430 - Running MIP solver ...
  k=    1    0.0% edges  obj=1.0143  obj_vs_ideal=0.16%  α_vs_width=1.6%  Δobj=   —     build=1.31s solve=0.02s
2026-07-07 10:56:43.797 | INFO     | pycaalp.time_balancing.model:run_mip:430 - Running MIP solver ...
  k=    2    0.0% edges  obj=1.0143  obj_vs_ideal=0.16%  α_vs_width=1.6%  Δobj=+0.000%  build=1.85s solve=0.03s
2026-07-07 10:56:46.039 | INFO     | pycaalp.time_balancing.model:run_mip:430 - Running MIP solver ...
  k=    3    0.0% edges  obj=1.0143  obj_vs_ideal=0.16%  α_vs_width=1.6%  Δobj=+0.000%  build=2.22s solve=0.05s
2026-07-07 10:56:48.755 | INFO     | pycaalp.time_balancing.model:run_mip:430 - Running MIP solver ...
  k=    4    0.1% edges  obj=1.0143  obj_vs_ideal=0.16%  α_vs_width=1.6%  Δobj=+0.000%  build=2.67s solve=0.05s
2026-07-07 10:56:52.412 | INFO     | pycaalp.time_balancing.model:run_mip:430 - Running MIP solver ...
  k=    6    0.1% edges  obj=1.0143  obj_vs_ideal=0.16%  α_vs_width=1.6%  Δobj=+0.000%  build=3.61s solve=0.04s
2026-07-07 10:56:56.992 | INFO     | pycaalp.time_balancing.model:run_mip:430 - Running MIP solver ...
  k=    8    0.1% edges  obj=1.0143  obj_vs_ideal=0.16%  α_vs_width=1.6%  Δobj=+0.000%  build=4.54s solve=0.06s
2026-07-07 10:57:03.351 | INFO     | pycaalp.time_balancing.model:run_mip:430 - Running MIP solver ...
  k=   12    0.1% edges  obj=1.0143  obj_vs_ideal=0.16%  α_vs_width=1.6%  Δobj=-0.000%  build=6.30s solve=0.04s
2026-07-07 10:57:11.555 | INFO     | pycaalp.time_balancing.model:run_mip:430 - Running MIP solver ...
  k=   16    0.1% edges  obj=1.0143  obj_vs_ideal=0.16%  α_vs_width=1.6%  Δobj=+0.000%  build=8.16s solve=0.11s
2026-07-07 10:57:23.196 | INFO     | pycaalp.time_balancing.model:run_mip:430 - Running MIP solver ...
  k=   24    0.1% edges  obj=1.0143  obj_vs_ideal=0.16%  α_vs_width=1.6%  Δobj=+0.000%  build=11.53s solve=0.12s
2026-07-07 10:57:37.995 | INFO     | pycaalp.time_balancing.model:run_mip:430 - Running MIP solver ...
  k=   32    0.1% edges  obj=1.0143  obj_vs_ideal=0.16%  α_vs_width=1.6%  Δobj=-0.000%  build=14.68s solve=0.31s
2026-07-07 10:57:54.509 | INFO     | pycaalp.time_balancing.model:run_mip:430 - Running MIP solver ...
  k=   48    0.2% edges  obj=1.0143  obj_vs_ideal=0.16%  α_vs_width=1.6%  Δobj=+0.000%  build=16.21s solve=0.15s
2026-07-07 10:58:11.345 | INFO     | pycaalp.time_balancing.model:run_mip:430 - Running MIP solver ...
  k=   64    0.4% edges  obj=1.0143  obj_vs_ideal=0.16%  α_vs_width=1.6%  Δobj=-0.000%  build=16.69s solve=0.57s
2026-07-07 10:58:30.575 | INFO     | pycaalp.time_balancing.model:run_mip:430 - Running MIP solver ...
  k=   96    0.7% edges  obj=1.0143  obj_vs_ideal=0.16%  α_vs_width=1.6%  Δobj=+0.000%  build=18.66s solve=0.57s
2026-07-07 10:58:50.907 | INFO     | pycaalp.time_balancing.model:run_mip:430 - Running MIP solver ...
  k=  128    0.9% edges  obj=1.0143  obj_vs_ideal=0.16%  α_vs_width=1.6%  Δobj=+0.000%  build=19.76s solve=1.10s
2026-07-07 10:59:15.502 | INFO     | pycaalp.time_balancing.model:run_mip:430 - Running MIP solver ...
  k=  192    1.5% edges  obj=1.0143  obj_vs_ideal=0.16%  α_vs_width=1.6%  Δobj=+0.000%  build=23.49s solve=1.97s
2026-07-07 10:59:44.082 | INFO     | pycaalp.time_balancing.model:run_mip:430 - Running MIP solver ...
  k=  256    1.9% edges  obj=1.0143  obj_vs_ideal=0.16%  α_vs_width=1.6%  Δobj=+0.000%  build=26.61s solve=0.75s
2026-07-07 11:00:24.698 | INFO     | pycaalp.time_balancing.model:run_mip:430 - Running MIP solver ...
  k=  512    3.7% edges  obj=1.0143  obj_vs_ideal=0.16%  α_vs_width=1.6%  Δobj=+0.000%  build=39.86s solve=1.69s
  → stop: stop_perc_graph

Done. CSV → experiments/adaptive_convergence/assembly_2_np_2/adaptive_convergence_lambda_0.1.csv

----------------- λ = 0.2 -----------------
========================================================================
adaptive convergence (oracle-free) — assembly_2  P=2  λ=0.2
========================================================================

Building assembly digraph …
2026-07-07 10:53:22.312 | INFO     | pycaalp.gapp.assembly_digraph:compute_assembly_digraph_complete:396 - Computing assembly digraph...
  22160 nodes, 134216 edges  (187.4s)
  ideal obj (Σ shortest-path bound) = 1.0126
  phase width (T_total/P)           = 1344.50

[adaptive] k-sweep (stop at 3.0% of edges):
2026-07-07 10:56:30.810 | INFO     | pycaalp.time_balancing.model:run_mip:430 - Running MIP solver ...
  k=    1    0.0% edges  obj=1.0155  obj_vs_ideal=0.29%  α_vs_width=0.56%  Δobj=   —     build=1.06s solve=0.02s
2026-07-07 10:56:32.283 | INFO     | pycaalp.time_balancing.model:run_mip:430 - Running MIP solver ...
  k=    2    0.0% edges  obj=1.0155  obj_vs_ideal=0.29%  α_vs_width=0.56%  Δobj=+0.000%  build=1.46s solve=0.05s
2026-07-07 10:56:34.005 | INFO     | pycaalp.time_balancing.model:run_mip:430 - Running MIP solver ...
  k=    3    0.0% edges  obj=1.0155  obj_vs_ideal=0.29%  α_vs_width=0.56%  Δobj=+0.000%  build=1.67s solve=0.05s
2026-07-07 10:56:36.037 | INFO     | pycaalp.time_balancing.model:run_mip:430 - Running MIP solver ...
  k=    4    0.1% edges  obj=1.0155  obj_vs_ideal=0.29%  α_vs_width=0.56%  Δobj=+0.000%  build=1.98s solve=0.06s
2026-07-07 10:56:38.934 | INFO     | pycaalp.time_balancing.model:run_mip:430 - Running MIP solver ...
  k=    6    0.1% edges  obj=1.0155  obj_vs_ideal=0.29%  α_vs_width=0.56%  Δobj=+0.000%  build=2.84s solve=0.05s
2026-07-07 10:56:43.358 | INFO     | pycaalp.time_balancing.model:run_mip:430 - Running MIP solver ...
  k=    8    0.1% edges  obj=1.0155  obj_vs_ideal=0.29%  α_vs_width=0.56%  Δobj=+0.000%  build=4.37s solve=0.10s
2026-07-07 10:56:49.857 | INFO     | pycaalp.time_balancing.model:run_mip:430 - Running MIP solver ...
  k=   12    0.1% edges  obj=1.0155  obj_vs_ideal=0.29%  α_vs_width=0.56%  Δobj=+0.000%  build=6.40s solve=0.08s
2026-07-07 10:56:58.034 | INFO     | pycaalp.time_balancing.model:run_mip:430 - Running MIP solver ...
  k=   16    0.1% edges  obj=1.0155  obj_vs_ideal=0.29%  α_vs_width=0.56%  Δobj=+0.000%  build=8.10s solve=0.16s
2026-07-07 10:57:09.467 | INFO     | pycaalp.time_balancing.model:run_mip:430 - Running MIP solver ...
  k=   24    0.1% edges  obj=1.0155  obj_vs_ideal=0.29%  α_vs_width=0.56%  Δobj=+0.000%  build=11.27s solve=0.12s
2026-07-07 10:57:23.850 | INFO     | pycaalp.time_balancing.model:run_mip:430 - Running MIP solver ...
  k=   32    0.1% edges  obj=1.0155  obj_vs_ideal=0.29%  α_vs_width=0.56%  Δobj=+0.000%  build=14.26s solve=0.21s
2026-07-07 10:57:39.677 | INFO     | pycaalp.time_balancing.model:run_mip:430 - Running MIP solver ...
  k=   48    0.2% edges  obj=1.0155  obj_vs_ideal=0.29%  α_vs_width=0.56%  Δobj=-0.000%  build=15.62s solve=0.20s
2026-07-07 10:57:56.247 | INFO     | pycaalp.time_balancing.model:run_mip:430 - Running MIP solver ...
  k=   64    0.4% edges  obj=1.0155  obj_vs_ideal=0.29%  α_vs_width=0.56%  Δobj=+0.000%  build=16.37s solve=0.39s
2026-07-07 10:58:14.902 | INFO     | pycaalp.time_balancing.model:run_mip:430 - Running MIP solver ...
  k=   96    0.7% edges  obj=1.0155  obj_vs_ideal=0.29%  α_vs_width=0.56%  Δobj=+0.000%  build=18.27s solve=0.87s
2026-07-07 10:58:35.530 | INFO     | pycaalp.time_balancing.model:run_mip:430 - Running MIP solver ...
  k=  128    0.9% edges  obj=1.0155  obj_vs_ideal=0.29%  α_vs_width=0.56%  Δobj=+0.000%  build=19.76s solve=0.99s
2026-07-07 10:58:59.492 | INFO     | pycaalp.time_balancing.model:run_mip:430 - Running MIP solver ...
  k=  192    1.5% edges  obj=1.0155  obj_vs_ideal=0.29%  α_vs_width=0.56%  Δobj=+0.000%  build=22.97s solve=1.96s
2026-07-07 10:59:27.675 | INFO     | pycaalp.time_balancing.model:run_mip:430 - Running MIP solver ...
  k=  256    1.9% edges  obj=1.0155  obj_vs_ideal=0.29%  α_vs_width=0.56%  Δobj=+0.000%  build=26.23s solve=0.80s
2026-07-07 11:00:08.837 | INFO     | pycaalp.time_balancing.model:run_mip:430 - Running MIP solver ...
  k=  512    3.7% edges  obj=1.0155  obj_vs_ideal=0.29%  α_vs_width=0.56%  Δobj=+0.000%  build=40.36s solve=1.82s
  → stop: stop_perc_graph

Done. CSV → experiments/adaptive_convergence/assembly_2_np_2/adaptive_convergence_lambda_0.2.csv

----------------- λ = 0.3 -----------------
========================================================================
adaptive convergence (oracle-free) — assembly_2  P=2  λ=0.3
========================================================================

Building assembly digraph …
2026-07-07 10:53:22.343 | INFO     | pycaalp.gapp.assembly_digraph:compute_assembly_digraph_complete:396 - Computing assembly digraph...
  22160 nodes, 134216 edges  (198.3s)
  ideal obj (Σ shortest-path bound) = 1.0126
  phase width (T_total/P)           = 1344.50

[adaptive] k-sweep (stop at 3.0% of edges):
2026-07-07 10:56:42.027 | INFO     | pycaalp.time_balancing.model:run_mip:430 - Running MIP solver ...
  k=    1    0.0% edges  obj=1.0159  obj_vs_ideal=0.32%  α_vs_width=0.56%  Δobj=   —     build=1.31s solve=0.02s
2026-07-07 10:56:43.859 | INFO     | pycaalp.time_balancing.model:run_mip:430 - Running MIP solver ...
  k=    2    0.0% edges  obj=1.0159  obj_vs_ideal=0.32%  α_vs_width=0.56%  Δobj=+0.000%  build=1.81s solve=0.05s
2026-07-07 10:56:46.110 | INFO     | pycaalp.time_balancing.model:run_mip:430 - Running MIP solver ...
  k=    3    0.0% edges  obj=1.0159  obj_vs_ideal=0.32%  α_vs_width=0.56%  Δobj=+0.000%  build=2.21s solve=0.05s
2026-07-07 10:56:48.806 | INFO     | pycaalp.time_balancing.model:run_mip:430 - Running MIP solver ...
  k=    4    0.1% edges  obj=1.0159  obj_vs_ideal=0.32%  α_vs_width=0.56%  Δobj=-0.000%  build=2.65s solve=0.05s
2026-07-07 10:56:52.426 | INFO     | pycaalp.time_balancing.model:run_mip:430 - Running MIP solver ...
  k=    6    0.1% edges  obj=1.0159  obj_vs_ideal=0.32%  α_vs_width=0.56%  Δobj=+0.000%  build=3.56s solve=0.06s
2026-07-07 10:56:56.859 | INFO     | pycaalp.time_balancing.model:run_mip:430 - Running MIP solver ...
  k=    8    0.1% edges  obj=1.0159  obj_vs_ideal=0.32%  α_vs_width=0.56%  Δobj=+0.000%  build=4.37s solve=0.08s
2026-07-07 10:57:03.171 | INFO     | pycaalp.time_balancing.model:run_mip:430 - Running MIP solver ...
  k=   12    0.1% edges  obj=1.0159  obj_vs_ideal=0.32%  α_vs_width=0.56%  Δobj=+0.000%  build=6.23s solve=0.12s
2026-07-07 10:57:11.257 | INFO     | pycaalp.time_balancing.model:run_mip:430 - Running MIP solver ...
  k=   16    0.1% edges  obj=1.0159  obj_vs_ideal=0.32%  α_vs_width=0.56%  Δobj=+0.000%  build=7.97s solve=0.12s
2026-07-07 10:57:22.525 | INFO     | pycaalp.time_balancing.model:run_mip:430 - Running MIP solver ...
  k=   24    0.1% edges  obj=1.0159  obj_vs_ideal=0.32%  α_vs_width=0.56%  Δobj=+0.000%  build=11.15s solve=0.14s
2026-07-07 10:57:36.939 | INFO     | pycaalp.time_balancing.model:run_mip:430 - Running MIP solver ...
  k=   32    0.1% edges  obj=1.0159  obj_vs_ideal=0.32%  α_vs_width=0.56%  Δobj=+0.000%  build=14.27s solve=0.10s
2026-07-07 10:57:52.581 | INFO     | pycaalp.time_balancing.model:run_mip:430 - Running MIP solver ...
  k=   48    0.2% edges  obj=1.0159  obj_vs_ideal=0.32%  α_vs_width=0.56%  Δobj=+0.000%  build=15.54s solve=0.37s
2026-07-07 10:58:09.489 | INFO     | pycaalp.time_balancing.model:run_mip:430 - Running MIP solver ...
  k=   64    0.4% edges  obj=1.0159  obj_vs_ideal=0.32%  α_vs_width=0.56%  Δobj=+0.000%  build=16.54s solve=0.39s
2026-07-07 10:58:28.229 | INFO     | pycaalp.time_balancing.model:run_mip:430 - Running MIP solver ...
  k=   96    0.7% edges  obj=1.0159  obj_vs_ideal=0.32%  α_vs_width=0.56%  Δobj=+0.000%  build=18.35s solve=0.60s
2026-07-07 10:58:48.606 | INFO     | pycaalp.time_balancing.model:run_mip:430 - Running MIP solver ...
  k=  128    0.9% edges  obj=1.0159  obj_vs_ideal=0.32%  α_vs_width=0.56%  Δobj=+0.000%  build=19.77s solve=1.34s
2026-07-07 10:59:12.938 | INFO     | pycaalp.time_balancing.model:run_mip:430 - Running MIP solver ...
  k=  192    1.5% edges  obj=1.0159  obj_vs_ideal=0.32%  α_vs_width=0.56%  Δobj=+0.000%  build=23.00s solve=2.64s
2026-07-07 10:59:42.158 | INFO     | pycaalp.time_balancing.model:run_mip:430 - Running MIP solver ...
  k=  256    1.9% edges  obj=1.0159  obj_vs_ideal=0.32%  α_vs_width=0.56%  Δobj=-0.000%  build=26.58s solve=1.39s
2026-07-07 11:00:24.275 | INFO     | pycaalp.time_balancing.model:run_mip:430 - Running MIP solver ...
  k=  512    3.7% edges  obj=1.0159  obj_vs_ideal=0.32%  α_vs_width=0.56%  Δobj=+0.000%  build=40.73s solve=1.94s
  → stop: stop_perc_graph

Done. CSV → experiments/adaptive_convergence/assembly_2_np_2/adaptive_convergence_lambda_0.3.csv

----------------- λ = 0.4 -----------------
========================================================================
adaptive convergence (oracle-free) — assembly_2  P=2  λ=0.4
========================================================================

Building assembly digraph …
2026-07-07 10:53:22.347 | INFO     | pycaalp.gapp.assembly_digraph:compute_assembly_digraph_complete:396 - Computing assembly digraph...
  22160 nodes, 134216 edges  (198.4s)
  ideal obj (Σ shortest-path bound) = 1.0126
  phase width (T_total/P)           = 1344.50

[adaptive] k-sweep (stop at 3.0% of edges):
2026-07-07 10:56:41.491 | INFO     | pycaalp.time_balancing.model:run_mip:430 - Running MIP solver ...
  k=    1    0.0% edges  obj=1.0162  obj_vs_ideal=0.35%  α_vs_width=0.56%  Δobj=   —     build=0.73s solve=0.02s
2026-07-07 10:56:42.493 | INFO     | pycaalp.time_balancing.model:run_mip:430 - Running MIP solver ...
  k=    2    0.0% edges  obj=1.0162  obj_vs_ideal=0.35%  α_vs_width=0.56%  Δobj=+0.000%  build=0.98s solve=0.04s
2026-07-07 10:56:43.655 | INFO     | pycaalp.time_balancing.model:run_mip:430 - Running MIP solver ...
  k=    3    0.0% edges  obj=1.0162  obj_vs_ideal=0.35%  α_vs_width=0.56%  Δobj=+0.000%  build=1.12s solve=0.05s
2026-07-07 10:56:45.048 | INFO     | pycaalp.time_balancing.model:run_mip:430 - Running MIP solver ...
  k=    4    0.1% edges  obj=1.0162  obj_vs_ideal=0.35%  α_vs_width=0.56%  Δobj=-0.000%  build=1.34s solve=0.07s
2026-07-07 10:56:46.855 | INFO     | pycaalp.time_balancing.model:run_mip:430 - Running MIP solver ...
  k=    6    0.1% edges  obj=1.0162  obj_vs_ideal=0.35%  α_vs_width=0.56%  Δobj=+0.000%  build=1.74s solve=0.08s
2026-07-07 10:56:49.095 | INFO     | pycaalp.time_balancing.model:run_mip:430 - Running MIP solver ...
  k=    8    0.1% edges  obj=1.0162  obj_vs_ideal=0.35%  α_vs_width=0.56%  Δobj=+0.000%  build=2.16s solve=0.08s
2026-07-07 10:56:52.158 | INFO     | pycaalp.time_balancing.model:run_mip:430 - Running MIP solver ...
  k=   12    0.1% edges  obj=1.0162  obj_vs_ideal=0.35%  α_vs_width=0.56%  Δobj=-0.000%  build=2.98s solve=0.12s
2026-07-07 10:56:56.114 | INFO     | pycaalp.time_balancing.model:run_mip:430 - Running MIP solver ...
  k=   16    0.1% edges  obj=1.0162  obj_vs_ideal=0.35%  α_vs_width=0.56%  Δobj=+0.000%  build=3.84s solve=0.13s
2026-07-07 10:57:01.556 | INFO     | pycaalp.time_balancing.model:run_mip:430 - Running MIP solver ...
  k=   24    0.1% edges  obj=1.0162  obj_vs_ideal=0.35%  α_vs_width=0.56%  Δobj=+0.000%  build=5.31s solve=0.15s
2026-07-07 10:57:08.506 | INFO     | pycaalp.time_balancing.model:run_mip:430 - Running MIP solver ...
  k=   32    0.1% edges  obj=1.0162  obj_vs_ideal=0.35%  α_vs_width=0.56%  Δobj=+0.000%  build=6.80s solve=0.11s
2026-07-07 10:57:16.145 | INFO     | pycaalp.time_balancing.model:run_mip:430 - Running MIP solver ...
  k=   48    0.2% edges  obj=1.0162  obj_vs_ideal=0.35%  α_vs_width=0.56%  Δobj=+0.000%  build=7.52s solve=0.24s
2026-07-07 10:57:24.256 | INFO     | pycaalp.time_balancing.model:run_mip:430 - Running MIP solver ...
  k=   64    0.4% edges  obj=1.0162  obj_vs_ideal=0.35%  α_vs_width=0.56%  Δobj=+0.000%  build=7.87s solve=0.35s
2026-07-07 10:57:33.202 | INFO     | pycaalp.time_balancing.model:run_mip:430 - Running MIP solver ...
  k=   96    0.7% edges  obj=1.0162  obj_vs_ideal=0.35%  α_vs_width=0.56%  Δobj=+0.000%  build=8.59s solve=0.70s
2026-07-07 10:57:43.276 | INFO     | pycaalp.time_balancing.model:run_mip:430 - Running MIP solver ...
  k=  128    0.9% edges  obj=1.0162  obj_vs_ideal=0.35%  α_vs_width=0.56%  Δobj=+0.000%  build=9.37s solve=1.18s
2026-07-07 10:57:55.285 | INFO     | pycaalp.time_balancing.model:run_mip:430 - Running MIP solver ...
  k=  192    1.5% edges  obj=1.0162  obj_vs_ideal=0.35%  α_vs_width=0.56%  Δobj=+0.000%  build=10.83s solve=2.11s
2026-07-07 10:58:09.732 | INFO     | pycaalp.time_balancing.model:run_mip:430 - Running MIP solver ...
  k=  256    1.9% edges  obj=1.0162  obj_vs_ideal=0.35%  α_vs_width=0.56%  Δobj=+0.000%  build=12.34s solve=1.01s
2026-07-07 10:58:29.188 | INFO     | pycaalp.time_balancing.model:run_mip:430 - Running MIP solver ...
  k=  512    3.7% edges  obj=1.0162  obj_vs_ideal=0.35%  α_vs_width=0.56%  Δobj=+0.000%  build=18.44s solve=2.70s
  → stop: stop_perc_graph

Done. CSV → experiments/adaptive_convergence/assembly_2_np_2/adaptive_convergence_lambda_0.4.csv

----------------- λ = 0.5 -----------------
========================================================================
adaptive convergence (oracle-free) — assembly_2  P=2  λ=0.5
========================================================================

Building assembly digraph …
2026-07-07 10:53:22.307 | INFO     | pycaalp.gapp.assembly_digraph:compute_assembly_digraph_complete:396 - Computing assembly digraph...
  22160 nodes, 134216 edges  (198.6s)
  ideal obj (Σ shortest-path bound) = 1.0126
  phase width (T_total/P)           = 1344.50

[adaptive] k-sweep (stop at 3.0% of edges):
2026-07-07 10:56:42.288 | INFO     | pycaalp.time_balancing.model:run_mip:430 - Running MIP solver ...
  k=    1    0.0% edges  obj=1.0166  obj_vs_ideal=0.39%  α_vs_width=0.56%  Δobj=   —     build=1.30s solve=0.03s
2026-07-07 10:56:44.129 | INFO     | pycaalp.time_balancing.model:run_mip:430 - Running MIP solver ...
  k=    2    0.0% edges  obj=1.0166  obj_vs_ideal=0.39%  α_vs_width=0.56%  Δobj=+0.000%  build=1.81s solve=0.05s
2026-07-07 10:56:46.378 | INFO     | pycaalp.time_balancing.model:run_mip:430 - Running MIP solver ...
  k=    3    0.0% edges  obj=1.0166  obj_vs_ideal=0.39%  α_vs_width=0.56%  Δobj=+0.000%  build=2.20s solve=0.06s
2026-07-07 10:56:49.082 | INFO     | pycaalp.time_balancing.model:run_mip:430 - Running MIP solver ...
  k=    4    0.1% edges  obj=1.0166  obj_vs_ideal=0.39%  α_vs_width=0.56%  Δobj=+0.000%  build=2.64s solve=0.06s
2026-07-07 10:56:52.669 | INFO     | pycaalp.time_balancing.model:run_mip:430 - Running MIP solver ...
  k=    6    0.1% edges  obj=1.0166  obj_vs_ideal=0.39%  α_vs_width=0.56%  Δobj=+0.000%  build=3.53s solve=0.11s
2026-07-07 10:56:57.261 | INFO     | pycaalp.time_balancing.model:run_mip:430 - Running MIP solver ...
  k=    8    0.1% edges  obj=1.0166  obj_vs_ideal=0.39%  α_vs_width=0.56%  Δobj=+0.000%  build=4.49s solve=0.07s
2026-07-07 10:57:03.602 | INFO     | pycaalp.time_balancing.model:run_mip:430 - Running MIP solver ...
  k=   12    0.1% edges  obj=1.0166  obj_vs_ideal=0.39%  α_vs_width=0.56%  Δobj=+0.000%  build=6.27s solve=0.10s
2026-07-07 10:57:11.837 | INFO     | pycaalp.time_balancing.model:run_mip:430 - Running MIP solver ...
  k=   16    0.1% edges  obj=1.0166  obj_vs_ideal=0.39%  α_vs_width=0.56%  Δobj=-0.000%  build=8.14s solve=0.15s
2026-07-07 10:57:23.189 | INFO     | pycaalp.time_balancing.model:run_mip:430 - Running MIP solver ...
  k=   24    0.1% edges  obj=1.0166  obj_vs_ideal=0.39%  α_vs_width=0.56%  Δobj=+0.000%  build=11.20s solve=0.10s
2026-07-07 10:57:37.846 | INFO     | pycaalp.time_balancing.model:run_mip:430 - Running MIP solver ...
  k=   32    0.1% edges  obj=1.0166  obj_vs_ideal=0.39%  α_vs_width=0.56%  Δobj=+0.000%  build=14.56s solve=0.13s
2026-07-07 10:57:53.946 | INFO     | pycaalp.time_balancing.model:run_mip:430 - Running MIP solver ...
  k=   48    0.2% edges  obj=1.0166  obj_vs_ideal=0.39%  α_vs_width=0.56%  Δobj=+0.000%  build=15.97s solve=0.34s
2026-07-07 10:58:10.815 | INFO     | pycaalp.time_balancing.model:run_mip:430 - Running MIP solver ...
  k=   64    0.4% edges  obj=1.0166  obj_vs_ideal=0.39%  α_vs_width=0.56%  Δobj=+0.000%  build=16.53s solve=0.33s
2026-07-07 10:58:29.666 | INFO     | pycaalp.time_balancing.model:run_mip:430 - Running MIP solver ...
  k=   96    0.7% edges  obj=1.0166  obj_vs_ideal=0.39%  α_vs_width=0.56%  Δobj=+0.000%  build=18.52s solve=0.66s
2026-07-07 10:58:50.307 | INFO     | pycaalp.time_balancing.model:run_mip:430 - Running MIP solver ...
  k=  128    0.9% edges  obj=1.0166  obj_vs_ideal=0.39%  α_vs_width=0.56%  Δobj=+0.000%  build=19.99s solve=0.99s
2026-07-07 10:59:14.781 | INFO     | pycaalp.time_balancing.model:run_mip:430 - Running MIP solver ...
  k=  192    1.5% edges  obj=1.0166  obj_vs_ideal=0.39%  α_vs_width=0.56%  Δobj=+0.000%  build=23.48s solve=2.26s
2026-07-07 10:59:44.071 | INFO     | pycaalp.time_balancing.model:run_mip:430 - Running MIP solver ...
  k=  256    1.9% edges  obj=1.0166  obj_vs_ideal=0.39%  α_vs_width=0.56%  Δobj=+0.000%  build=27.02s solve=1.99s
2026-07-07 11:00:27.087 | INFO     | pycaalp.time_balancing.model:run_mip:430 - Running MIP solver ...
  k=  512    3.7% edges  obj=1.0166  obj_vs_ideal=0.39%  α_vs_width=0.56%  Δobj=+0.000%  build=41.02s solve=3.20s
  → stop: stop_perc_graph

Done. CSV → experiments/adaptive_convergence/assembly_2_np_2/adaptive_convergence_lambda_0.5.csv

----------------- λ = 0.6 -----------------
========================================================================
adaptive convergence (oracle-free) — assembly_2  P=2  λ=0.6
========================================================================

Building assembly digraph …
2026-07-07 10:53:22.315 | INFO     | pycaalp.gapp.assembly_digraph:compute_assembly_digraph_complete:396 - Computing assembly digraph...
  22160 nodes, 134216 edges  (201.8s)
  ideal obj (Σ shortest-path bound) = 1.0126
  phase width (T_total/P)           = 1344.50

[adaptive] k-sweep (stop at 3.0% of edges):
2026-07-07 10:56:45.510 | INFO     | pycaalp.time_balancing.model:run_mip:430 - Running MIP solver ...
  k=    1    0.0% edges  obj=1.0169  obj_vs_ideal=0.42%  α_vs_width=0.56%  Δobj=   —     build=1.34s solve=0.03s
2026-07-07 10:56:47.409 | INFO     | pycaalp.time_balancing.model:run_mip:430 - Running MIP solver ...
  k=    2    0.0% edges  obj=1.0169  obj_vs_ideal=0.42%  α_vs_width=0.56%  Δobj=+0.000%  build=1.86s solve=0.08s
2026-07-07 10:56:49.702 | INFO     | pycaalp.time_balancing.model:run_mip:430 - Running MIP solver ...
  k=    3    0.0% edges  obj=1.0169  obj_vs_ideal=0.42%  α_vs_width=0.56%  Δobj=-0.000%  build=2.21s solve=0.05s
2026-07-07 10:56:52.403 | INFO     | pycaalp.time_balancing.model:run_mip:430 - Running MIP solver ...
  k=    4    0.1% edges  obj=1.0169  obj_vs_ideal=0.42%  α_vs_width=0.56%  Δobj=+0.000%  build=2.65s solve=0.09s
2026-07-07 10:56:56.042 | INFO     | pycaalp.time_balancing.model:run_mip:430 - Running MIP solver ...
  k=    6    0.1% edges  obj=1.0169  obj_vs_ideal=0.42%  α_vs_width=0.56%  Δobj=+0.000%  build=3.55s solve=0.08s
2026-07-07 10:57:00.622 | INFO     | pycaalp.time_balancing.model:run_mip:430 - Running MIP solver ...
  k=    8    0.1% edges  obj=1.0169  obj_vs_ideal=0.42%  α_vs_width=0.56%  Δobj=-0.000%  build=4.50s solve=0.10s
2026-07-07 10:57:07.018 | INFO     | pycaalp.time_balancing.model:run_mip:430 - Running MIP solver ...
  k=   12    0.1% edges  obj=1.0169  obj_vs_ideal=0.42%  α_vs_width=0.56%  Δobj=+0.000%  build=6.30s solve=0.09s
2026-07-07 10:57:15.243 | INFO     | pycaalp.time_balancing.model:run_mip:430 - Running MIP solver ...
  k=   16    0.1% edges  obj=1.0169  obj_vs_ideal=0.42%  α_vs_width=0.56%  Δobj=+0.000%  build=8.14s solve=0.14s
2026-07-07 10:57:26.964 | INFO     | pycaalp.time_balancing.model:run_mip:430 - Running MIP solver ...
  k=   24    0.1% edges  obj=1.0169  obj_vs_ideal=0.42%  α_vs_width=0.56%  Δobj=+0.000%  build=11.58s solve=0.11s
2026-07-07 10:57:41.447 | INFO     | pycaalp.time_balancing.model:run_mip:430 - Running MIP solver ...
  k=   32    0.1% edges  obj=1.0169  obj_vs_ideal=0.42%  α_vs_width=0.56%  Δobj=+0.000%  build=14.38s solve=0.13s
2026-07-07 10:57:57.620 | INFO     | pycaalp.time_balancing.model:run_mip:430 - Running MIP solver ...
  k=   48    0.2% edges  obj=1.0169  obj_vs_ideal=0.42%  α_vs_width=0.56%  Δobj=-0.000%  build=16.04s solve=0.25s
2026-07-07 10:58:14.673 | INFO     | pycaalp.time_balancing.model:run_mip:430 - Running MIP solver ...
  k=   64    0.4% edges  obj=1.0169  obj_vs_ideal=0.42%  α_vs_width=0.56%  Δobj=+0.000%  build=16.81s solve=0.31s
2026-07-07 10:58:33.746 | INFO     | pycaalp.time_balancing.model:run_mip:430 - Running MIP solver ...
  k=   96    0.7% edges  obj=1.0169  obj_vs_ideal=0.42%  α_vs_width=0.56%  Δobj=+0.000%  build=18.76s solve=0.62s
2026-07-07 10:58:54.464 | INFO     | pycaalp.time_balancing.model:run_mip:430 - Running MIP solver ...
  k=  128    0.9% edges  obj=1.0169  obj_vs_ideal=0.42%  α_vs_width=0.56%  Δobj=+0.000%  build=20.09s solve=1.09s
2026-07-07 10:59:19.328 | INFO     | pycaalp.time_balancing.model:run_mip:430 - Running MIP solver ...
  k=  192    1.5% edges  obj=1.0169  obj_vs_ideal=0.42%  α_vs_width=0.56%  Δobj=-0.000%  build=23.78s solve=2.27s
2026-07-07 10:59:49.013 | INFO     | pycaalp.time_balancing.model:run_mip:430 - Running MIP solver ...
  k=  256    1.9% edges  obj=1.0169  obj_vs_ideal=0.42%  α_vs_width=0.56%  Δobj=+0.000%  build=27.41s solve=1.33s
2026-07-07 11:00:31.297 | INFO     | pycaalp.time_balancing.model:run_mip:430 - Running MIP solver ...
  k=  512    3.7% edges  obj=1.0169  obj_vs_ideal=0.42%  α_vs_width=0.56%  Δobj=+0.000%  build=40.96s solve=3.17s
  → stop: stop_perc_graph

Done. CSV → experiments/adaptive_convergence/assembly_2_np_2/adaptive_convergence_lambda_0.6.csv

----------------- λ = 0.7 -----------------
========================================================================
adaptive convergence (oracle-free) — assembly_2  P=2  λ=0.7
========================================================================

Building assembly digraph …
2026-07-07 10:53:22.306 | INFO     | pycaalp.gapp.assembly_digraph:compute_assembly_digraph_complete:396 - Computing assembly digraph...
  22160 nodes, 134216 edges  (194.7s)
  ideal obj (Σ shortest-path bound) = 1.0126
  phase width (T_total/P)           = 1344.50

[adaptive] k-sweep (stop at 3.0% of edges):
2026-07-07 10:56:38.194 | INFO     | pycaalp.time_balancing.model:run_mip:430 - Running MIP solver ...
  k=    1    0.0% edges  obj=1.0173  obj_vs_ideal=0.46%  α_vs_width=0.56%  Δobj=   —     build=1.07s solve=0.02s
2026-07-07 10:56:39.843 | INFO     | pycaalp.time_balancing.model:run_mip:430 - Running MIP solver ...
  k=    2    0.0% edges  obj=1.0173  obj_vs_ideal=0.46%  α_vs_width=0.56%  Δobj=+0.000%  build=1.63s solve=0.05s
2026-07-07 10:56:42.041 | INFO     | pycaalp.time_balancing.model:run_mip:430 - Running MIP solver ...
  k=    3    0.0% edges  obj=1.0173  obj_vs_ideal=0.46%  α_vs_width=0.56%  Δobj=+0.000%  build=2.15s solve=0.05s
2026-07-07 10:56:44.809 | INFO     | pycaalp.time_balancing.model:run_mip:430 - Running MIP solver ...
  k=    4    0.1% edges  obj=1.0173  obj_vs_ideal=0.46%  α_vs_width=0.56%  Δobj=+0.000%  build=2.72s solve=0.05s
2026-07-07 10:56:48.469 | INFO     | pycaalp.time_balancing.model:run_mip:430 - Running MIP solver ...
  k=    6    0.1% edges  obj=1.0173  obj_vs_ideal=0.46%  α_vs_width=0.56%  Δobj=+0.000%  build=3.61s solve=0.05s
2026-07-07 10:56:53.004 | INFO     | pycaalp.time_balancing.model:run_mip:430 - Running MIP solver ...
  k=    8    0.1% edges  obj=1.0173  obj_vs_ideal=0.46%  α_vs_width=0.56%  Δobj=-0.000%  build=4.49s solve=0.08s
2026-07-07 10:56:59.445 | INFO     | pycaalp.time_balancing.model:run_mip:430 - Running MIP solver ...
  k=   12    0.1% edges  obj=1.0173  obj_vs_ideal=0.46%  α_vs_width=0.56%  Δobj=+0.000%  build=6.37s solve=0.06s
2026-07-07 10:57:07.537 | INFO     | pycaalp.time_balancing.model:run_mip:430 - Running MIP solver ...
  k=   16    0.1% edges  obj=1.0173  obj_vs_ideal=0.46%  α_vs_width=0.56%  Δobj=+0.000%  build=8.03s solve=0.12s
2026-07-07 10:57:18.951 | INFO     | pycaalp.time_balancing.model:run_mip:430 - Running MIP solver ...
  k=   24    0.1% edges  obj=1.0173  obj_vs_ideal=0.46%  α_vs_width=0.56%  Δobj=-0.000%  build=11.29s solve=0.16s
2026-07-07 10:57:33.491 | INFO     | pycaalp.time_balancing.model:run_mip:430 - Running MIP solver ...
  k=   32    0.1% edges  obj=1.0173  obj_vs_ideal=0.46%  α_vs_width=0.56%  Δobj=+0.000%  build=14.38s solve=0.13s
2026-07-07 10:57:49.385 | INFO     | pycaalp.time_balancing.model:run_mip:430 - Running MIP solver ...
  k=   48    0.2% edges  obj=1.0173  obj_vs_ideal=0.46%  α_vs_width=0.56%  Δobj=+0.000%  build=15.76s solve=0.22s
2026-07-07 10:58:06.232 | INFO     | pycaalp.time_balancing.model:run_mip:430 - Running MIP solver ...
  k=   64    0.4% edges  obj=1.0173  obj_vs_ideal=0.46%  α_vs_width=0.56%  Δobj=+0.000%  build=16.63s solve=0.40s
2026-07-07 10:58:25.073 | INFO     | pycaalp.time_balancing.model:run_mip:430 - Running MIP solver ...
  k=   96    0.7% edges  obj=1.0173  obj_vs_ideal=0.46%  α_vs_width=0.56%  Δobj=+0.000%  build=18.44s solve=0.96s
2026-07-07 10:58:46.033 | INFO     | pycaalp.time_balancing.model:run_mip:430 - Running MIP solver ...
  k=  128    0.9% edges  obj=1.0173  obj_vs_ideal=0.46%  α_vs_width=0.56%  Δobj=+0.000%  build=20.00s solve=1.12s
2026-07-07 10:59:10.449 | INFO     | pycaalp.time_balancing.model:run_mip:430 - Running MIP solver ...
  k=  192    1.5% edges  obj=1.0173  obj_vs_ideal=0.46%  α_vs_width=0.56%  Δobj=+0.000%  build=23.30s solve=2.48s
2026-07-07 10:59:39.617 | INFO     | pycaalp.time_balancing.model:run_mip:430 - Running MIP solver ...
  k=  256    1.9% edges  obj=1.0173  obj_vs_ideal=0.46%  α_vs_width=0.56%  Δobj=+0.000%  build=26.69s solve=2.27s
2026-07-07 11:00:22.571 | INFO     | pycaalp.time_balancing.model:run_mip:430 - Running MIP solver ...
  k=  512    3.7% edges  obj=1.0173  obj_vs_ideal=0.46%  α_vs_width=0.56%  Δobj=+0.000%  build=40.69s solve=8.20s
  → stop: stop_perc_graph

Done. CSV → experiments/adaptive_convergence/assembly_2_np_2/adaptive_convergence_lambda_0.7.csv

----------------- λ = 0.8 -----------------
========================================================================
adaptive convergence (oracle-free) — assembly_2  P=2  λ=0.8
========================================================================

Building assembly digraph …
2026-07-07 10:53:22.347 | INFO     | pycaalp.gapp.assembly_digraph:compute_assembly_digraph_complete:396 - Computing assembly digraph...
  22160 nodes, 134216 edges  (197.1s)
  ideal obj (Σ shortest-path bound) = 1.0126
  phase width (T_total/P)           = 1344.50

[adaptive] k-sweep (stop at 3.0% of edges):
2026-07-07 10:56:40.752 | INFO     | pycaalp.time_balancing.model:run_mip:430 - Running MIP solver ...
  k=    1    0.0% edges  obj=1.0176  obj_vs_ideal=0.49%  α_vs_width=0.56%  Δobj=   —     build=1.22s solve=0.03s
2026-07-07 10:56:42.633 | INFO     | pycaalp.time_balancing.model:run_mip:430 - Running MIP solver ...
  k=    2    0.0% edges  obj=1.0176  obj_vs_ideal=0.49%  α_vs_width=0.56%  Δobj=+0.000%  build=1.85s solve=0.05s
2026-07-07 10:56:44.867 | INFO     | pycaalp.time_balancing.model:run_mip:430 - Running MIP solver ...
  k=    3    0.0% edges  obj=1.0176  obj_vs_ideal=0.49%  α_vs_width=0.56%  Δobj=+0.000%  build=2.18s solve=0.05s
2026-07-07 10:56:47.590 | INFO     | pycaalp.time_balancing.model:run_mip:430 - Running MIP solver ...
  k=    4    0.1% edges  obj=1.0176  obj_vs_ideal=0.49%  α_vs_width=0.56%  Δobj=-0.000%  build=2.67s solve=0.06s
2026-07-07 10:56:51.221 | INFO     | pycaalp.time_balancing.model:run_mip:430 - Running MIP solver ...
  k=    6    0.1% edges  obj=1.0176  obj_vs_ideal=0.49%  α_vs_width=0.56%  Δobj=+0.000%  build=3.57s solve=0.09s
2026-07-07 10:56:55.789 | INFO     | pycaalp.time_balancing.model:run_mip:430 - Running MIP solver ...
  k=    8    0.1% edges  obj=1.0176  obj_vs_ideal=0.49%  α_vs_width=0.56%  Δobj=-0.000%  build=4.48s solve=0.14s
2026-07-07 10:57:02.224 | INFO     | pycaalp.time_balancing.model:run_mip:430 - Running MIP solver ...
  k=   12    0.1% edges  obj=1.0176  obj_vs_ideal=0.49%  α_vs_width=0.56%  Δobj=+0.000%  build=6.29s solve=0.09s
2026-07-07 10:57:10.378 | INFO     | pycaalp.time_balancing.model:run_mip:430 - Running MIP solver ...
  k=   16    0.1% edges  obj=1.0176  obj_vs_ideal=0.49%  α_vs_width=0.56%  Δobj=+0.000%  build=8.07s solve=0.08s
2026-07-07 10:57:21.849 | INFO     | pycaalp.time_balancing.model:run_mip:430 - Running MIP solver ...
  k=   24    0.1% edges  obj=1.0176  obj_vs_ideal=0.49%  α_vs_width=0.56%  Δobj=+0.000%  build=11.39s solve=0.17s
2026-07-07 10:57:36.452 | INFO     | pycaalp.time_balancing.model:run_mip:430 - Running MIP solver ...
  k=   32    0.1% edges  obj=1.0176  obj_vs_ideal=0.49%  α_vs_width=0.56%  Δobj=-0.000%  build=14.43s solve=0.23s
2026-07-07 10:57:52.563 | INFO     | pycaalp.time_balancing.model:run_mip:430 - Running MIP solver ...
  k=   48    0.2% edges  obj=1.0167  obj_vs_ideal=0.4%  α_vs_width=0.26%  Δobj=+0.093%  build=15.88s solve=0.38s
2026-07-07 10:58:09.656 | INFO     | pycaalp.time_balancing.model:run_mip:430 - Running MIP solver ...
  k=   64    0.4% edges  obj=1.0167  obj_vs_ideal=0.4%  α_vs_width=0.26%  Δobj=+0.000%  build=16.71s solve=0.54s
2026-07-07 10:58:28.731 | INFO     | pycaalp.time_balancing.model:run_mip:430 - Running MIP solver ...
  k=   96    0.7% edges  obj=1.0167  obj_vs_ideal=0.4%  α_vs_width=0.26%  Δobj=+0.000%  build=18.54s solve=1.07s
2026-07-07 10:58:49.806 | INFO     | pycaalp.time_balancing.model:run_mip:430 - Running MIP solver ...
  k=  128    0.9% edges  obj=1.0167  obj_vs_ideal=0.4%  α_vs_width=0.26%  Δobj=+0.000%  build=20.01s solve=1.81s
2026-07-07 10:59:15.009 | INFO     | pycaalp.time_balancing.model:run_mip:430 - Running MIP solver ...
  k=  192    1.5% edges  obj=1.0167  obj_vs_ideal=0.4%  α_vs_width=0.26%  Δobj=-0.000%  build=23.39s solve=3.92s
2026-07-07 10:59:45.898 | INFO     | pycaalp.time_balancing.model:run_mip:430 - Running MIP solver ...
  k=  256    1.9% edges  obj=1.0167  obj_vs_ideal=0.4%  α_vs_width=0.26%  Δobj=+0.000%  build=26.97s solve=4.59s
2026-07-07 11:00:30.753 | INFO     | pycaalp.time_balancing.model:run_mip:430 - Running MIP solver ...
  k=  512    3.7% edges  obj=1.0167  obj_vs_ideal=0.4%  α_vs_width=0.26%  Δobj=+0.000%  build=40.26s solve=4.32s
  → stop: stop_perc_graph

Done. CSV → experiments/adaptive_convergence/assembly_2_np_2/adaptive_convergence_lambda_0.8.csv

----------------- λ = 0.9 -----------------
========================================================================
adaptive convergence (oracle-free) — assembly_2  P=2  λ=0.9
========================================================================

Building assembly digraph …
2026-07-07 10:53:22.361 | INFO     | pycaalp.gapp.assembly_digraph:compute_assembly_digraph_complete:396 - Computing assembly digraph...
  22160 nodes, 134216 edges  (196.2s)
  ideal obj (Σ shortest-path bound) = 1.0126
  phase width (T_total/P)           = 1344.50

[adaptive] k-sweep (stop at 3.0% of edges):
2026-07-07 10:56:39.762 | INFO     | pycaalp.time_balancing.model:run_mip:430 - Running MIP solver ...
  k=    1    0.0% edges  obj=1.0180  obj_vs_ideal=0.52%  α_vs_width=0.56%  Δobj=   —     build=1.15s solve=0.04s
2026-07-07 10:56:41.570 | INFO     | pycaalp.time_balancing.model:run_mip:430 - Running MIP solver ...
  k=    2    0.0% edges  obj=1.0180  obj_vs_ideal=0.52%  α_vs_width=0.56%  Δobj=+0.000%  build=1.77s solve=0.05s
2026-07-07 10:56:43.832 | INFO     | pycaalp.time_balancing.model:run_mip:430 - Running MIP solver ...
  k=    3    0.0% edges  obj=1.0180  obj_vs_ideal=0.52%  α_vs_width=0.56%  Δobj=+0.000%  build=2.21s solve=0.07s
2026-07-07 10:56:46.585 | INFO     | pycaalp.time_balancing.model:run_mip:430 - Running MIP solver ...
  k=    4    0.1% edges  obj=1.0180  obj_vs_ideal=0.52%  α_vs_width=0.56%  Δobj=-0.000%  build=2.69s solve=0.05s
2026-07-07 10:56:50.210 | INFO     | pycaalp.time_balancing.model:run_mip:430 - Running MIP solver ...
  k=    6    0.1% edges  obj=1.0180  obj_vs_ideal=0.52%  α_vs_width=0.56%  Δobj=+0.000%  build=3.57s solve=0.09s
2026-07-07 10:56:54.820 | INFO     | pycaalp.time_balancing.model:run_mip:430 - Running MIP solver ...
  k=    8    0.1% edges  obj=1.0180  obj_vs_ideal=0.52%  α_vs_width=0.56%  Δobj=+0.000%  build=4.52s solve=0.07s
2026-07-07 10:57:01.084 | INFO     | pycaalp.time_balancing.model:run_mip:430 - Running MIP solver ...
  k=   12    0.1% edges  obj=1.0180  obj_vs_ideal=0.52%  α_vs_width=0.56%  Δobj=+0.000%  build=6.20s solve=0.12s
2026-07-07 10:57:09.263 | INFO     | pycaalp.time_balancing.model:run_mip:430 - Running MIP solver ...
  k=   16    0.1% edges  obj=1.0180  obj_vs_ideal=0.52%  α_vs_width=0.56%  Δobj=+0.000%  build=8.05s solve=0.07s
2026-07-07 10:57:20.479 | INFO     | pycaalp.time_balancing.model:run_mip:430 - Running MIP solver ...
  k=   24    0.1% edges  obj=1.0180  obj_vs_ideal=0.52%  α_vs_width=0.56%  Δobj=-0.000%  build=11.15s solve=0.15s
2026-07-07 10:57:35.113 | INFO     | pycaalp.time_balancing.model:run_mip:430 - Running MIP solver ...
  k=   32    0.1% edges  obj=1.0180  obj_vs_ideal=0.52%  α_vs_width=0.56%  Δobj=+0.000%  build=14.48s solve=0.23s
2026-07-07 10:57:51.172 | INFO     | pycaalp.time_balancing.model:run_mip:430 - Running MIP solver ...
  k=   48    0.2% edges  obj=1.0153  obj_vs_ideal=0.26%  α_vs_width=0.04%  Δobj=+0.264%  build=15.83s solve=0.24s
2026-07-07 10:58:07.947 | INFO     | pycaalp.time_balancing.model:run_mip:430 - Running MIP solver ...
  k=   64    0.4% edges  obj=1.0153  obj_vs_ideal=0.26%  α_vs_width=0.04%  Δobj=-0.000%  build=16.53s solve=0.78s
2026-07-07 10:58:26.897 | INFO     | pycaalp.time_balancing.model:run_mip:430 - Running MIP solver ...
  k=   96    0.7% edges  obj=1.0153  obj_vs_ideal=0.26%  α_vs_width=0.04%  Δobj=-0.000%  build=18.17s solve=0.81s
2026-07-07 10:58:47.553 | INFO     | pycaalp.time_balancing.model:run_mip:430 - Running MIP solver ...
  k=  128    0.9% edges  obj=1.0153  obj_vs_ideal=0.26%  α_vs_width=0.04%  Δobj=+0.000%  build=19.85s solve=3.09s
2026-07-07 10:59:13.775 | INFO     | pycaalp.time_balancing.model:run_mip:430 - Running MIP solver ...
  k=  192    1.5% edges  obj=1.0153  obj_vs_ideal=0.26%  α_vs_width=0.04%  Δobj=-0.000%  build=23.14s solve=3.91s
2026-07-07 10:59:44.614 | INFO     | pycaalp.time_balancing.model:run_mip:430 - Running MIP solver ...
  k=  256    1.9% edges  obj=1.0153  obj_vs_ideal=0.26%  α_vs_width=0.04%  Δobj=-0.000%  build=26.93s solve=2.22s
2026-07-07 11:00:27.303 | INFO     | pycaalp.time_balancing.model:run_mip:430 - Running MIP solver ...
  k=  512    3.7% edges  obj=1.0153  obj_vs_ideal=0.26%  α_vs_width=0.04%  Δobj=+0.000%  build=40.47s solve=8.17s
  → stop: stop_perc_graph

Done. CSV → experiments/adaptive_convergence/assembly_2_np_2/adaptive_convergence_lambda_0.9.csv
Combined CSV → experiments/adaptive_convergence/assembly_2_np_2/adaptive_convergence.csv
Saved experiments/adaptive_convergence/assembly_2_np_2/convergence_path_vs_cmin_assembly_2_P2.svg
Saved experiments/adaptive_convergence/assembly_2_np_2/convergence_alpha_vs_width_assembly_2_P2.svg
Saved experiments/adaptive_convergence/assembly_2_np_2/convergence_fused_assembly_2_P2.svg
Saved experiments/adaptive_convergence/assembly_2_np_2/solutions_asp_plp_assembly_2_P2.svg
