============ adaptive convergence (oracle-free) sweep ============
date         : 2026-07-06T15:47:41+02:00
host         : TUMWUTG-MIT148
git commit   : 3bac723 (research/wgp-2026)
python       : Python 3.14.4
instance     : assembly_1
parts file   : data/assembly_1/assembly_1_parts.json
dfm file     : (none)
num_phases   : 7
lambda grid  : 0.1 0.2 0.3 0.4 0.5 0.6 0.7 0.8 0.9
jobs (par.)  : 9
rundir       : experiments/adaptive_convergence/assembly_1_np_7
=================================================================
extra args   : --num-phases 7

----------------- λ = 0.1 -----------------
========================================================================
adaptive convergence (oracle-free) — assembly_1  P=7  λ=0.1
========================================================================

Building assembly digraph …
2026-07-06 15:47:41.644 | INFO     | pycaalp.gapp.assembly_digraph:compute_assembly_digraph_complete:396 - Computing assembly digraph...
  343 nodes, 1105 edges  (0.3s)
  ideal obj (Σ shortest-path bound) = 0.8329
  phase width (T_total/P)           = 308.12

[adaptive] k-sweep (stop at 10.0% of edges):
2026-07-06 15:47:41.907 | INFO     | pycaalp.time_balancing.model:run_mip:430 - Running MIP solver ...
  k=    1    3.2% edges  obj=0.8599  obj_vs_ideal=3.24%  α_vs_width=32.42%  Δobj=   —     build=0.01s solve=0.62s
2026-07-06 15:47:42.550 | INFO     | pycaalp.time_balancing.model:run_mip:430 - Running MIP solver ...
  k=    2    3.7% edges  obj=0.8599  obj_vs_ideal=3.24%  α_vs_width=32.42%  Δobj=+0.000%  build=0.02s solve=1.08s
2026-07-06 15:47:43.651 | INFO     | pycaalp.time_balancing.model:run_mip:430 - Running MIP solver ...
  k=    3    4.3% edges  obj=0.8599  obj_vs_ideal=3.24%  α_vs_width=32.42%  Δobj=+0.000%  build=0.02s solve=1.22s
2026-07-06 15:47:44.909 | INFO     | pycaalp.time_balancing.model:run_mip:430 - Running MIP solver ...
  k=    4    4.6% edges  obj=0.8599  obj_vs_ideal=3.24%  α_vs_width=32.42%  Δobj=+0.000%  build=0.04s solve=1.46s
2026-07-06 15:47:46.429 | INFO     | pycaalp.time_balancing.model:run_mip:430 - Running MIP solver ...
  k=    6    5.4% edges  obj=0.8594  obj_vs_ideal=3.18%  α_vs_width=12.13%  Δobj=+0.057%  build=0.06s solve=2.09s
2026-07-06 15:47:48.572 | INFO     | pycaalp.time_balancing.model:run_mip:430 - Running MIP solver ...
  k=    8    5.6% edges  obj=0.8594  obj_vs_ideal=3.18%  α_vs_width=12.13%  Δobj=+0.000%  build=0.06s solve=1.15s
2026-07-06 15:47:49.838 | INFO     | pycaalp.time_balancing.model:run_mip:430 - Running MIP solver ...
  k=   12    6.2% edges  obj=0.8550  obj_vs_ideal=2.65%  α_vs_width=24.63%  Δobj=+0.514%  build=0.12s solve=2.00s
2026-07-06 15:47:51.983 | INFO     | pycaalp.time_balancing.model:run_mip:430 - Running MIP solver ...
  k=   16    7.1% edges  obj=0.8500  obj_vs_ideal=2.04%  α_vs_width=17.06%  Δobj=+0.593%  build=0.14s solve=1.86s
2026-07-06 15:47:54.067 | INFO     | pycaalp.time_balancing.model:run_mip:430 - Running MIP solver ...
  k=   24   11.2% edges  obj=0.8482  obj_vs_ideal=1.83%  α_vs_width=13.8%  Δobj=+0.211%  build=0.23s solve=4.62s
  → stop: stop_perc_graph

Done. CSV → experiments/adaptive_convergence/assembly_1_np_7/adaptive_convergence_lambda_0.1.csv

----------------- λ = 0.2 -----------------
========================================================================
adaptive convergence (oracle-free) — assembly_1  P=7  λ=0.2
========================================================================

Building assembly digraph …
2026-07-06 15:47:41.692 | INFO     | pycaalp.gapp.assembly_digraph:compute_assembly_digraph_complete:396 - Computing assembly digraph...
  343 nodes, 1105 edges  (0.2s)
  ideal obj (Σ shortest-path bound) = 0.8329
  phase width (T_total/P)           = 308.12

[adaptive] k-sweep (stop at 10.0% of edges):
2026-07-06 15:47:41.901 | INFO     | pycaalp.time_balancing.model:run_mip:430 - Running MIP solver ...
  k=    1    3.2% edges  obj=0.8686  obj_vs_ideal=4.28%  α_vs_width=11.48%  Δobj=   —     build=0.01s solve=2.93s
2026-07-06 15:47:44.847 | INFO     | pycaalp.time_balancing.model:run_mip:430 - Running MIP solver ...
  k=    2    3.7% edges  obj=0.8686  obj_vs_ideal=4.28%  α_vs_width=11.48%  Δobj=+0.000%  build=0.02s solve=1.72s
2026-07-06 15:47:46.588 | INFO     | pycaalp.time_balancing.model:run_mip:430 - Running MIP solver ...
  k=    3    4.3% edges  obj=0.8686  obj_vs_ideal=4.28%  α_vs_width=11.48%  Δobj=+0.000%  build=0.02s solve=0.98s
2026-07-06 15:47:47.593 | INFO     | pycaalp.time_balancing.model:run_mip:430 - Running MIP solver ...
  k=    4    4.6% edges  obj=0.8686  obj_vs_ideal=4.28%  α_vs_width=11.48%  Δobj=+0.000%  build=0.03s solve=0.66s
2026-07-06 15:47:48.302 | INFO     | pycaalp.time_balancing.model:run_mip:430 - Running MIP solver ...
  k=    6    5.4% edges  obj=0.8677  obj_vs_ideal=4.18%  α_vs_width=12.13%  Δobj=+0.103%  build=0.04s solve=1.69s
2026-07-06 15:47:50.078 | INFO     | pycaalp.time_balancing.model:run_mip:430 - Running MIP solver ...
  k=    8    5.6% edges  obj=0.8677  obj_vs_ideal=4.18%  α_vs_width=12.13%  Δobj=+0.000%  build=0.08s solve=2.22s
2026-07-06 15:47:52.407 | INFO     | pycaalp.time_balancing.model:run_mip:430 - Running MIP solver ...
  k=   12    6.2% edges  obj=0.8677  obj_vs_ideal=4.18%  α_vs_width=12.13%  Δobj=+0.000%  build=0.11s solve=2.69s
2026-07-06 15:47:55.255 | INFO     | pycaalp.time_balancing.model:run_mip:430 - Running MIP solver ...
  k=   16    7.1% edges  obj=0.8638  obj_vs_ideal=3.71%  α_vs_width=17.06%  Δobj=+0.446%  build=0.16s solve=2.16s
2026-07-06 15:47:57.592 | INFO     | pycaalp.time_balancing.model:run_mip:430 - Running MIP solver ...
  k=   24   10.5% edges  obj=0.8592  obj_vs_ideal=3.16%  α_vs_width=13.8%  Δobj=+0.534%  build=0.18s solve=3.13s
  → stop: stop_perc_graph

Done. CSV → experiments/adaptive_convergence/assembly_1_np_7/adaptive_convergence_lambda_0.2.csv

----------------- λ = 0.3 -----------------
========================================================================
adaptive convergence (oracle-free) — assembly_1  P=7  λ=0.3
========================================================================

Building assembly digraph …
2026-07-06 15:47:41.594 | INFO     | pycaalp.gapp.assembly_digraph:compute_assembly_digraph_complete:396 - Computing assembly digraph...
  343 nodes, 1105 edges  (0.3s)
  ideal obj (Σ shortest-path bound) = 0.8329
  phase width (T_total/P)           = 308.12

[adaptive] k-sweep (stop at 10.0% of edges):
2026-07-06 15:47:41.911 | INFO     | pycaalp.time_balancing.model:run_mip:430 - Running MIP solver ...
  k=    1    3.2% edges  obj=0.8761  obj_vs_ideal=5.18%  α_vs_width=11.48%  Δobj=   —     build=0.01s solve=2.41s
2026-07-06 15:47:44.339 | INFO     | pycaalp.time_balancing.model:run_mip:430 - Running MIP solver ...
  k=    2    3.7% edges  obj=0.8761  obj_vs_ideal=5.18%  α_vs_width=11.48%  Δobj=+0.000%  build=0.02s solve=1.54s
2026-07-06 15:47:45.902 | INFO     | pycaalp.time_balancing.model:run_mip:430 - Running MIP solver ...
  k=    3    4.3% edges  obj=0.8761  obj_vs_ideal=5.18%  α_vs_width=11.48%  Δobj=+0.000%  build=0.02s solve=1.21s
2026-07-06 15:47:47.160 | INFO     | pycaalp.time_balancing.model:run_mip:430 - Running MIP solver ...
  k=    4    4.6% edges  obj=0.8761  obj_vs_ideal=5.18%  α_vs_width=11.48%  Δobj=+0.000%  build=0.05s solve=2.07s
2026-07-06 15:47:49.277 | INFO     | pycaalp.time_balancing.model:run_mip:430 - Running MIP solver ...
  k=    6    5.4% edges  obj=0.8760  obj_vs_ideal=5.17%  α_vs_width=12.13%  Δobj=+0.012%  build=0.05s solve=2.62s
2026-07-06 15:47:51.978 | INFO     | pycaalp.time_balancing.model:run_mip:430 - Running MIP solver ...
  k=    8    5.6% edges  obj=0.8760  obj_vs_ideal=5.17%  α_vs_width=12.13%  Δobj=+0.000%  build=0.08s solve=2.87s
2026-07-06 15:47:54.957 | INFO     | pycaalp.time_balancing.model:run_mip:430 - Running MIP solver ...
  k=   12    6.2% edges  obj=0.8760  obj_vs_ideal=5.17%  α_vs_width=12.13%  Δobj=-0.000%  build=0.11s solve=1.96s
2026-07-06 15:47:57.066 | INFO     | pycaalp.time_balancing.model:run_mip:430 - Running MIP solver ...
  k=   16    7.1% edges  obj=0.8760  obj_vs_ideal=5.17%  α_vs_width=12.13%  Δobj=+0.000%  build=0.15s solve=1.72s
2026-07-06 15:47:58.929 | INFO     | pycaalp.time_balancing.model:run_mip:430 - Running MIP solver ...
  k=   24   10.9% edges  obj=0.8701  obj_vs_ideal=4.46%  α_vs_width=13.8%  Δobj=+0.675%  build=0.14s solve=2.85s
  → stop: stop_perc_graph

Done. CSV → experiments/adaptive_convergence/assembly_1_np_7/adaptive_convergence_lambda_0.3.csv

----------------- λ = 0.4 -----------------
========================================================================
adaptive convergence (oracle-free) — assembly_1  P=7  λ=0.4
========================================================================

Building assembly digraph …
2026-07-06 15:47:41.596 | INFO     | pycaalp.gapp.assembly_digraph:compute_assembly_digraph_complete:396 - Computing assembly digraph...
  343 nodes, 1105 edges  (0.3s)
  ideal obj (Σ shortest-path bound) = 0.8329
  phase width (T_total/P)           = 308.12

[adaptive] k-sweep (stop at 10.0% of edges):
2026-07-06 15:47:41.950 | INFO     | pycaalp.time_balancing.model:run_mip:430 - Running MIP solver ...
  k=    1    3.2% edges  obj=0.8836  obj_vs_ideal=6.08%  α_vs_width=11.48%  Δobj=   —     build=0.01s solve=0.91s
2026-07-06 15:47:42.889 | INFO     | pycaalp.time_balancing.model:run_mip:430 - Running MIP solver ...
  k=    2    3.7% edges  obj=0.8836  obj_vs_ideal=6.08%  α_vs_width=11.48%  Δobj=-0.000%  build=0.03s solve=1.80s
2026-07-06 15:47:44.713 | INFO     | pycaalp.time_balancing.model:run_mip:430 - Running MIP solver ...
  k=    3    4.3% edges  obj=0.8836  obj_vs_ideal=6.08%  α_vs_width=11.48%  Δobj=+0.000%  build=0.03s solve=1.27s
2026-07-06 15:47:46.016 | INFO     | pycaalp.time_balancing.model:run_mip:430 - Running MIP solver ...
  k=    4    4.6% edges  obj=0.8836  obj_vs_ideal=6.08%  α_vs_width=11.48%  Δobj=+0.000%  build=0.03s solve=1.76s
2026-07-06 15:47:47.849 | INFO     | pycaalp.time_balancing.model:run_mip:430 - Running MIP solver ...
  k=    6    5.4% edges  obj=0.8836  obj_vs_ideal=6.08%  α_vs_width=11.48%  Δobj=+0.000%  build=0.07s solve=1.68s
2026-07-06 15:47:49.583 | INFO     | pycaalp.time_balancing.model:run_mip:430 - Running MIP solver ...
  k=    8    5.6% edges  obj=0.8836  obj_vs_ideal=6.08%  α_vs_width=11.48%  Δobj=-0.000%  build=0.06s solve=0.83s
2026-07-06 15:47:50.519 | INFO     | pycaalp.time_balancing.model:run_mip:430 - Running MIP solver ...
  k=   12    6.2% edges  obj=0.8836  obj_vs_ideal=6.08%  α_vs_width=11.48%  Δobj=+0.000%  build=0.10s solve=2.05s
2026-07-06 15:47:52.718 | INFO     | pycaalp.time_balancing.model:run_mip:430 - Running MIP solver ...
  k=   16    7.1% edges  obj=0.8836  obj_vs_ideal=6.08%  α_vs_width=11.48%  Δobj=+0.000%  build=0.14s solve=1.61s
2026-07-06 15:47:54.561 | INFO     | pycaalp.time_balancing.model:run_mip:430 - Running MIP solver ...
  k=   24   11.2% edges  obj=0.8836  obj_vs_ideal=6.08%  α_vs_width=11.48%  Δobj=+0.000%  build=0.23s solve=2.60s
  → stop: stop_perc_graph

Done. CSV → experiments/adaptive_convergence/assembly_1_np_7/adaptive_convergence_lambda_0.4.csv

----------------- λ = 0.5 -----------------
========================================================================
adaptive convergence (oracle-free) — assembly_1  P=7  λ=0.5
========================================================================

Building assembly digraph …
2026-07-06 15:47:41.684 | INFO     | pycaalp.gapp.assembly_digraph:compute_assembly_digraph_complete:396 - Computing assembly digraph...
  343 nodes, 1105 edges  (0.2s)
  ideal obj (Σ shortest-path bound) = 0.8329
  phase width (T_total/P)           = 308.12

[adaptive] k-sweep (stop at 10.0% of edges):
2026-07-06 15:47:41.896 | INFO     | pycaalp.time_balancing.model:run_mip:430 - Running MIP solver ...
  k=    1    3.2% edges  obj=0.8911  obj_vs_ideal=6.98%  α_vs_width=11.48%  Δobj=   —     build=0.01s solve=1.61s
2026-07-06 15:47:43.529 | INFO     | pycaalp.time_balancing.model:run_mip:430 - Running MIP solver ...
  k=    2    3.7% edges  obj=0.8911  obj_vs_ideal=6.98%  α_vs_width=11.48%  Δobj=-0.000%  build=0.02s solve=2.52s
2026-07-06 15:47:46.094 | INFO     | pycaalp.time_balancing.model:run_mip:430 - Running MIP solver ...
  k=    3    4.3% edges  obj=0.8911  obj_vs_ideal=6.98%  α_vs_width=11.48%  Δobj=+0.000%  build=0.04s solve=0.85s
2026-07-06 15:47:46.979 | INFO     | pycaalp.time_balancing.model:run_mip:430 - Running MIP solver ...
  k=    4    4.6% edges  obj=0.8911  obj_vs_ideal=6.98%  α_vs_width=11.48%  Δobj=+0.000%  build=0.03s solve=0.69s
2026-07-06 15:47:47.715 | INFO     | pycaalp.time_balancing.model:run_mip:430 - Running MIP solver ...
  k=    6    5.4% edges  obj=0.8911  obj_vs_ideal=6.98%  α_vs_width=11.48%  Δobj=+0.000%  build=0.05s solve=1.93s
2026-07-06 15:47:49.718 | INFO     | pycaalp.time_balancing.model:run_mip:430 - Running MIP solver ...
  k=    8    5.6% edges  obj=0.8911  obj_vs_ideal=6.98%  α_vs_width=11.48%  Δobj=+0.000%  build=0.07s solve=0.85s
2026-07-06 15:47:50.663 | INFO     | pycaalp.time_balancing.model:run_mip:430 - Running MIP solver ...
  k=   12    6.2% edges  obj=0.8911  obj_vs_ideal=6.98%  α_vs_width=11.48%  Δobj=+0.000%  build=0.09s solve=2.54s
2026-07-06 15:47:53.360 | INFO     | pycaalp.time_balancing.model:run_mip:430 - Running MIP solver ...
  k=   16    7.1% edges  obj=0.8911  obj_vs_ideal=6.98%  α_vs_width=11.48%  Δobj=+0.000%  build=0.15s solve=2.06s
2026-07-06 15:47:55.588 | INFO     | pycaalp.time_balancing.model:run_mip:430 - Running MIP solver ...
  k=   24   11.2% edges  obj=0.8911  obj_vs_ideal=6.98%  α_vs_width=11.48%  Δobj=+0.000%  build=0.17s solve=4.56s
  → stop: stop_perc_graph

Done. CSV → experiments/adaptive_convergence/assembly_1_np_7/adaptive_convergence_lambda_0.5.csv

----------------- λ = 0.6 -----------------
========================================================================
adaptive convergence (oracle-free) — assembly_1  P=7  λ=0.6
========================================================================

Building assembly digraph …
2026-07-06 15:47:41.651 | INFO     | pycaalp.gapp.assembly_digraph:compute_assembly_digraph_complete:396 - Computing assembly digraph...
  343 nodes, 1105 edges  (0.3s)
  ideal obj (Σ shortest-path bound) = 0.8329
  phase width (T_total/P)           = 308.12

[adaptive] k-sweep (stop at 10.0% of edges):
2026-07-06 15:47:41.952 | INFO     | pycaalp.time_balancing.model:run_mip:430 - Running MIP solver ...
  k=    1    3.2% edges  obj=0.8986  obj_vs_ideal=7.88%  α_vs_width=11.48%  Δobj=   —     build=0.02s solve=2.25s
2026-07-06 15:47:44.215 | INFO     | pycaalp.time_balancing.model:run_mip:430 - Running MIP solver ...
  k=    2    3.7% edges  obj=0.8986  obj_vs_ideal=7.88%  α_vs_width=11.48%  Δobj=+0.000%  build=0.02s solve=1.76s
2026-07-06 15:47:45.997 | INFO     | pycaalp.time_balancing.model:run_mip:430 - Running MIP solver ...
  k=    3    4.3% edges  obj=0.8986  obj_vs_ideal=7.88%  α_vs_width=11.48%  Δobj=+0.000%  build=0.03s solve=0.67s
2026-07-06 15:47:46.701 | INFO     | pycaalp.time_balancing.model:run_mip:430 - Running MIP solver ...
  k=    4    4.6% edges  obj=0.8986  obj_vs_ideal=7.88%  α_vs_width=11.48%  Δobj=+0.000%  build=0.03s solve=1.79s
2026-07-06 15:47:48.534 | INFO     | pycaalp.time_balancing.model:run_mip:430 - Running MIP solver ...
  k=    6    5.4% edges  obj=0.8986  obj_vs_ideal=7.88%  α_vs_width=11.48%  Δobj=+0.000%  build=0.04s solve=1.61s
2026-07-06 15:47:50.216 | INFO     | pycaalp.time_balancing.model:run_mip:430 - Running MIP solver ...
  k=    8    5.6% edges  obj=0.8986  obj_vs_ideal=7.88%  α_vs_width=11.48%  Δobj=+0.000%  build=0.07s solve=0.90s
2026-07-06 15:47:51.215 | INFO     | pycaalp.time_balancing.model:run_mip:430 - Running MIP solver ...
  k=   12    6.2% edges  obj=0.8986  obj_vs_ideal=7.88%  α_vs_width=11.48%  Δobj=+0.000%  build=0.10s solve=2.44s
2026-07-06 15:47:53.832 | INFO     | pycaalp.time_balancing.model:run_mip:430 - Running MIP solver ...
  k=   16    7.1% edges  obj=0.8986  obj_vs_ideal=7.88%  α_vs_width=11.48%  Δobj=+0.000%  build=0.17s solve=2.36s
2026-07-06 15:47:56.364 | INFO     | pycaalp.time_balancing.model:run_mip:430 - Running MIP solver ...
  k=   24   11.5% edges  obj=0.8986  obj_vs_ideal=7.88%  α_vs_width=11.48%  Δobj=-0.000%  build=0.17s solve=4.81s
  → stop: stop_perc_graph

Done. CSV → experiments/adaptive_convergence/assembly_1_np_7/adaptive_convergence_lambda_0.6.csv

----------------- λ = 0.7 -----------------
========================================================================
adaptive convergence (oracle-free) — assembly_1  P=7  λ=0.7
========================================================================

Building assembly digraph …
2026-07-06 15:47:41.691 | INFO     | pycaalp.gapp.assembly_digraph:compute_assembly_digraph_complete:396 - Computing assembly digraph...
  343 nodes, 1105 edges  (0.3s)
  ideal obj (Σ shortest-path bound) = 0.8329
  phase width (T_total/P)           = 308.12

[adaptive] k-sweep (stop at 10.0% of edges):
2026-07-06 15:47:41.976 | INFO     | pycaalp.time_balancing.model:run_mip:430 - Running MIP solver ...
  k=    1    3.2% edges  obj=0.9061  obj_vs_ideal=8.78%  α_vs_width=11.48%  Δobj=   —     build=0.01s solve=0.88s
2026-07-06 15:47:42.876 | INFO     | pycaalp.time_balancing.model:run_mip:430 - Running MIP solver ...
  k=    2    3.7% edges  obj=0.9061  obj_vs_ideal=8.78%  α_vs_width=11.48%  Δobj=+0.000%  build=0.02s solve=1.07s
2026-07-06 15:47:43.974 | INFO     | pycaalp.time_balancing.model:run_mip:430 - Running MIP solver ...
  k=    3    4.3% edges  obj=0.9061  obj_vs_ideal=8.78%  α_vs_width=11.48%  Δobj=-0.000%  build=0.03s solve=0.67s
2026-07-06 15:47:44.682 | INFO     | pycaalp.time_balancing.model:run_mip:430 - Running MIP solver ...
  k=    4    4.6% edges  obj=0.9061  obj_vs_ideal=8.78%  α_vs_width=11.48%  Δobj=+0.000%  build=0.03s solve=0.84s
2026-07-06 15:47:45.578 | INFO     | pycaalp.time_balancing.model:run_mip:430 - Running MIP solver ...
  k=    6    5.4% edges  obj=0.9061  obj_vs_ideal=8.78%  α_vs_width=11.48%  Δobj=-0.000%  build=0.06s solve=0.86s
2026-07-06 15:47:46.508 | INFO     | pycaalp.time_balancing.model:run_mip:430 - Running MIP solver ...
  k=    8    5.6% edges  obj=0.9061  obj_vs_ideal=8.78%  α_vs_width=11.48%  Δobj=+0.000%  build=0.07s solve=1.50s
2026-07-06 15:47:48.127 | INFO     | pycaalp.time_balancing.model:run_mip:430 - Running MIP solver ...
  k=   12    6.2% edges  obj=0.9061  obj_vs_ideal=8.78%  α_vs_width=11.48%  Δobj=+0.000%  build=0.12s solve=0.96s
2026-07-06 15:47:49.234 | INFO     | pycaalp.time_balancing.model:run_mip:430 - Running MIP solver ...
  k=   16    7.1% edges  obj=0.9061  obj_vs_ideal=8.78%  α_vs_width=11.48%  Δobj=+0.000%  build=0.15s solve=2.29s
2026-07-06 15:47:51.703 | INFO     | pycaalp.time_balancing.model:run_mip:430 - Running MIP solver ...
  k=   24   10.8% edges  obj=0.9027  obj_vs_ideal=8.38%  α_vs_width=10.06%  Δobj=+0.371%  build=0.17s solve=3.66s
  → stop: stop_perc_graph

Done. CSV → experiments/adaptive_convergence/assembly_1_np_7/adaptive_convergence_lambda_0.7.csv

----------------- λ = 0.8 -----------------
========================================================================
adaptive convergence (oracle-free) — assembly_1  P=7  λ=0.8
========================================================================

Building assembly digraph …
2026-07-06 15:47:41.669 | INFO     | pycaalp.gapp.assembly_digraph:compute_assembly_digraph_complete:396 - Computing assembly digraph...
  343 nodes, 1105 edges  (0.2s)
  ideal obj (Σ shortest-path bound) = 0.8329
  phase width (T_total/P)           = 308.12

[adaptive] k-sweep (stop at 10.0% of edges):
2026-07-06 15:47:41.930 | INFO     | pycaalp.time_balancing.model:run_mip:430 - Running MIP solver ...
  k=    1    3.2% edges  obj=0.9136  obj_vs_ideal=9.68%  α_vs_width=11.48%  Δobj=   —     build=0.02s solve=2.83s
2026-07-06 15:47:44.778 | INFO     | pycaalp.time_balancing.model:run_mip:430 - Running MIP solver ...
  k=    2    3.7% edges  obj=0.9136  obj_vs_ideal=9.68%  α_vs_width=11.48%  Δobj=+0.000%  build=0.02s solve=0.48s
2026-07-06 15:47:45.284 | INFO     | pycaalp.time_balancing.model:run_mip:430 - Running MIP solver ...
  k=    3    4.3% edges  obj=0.9136  obj_vs_ideal=9.68%  α_vs_width=11.48%  Δobj=-0.000%  build=0.02s solve=0.83s
2026-07-06 15:47:46.160 | INFO     | pycaalp.time_balancing.model:run_mip:430 - Running MIP solver ...
  k=    4    4.6% edges  obj=0.9136  obj_vs_ideal=9.68%  α_vs_width=11.48%  Δobj=+0.000%  build=0.05s solve=0.92s
2026-07-06 15:47:47.139 | INFO     | pycaalp.time_balancing.model:run_mip:430 - Running MIP solver ...
  k=    6    5.4% edges  obj=0.9136  obj_vs_ideal=9.68%  α_vs_width=11.48%  Δobj=+0.000%  build=0.05s solve=2.36s
2026-07-06 15:47:49.560 | INFO     | pycaalp.time_balancing.model:run_mip:430 - Running MIP solver ...
  k=    8    5.6% edges  obj=0.9136  obj_vs_ideal=9.68%  α_vs_width=11.48%  Δobj=-0.000%  build=0.06s solve=1.17s
2026-07-06 15:47:50.876 | INFO     | pycaalp.time_balancing.model:run_mip:430 - Running MIP solver ...
  k=   12    6.2% edges  obj=0.9136  obj_vs_ideal=9.68%  α_vs_width=11.48%  Δobj=+0.000%  build=0.14s solve=1.38s
2026-07-06 15:47:52.407 | INFO     | pycaalp.time_balancing.model:run_mip:430 - Running MIP solver ...
  k=   16    7.1% edges  obj=0.9136  obj_vs_ideal=9.68%  α_vs_width=11.48%  Δobj=+0.000%  build=0.15s solve=1.81s
2026-07-06 15:47:54.405 | INFO     | pycaalp.time_balancing.model:run_mip:430 - Running MIP solver ...
  k=   24    9.6% edges  obj=0.9136  obj_vs_ideal=9.68%  α_vs_width=11.48%  Δobj=+0.000%  build=0.19s solve=2.75s
2026-07-06 15:47:57.350 | INFO     | pycaalp.time_balancing.model:run_mip:430 - Running MIP solver ...
  k=   32   16.6% edges  obj=0.9136  obj_vs_ideal=9.68%  α_vs_width=11.48%  Δobj=-0.000%  build=0.19s solve=4.22s
  → stop: stop_perc_graph

Done. CSV → experiments/adaptive_convergence/assembly_1_np_7/adaptive_convergence_lambda_0.8.csv

----------------- λ = 0.9 -----------------
========================================================================
adaptive convergence (oracle-free) — assembly_1  P=7  λ=0.9
========================================================================

Building assembly digraph …
2026-07-06 15:47:41.634 | INFO     | pycaalp.gapp.assembly_digraph:compute_assembly_digraph_complete:396 - Computing assembly digraph...
  343 nodes, 1105 edges  (0.3s)
  ideal obj (Σ shortest-path bound) = 0.8329
  phase width (T_total/P)           = 308.12

[adaptive] k-sweep (stop at 10.0% of edges):
2026-07-06 15:47:41.913 | INFO     | pycaalp.time_balancing.model:run_mip:430 - Running MIP solver ...
  k=    1    3.2% edges  obj=0.9211  obj_vs_ideal=10.58%  α_vs_width=11.48%  Δobj=   —     build=0.01s solve=1.40s
2026-07-06 15:47:43.330 | INFO     | pycaalp.time_balancing.model:run_mip:430 - Running MIP solver ...
  k=    2    3.7% edges  obj=0.9211  obj_vs_ideal=10.58%  α_vs_width=11.48%  Δobj=-0.000%  build=0.02s solve=1.20s
2026-07-06 15:47:44.560 | INFO     | pycaalp.time_balancing.model:run_mip:430 - Running MIP solver ...
  k=    3    4.3% edges  obj=0.9211  obj_vs_ideal=10.58%  α_vs_width=11.48%  Δobj=+0.000%  build=0.03s solve=1.42s
2026-07-06 15:47:46.015 | INFO     | pycaalp.time_balancing.model:run_mip:430 - Running MIP solver ...
  k=    4    4.6% edges  obj=0.9211  obj_vs_ideal=10.58%  α_vs_width=11.48%  Δobj=+0.000%  build=0.03s solve=0.77s
2026-07-06 15:47:46.832 | INFO     | pycaalp.time_balancing.model:run_mip:430 - Running MIP solver ...
  k=    6    5.4% edges  obj=0.9211  obj_vs_ideal=10.58%  α_vs_width=11.48%  Δobj=+0.000%  build=0.05s solve=0.94s
2026-07-06 15:47:47.834 | INFO     | pycaalp.time_balancing.model:run_mip:430 - Running MIP solver ...
  k=    8    5.6% edges  obj=0.9211  obj_vs_ideal=10.58%  α_vs_width=11.48%  Δobj=-0.000%  build=0.06s solve=1.04s
2026-07-06 15:47:49.003 | INFO     | pycaalp.time_balancing.model:run_mip:430 - Running MIP solver ...
  k=   12    6.2% edges  obj=0.9211  obj_vs_ideal=10.58%  α_vs_width=11.48%  Δobj=+0.000%  build=0.13s solve=1.49s
2026-07-06 15:47:50.638 | INFO     | pycaalp.time_balancing.model:run_mip:430 - Running MIP solver ...
  k=   16    7.1% edges  obj=0.9211  obj_vs_ideal=10.58%  α_vs_width=11.48%  Δobj=-0.000%  build=0.14s solve=1.96s
2026-07-06 15:47:52.811 | INFO     | pycaalp.time_balancing.model:run_mip:430 - Running MIP solver ...
  k=   24    9.6% edges  obj=0.9211  obj_vs_ideal=10.58%  α_vs_width=11.48%  Δobj=+0.000%  build=0.21s solve=3.00s
2026-07-06 15:47:55.971 | INFO     | pycaalp.time_balancing.model:run_mip:430 - Running MIP solver ...
  k=   32   16.6% edges  obj=0.9211  obj_vs_ideal=10.58%  α_vs_width=11.48%  Δobj=+0.000%  build=0.16s solve=4.75s
  → stop: stop_perc_graph

Done. CSV → experiments/adaptive_convergence/assembly_1_np_7/adaptive_convergence_lambda_0.9.csv
Combined CSV → experiments/adaptive_convergence/assembly_1_np_7/adaptive_convergence.csv
Saved experiments/adaptive_convergence/assembly_1_np_7/convergence_path_vs_cmin_assembly_1_P7.svg
Saved experiments/adaptive_convergence/assembly_1_np_7/convergence_alpha_vs_width_assembly_1_P7.svg
Saved experiments/adaptive_convergence/assembly_1_np_7/convergence_fused_assembly_1_P7.svg
Saved experiments/adaptive_convergence/assembly_1_np_7/solutions_asp_plp_assembly_1_P7.svg
