============ adaptive convergence (oracle-free) sweep ============
date         : 2026-07-06T15:36:45+02:00
host         : TUMWUTG-MIT148
git commit   : 3bac723 (research/wgp-2026)
python       : Python 3.14.4
instance     : assembly_1
parts file   : data/assembly_1/assembly_1_parts.json
dfm file     : (none)
num_phases   : 5
lambda grid  : 0.1 0.2 0.3 0.4 0.5 0.6 0.7 0.8 0.9
jobs (par.)  : 9
rundir       : experiments/adaptive_convergence/assembly_1_np_5
=================================================================
extra args   : --num-phases 5

----------------- λ = 0.1 -----------------
========================================================================
adaptive convergence (oracle-free) — assembly_1  P=5  λ=0.1
========================================================================

Building assembly digraph …
2026-07-06 15:36:45.700 | INFO     | pycaalp.gapp.assembly_digraph:compute_assembly_digraph_complete:396 - Computing assembly digraph...
  343 nodes, 1105 edges  (0.2s)
  ideal obj (Σ shortest-path bound) = 0.8329
  phase width (T_total/P)           = 431.37

[adaptive] k-sweep (stop at 10.0% of edges):
2026-07-06 15:36:45.951 | INFO     | pycaalp.time_balancing.model:run_mip:430 - Running MIP solver ...
  k=    1    3.2% edges  obj=0.8453  obj_vs_ideal=1.49%  α_vs_width=14.91%  Δobj=   —     build=0.01s solve=0.59s
2026-07-06 15:36:46.562 | INFO     | pycaalp.time_balancing.model:run_mip:430 - Running MIP solver ...
  k=    2    3.6% edges  obj=0.8453  obj_vs_ideal=1.49%  α_vs_width=14.91%  Δobj=+0.000%  build=0.02s solve=1.54s
2026-07-06 15:36:48.128 | INFO     | pycaalp.time_balancing.model:run_mip:430 - Running MIP solver ...
  k=    3    4.2% edges  obj=0.8453  obj_vs_ideal=1.49%  α_vs_width=14.91%  Δobj=-0.000%  build=0.02s solve=0.61s
2026-07-06 15:36:48.764 | INFO     | pycaalp.time_balancing.model:run_mip:430 - Running MIP solver ...
  k=    4    4.5% edges  obj=0.8453  obj_vs_ideal=1.49%  α_vs_width=14.91%  Δobj=+0.000%  build=0.03s solve=0.46s
2026-07-06 15:36:49.277 | INFO     | pycaalp.time_balancing.model:run_mip:430 - Running MIP solver ...
  k=    6    5.1% edges  obj=0.8453  obj_vs_ideal=1.49%  α_vs_width=14.91%  Δobj=-0.000%  build=0.05s solve=0.92s
2026-07-06 15:36:50.281 | INFO     | pycaalp.time_balancing.model:run_mip:430 - Running MIP solver ...
  k=    8    5.6% edges  obj=0.8453  obj_vs_ideal=1.49%  α_vs_width=14.91%  Δobj=+0.000%  build=0.08s solve=1.28s
2026-07-06 15:36:51.652 | INFO     | pycaalp.time_balancing.model:run_mip:430 - Running MIP solver ...
  k=   12    6.1% edges  obj=0.8453  obj_vs_ideal=1.49%  α_vs_width=14.91%  Δobj=+0.000%  build=0.09s solve=1.46s
2026-07-06 15:36:53.204 | INFO     | pycaalp.time_balancing.model:run_mip:430 - Running MIP solver ...
  k=   16    7.4% edges  obj=0.8452  obj_vs_ideal=1.47%  α_vs_width=12.97%  Δobj=+0.020%  build=0.09s solve=2.31s
2026-07-06 15:36:55.622 | INFO     | pycaalp.time_balancing.model:run_mip:430 - Running MIP solver ...
  k=   24   11.6% edges  obj=0.8452  obj_vs_ideal=1.47%  α_vs_width=12.97%  Δobj=+0.000%  build=0.11s solve=1.74s
  → stop: stop_perc_graph

Done. CSV → experiments/adaptive_convergence/assembly_1_np_5/adaptive_convergence_lambda_0.1.csv

----------------- λ = 0.2 -----------------
========================================================================
adaptive convergence (oracle-free) — assembly_1  P=5  λ=0.2
========================================================================

Building assembly digraph …
2026-07-06 15:36:45.649 | INFO     | pycaalp.gapp.assembly_digraph:compute_assembly_digraph_complete:396 - Computing assembly digraph...
  343 nodes, 1105 edges  (0.3s)
  ideal obj (Σ shortest-path bound) = 0.8329
  phase width (T_total/P)           = 431.37

[adaptive] k-sweep (stop at 10.0% of edges):
2026-07-06 15:36:45.964 | INFO     | pycaalp.time_balancing.model:run_mip:430 - Running MIP solver ...
  k=    1    3.2% edges  obj=0.8578  obj_vs_ideal=2.98%  α_vs_width=14.91%  Δobj=   —     build=0.02s solve=0.56s
2026-07-06 15:36:46.550 | INFO     | pycaalp.time_balancing.model:run_mip:430 - Running MIP solver ...
  k=    2    3.6% edges  obj=0.8578  obj_vs_ideal=2.98%  α_vs_width=14.91%  Δobj=+0.000%  build=0.02s solve=1.02s
2026-07-06 15:36:47.596 | INFO     | pycaalp.time_balancing.model:run_mip:430 - Running MIP solver ...
  k=    3    4.2% edges  obj=0.8578  obj_vs_ideal=2.98%  α_vs_width=14.91%  Δobj=+0.000%  build=0.02s solve=0.92s
2026-07-06 15:36:48.556 | INFO     | pycaalp.time_balancing.model:run_mip:430 - Running MIP solver ...
  k=    4    4.5% edges  obj=0.8578  obj_vs_ideal=2.98%  α_vs_width=14.91%  Δobj=-0.000%  build=0.04s solve=1.24s
2026-07-06 15:36:49.852 | INFO     | pycaalp.time_balancing.model:run_mip:430 - Running MIP solver ...
  k=    6    5.1% edges  obj=0.8578  obj_vs_ideal=2.98%  α_vs_width=14.91%  Δobj=+0.000%  build=0.05s solve=0.90s
2026-07-06 15:36:50.799 | INFO     | pycaalp.time_balancing.model:run_mip:430 - Running MIP solver ...
  k=    8    5.6% edges  obj=0.8578  obj_vs_ideal=2.98%  α_vs_width=14.91%  Δobj=+0.000%  build=0.05s solve=1.32s
2026-07-06 15:36:52.184 | INFO     | pycaalp.time_balancing.model:run_mip:430 - Running MIP solver ...
  k=   12    6.1% edges  obj=0.8578  obj_vs_ideal=2.98%  α_vs_width=14.91%  Δobj=+0.000%  build=0.07s solve=1.24s
2026-07-06 15:36:53.523 | INFO     | pycaalp.time_balancing.model:run_mip:430 - Running MIP solver ...
  k=   16    7.4% edges  obj=0.8558  obj_vs_ideal=2.75%  α_vs_width=12.97%  Δobj=+0.228%  build=0.10s solve=2.45s
2026-07-06 15:36:56.079 | INFO     | pycaalp.time_balancing.model:run_mip:430 - Running MIP solver ...
  k=   24   11.6% edges  obj=0.8558  obj_vs_ideal=2.75%  α_vs_width=12.97%  Δobj=+0.000%  build=0.10s solve=0.92s
  → stop: stop_perc_graph

Done. CSV → experiments/adaptive_convergence/assembly_1_np_5/adaptive_convergence_lambda_0.2.csv

----------------- λ = 0.3 -----------------
========================================================================
adaptive convergence (oracle-free) — assembly_1  P=5  λ=0.3
========================================================================

Building assembly digraph …
2026-07-06 15:36:45.672 | INFO     | pycaalp.gapp.assembly_digraph:compute_assembly_digraph_complete:396 - Computing assembly digraph...
  343 nodes, 1105 edges  (0.4s)
  ideal obj (Σ shortest-path bound) = 0.8329
  phase width (T_total/P)           = 431.37

[adaptive] k-sweep (stop at 10.0% of edges):
2026-07-06 15:36:46.062 | INFO     | pycaalp.time_balancing.model:run_mip:430 - Running MIP solver ...
  k=    1    3.2% edges  obj=0.8702  obj_vs_ideal=4.47%  α_vs_width=14.91%  Δobj=   —     build=0.02s solve=1.38s
2026-07-06 15:36:47.471 | INFO     | pycaalp.time_balancing.model:run_mip:430 - Running MIP solver ...
  k=    2    3.6% edges  obj=0.8702  obj_vs_ideal=4.47%  α_vs_width=14.91%  Δobj=+0.000%  build=0.03s solve=1.67s
2026-07-06 15:36:49.159 | INFO     | pycaalp.time_balancing.model:run_mip:430 - Running MIP solver ...
  k=    3    4.2% edges  obj=0.8702  obj_vs_ideal=4.47%  α_vs_width=14.91%  Δobj=+0.000%  build=0.02s solve=0.58s
2026-07-06 15:36:49.765 | INFO     | pycaalp.time_balancing.model:run_mip:430 - Running MIP solver ...
  k=    4    4.5% edges  obj=0.8702  obj_vs_ideal=4.47%  α_vs_width=14.91%  Δobj=+0.000%  build=0.03s solve=1.12s
2026-07-06 15:36:50.919 | INFO     | pycaalp.time_balancing.model:run_mip:430 - Running MIP solver ...
  k=    6    5.1% edges  obj=0.8702  obj_vs_ideal=4.47%  α_vs_width=14.91%  Δobj=+0.000%  build=0.04s solve=1.58s
2026-07-06 15:36:52.568 | INFO     | pycaalp.time_balancing.model:run_mip:430 - Running MIP solver ...
  k=    8    5.6% edges  obj=0.8702  obj_vs_ideal=4.47%  α_vs_width=14.91%  Δobj=+0.000%  build=0.07s solve=1.80s
2026-07-06 15:36:54.436 | INFO     | pycaalp.time_balancing.model:run_mip:430 - Running MIP solver ...
  k=   12    6.1% edges  obj=0.8702  obj_vs_ideal=4.47%  α_vs_width=14.91%  Δobj=+0.000%  build=0.07s solve=0.50s
2026-07-06 15:36:55.021 | INFO     | pycaalp.time_balancing.model:run_mip:430 - Running MIP solver ...
  k=   16    7.4% edges  obj=0.8665  obj_vs_ideal=4.03%  α_vs_width=12.97%  Δobj=+0.429%  build=0.09s solve=0.74s
2026-07-06 15:36:55.865 | INFO     | pycaalp.time_balancing.model:run_mip:430 - Running MIP solver ...
  k=   24   11.7% edges  obj=0.8665  obj_vs_ideal=4.03%  α_vs_width=12.97%  Δobj=+0.000%  build=0.10s solve=1.12s
  → stop: stop_perc_graph

Done. CSV → experiments/adaptive_convergence/assembly_1_np_5/adaptive_convergence_lambda_0.3.csv

----------------- λ = 0.4 -----------------
========================================================================
adaptive convergence (oracle-free) — assembly_1  P=5  λ=0.4
========================================================================

Building assembly digraph …
2026-07-06 15:36:45.653 | INFO     | pycaalp.gapp.assembly_digraph:compute_assembly_digraph_complete:396 - Computing assembly digraph...
  343 nodes, 1105 edges  (0.3s)
  ideal obj (Σ shortest-path bound) = 0.8329
  phase width (T_total/P)           = 431.37

[adaptive] k-sweep (stop at 10.0% of edges):
2026-07-06 15:36:45.992 | INFO     | pycaalp.time_balancing.model:run_mip:430 - Running MIP solver ...
  k=    1    3.2% edges  obj=0.8730  obj_vs_ideal=4.81%  α_vs_width=3.65%  Δobj=   —     build=0.02s solve=0.27s
2026-07-06 15:36:46.283 | INFO     | pycaalp.time_balancing.model:run_mip:430 - Running MIP solver ...
  k=    2    3.6% edges  obj=0.8730  obj_vs_ideal=4.81%  α_vs_width=3.65%  Δobj=-0.000%  build=0.02s solve=1.17s
2026-07-06 15:36:47.481 | INFO     | pycaalp.time_balancing.model:run_mip:430 - Running MIP solver ...
  k=    3    4.2% edges  obj=0.8730  obj_vs_ideal=4.81%  α_vs_width=3.65%  Δobj=+0.000%  build=0.03s solve=0.53s
2026-07-06 15:36:48.046 | INFO     | pycaalp.time_balancing.model:run_mip:430 - Running MIP solver ...
  k=    4    4.5% edges  obj=0.8730  obj_vs_ideal=4.81%  α_vs_width=3.65%  Δobj=+0.000%  build=0.03s solve=1.35s
2026-07-06 15:36:49.436 | INFO     | pycaalp.time_balancing.model:run_mip:430 - Running MIP solver ...
  k=    6    5.1% edges  obj=0.8730  obj_vs_ideal=4.81%  α_vs_width=3.65%  Δobj=+0.000%  build=0.04s solve=1.24s
2026-07-06 15:36:50.743 | INFO     | pycaalp.time_balancing.model:run_mip:430 - Running MIP solver ...
  k=    8    5.6% edges  obj=0.8730  obj_vs_ideal=4.81%  α_vs_width=3.65%  Δobj=+0.000%  build=0.06s solve=0.40s
2026-07-06 15:36:51.225 | INFO     | pycaalp.time_balancing.model:run_mip:430 - Running MIP solver ...
  k=   12    6.1% edges  obj=0.8730  obj_vs_ideal=4.81%  α_vs_width=3.65%  Δobj=-0.000%  build=0.08s solve=1.34s
2026-07-06 15:36:52.663 | INFO     | pycaalp.time_balancing.model:run_mip:430 - Running MIP solver ...
  k=   16    7.4% edges  obj=0.8730  obj_vs_ideal=4.81%  α_vs_width=3.65%  Δobj=+0.000%  build=0.10s solve=1.31s
2026-07-06 15:36:54.075 | INFO     | pycaalp.time_balancing.model:run_mip:430 - Running MIP solver ...
  k=   24   11.0% edges  obj=0.8730  obj_vs_ideal=4.81%  α_vs_width=3.65%  Δobj=+0.000%  build=0.11s solve=1.06s
  → stop: stop_perc_graph

Done. CSV → experiments/adaptive_convergence/assembly_1_np_5/adaptive_convergence_lambda_0.4.csv

----------------- λ = 0.5 -----------------
========================================================================
adaptive convergence (oracle-free) — assembly_1  P=5  λ=0.5
========================================================================

Building assembly digraph …
2026-07-06 15:36:45.594 | INFO     | pycaalp.gapp.assembly_digraph:compute_assembly_digraph_complete:396 - Computing assembly digraph...
  343 nodes, 1105 edges  (0.3s)
  ideal obj (Σ shortest-path bound) = 0.8329
  phase width (T_total/P)           = 431.37

[adaptive] k-sweep (stop at 10.0% of edges):
2026-07-06 15:36:45.924 | INFO     | pycaalp.time_balancing.model:run_mip:430 - Running MIP solver ...
  k=    1    3.2% edges  obj=0.8714  obj_vs_ideal=4.62%  α_vs_width=3.65%  Δobj=   —     build=0.01s solve=0.90s
2026-07-06 15:36:46.838 | INFO     | pycaalp.time_balancing.model:run_mip:430 - Running MIP solver ...
  k=    2    3.6% edges  obj=0.8714  obj_vs_ideal=4.62%  α_vs_width=3.65%  Δobj=+0.000%  build=0.02s solve=0.98s
2026-07-06 15:36:47.846 | INFO     | pycaalp.time_balancing.model:run_mip:430 - Running MIP solver ...
  k=    3    4.2% edges  obj=0.8714  obj_vs_ideal=4.62%  α_vs_width=3.65%  Δobj=-0.000%  build=0.02s solve=0.37s
2026-07-06 15:36:48.262 | INFO     | pycaalp.time_balancing.model:run_mip:430 - Running MIP solver ...
  k=    4    4.5% edges  obj=0.8714  obj_vs_ideal=4.62%  α_vs_width=3.65%  Δobj=+0.000%  build=0.05s solve=0.70s
2026-07-06 15:36:48.995 | INFO     | pycaalp.time_balancing.model:run_mip:430 - Running MIP solver ...
  k=    6    5.1% edges  obj=0.8714  obj_vs_ideal=4.62%  α_vs_width=3.65%  Δobj=-0.000%  build=0.04s solve=0.69s
2026-07-06 15:36:49.731 | INFO     | pycaalp.time_balancing.model:run_mip:430 - Running MIP solver ...
  k=    8    5.6% edges  obj=0.8714  obj_vs_ideal=4.62%  α_vs_width=3.65%  Δobj=+0.000%  build=0.05s solve=0.89s
2026-07-06 15:36:50.720 | INFO     | pycaalp.time_balancing.model:run_mip:430 - Running MIP solver ...
  k=   12    6.1% edges  obj=0.8714  obj_vs_ideal=4.62%  α_vs_width=3.65%  Δobj=+0.000%  build=0.10s solve=0.86s
2026-07-06 15:36:51.686 | INFO     | pycaalp.time_balancing.model:run_mip:430 - Running MIP solver ...
  k=   16    7.4% edges  obj=0.8714  obj_vs_ideal=4.62%  α_vs_width=3.65%  Δobj=-0.000%  build=0.10s solve=0.81s
2026-07-06 15:36:52.601 | INFO     | pycaalp.time_balancing.model:run_mip:430 - Running MIP solver ...
  k=   24   11.2% edges  obj=0.8714  obj_vs_ideal=4.62%  α_vs_width=3.65%  Δobj=+0.000%  build=0.11s solve=0.94s
  → stop: stop_perc_graph

Done. CSV → experiments/adaptive_convergence/assembly_1_np_5/adaptive_convergence_lambda_0.5.csv

----------------- λ = 0.6 -----------------
========================================================================
adaptive convergence (oracle-free) — assembly_1  P=5  λ=0.6
========================================================================

Building assembly digraph …
2026-07-06 15:36:45.612 | INFO     | pycaalp.gapp.assembly_digraph:compute_assembly_digraph_complete:396 - Computing assembly digraph...
  343 nodes, 1105 edges  (0.3s)
  ideal obj (Σ shortest-path bound) = 0.8329
  phase width (T_total/P)           = 431.37

[adaptive] k-sweep (stop at 10.0% of edges):
2026-07-06 15:36:45.935 | INFO     | pycaalp.time_balancing.model:run_mip:430 - Running MIP solver ...
  k=    1    3.2% edges  obj=0.8698  obj_vs_ideal=4.43%  α_vs_width=3.65%  Δobj=   —     build=0.01s solve=1.31s
2026-07-06 15:36:47.264 | INFO     | pycaalp.time_balancing.model:run_mip:430 - Running MIP solver ...
  k=    2    3.6% edges  obj=0.8698  obj_vs_ideal=4.43%  α_vs_width=3.65%  Δobj=+0.000%  build=0.02s solve=0.55s
2026-07-06 15:36:47.841 | INFO     | pycaalp.time_balancing.model:run_mip:430 - Running MIP solver ...
  k=    3    4.2% edges  obj=0.8698  obj_vs_ideal=4.43%  α_vs_width=3.65%  Δobj=+0.000%  build=0.02s solve=0.68s
2026-07-06 15:36:48.558 | INFO     | pycaalp.time_balancing.model:run_mip:430 - Running MIP solver ...
  k=    4    4.5% edges  obj=0.8698  obj_vs_ideal=4.43%  α_vs_width=3.65%  Δobj=+0.000%  build=0.03s solve=0.69s
2026-07-06 15:36:49.305 | INFO     | pycaalp.time_balancing.model:run_mip:430 - Running MIP solver ...
  k=    6    5.1% edges  obj=0.8698  obj_vs_ideal=4.43%  α_vs_width=3.65%  Δobj=-0.000%  build=0.05s solve=1.19s
2026-07-06 15:36:50.547 | INFO     | pycaalp.time_balancing.model:run_mip:430 - Running MIP solver ...
  k=    8    5.6% edges  obj=0.8698  obj_vs_ideal=4.43%  α_vs_width=3.65%  Δobj=+0.000%  build=0.05s solve=0.42s
2026-07-06 15:36:51.051 | INFO     | pycaalp.time_balancing.model:run_mip:430 - Running MIP solver ...
  k=   12    6.1% edges  obj=0.8698  obj_vs_ideal=4.43%  α_vs_width=3.65%  Δobj=+0.000%  build=0.09s solve=0.61s
2026-07-06 15:36:51.779 | INFO     | pycaalp.time_balancing.model:run_mip:430 - Running MIP solver ...
  k=   16    7.4% edges  obj=0.8698  obj_vs_ideal=4.43%  α_vs_width=3.65%  Δobj=+0.000%  build=0.11s solve=0.97s
2026-07-06 15:36:52.898 | INFO     | pycaalp.time_balancing.model:run_mip:430 - Running MIP solver ...
  k=   24   11.2% edges  obj=0.8698  obj_vs_ideal=4.43%  α_vs_width=3.65%  Δobj=+0.000%  build=0.15s solve=1.45s
  → stop: stop_perc_graph

Done. CSV → experiments/adaptive_convergence/assembly_1_np_5/adaptive_convergence_lambda_0.6.csv

----------------- λ = 0.7 -----------------
========================================================================
adaptive convergence (oracle-free) — assembly_1  P=5  λ=0.7
========================================================================

Building assembly digraph …
2026-07-06 15:36:45.701 | INFO     | pycaalp.gapp.assembly_digraph:compute_assembly_digraph_complete:396 - Computing assembly digraph...
  343 nodes, 1105 edges  (0.4s)
  ideal obj (Σ shortest-path bound) = 0.8329
  phase width (T_total/P)           = 431.37

[adaptive] k-sweep (stop at 10.0% of edges):
2026-07-06 15:36:46.111 | INFO     | pycaalp.time_balancing.model:run_mip:430 - Running MIP solver ...
  k=    1    3.2% edges  obj=0.8682  obj_vs_ideal=4.23%  α_vs_width=3.65%  Δobj=   —     build=0.02s solve=0.32s
2026-07-06 15:36:46.450 | INFO     | pycaalp.time_balancing.model:run_mip:430 - Running MIP solver ...
  k=    2    3.6% edges  obj=0.8682  obj_vs_ideal=4.23%  α_vs_width=3.65%  Δobj=+0.000%  build=0.02s solve=0.38s
2026-07-06 15:36:46.860 | INFO     | pycaalp.time_balancing.model:run_mip:430 - Running MIP solver ...
  k=    3    4.2% edges  obj=0.8682  obj_vs_ideal=4.23%  α_vs_width=3.65%  Δobj=+0.000%  build=0.03s solve=1.01s
2026-07-06 15:36:47.904 | INFO     | pycaalp.time_balancing.model:run_mip:430 - Running MIP solver ...
  k=    4    4.5% edges  obj=0.8682  obj_vs_ideal=4.23%  α_vs_width=3.65%  Δobj=-0.000%  build=0.03s solve=0.49s
2026-07-06 15:36:48.467 | INFO     | pycaalp.time_balancing.model:run_mip:430 - Running MIP solver ...
  k=    6    5.1% edges  obj=0.8682  obj_vs_ideal=4.23%  α_vs_width=3.65%  Δobj=+0.000%  build=0.07s solve=0.42s
2026-07-06 15:36:48.941 | INFO     | pycaalp.time_balancing.model:run_mip:430 - Running MIP solver ...
  k=    8    5.6% edges  obj=0.8682  obj_vs_ideal=4.23%  α_vs_width=3.65%  Δobj=+0.000%  build=0.05s solve=0.78s
2026-07-06 15:36:49.792 | INFO     | pycaalp.time_balancing.model:run_mip:430 - Running MIP solver ...
  k=   12    6.1% edges  obj=0.8682  obj_vs_ideal=4.23%  α_vs_width=3.65%  Δobj=+0.000%  build=0.07s solve=0.77s
2026-07-06 15:36:50.657 | INFO     | pycaalp.time_balancing.model:run_mip:430 - Running MIP solver ...
  k=   16    7.4% edges  obj=0.8682  obj_vs_ideal=4.23%  α_vs_width=3.65%  Δobj=+0.000%  build=0.10s solve=1.03s
2026-07-06 15:36:51.801 | INFO     | pycaalp.time_balancing.model:run_mip:430 - Running MIP solver ...
  k=   24   11.5% edges  obj=0.8682  obj_vs_ideal=4.23%  α_vs_width=3.65%  Δobj=+0.000%  build=0.11s solve=1.56s
  → stop: stop_perc_graph

Done. CSV → experiments/adaptive_convergence/assembly_1_np_5/adaptive_convergence_lambda_0.7.csv

----------------- λ = 0.8 -----------------
========================================================================
adaptive convergence (oracle-free) — assembly_1  P=5  λ=0.8
========================================================================

Building assembly digraph …
2026-07-06 15:36:45.745 | INFO     | pycaalp.gapp.assembly_digraph:compute_assembly_digraph_complete:396 - Computing assembly digraph...
  343 nodes, 1105 edges  (0.3s)
  ideal obj (Σ shortest-path bound) = 0.8329
  phase width (T_total/P)           = 431.37

[adaptive] k-sweep (stop at 10.0% of edges):
2026-07-06 15:36:46.071 | INFO     | pycaalp.time_balancing.model:run_mip:430 - Running MIP solver ...
  k=    1    3.2% edges  obj=0.8666  obj_vs_ideal=4.04%  α_vs_width=3.65%  Δobj=   —     build=0.02s solve=0.56s
2026-07-06 15:36:46.645 | INFO     | pycaalp.time_balancing.model:run_mip:430 - Running MIP solver ...
  k=    2    3.6% edges  obj=0.8666  obj_vs_ideal=4.04%  α_vs_width=3.65%  Δobj=+0.000%  build=0.02s solve=0.70s
2026-07-06 15:36:47.387 | INFO     | pycaalp.time_balancing.model:run_mip:430 - Running MIP solver ...
  k=    3    4.2% edges  obj=0.8666  obj_vs_ideal=4.04%  α_vs_width=3.65%  Δobj=+0.000%  build=0.04s solve=0.48s
2026-07-06 15:36:47.894 | INFO     | pycaalp.time_balancing.model:run_mip:430 - Running MIP solver ...
  k=    4    4.5% edges  obj=0.8666  obj_vs_ideal=4.04%  α_vs_width=3.65%  Δobj=+0.000%  build=0.03s solve=0.54s
2026-07-06 15:36:48.473 | INFO     | pycaalp.time_balancing.model:run_mip:430 - Running MIP solver ...
  k=    6    5.1% edges  obj=0.8666  obj_vs_ideal=4.04%  α_vs_width=3.65%  Δobj=+0.000%  build=0.04s solve=0.55s
2026-07-06 15:36:49.083 | INFO     | pycaalp.time_balancing.model:run_mip:430 - Running MIP solver ...
  k=    8    5.6% edges  obj=0.8666  obj_vs_ideal=4.04%  α_vs_width=3.65%  Δobj=-0.000%  build=0.06s solve=0.65s
2026-07-06 15:36:49.825 | INFO     | pycaalp.time_balancing.model:run_mip:430 - Running MIP solver ...
  k=   12    6.1% edges  obj=0.8666  obj_vs_ideal=4.04%  α_vs_width=3.65%  Δobj=+0.000%  build=0.10s solve=0.52s
2026-07-06 15:36:50.446 | INFO     | pycaalp.time_balancing.model:run_mip:430 - Running MIP solver ...
  k=   16    7.4% edges  obj=0.8666  obj_vs_ideal=4.04%  α_vs_width=3.65%  Δobj=-0.000%  build=0.10s solve=0.57s
2026-07-06 15:36:51.141 | INFO     | pycaalp.time_balancing.model:run_mip:430 - Running MIP solver ...
  k=   24   11.6% edges  obj=0.8666  obj_vs_ideal=4.04%  α_vs_width=3.65%  Δobj=+0.000%  build=0.13s solve=1.13s
  → stop: stop_perc_graph

Done. CSV → experiments/adaptive_convergence/assembly_1_np_5/adaptive_convergence_lambda_0.8.csv

----------------- λ = 0.9 -----------------
========================================================================
adaptive convergence (oracle-free) — assembly_1  P=5  λ=0.9
========================================================================

Building assembly digraph …
2026-07-06 15:36:45.705 | INFO     | pycaalp.gapp.assembly_digraph:compute_assembly_digraph_complete:396 - Computing assembly digraph...
  343 nodes, 1105 edges  (0.3s)
  ideal obj (Σ shortest-path bound) = 0.8329
  phase width (T_total/P)           = 431.37

[adaptive] k-sweep (stop at 10.0% of edges):
2026-07-06 15:36:45.998 | INFO     | pycaalp.time_balancing.model:run_mip:430 - Running MIP solver ...
  k=    1    3.2% edges  obj=0.8650  obj_vs_ideal=3.84%  α_vs_width=3.65%  Δobj=   —     build=0.01s solve=1.44s
2026-07-06 15:36:47.469 | INFO     | pycaalp.time_balancing.model:run_mip:430 - Running MIP solver ...
  k=    2    3.6% edges  obj=0.8650  obj_vs_ideal=3.84%  α_vs_width=3.65%  Δobj=+0.000%  build=0.03s solve=1.35s
2026-07-06 15:36:48.855 | INFO     | pycaalp.time_balancing.model:run_mip:430 - Running MIP solver ...
  k=    3    4.2% edges  obj=0.8650  obj_vs_ideal=3.84%  α_vs_width=3.65%  Δobj=+0.000%  build=0.03s solve=0.63s
2026-07-06 15:36:49.511 | INFO     | pycaalp.time_balancing.model:run_mip:430 - Running MIP solver ...
  k=    4    4.5% edges  obj=0.8650  obj_vs_ideal=3.84%  α_vs_width=3.65%  Δobj=+0.000%  build=0.03s solve=0.35s
2026-07-06 15:36:49.901 | INFO     | pycaalp.time_balancing.model:run_mip:430 - Running MIP solver ...
  k=    6    5.1% edges  obj=0.8650  obj_vs_ideal=3.84%  α_vs_width=3.65%  Δobj=+0.000%  build=0.04s solve=0.56s
2026-07-06 15:36:50.511 | INFO     | pycaalp.time_balancing.model:run_mip:430 - Running MIP solver ...
  k=    8    5.6% edges  obj=0.8650  obj_vs_ideal=3.84%  α_vs_width=3.65%  Δobj=+0.000%  build=0.05s solve=1.02s
2026-07-06 15:36:51.600 | INFO     | pycaalp.time_balancing.model:run_mip:430 - Running MIP solver ...
  k=   12    6.1% edges  obj=0.8650  obj_vs_ideal=3.84%  α_vs_width=3.65%  Δobj=+0.000%  build=0.07s solve=0.49s
2026-07-06 15:36:52.195 | INFO     | pycaalp.time_balancing.model:run_mip:430 - Running MIP solver ...
  k=   16    7.4% edges  obj=0.8650  obj_vs_ideal=3.84%  α_vs_width=3.65%  Δobj=+0.000%  build=0.10s solve=0.53s
2026-07-06 15:36:52.834 | INFO     | pycaalp.time_balancing.model:run_mip:430 - Running MIP solver ...
  k=   24   11.5% edges  obj=0.8650  obj_vs_ideal=3.84%  α_vs_width=3.65%  Δobj=+0.000%  build=0.11s solve=1.10s
  → stop: stop_perc_graph

Done. CSV → experiments/adaptive_convergence/assembly_1_np_5/adaptive_convergence_lambda_0.9.csv
Combined CSV → experiments/adaptive_convergence/assembly_1_np_5/adaptive_convergence.csv
Saved experiments/adaptive_convergence/assembly_1_np_5/convergence_path_vs_cmin_assembly_1_P5.svg
Saved experiments/adaptive_convergence/assembly_1_np_5/convergence_alpha_vs_width_assembly_1_P5.svg
Saved experiments/adaptive_convergence/assembly_1_np_5/convergence_fused_assembly_1_P5.svg
Saved experiments/adaptive_convergence/assembly_1_np_5/solutions_asp_plp_assembly_1_P5.svg
