2026-07-02 20:11:47.744 | INFO     | __main__:<module>:193 - Running /home/utg/Work/PyCAALP/experiments/edge_reduction/run.py
2026-07-02 20:11:47.744 | INFO     | __main__:<module>:194 - ASSEMBLY_FNAME='data/assembly_2/assembly_2_parts.json'
2026-07-02 20:11:47.744 | INFO     | __main__:<module>:196 - DFM_FNAME='data/assembly_2/assembly_2_dfm.json'
2026-07-02 20:11:47.744 | INFO     | __main__:<module>:197 - NUM_PHASES=3
2026-07-02 20:11:47.744 | INFO     | __main__:<module>:198 - RES_FNAME='experiments/edge_reduction/sweeps/assembly_2_np_3/lambda_0.8/res.pkl'
2026-07-02 20:11:47.744 | INFO     | experiments.edge_reduction.scripts.combination_runs:run_full_edge_reduction_change:98 - Running test with: red_perc=0
2026-07-02 20:11:47.747 | INFO     | pycaalp.gapp.assembly_digraph:compute_assembly_digraph_complete:395 - Computing assembly digraph...
2026-07-02 20:15:10.236 | INFO     | pycaalp.time_balancing.model:run_mip:430 - Running MIP solver ...
2026-07-03 02:02:42.461 | INFO     | experiments.edge_reduction.scripts.combination_runs:run_full_edge_reduction_change:98 - Running test with: red_perc=10
2026-07-03 02:02:42.463 | INFO     | pycaalp.gapp.assembly_digraph:compute_assembly_digraph_complete:395 - Computing assembly digraph...
2026-07-03 02:09:35.442 | INFO     | pycaalp.time_balancing.model:run_mip:430 - Running MIP solver ...
2026-07-03 07:32:52.660 | INFO     | pycaalp.gapp.assembly_digraph:compute_assembly_digraph_complete:395 - Computing assembly digraph...
2026-07-03 07:38:59.208 | INFO     | pycaalp.time_balancing.model:run_mip:430 - Running MIP solver ...
2026-07-03 10:02:52.142 | INFO     | pycaalp.gapp.assembly_digraph:compute_assembly_digraph_complete:395 - Computing assembly digraph...
2026-07-03 10:09:07.349 | INFO     | pycaalp.time_balancing.model:run_mip:430 - Running MIP solver ...
2026-07-03 13:52:01.655 | INFO     | pycaalp.gapp.assembly_digraph:compute_assembly_digraph_complete:395 - Computing assembly digraph...
2026-07-03 13:58:38.694 | INFO     | pycaalp.time_balancing.model:run_mip:430 - Running MIP solver ...
2026-07-03 18:17:38.570 | INFO     | pycaalp.gapp.assembly_digraph:compute_assembly_digraph_complete:395 - Computing assembly digraph...
2026-07-03 18:24:02.323 | INFO     | pycaalp.time_balancing.model:run_mip:430 - Running MIP solver ...
2026-07-03 20:43:40.766 | INFO     | experiments.edge_reduction.scripts.combination_runs:run_full_edge_reduction_change:98 - Running test with: red_perc=20
2026-07-03 20:43:40.769 | INFO     | pycaalp.gapp.assembly_digraph:compute_assembly_digraph_complete:395 - Computing assembly digraph...
2026-07-03 20:49:33.482 | INFO     | pycaalp.time_balancing.model:run_mip:430 - Running MIP solver ...
2026-07-03 23:03:57.600 | INFO     | pycaalp.gapp.assembly_digraph:compute_assembly_digraph_complete:395 - Computing assembly digraph...
2026-07-03 23:10:01.306 | INFO     | pycaalp.time_balancing.model:run_mip:430 - Running MIP solver ...
2026-07-04 01:57:41.245 | INFO     | pycaalp.gapp.assembly_digraph:compute_assembly_digraph_complete:395 - Computing assembly digraph...
2026-07-04 02:03:23.310 | INFO     | pycaalp.time_balancing.model:run_mip:430 - Running MIP solver ...
2026-07-04 04:14:44.766 | INFO     | pycaalp.gapp.assembly_digraph:compute_assembly_digraph_complete:395 - Computing assembly digraph...
2026-07-04 04:20:35.400 | INFO     | pycaalp.time_balancing.model:run_mip:430 - Running MIP solver ...
2026-07-04 07:24:12.429 | INFO     | pycaalp.gapp.assembly_digraph:compute_assembly_digraph_complete:395 - Computing assembly digraph...
2026-07-04 07:29:25.380 | INFO     | pycaalp.time_balancing.model:run_mip:430 - Running MIP solver ...
2026-07-04 12:00:11.977 | INFO     | experiments.edge_reduction.scripts.combination_runs:run_full_edge_reduction_change:98 - Running test with: red_perc=30
2026-07-04 12:00:11.987 | INFO     | pycaalp.gapp.assembly_digraph:compute_assembly_digraph_complete:395 - Computing assembly digraph...
2026-07-04 12:05:24.378 | INFO     | pycaalp.time_balancing.model:run_mip:430 - Running MIP solver ...
2026-07-04 15:04:09.258 | INFO     | pycaalp.gapp.assembly_digraph:compute_assembly_digraph_complete:395 - Computing assembly digraph...
2026-07-04 15:08:57.272 | INFO     | pycaalp.time_balancing.model:run_mip:430 - Running MIP solver ...
2026-07-04 17:31:06.460 | INFO     | pycaalp.gapp.assembly_digraph:compute_assembly_digraph_complete:395 - Computing assembly digraph...
2026-07-04 17:35:59.745 | INFO     | pycaalp.time_balancing.model:run_mip:430 - Running MIP solver ...
2026-07-04 21:02:54.991 | INFO     | pycaalp.gapp.assembly_digraph:compute_assembly_digraph_complete:395 - Computing assembly digraph...
2026-07-04 21:07:49.446 | INFO     | pycaalp.time_balancing.model:run_mip:430 - Running MIP solver ...
2026-07-05 00:19:13.928 | INFO     | pycaalp.gapp.assembly_digraph:compute_assembly_digraph_complete:395 - Computing assembly digraph...
2026-07-05 00:24:02.883 | INFO     | pycaalp.time_balancing.model:run_mip:430 - Running MIP solver ...
2026-07-05 02:09:35.149 | INFO     | experiments.edge_reduction.scripts.combination_runs:run_full_edge_reduction_change:98 - Running test with: red_perc=40
2026-07-05 02:09:35.161 | INFO     | pycaalp.gapp.assembly_digraph:compute_assembly_digraph_complete:395 - Computing assembly digraph...
2026-07-05 02:14:25.743 | INFO     | pycaalp.time_balancing.model:run_mip:430 - Running MIP solver ...
2026-07-05 04:19:18.470 | INFO     | pycaalp.gapp.assembly_digraph:compute_assembly_digraph_complete:395 - Computing assembly digraph...
2026-07-05 04:24:08.007 | INFO     | pycaalp.time_balancing.model:run_mip:430 - Running MIP solver ...
2026-07-05 06:34:14.890 | INFO     | pycaalp.gapp.assembly_digraph:compute_assembly_digraph_complete:395 - Computing assembly digraph...
2026-07-05 06:39:00.564 | INFO     | pycaalp.time_balancing.model:run_mip:430 - Running MIP solver ...
2026-07-05 08:23:24.544 | INFO     | pycaalp.gapp.assembly_digraph:compute_assembly_digraph_complete:395 - Computing assembly digraph...
2026-07-05 08:28:03.487 | INFO     | pycaalp.time_balancing.model:run_mip:430 - Running MIP solver ...
2026-07-05 10:17:31.125 | INFO     | pycaalp.gapp.assembly_digraph:compute_assembly_digraph_complete:395 - Computing assembly digraph...
2026-07-05 10:22:09.999 | INFO     | pycaalp.time_balancing.model:run_mip:430 - Running MIP solver ...
2026-07-05 12:25:45.774 | INFO     | experiments.edge_reduction.scripts.combination_runs:run_full_edge_reduction_change:98 - Running test with: red_perc=50
2026-07-05 12:25:45.785 | INFO     | pycaalp.gapp.assembly_digraph:compute_assembly_digraph_complete:395 - Computing assembly digraph...
2026-07-05 12:30:17.300 | INFO     | pycaalp.time_balancing.model:run_mip:430 - Running MIP solver ...
2026-07-05 15:04:26.131 | INFO     | pycaalp.gapp.assembly_digraph:compute_assembly_digraph_complete:395 - Computing assembly digraph...
2026-07-05 15:08:56.318 | INFO     | pycaalp.time_balancing.model:run_mip:430 - Running MIP solver ...
2026-07-05 16:37:46.308 | INFO     | pycaalp.gapp.assembly_digraph:compute_assembly_digraph_complete:395 - Computing assembly digraph...
2026-07-05 16:42:22.307 | INFO     | pycaalp.time_balancing.model:run_mip:430 - Running MIP solver ...
2026-07-05 18:58:16.565 | INFO     | pycaalp.gapp.assembly_digraph:compute_assembly_digraph_complete:395 - Computing assembly digraph...
2026-07-05 19:02:53.719 | INFO     | pycaalp.time_balancing.model:run_mip:430 - Running MIP solver ...
2026-07-05 21:31:04.965 | INFO     | pycaalp.gapp.assembly_digraph:compute_assembly_digraph_complete:395 - Computing assembly digraph...
2026-07-05 21:35:36.787 | INFO     | pycaalp.time_balancing.model:run_mip:430 - Running MIP solver ...
2026-07-06 00:12:27.279 | INFO     | experiments.edge_reduction.scripts.combination_runs:run_full_edge_reduction_change:98 - Running test with: red_perc=60
2026-07-06 00:12:27.287 | INFO     | pycaalp.gapp.assembly_digraph:compute_assembly_digraph_complete:395 - Computing assembly digraph...
2026-07-06 00:17:00.200 | INFO     | pycaalp.time_balancing.model:run_mip:430 - Running MIP solver ...
2026-07-06 01:40:59.763 | INFO     | pycaalp.gapp.assembly_digraph:compute_assembly_digraph_complete:395 - Computing assembly digraph...
2026-07-06 01:45:25.532 | INFO     | pycaalp.time_balancing.model:run_mip:430 - Running MIP solver ...
2026-07-06 02:49:55.135 | INFO     | pycaalp.gapp.assembly_digraph:compute_assembly_digraph_complete:395 - Computing assembly digraph...
2026-07-06 02:54:16.787 | INFO     | pycaalp.time_balancing.model:run_mip:430 - Running MIP solver ...
2026-07-06 04:53:54.286 | INFO     | pycaalp.gapp.assembly_digraph:compute_assembly_digraph_complete:395 - Computing assembly digraph...
2026-07-06 04:58:33.833 | INFO     | pycaalp.time_balancing.model:run_mip:430 - Running MIP solver ...
2026-07-06 06:32:00.214 | INFO     | pycaalp.gapp.assembly_digraph:compute_assembly_digraph_complete:395 - Computing assembly digraph...
2026-07-06 06:36:33.811 | INFO     | pycaalp.time_balancing.model:run_mip:430 - Running MIP solver ...
2026-07-06 08:41:42.725 | INFO     | experiments.edge_reduction.scripts.combination_runs:run_full_edge_reduction_change:98 - Running test with: red_perc=70
2026-07-06 08:41:42.728 | INFO     | pycaalp.gapp.assembly_digraph:compute_assembly_digraph_complete:395 - Computing assembly digraph...
2026-07-06 08:46:10.875 | INFO     | pycaalp.time_balancing.model:run_mip:430 - Running MIP solver ...
2026-07-06 10:24:07.975 | INFO     | pycaalp.gapp.assembly_digraph:compute_assembly_digraph_complete:395 - Computing assembly digraph...
2026-07-06 10:28:33.188 | INFO     | pycaalp.time_balancing.model:run_mip:430 - Running MIP solver ...
2026-07-06 11:47:05.724 | INFO     | pycaalp.gapp.assembly_digraph:compute_assembly_digraph_complete:395 - Computing assembly digraph...
2026-07-06 11:51:35.975 | INFO     | pycaalp.time_balancing.model:run_mip:430 - Running MIP solver ...
