2026-07-02 20:11:47.686 | INFO     | __main__:<module>:193 - Running /home/utg/Work/PyCAALP/experiments/edge_reduction/run.py
2026-07-02 20:11:47.686 | INFO     | __main__:<module>:194 - ASSEMBLY_FNAME='data/assembly_2/assembly_2_parts.json'
2026-07-02 20:11:47.686 | INFO     | __main__:<module>:196 - DFM_FNAME='data/assembly_2/assembly_2_dfm.json'
2026-07-02 20:11:47.686 | INFO     | __main__:<module>:197 - NUM_PHASES=3
2026-07-02 20:11:47.686 | INFO     | __main__:<module>:198 - RES_FNAME='experiments/edge_reduction/sweeps/assembly_2_np_3/lambda_0.6/res.pkl'
2026-07-02 20:11:47.686 | INFO     | experiments.edge_reduction.scripts.combination_runs:run_full_edge_reduction_change:98 - Running test with: red_perc=0
2026-07-02 20:11:47.689 | INFO     | pycaalp.gapp.assembly_digraph:compute_assembly_digraph_complete:395 - Computing assembly digraph...
2026-07-02 20:15:12.739 | INFO     | pycaalp.time_balancing.model:run_mip:430 - Running MIP solver ...
2026-07-02 23:58:26.505 | INFO     | experiments.edge_reduction.scripts.combination_runs:run_full_edge_reduction_change:98 - Running test with: red_perc=10
2026-07-02 23:58:26.508 | INFO     | pycaalp.gapp.assembly_digraph:compute_assembly_digraph_complete:395 - Computing assembly digraph...
2026-07-03 00:05:35.038 | INFO     | pycaalp.time_balancing.model:run_mip:430 - Running MIP solver ...
2026-07-03 02:49:36.237 | INFO     | pycaalp.gapp.assembly_digraph:compute_assembly_digraph_complete:395 - Computing assembly digraph...
2026-07-03 02:55:50.676 | INFO     | pycaalp.time_balancing.model:run_mip:430 - Running MIP solver ...
2026-07-03 05:20:50.373 | INFO     | pycaalp.gapp.assembly_digraph:compute_assembly_digraph_complete:395 - Computing assembly digraph...
2026-07-03 05:26:59.545 | INFO     | pycaalp.time_balancing.model:run_mip:430 - Running MIP solver ...
2026-07-03 06:57:58.458 | INFO     | pycaalp.gapp.assembly_digraph:compute_assembly_digraph_complete:395 - Computing assembly digraph...
2026-07-03 07:04:42.251 | INFO     | pycaalp.time_balancing.model:run_mip:430 - Running MIP solver ...
2026-07-03 09:11:57.060 | INFO     | pycaalp.gapp.assembly_digraph:compute_assembly_digraph_complete:395 - Computing assembly digraph...
2026-07-03 09:18:35.078 | INFO     | pycaalp.time_balancing.model:run_mip:430 - Running MIP solver ...
2026-07-03 11:22:37.395 | INFO     | experiments.edge_reduction.scripts.combination_runs:run_full_edge_reduction_change:98 - Running test with: red_perc=20
2026-07-03 11:22:37.401 | INFO     | pycaalp.gapp.assembly_digraph:compute_assembly_digraph_complete:395 - Computing assembly digraph...
2026-07-03 11:29:21.388 | INFO     | pycaalp.time_balancing.model:run_mip:430 - Running MIP solver ...
2026-07-03 14:36:56.326 | INFO     | pycaalp.gapp.assembly_digraph:compute_assembly_digraph_complete:395 - Computing assembly digraph...
2026-07-03 14:43:44.008 | INFO     | pycaalp.time_balancing.model:run_mip:430 - Running MIP solver ...
2026-07-03 16:49:07.987 | INFO     | pycaalp.gapp.assembly_digraph:compute_assembly_digraph_complete:395 - Computing assembly digraph...
2026-07-03 16:55:40.250 | INFO     | pycaalp.time_balancing.model:run_mip:430 - Running MIP solver ...
2026-07-03 18:42:12.310 | INFO     | pycaalp.gapp.assembly_digraph:compute_assembly_digraph_complete:395 - Computing assembly digraph...
2026-07-03 18:48:32.018 | INFO     | pycaalp.time_balancing.model:run_mip:430 - Running MIP solver ...
2026-07-03 19:43:38.312 | INFO     | pycaalp.gapp.assembly_digraph:compute_assembly_digraph_complete:395 - Computing assembly digraph...
2026-07-03 19:50:22.557 | INFO     | pycaalp.time_balancing.model:run_mip:430 - Running MIP solver ...
2026-07-03 22:04:30.925 | INFO     | experiments.edge_reduction.scripts.combination_runs:run_full_edge_reduction_change:98 - Running test with: red_perc=30
2026-07-03 22:04:30.931 | INFO     | pycaalp.gapp.assembly_digraph:compute_assembly_digraph_complete:395 - Computing assembly digraph...
2026-07-03 22:10:32.553 | INFO     | pycaalp.time_balancing.model:run_mip:430 - Running MIP solver ...
2026-07-03 23:48:59.325 | INFO     | pycaalp.gapp.assembly_digraph:compute_assembly_digraph_complete:395 - Computing assembly digraph...
2026-07-03 23:54:48.063 | INFO     | pycaalp.time_balancing.model:run_mip:430 - Running MIP solver ...
2026-07-04 01:56:44.360 | INFO     | pycaalp.gapp.assembly_digraph:compute_assembly_digraph_complete:395 - Computing assembly digraph...
2026-07-04 02:02:28.768 | INFO     | pycaalp.time_balancing.model:run_mip:430 - Running MIP solver ...
2026-07-04 04:19:21.598 | INFO     | pycaalp.gapp.assembly_digraph:compute_assembly_digraph_complete:395 - Computing assembly digraph...
2026-07-04 04:25:16.610 | INFO     | pycaalp.time_balancing.model:run_mip:430 - Running MIP solver ...
2026-07-04 05:17:59.628 | INFO     | pycaalp.gapp.assembly_digraph:compute_assembly_digraph_complete:395 - Computing assembly digraph...
2026-07-04 05:23:53.377 | INFO     | pycaalp.time_balancing.model:run_mip:430 - Running MIP solver ...
2026-07-04 07:10:06.346 | INFO     | experiments.edge_reduction.scripts.combination_runs:run_full_edge_reduction_change:98 - Running test with: red_perc=40
2026-07-04 07:10:06.354 | INFO     | pycaalp.gapp.assembly_digraph:compute_assembly_digraph_complete:395 - Computing assembly digraph...
2026-07-04 07:15:33.087 | INFO     | pycaalp.time_balancing.model:run_mip:430 - Running MIP solver ...
2026-07-04 08:36:35.799 | INFO     | pycaalp.gapp.assembly_digraph:compute_assembly_digraph_complete:395 - Computing assembly digraph...
2026-07-04 08:42:11.577 | INFO     | pycaalp.time_balancing.model:run_mip:430 - Running MIP solver ...
2026-07-04 09:50:28.344 | INFO     | pycaalp.gapp.assembly_digraph:compute_assembly_digraph_complete:395 - Computing assembly digraph...
2026-07-04 09:55:58.714 | INFO     | pycaalp.time_balancing.model:run_mip:430 - Running MIP solver ...
2026-07-04 11:50:00.730 | INFO     | pycaalp.gapp.assembly_digraph:compute_assembly_digraph_complete:395 - Computing assembly digraph...
2026-07-04 11:55:35.438 | INFO     | pycaalp.time_balancing.model:run_mip:430 - Running MIP solver ...
2026-07-04 13:46:07.047 | INFO     | pycaalp.gapp.assembly_digraph:compute_assembly_digraph_complete:395 - Computing assembly digraph...
2026-07-04 13:51:29.839 | INFO     | pycaalp.time_balancing.model:run_mip:430 - Running MIP solver ...
2026-07-04 15:03:13.254 | INFO     | experiments.edge_reduction.scripts.combination_runs:run_full_edge_reduction_change:98 - Running test with: red_perc=50
2026-07-04 15:03:13.258 | INFO     | pycaalp.gapp.assembly_digraph:compute_assembly_digraph_complete:395 - Computing assembly digraph...
2026-07-04 15:08:12.953 | INFO     | pycaalp.time_balancing.model:run_mip:430 - Running MIP solver ...
2026-07-04 15:54:40.841 | INFO     | pycaalp.gapp.assembly_digraph:compute_assembly_digraph_complete:395 - Computing assembly digraph...
2026-07-04 15:59:40.629 | INFO     | pycaalp.time_balancing.model:run_mip:430 - Running MIP solver ...
2026-07-04 17:08:21.757 | INFO     | pycaalp.gapp.assembly_digraph:compute_assembly_digraph_complete:395 - Computing assembly digraph...
2026-07-04 17:13:13.666 | INFO     | pycaalp.time_balancing.model:run_mip:430 - Running MIP solver ...
2026-07-04 18:43:21.527 | INFO     | pycaalp.gapp.assembly_digraph:compute_assembly_digraph_complete:395 - Computing assembly digraph...
2026-07-04 18:48:37.031 | INFO     | pycaalp.time_balancing.model:run_mip:430 - Running MIP solver ...
2026-07-04 19:18:40.946 | INFO     | pycaalp.gapp.assembly_digraph:compute_assembly_digraph_complete:395 - Computing assembly digraph...
2026-07-04 19:23:42.403 | INFO     | pycaalp.time_balancing.model:run_mip:430 - Running MIP solver ...
2026-07-04 20:19:47.858 | INFO     | experiments.edge_reduction.scripts.combination_runs:run_full_edge_reduction_change:98 - Running test with: red_perc=60
2026-07-04 20:19:47.862 | INFO     | pycaalp.gapp.assembly_digraph:compute_assembly_digraph_complete:395 - Computing assembly digraph...
2026-07-04 20:24:51.426 | INFO     | pycaalp.time_balancing.model:run_mip:430 - Running MIP solver ...
2026-07-04 20:53:44.897 | INFO     | pycaalp.gapp.assembly_digraph:compute_assembly_digraph_complete:395 - Computing assembly digraph...
2026-07-04 20:58:38.037 | INFO     | pycaalp.time_balancing.model:run_mip:430 - Running MIP solver ...
2026-07-04 22:02:28.845 | INFO     | pycaalp.gapp.assembly_digraph:compute_assembly_digraph_complete:395 - Computing assembly digraph...
2026-07-04 22:07:25.615 | INFO     | pycaalp.time_balancing.model:run_mip:430 - Running MIP solver ...
2026-07-04 23:15:47.903 | INFO     | pycaalp.gapp.assembly_digraph:compute_assembly_digraph_complete:395 - Computing assembly digraph...
2026-07-04 23:20:47.390 | INFO     | pycaalp.time_balancing.model:run_mip:430 - Running MIP solver ...
2026-07-05 00:11:42.853 | INFO     | pycaalp.gapp.assembly_digraph:compute_assembly_digraph_complete:395 - Computing assembly digraph...
2026-07-05 00:16:49.157 | INFO     | pycaalp.time_balancing.model:run_mip:430 - Running MIP solver ...
2026-07-05 01:08:47.346 | INFO     | experiments.edge_reduction.scripts.combination_runs:run_full_edge_reduction_change:98 - Running test with: red_perc=70
2026-07-05 01:08:47.351 | INFO     | pycaalp.gapp.assembly_digraph:compute_assembly_digraph_complete:395 - Computing assembly digraph...
2026-07-05 01:14:00.516 | INFO     | pycaalp.time_balancing.model:run_mip:430 - Running MIP solver ...
2026-07-05 02:07:49.890 | INFO     | pycaalp.gapp.assembly_digraph:compute_assembly_digraph_complete:395 - Computing assembly digraph...
2026-07-05 02:12:42.338 | INFO     | pycaalp.time_balancing.model:run_mip:430 - Running MIP solver ...
2026-07-05 02:58:52.950 | INFO     | pycaalp.gapp.assembly_digraph:compute_assembly_digraph_complete:395 - Computing assembly digraph...
2026-07-05 03:03:48.313 | INFO     | pycaalp.time_balancing.model:run_mip:430 - Running MIP solver ...
2026-07-05 03:55:46.936 | INFO     | pycaalp.gapp.assembly_digraph:compute_assembly_digraph_complete:395 - Computing assembly digraph...
2026-07-05 04:00:43.461 | INFO     | pycaalp.time_balancing.model:run_mip:430 - Running MIP solver ...
2026-07-05 04:21:09.227 | INFO     | pycaalp.gapp.assembly_digraph:compute_assembly_digraph_complete:395 - Computing assembly digraph...
2026-07-05 04:26:02.142 | INFO     | pycaalp.time_balancing.model:run_mip:430 - Running MIP solver ...
2026-07-05 05:06:19.267 | INFO     | __main__:<module>:240 - Running plot_total_time
{0: (np.float64(13390.909879), np.float64(1.0344830598095693), np.float64(918.0), np.float64(0.0), np.float64(0.0), np.float64(0.0), np.float64(13598.818728049024), np.float64(0.0), np.float64(205.052820626006), np.float64(0.0)), 10: (np.float64(7812.1018454000005), np.float64(1.0345967883374843), np.float64(918.6), np.float64(1456.743784314092), np.float64(0.00022745705582865038), np.float64(1.2), np.float64(8209.6697880238), np.float64(1471.607775259027), np.float64(394.7948305415979), np.float64(21.448737210791325)), 20: (np.float64(7302.0752068), np.float64(1.0345967883374843), np.float64(918.6), np.float64(2570.0899933276246), np.float64(0.00022745705582867258), np.float64(1.2), np.float64(7702.2792778356), np.float64(2578.516809861098), np.float64(397.58448895999464), np.float64(10.345692855071643)), 30: (np.float64(6191.859418400001), np.float64(1.03448305980957), np.float64(918.0), np.float64(1711.0111478900526), np.float64(0.0), np.float64(0.0), np.float64(6546.690708565002), np.float64(1707.3766031166926), np.float64(352.71421390359757), np.float64(5.838893537302518)), 40: (np.float64(5345.1322296), np.float64(1.0349379739212274), np.float64(920.4), np.float64(1163.8146235736688), np.float64(0.00022745705582867258), np.float64(1.2), np.float64(5677.023953965795), np.float64(1165.2831841590018), np.float64(330.0858356812038), np.float64(4.863655107322366)), 50: (np.float64(3495.3879804000003), np.float64(1.0347105168653985), np.float64(919.2), np.float64(1218.8139827600337), np.float64(0.0002785768625879971), np.float64(1.469693845669907), np.float64(3798.6761283396045), np.float64(1211.9790913904606), np.float64(301.6788657508092), np.float64(7.6702338260529075)), 60: (np.float64(3166.5370528000003), np.float64(1.0348242453933132), np.float64(919.8), np.float64(822.8558795986872), np.float64(0.0002785768625879971), np.float64(1.469693845669907), np.float64(3467.658039018209), np.float64(819.7262048714931), np.float64(299.86045708220917), np.float64(4.691507684401019)), 70: (np.float64(2551.1757027999997), np.float64(1.0349379739212274), np.float64(920.4), np.float64(721.7397351504966), np.float64(0.00022745705582867258), np.float64(1.2), np.float64(2850.1461110547884), np.float64(724.6277030375607), np.float64(298.09046771540307), np.float64(7.690157854638005))}
Saved MIP solve time plot in experiments/edge_reduction/sweeps/assembly_2_np_3/lambda_0.6/plots/MIP_solve_time_num_phases_3.svg
2026-07-05 05:06:19.313 | INFO     | __main__:<module>:250 - Running plot_speedup_vs_max_length_lost
Saved speedup_vs_weld_len_degr plot in experiments/edge_reduction/sweeps/assembly_2_np_3/lambda_0.6/plots/speedup_vs_weld_len_degr_num_phases_3.svg
2026-07-05 05:06:19.409 | INFO     | __main__:<module>:253 - Running plot_average_max_time
Saved Max welding length [mm] plot in experiments/edge_reduction/sweeps/assembly_2_np_3/lambda_0.6/plots/Max_welding_length_[mm]_num_phases_3.svg
