2026-07-02 20:11:47.685 | INFO     | __main__:<module>:193 - Running /home/utg/Work/PyCAALP/experiments/edge_reduction/run.py
2026-07-02 20:11:47.685 | INFO     | __main__:<module>:194 - ASSEMBLY_FNAME='data/assembly_2/assembly_2_parts.json'
2026-07-02 20:11:47.685 | INFO     | __main__:<module>:196 - DFM_FNAME='data/assembly_2/assembly_2_dfm.json'
2026-07-02 20:11:47.685 | INFO     | __main__:<module>:197 - NUM_PHASES=3
2026-07-02 20:11:47.685 | INFO     | __main__:<module>:198 - RES_FNAME='experiments/edge_reduction/sweeps/assembly_2_np_3/lambda_0.3/res.pkl'
2026-07-02 20:11:47.685 | INFO     | experiments.edge_reduction.scripts.combination_runs:run_full_edge_reduction_change:98 - Running test with: red_perc=0
2026-07-02 20:11:47.688 | INFO     | pycaalp.gapp.assembly_digraph:compute_assembly_digraph_complete:395 - Computing assembly digraph...
2026-07-02 20:15:05.749 | INFO     | pycaalp.time_balancing.model:run_mip:430 - Running MIP solver ...
2026-07-02 20:46:57.245 | INFO     | experiments.edge_reduction.scripts.combination_runs:run_full_edge_reduction_change:98 - Running test with: red_perc=10
2026-07-02 20:46:57.248 | INFO     | pycaalp.gapp.assembly_digraph:compute_assembly_digraph_complete:395 - Computing assembly digraph...
2026-07-02 20:53:32.972 | INFO     | pycaalp.time_balancing.model:run_mip:430 - Running MIP solver ...
2026-07-02 21:02:45.077 | INFO     | pycaalp.gapp.assembly_digraph:compute_assembly_digraph_complete:395 - Computing assembly digraph...
2026-07-02 21:09:57.265 | INFO     | pycaalp.time_balancing.model:run_mip:430 - Running MIP solver ...
2026-07-02 22:14:24.621 | INFO     | pycaalp.gapp.assembly_digraph:compute_assembly_digraph_complete:395 - Computing assembly digraph...
2026-07-02 22:21:39.349 | INFO     | pycaalp.time_balancing.model:run_mip:430 - Running MIP solver ...
2026-07-02 23:46:34.873 | INFO     | pycaalp.gapp.assembly_digraph:compute_assembly_digraph_complete:395 - Computing assembly digraph...
2026-07-02 23:53:42.153 | INFO     | pycaalp.time_balancing.model:run_mip:430 - Running MIP solver ...
2026-07-03 00:19:01.294 | INFO     | pycaalp.gapp.assembly_digraph:compute_assembly_digraph_complete:395 - Computing assembly digraph...
2026-07-03 00:26:31.941 | INFO     | pycaalp.time_balancing.model:run_mip:430 - Running MIP solver ...
2026-07-03 01:05:02.903 | INFO     | experiments.edge_reduction.scripts.combination_runs:run_full_edge_reduction_change:98 - Running test with: red_perc=20
2026-07-03 01:05:02.906 | INFO     | pycaalp.gapp.assembly_digraph:compute_assembly_digraph_complete:395 - Computing assembly digraph...
2026-07-03 01:12:15.010 | INFO     | pycaalp.time_balancing.model:run_mip:430 - Running MIP solver ...
2026-07-03 01:38:41.075 | INFO     | pycaalp.gapp.assembly_digraph:compute_assembly_digraph_complete:395 - Computing assembly digraph...
2026-07-03 01:45:56.817 | INFO     | pycaalp.time_balancing.model:run_mip:430 - Running MIP solver ...
2026-07-03 02:52:24.777 | INFO     | pycaalp.gapp.assembly_digraph:compute_assembly_digraph_complete:395 - Computing assembly digraph...
2026-07-03 02:59:14.715 | INFO     | pycaalp.time_balancing.model:run_mip:430 - Running MIP solver ...
2026-07-03 04:29:15.195 | INFO     | pycaalp.gapp.assembly_digraph:compute_assembly_digraph_complete:395 - Computing assembly digraph...
2026-07-03 04:36:21.028 | INFO     | pycaalp.time_balancing.model:run_mip:430 - Running MIP solver ...
2026-07-03 05:22:34.127 | INFO     | pycaalp.gapp.assembly_digraph:compute_assembly_digraph_complete:395 - Computing assembly digraph...
2026-07-03 05:28:53.943 | INFO     | pycaalp.time_balancing.model:run_mip:430 - Running MIP solver ...
2026-07-03 06:27:45.843 | INFO     | experiments.edge_reduction.scripts.combination_runs:run_full_edge_reduction_change:98 - Running test with: red_perc=30
2026-07-03 06:27:45.845 | INFO     | pycaalp.gapp.assembly_digraph:compute_assembly_digraph_complete:395 - Computing assembly digraph...
2026-07-03 06:34:22.606 | INFO     | pycaalp.time_balancing.model:run_mip:430 - Running MIP solver ...
2026-07-03 07:06:01.775 | INFO     | pycaalp.gapp.assembly_digraph:compute_assembly_digraph_complete:395 - Computing assembly digraph...
2026-07-03 07:13:00.210 | INFO     | pycaalp.time_balancing.model:run_mip:430 - Running MIP solver ...
2026-07-03 07:52:57.129 | INFO     | pycaalp.gapp.assembly_digraph:compute_assembly_digraph_complete:395 - Computing assembly digraph...
2026-07-03 07:59:42.242 | INFO     | pycaalp.time_balancing.model:run_mip:430 - Running MIP solver ...
2026-07-03 08:27:03.509 | INFO     | pycaalp.gapp.assembly_digraph:compute_assembly_digraph_complete:395 - Computing assembly digraph...
2026-07-03 08:33:46.123 | INFO     | pycaalp.time_balancing.model:run_mip:430 - Running MIP solver ...
2026-07-03 09:08:16.806 | INFO     | pycaalp.gapp.assembly_digraph:compute_assembly_digraph_complete:395 - Computing assembly digraph...
2026-07-03 09:14:37.698 | INFO     | pycaalp.time_balancing.model:run_mip:430 - Running MIP solver ...
2026-07-03 10:27:01.882 | INFO     | experiments.edge_reduction.scripts.combination_runs:run_full_edge_reduction_change:98 - Running test with: red_perc=40
2026-07-03 10:27:01.887 | INFO     | pycaalp.gapp.assembly_digraph:compute_assembly_digraph_complete:395 - Computing assembly digraph...
2026-07-03 10:33:29.335 | INFO     | pycaalp.time_balancing.model:run_mip:430 - Running MIP solver ...
2026-07-03 11:10:07.360 | INFO     | pycaalp.gapp.assembly_digraph:compute_assembly_digraph_complete:395 - Computing assembly digraph...
2026-07-03 11:16:50.276 | INFO     | pycaalp.time_balancing.model:run_mip:430 - Running MIP solver ...
2026-07-03 11:45:05.456 | INFO     | pycaalp.gapp.assembly_digraph:compute_assembly_digraph_complete:395 - Computing assembly digraph...
2026-07-03 11:51:24.350 | INFO     | pycaalp.time_balancing.model:run_mip:430 - Running MIP solver ...
2026-07-03 12:11:26.411 | INFO     | pycaalp.gapp.assembly_digraph:compute_assembly_digraph_complete:395 - Computing assembly digraph...
2026-07-03 12:17:37.781 | INFO     | pycaalp.time_balancing.model:run_mip:430 - Running MIP solver ...
2026-07-03 12:36:37.404 | INFO     | pycaalp.gapp.assembly_digraph:compute_assembly_digraph_complete:395 - Computing assembly digraph...
2026-07-03 12:43:21.951 | INFO     | pycaalp.time_balancing.model:run_mip:430 - Running MIP solver ...
2026-07-03 13:09:07.770 | INFO     | experiments.edge_reduction.scripts.combination_runs:run_full_edge_reduction_change:98 - Running test with: red_perc=50
2026-07-03 13:09:07.774 | INFO     | pycaalp.gapp.assembly_digraph:compute_assembly_digraph_complete:395 - Computing assembly digraph...
2026-07-03 13:16:00.977 | INFO     | pycaalp.time_balancing.model:run_mip:430 - Running MIP solver ...
2026-07-03 13:36:39.486 | INFO     | pycaalp.gapp.assembly_digraph:compute_assembly_digraph_complete:395 - Computing assembly digraph...
2026-07-03 13:43:35.503 | INFO     | pycaalp.time_balancing.model:run_mip:430 - Running MIP solver ...
2026-07-03 14:06:54.478 | INFO     | pycaalp.gapp.assembly_digraph:compute_assembly_digraph_complete:395 - Computing assembly digraph...
2026-07-03 14:13:34.840 | INFO     | pycaalp.time_balancing.model:run_mip:430 - Running MIP solver ...
2026-07-03 14:42:31.225 | INFO     | pycaalp.gapp.assembly_digraph:compute_assembly_digraph_complete:395 - Computing assembly digraph...
2026-07-03 14:49:11.326 | INFO     | pycaalp.time_balancing.model:run_mip:430 - Running MIP solver ...
2026-07-03 15:02:37.176 | INFO     | pycaalp.gapp.assembly_digraph:compute_assembly_digraph_complete:395 - Computing assembly digraph...
2026-07-03 15:09:17.625 | INFO     | pycaalp.time_balancing.model:run_mip:430 - Running MIP solver ...
2026-07-03 15:35:47.227 | INFO     | experiments.edge_reduction.scripts.combination_runs:run_full_edge_reduction_change:98 - Running test with: red_perc=60
2026-07-03 15:35:47.231 | INFO     | pycaalp.gapp.assembly_digraph:compute_assembly_digraph_complete:395 - Computing assembly digraph...
2026-07-03 15:42:22.278 | INFO     | pycaalp.time_balancing.model:run_mip:430 - Running MIP solver ...
2026-07-03 16:02:31.308 | INFO     | pycaalp.gapp.assembly_digraph:compute_assembly_digraph_complete:395 - Computing assembly digraph...
2026-07-03 16:08:56.230 | INFO     | pycaalp.time_balancing.model:run_mip:430 - Running MIP solver ...
2026-07-03 16:26:55.158 | INFO     | pycaalp.gapp.assembly_digraph:compute_assembly_digraph_complete:395 - Computing assembly digraph...
2026-07-03 16:33:09.960 | INFO     | pycaalp.time_balancing.model:run_mip:430 - Running MIP solver ...
2026-07-03 16:47:48.152 | INFO     | pycaalp.gapp.assembly_digraph:compute_assembly_digraph_complete:395 - Computing assembly digraph...
2026-07-03 16:54:03.854 | INFO     | pycaalp.time_balancing.model:run_mip:430 - Running MIP solver ...
2026-07-03 17:32:22.194 | INFO     | pycaalp.gapp.assembly_digraph:compute_assembly_digraph_complete:395 - Computing assembly digraph...
2026-07-03 17:38:57.278 | INFO     | pycaalp.time_balancing.model:run_mip:430 - Running MIP solver ...
2026-07-03 17:56:44.102 | INFO     | experiments.edge_reduction.scripts.combination_runs:run_full_edge_reduction_change:98 - Running test with: red_perc=70
2026-07-03 17:56:44.106 | INFO     | pycaalp.gapp.assembly_digraph:compute_assembly_digraph_complete:395 - Computing assembly digraph...
2026-07-03 18:03:18.304 | INFO     | pycaalp.time_balancing.model:run_mip:430 - Running MIP solver ...
2026-07-03 18:23:25.424 | INFO     | pycaalp.gapp.assembly_digraph:compute_assembly_digraph_complete:395 - Computing assembly digraph...
2026-07-03 18:30:06.264 | INFO     | pycaalp.time_balancing.model:run_mip:430 - Running MIP solver ...
2026-07-03 18:43:35.954 | INFO     | pycaalp.gapp.assembly_digraph:compute_assembly_digraph_complete:395 - Computing assembly digraph...
2026-07-03 18:49:58.283 | INFO     | pycaalp.time_balancing.model:run_mip:430 - Running MIP solver ...
2026-07-03 19:10:16.540 | INFO     | pycaalp.gapp.assembly_digraph:compute_assembly_digraph_complete:395 - Computing assembly digraph...
2026-07-03 19:16:36.866 | INFO     | pycaalp.time_balancing.model:run_mip:430 - Running MIP solver ...
2026-07-03 19:39:05.309 | INFO     | pycaalp.gapp.assembly_digraph:compute_assembly_digraph_complete:395 - Computing assembly digraph...
2026-07-03 19:45:24.577 | INFO     | pycaalp.time_balancing.model:run_mip:430 - Running MIP solver ...
2026-07-03 19:58:04.536 | INFO     | __main__:<module>:240 - Running plot_total_time
{0: (np.float64(1908.908576), np.float64(1.027616101535432), np.float64(939.0), np.float64(0.0), np.float64(0.0), np.float64(0.0), np.float64(2109.5599786620005), np.float64(0.0), np.float64(198.06421634799335), np.float64(0.0)), 10: (np.float64(2665.6910526), np.float64(1.0276161015354317), np.float64(939.0), np.float64(1628.1175250279105), np.float64(1.9860273225978183e-16), np.float64(0.0), np.float64(3096.675701365998), np.float64(1638.387128733453), np.float64(428.11685723999983), np.float64(17.988802830843742)), 20: (np.float64(3452.8627602), np.float64(1.027616101535432), np.float64(939.0), np.float64(1267.4385114728655), np.float64(0.0), np.float64(0.0), np.float64(3872.1478668344034), np.float64(1261.1925410619976), np.float64(416.69103259440163), np.float64(20.44167603396046)), 30: (np.float64(2467.7080498000005), np.float64(1.027616101535432), np.float64(939.0), np.float64(968.4827801478472), np.float64(0.0), np.float64(0.0), np.float64(2870.804752737406), np.float64(960.1696344778231), np.float64(400.7683166670089), np.float64(12.211590881275537)), 40: (np.float64(1553.7808586000003), np.float64(1.027616101535432), np.float64(939.0), np.float64(382.1708431107762), np.float64(0.0), np.float64(0.0), np.float64(1944.8172329366032), np.float64(388.46030336344387), np.float64(389.0405611113994), np.float64(13.04407028385297)), 50: (np.float64(1351.8189619999998), np.float64(1.027616101535432), np.float64(939.0), np.float64(321.71255105126437), np.float64(0.0), np.float64(0.0), np.float64(1759.6025167823886), np.float64(321.43897442862306), np.float64(406.0317275395966), np.float64(7.065355368730104)), 60: (np.float64(1304.6341426), np.float64(1.027616101535432), np.float64(939.0), np.float64(507.15189578167633), np.float64(0.0), np.float64(0.0), np.float64(1691.1132363237964), np.float64(503.9577168854106), np.float64(385.11680921559457), np.float64(8.865619747495323)), 70: (np.float64(1067.4341012), np.float64(1.027616101535432), np.float64(939.0), np.float64(237.67013914205046), np.float64(0.0), np.float64(0.0), np.float64(1455.8258265135926), np.float64(235.44007255666557), np.float64(387.3970526159974), np.float64(8.587531146358288))}
Saved MIP solve time plot in experiments/edge_reduction/sweeps/assembly_2_np_3/lambda_0.3/plots/MIP_solve_time_num_phases_3.svg
2026-07-03 19:58:04.592 | INFO     | __main__:<module>:250 - Running plot_speedup_vs_max_length_lost
Saved speedup_vs_weld_len_degr plot in experiments/edge_reduction/sweeps/assembly_2_np_3/lambda_0.3/plots/speedup_vs_weld_len_degr_num_phases_3.svg
2026-07-03 19:58:04.701 | INFO     | __main__:<module>:253 - Running plot_average_max_time
Saved Max welding length [mm] plot in experiments/edge_reduction/sweeps/assembly_2_np_3/lambda_0.3/plots/Max_welding_length_[mm]_num_phases_3.svg
