2026-07-02 20:11:47.701 | INFO     | __main__:<module>:193 - Running /home/utg/Work/PyCAALP/experiments/edge_reduction/run.py
2026-07-02 20:11:47.701 | INFO     | __main__:<module>:194 - ASSEMBLY_FNAME='data/assembly_2/assembly_2_parts.json'
2026-07-02 20:11:47.701 | INFO     | __main__:<module>:196 - DFM_FNAME='data/assembly_2/assembly_2_dfm.json'
2026-07-02 20:11:47.701 | INFO     | __main__:<module>:197 - NUM_PHASES=3
2026-07-02 20:11:47.701 | INFO     | __main__:<module>:198 - RES_FNAME='experiments/edge_reduction/sweeps/assembly_2_np_3/lambda_0.4/res.pkl'
2026-07-02 20:11:47.701 | INFO     | experiments.edge_reduction.scripts.combination_runs:run_full_edge_reduction_change:98 - Running test with: red_perc=0
2026-07-02 20:11:47.704 | INFO     | pycaalp.gapp.assembly_digraph:compute_assembly_digraph_complete:395 - Computing assembly digraph...
2026-07-02 20:15:10.361 | INFO     | pycaalp.time_balancing.model:run_mip:430 - Running MIP solver ...
2026-07-02 23:04:54.529 | INFO     | experiments.edge_reduction.scripts.combination_runs:run_full_edge_reduction_change:98 - Running test with: red_perc=10
2026-07-02 23:04:54.532 | INFO     | pycaalp.gapp.assembly_digraph:compute_assembly_digraph_complete:395 - Computing assembly digraph...
2026-07-02 23:11:47.867 | INFO     | pycaalp.time_balancing.model:run_mip:430 - Running MIP solver ...
2026-07-02 23:52:08.386 | INFO     | pycaalp.gapp.assembly_digraph:compute_assembly_digraph_complete:395 - Computing assembly digraph...
2026-07-02 23:58:55.733 | INFO     | pycaalp.time_balancing.model:run_mip:430 - Running MIP solver ...
2026-07-03 01:02:07.714 | INFO     | pycaalp.gapp.assembly_digraph:compute_assembly_digraph_complete:395 - Computing assembly digraph...
2026-07-03 01:08:51.794 | INFO     | pycaalp.time_balancing.model:run_mip:430 - Running MIP solver ...
2026-07-03 02:24:28.475 | INFO     | pycaalp.gapp.assembly_digraph:compute_assembly_digraph_complete:395 - Computing assembly digraph...
2026-07-03 02:31:21.420 | INFO     | pycaalp.time_balancing.model:run_mip:430 - Running MIP solver ...
2026-07-03 03:10:51.254 | INFO     | pycaalp.gapp.assembly_digraph:compute_assembly_digraph_complete:395 - Computing assembly digraph...
2026-07-03 03:17:57.008 | INFO     | pycaalp.time_balancing.model:run_mip:430 - Running MIP solver ...
2026-07-03 04:59:11.474 | INFO     | experiments.edge_reduction.scripts.combination_runs:run_full_edge_reduction_change:98 - Running test with: red_perc=20
2026-07-03 04:59:11.477 | INFO     | pycaalp.gapp.assembly_digraph:compute_assembly_digraph_complete:395 - Computing assembly digraph...
2026-07-03 05:06:10.267 | INFO     | pycaalp.time_balancing.model:run_mip:430 - Running MIP solver ...
2026-07-03 06:16:25.871 | INFO     | pycaalp.gapp.assembly_digraph:compute_assembly_digraph_complete:395 - Computing assembly digraph...
2026-07-03 06:23:05.661 | INFO     | pycaalp.time_balancing.model:run_mip:430 - Running MIP solver ...
2026-07-03 07:32:09.232 | INFO     | pycaalp.gapp.assembly_digraph:compute_assembly_digraph_complete:395 - Computing assembly digraph...
2026-07-03 07:38:30.115 | INFO     | pycaalp.time_balancing.model:run_mip:430 - Running MIP solver ...
2026-07-03 08:43:44.126 | INFO     | pycaalp.gapp.assembly_digraph:compute_assembly_digraph_complete:395 - Computing assembly digraph...
2026-07-03 08:50:26.478 | INFO     | pycaalp.time_balancing.model:run_mip:430 - Running MIP solver ...
2026-07-03 09:49:28.524 | INFO     | pycaalp.gapp.assembly_digraph:compute_assembly_digraph_complete:395 - Computing assembly digraph...
2026-07-03 09:56:12.199 | INFO     | pycaalp.time_balancing.model:run_mip:430 - Running MIP solver ...
2026-07-03 10:48:46.246 | INFO     | experiments.edge_reduction.scripts.combination_runs:run_full_edge_reduction_change:98 - Running test with: red_perc=30
2026-07-03 10:48:46.251 | INFO     | pycaalp.gapp.assembly_digraph:compute_assembly_digraph_complete:395 - Computing assembly digraph...
2026-07-03 10:55:29.976 | INFO     | pycaalp.time_balancing.model:run_mip:430 - Running MIP solver ...
2026-07-03 11:45:07.736 | INFO     | pycaalp.gapp.assembly_digraph:compute_assembly_digraph_complete:395 - Computing assembly digraph...
2026-07-03 11:51:34.144 | INFO     | pycaalp.time_balancing.model:run_mip:430 - Running MIP solver ...
2026-07-03 12:29:24.625 | INFO     | pycaalp.gapp.assembly_digraph:compute_assembly_digraph_complete:395 - Computing assembly digraph...
2026-07-03 12:36:05.683 | INFO     | pycaalp.time_balancing.model:run_mip:430 - Running MIP solver ...
2026-07-03 13:33:58.708 | INFO     | pycaalp.gapp.assembly_digraph:compute_assembly_digraph_complete:395 - Computing assembly digraph...
2026-07-03 13:40:40.476 | INFO     | pycaalp.time_balancing.model:run_mip:430 - Running MIP solver ...
2026-07-03 14:32:17.445 | INFO     | pycaalp.gapp.assembly_digraph:compute_assembly_digraph_complete:395 - Computing assembly digraph...
2026-07-03 14:38:40.836 | INFO     | pycaalp.time_balancing.model:run_mip:430 - Running MIP solver ...
2026-07-03 15:31:19.704 | INFO     | experiments.edge_reduction.scripts.combination_runs:run_full_edge_reduction_change:98 - Running test with: red_perc=40
2026-07-03 15:31:19.710 | INFO     | pycaalp.gapp.assembly_digraph:compute_assembly_digraph_complete:395 - Computing assembly digraph...
2026-07-03 15:37:39.836 | INFO     | pycaalp.time_balancing.model:run_mip:430 - Running MIP solver ...
2026-07-03 16:42:08.780 | INFO     | pycaalp.gapp.assembly_digraph:compute_assembly_digraph_complete:395 - Computing assembly digraph...
2026-07-03 16:48:38.298 | INFO     | pycaalp.time_balancing.model:run_mip:430 - Running MIP solver ...
2026-07-03 17:35:43.453 | INFO     | pycaalp.gapp.assembly_digraph:compute_assembly_digraph_complete:395 - Computing assembly digraph...
2026-07-03 17:42:50.909 | INFO     | pycaalp.time_balancing.model:run_mip:430 - Running MIP solver ...
2026-07-03 18:08:37.092 | INFO     | pycaalp.gapp.assembly_digraph:compute_assembly_digraph_complete:395 - Computing assembly digraph...
2026-07-03 18:15:30.846 | INFO     | pycaalp.time_balancing.model:run_mip:430 - Running MIP solver ...
2026-07-03 18:53:03.805 | INFO     | pycaalp.gapp.assembly_digraph:compute_assembly_digraph_complete:395 - Computing assembly digraph...
2026-07-03 18:59:48.164 | INFO     | pycaalp.time_balancing.model:run_mip:430 - Running MIP solver ...
2026-07-03 19:51:16.155 | INFO     | experiments.edge_reduction.scripts.combination_runs:run_full_edge_reduction_change:98 - Running test with: red_perc=50
2026-07-03 19:51:16.160 | INFO     | pycaalp.gapp.assembly_digraph:compute_assembly_digraph_complete:395 - Computing assembly digraph...
2026-07-03 19:57:52.530 | INFO     | pycaalp.time_balancing.model:run_mip:430 - Running MIP solver ...
2026-07-03 20:43:52.866 | INFO     | pycaalp.gapp.assembly_digraph:compute_assembly_digraph_complete:395 - Computing assembly digraph...
2026-07-03 20:49:54.828 | INFO     | pycaalp.time_balancing.model:run_mip:430 - Running MIP solver ...
2026-07-03 21:21:06.992 | INFO     | pycaalp.gapp.assembly_digraph:compute_assembly_digraph_complete:395 - Computing assembly digraph...
2026-07-03 21:27:10.478 | INFO     | pycaalp.time_balancing.model:run_mip:430 - Running MIP solver ...
2026-07-03 21:54:10.159 | INFO     | pycaalp.gapp.assembly_digraph:compute_assembly_digraph_complete:395 - Computing assembly digraph...
2026-07-03 22:00:22.561 | INFO     | pycaalp.time_balancing.model:run_mip:430 - Running MIP solver ...
2026-07-03 22:51:16.446 | INFO     | pycaalp.gapp.assembly_digraph:compute_assembly_digraph_complete:395 - Computing assembly digraph...
2026-07-03 22:57:14.848 | INFO     | pycaalp.time_balancing.model:run_mip:430 - Running MIP solver ...
2026-07-03 23:35:06.940 | INFO     | experiments.edge_reduction.scripts.combination_runs:run_full_edge_reduction_change:98 - Running test with: red_perc=60
2026-07-03 23:35:06.943 | INFO     | pycaalp.gapp.assembly_digraph:compute_assembly_digraph_complete:395 - Computing assembly digraph...
2026-07-03 23:41:01.316 | INFO     | pycaalp.time_balancing.model:run_mip:430 - Running MIP solver ...
2026-07-04 00:14:56.754 | INFO     | pycaalp.gapp.assembly_digraph:compute_assembly_digraph_complete:395 - Computing assembly digraph...
2026-07-04 00:20:53.470 | INFO     | pycaalp.time_balancing.model:run_mip:430 - Running MIP solver ...
2026-07-04 00:43:14.060 | INFO     | pycaalp.gapp.assembly_digraph:compute_assembly_digraph_complete:395 - Computing assembly digraph...
2026-07-04 00:49:16.032 | INFO     | pycaalp.time_balancing.model:run_mip:430 - Running MIP solver ...
2026-07-04 01:58:25.403 | INFO     | pycaalp.gapp.assembly_digraph:compute_assembly_digraph_complete:395 - Computing assembly digraph...
2026-07-04 02:04:13.771 | INFO     | pycaalp.time_balancing.model:run_mip:430 - Running MIP solver ...
2026-07-04 02:44:50.444 | INFO     | pycaalp.gapp.assembly_digraph:compute_assembly_digraph_complete:395 - Computing assembly digraph...
2026-07-04 02:50:34.447 | INFO     | pycaalp.time_balancing.model:run_mip:430 - Running MIP solver ...
2026-07-04 03:32:32.139 | INFO     | experiments.edge_reduction.scripts.combination_runs:run_full_edge_reduction_change:98 - Running test with: red_perc=70
2026-07-04 03:32:32.145 | INFO     | pycaalp.gapp.assembly_digraph:compute_assembly_digraph_complete:395 - Computing assembly digraph...
2026-07-04 03:38:40.283 | INFO     | pycaalp.time_balancing.model:run_mip:430 - Running MIP solver ...
2026-07-04 04:03:38.632 | INFO     | pycaalp.gapp.assembly_digraph:compute_assembly_digraph_complete:395 - Computing assembly digraph...
2026-07-04 04:09:52.376 | INFO     | pycaalp.time_balancing.model:run_mip:430 - Running MIP solver ...
2026-07-04 04:29:02.136 | INFO     | pycaalp.gapp.assembly_digraph:compute_assembly_digraph_complete:395 - Computing assembly digraph...
2026-07-04 04:34:58.898 | INFO     | pycaalp.time_balancing.model:run_mip:430 - Running MIP solver ...
2026-07-04 04:46:12.982 | INFO     | pycaalp.gapp.assembly_digraph:compute_assembly_digraph_complete:395 - Computing assembly digraph...
2026-07-04 04:52:09.821 | INFO     | pycaalp.time_balancing.model:run_mip:430 - Running MIP solver ...
2026-07-04 05:25:24.944 | INFO     | pycaalp.gapp.assembly_digraph:compute_assembly_digraph_complete:395 - Computing assembly digraph...
2026-07-04 05:31:23.790 | INFO     | pycaalp.time_balancing.model:run_mip:430 - Running MIP solver ...
2026-07-04 05:59:32.719 | INFO     | __main__:<module>:240 - Running plot_total_time
{0: (np.float64(10181.40213), np.float64(1.0318978496258226), np.float64(922.0), np.float64(0.0), np.float64(0.0), np.float64(0.0), np.float64(10386.827374415006), np.float64(0.0), np.float64(202.65950338399853), np.float64(0.0)), 10: (np.float64(3835.4021456), np.float64(1.0318978496258226), np.float64(922.0), np.float64(1389.7008671982524), np.float64(0.0), np.float64(0.0), np.float64(4250.877331977), np.float64(1392.9673294969123), np.float64(412.6959356849955), np.float64(7.401127463710171)), 20: (np.float64(3790.9195854), np.float64(1.0318978496258226), np.float64(922.0), np.float64(396.7981789566964), np.float64(0.0), np.float64(0.0), np.float64(4194.502180272602), np.float64(398.31400275245255), np.float64(401.1031805376057), np.float64(12.095522077376456)), 30: (np.float64(2992.6699334), np.float64(1.0318978496258226), np.float64(922.0), np.float64(397.7457507442128), np.float64(0.0), np.float64(0.0), np.float64(3390.2549494708014), np.float64(401.688137636802), np.float64(395.275752725004), np.float64(8.565123943338275)), 40: (np.float64(2713.9195134), np.float64(1.0318978496258226), np.float64(922.0), np.float64(782.6505170084423), np.float64(9.930136612989092e-17), np.float64(0.0), np.float64(3118.9762341069872), np.float64(767.0568882154878), np.float64(403.04888220999857), np.float64(16.855914538264578)), 50: (np.float64(2313.574314), np.float64(1.0318978496258229), np.float64(922.0), np.float64(534.0708107753), np.float64(1.9860273225978183e-16), np.float64(0.0), np.float64(2685.8280097628012), np.float64(542.3747757875793), np.float64(370.5308054165915), np.float64(13.72026431184995)), 60: (np.float64(2494.412638), np.float64(1.0318978496258226), np.float64(922.0), np.float64(925.7797983259735), np.float64(0.0), np.float64(0.0), np.float64(2848.798437937803), np.float64(927.9308435325423), np.float64(353.09216017801083), np.float64(6.301522247728122)), 70: (np.float64(1400.0299909999999), np.float64(1.0318978496258226), np.float64(922.0), np.float64(455.4099608393523), np.float64(0.0), np.float64(0.0), np.float64(1763.9008995279903), np.float64(454.3309017580932), np.float64(362.87221688560675), np.float64(6.86829803895637))}
Saved MIP solve time plot in experiments/edge_reduction/sweeps/assembly_2_np_3/lambda_0.4/plots/MIP_solve_time_num_phases_3.svg
2026-07-04 05:59:32.767 | INFO     | __main__:<module>:250 - Running plot_speedup_vs_max_length_lost
Saved speedup_vs_weld_len_degr plot in experiments/edge_reduction/sweeps/assembly_2_np_3/lambda_0.4/plots/speedup_vs_weld_len_degr_num_phases_3.svg
2026-07-04 05:59:32.863 | INFO     | __main__:<module>:253 - Running plot_average_max_time
Saved Max welding length [mm] plot in experiments/edge_reduction/sweeps/assembly_2_np_3/lambda_0.4/plots/Max_welding_length_[mm]_num_phases_3.svg
