2026-07-02 20:11:47.697 | INFO     | __main__:<module>:193 - Running /home/utg/Work/PyCAALP/experiments/edge_reduction/run.py
2026-07-02 20:11:47.698 | INFO     | __main__:<module>:194 - ASSEMBLY_FNAME='data/assembly_2/assembly_2_parts.json'
2026-07-02 20:11:47.698 | INFO     | __main__:<module>:196 - DFM_FNAME='data/assembly_2/assembly_2_dfm.json'
2026-07-02 20:11:47.698 | INFO     | __main__:<module>:197 - NUM_PHASES=3
2026-07-02 20:11:47.698 | INFO     | __main__:<module>:198 - RES_FNAME='experiments/edge_reduction/sweeps/assembly_2_np_3/lambda_0.5/res.pkl'
2026-07-02 20:11:47.698 | INFO     | experiments.edge_reduction.scripts.combination_runs:run_full_edge_reduction_change:98 - Running test with: red_perc=0
2026-07-02 20:11:47.701 | INFO     | pycaalp.gapp.assembly_digraph:compute_assembly_digraph_complete:395 - Computing assembly digraph...
2026-07-02 20:15:09.595 | INFO     | pycaalp.time_balancing.model:run_mip:430 - Running MIP solver ...
2026-07-02 21:58:18.961 | INFO     | experiments.edge_reduction.scripts.combination_runs:run_full_edge_reduction_change:98 - Running test with: red_perc=10
2026-07-02 21:58:18.964 | INFO     | pycaalp.gapp.assembly_digraph:compute_assembly_digraph_complete:395 - Computing assembly digraph...
2026-07-02 22:05:36.506 | INFO     | pycaalp.time_balancing.model:run_mip:430 - Running MIP solver ...
2026-07-03 00:07:56.104 | INFO     | pycaalp.gapp.assembly_digraph:compute_assembly_digraph_complete:395 - Computing assembly digraph...
2026-07-03 00:15:06.215 | INFO     | pycaalp.time_balancing.model:run_mip:430 - Running MIP solver ...
2026-07-03 01:38:26.606 | INFO     | pycaalp.gapp.assembly_digraph:compute_assembly_digraph_complete:395 - Computing assembly digraph...
2026-07-03 01:45:31.141 | INFO     | pycaalp.time_balancing.model:run_mip:430 - Running MIP solver ...
2026-07-03 02:59:50.105 | INFO     | pycaalp.gapp.assembly_digraph:compute_assembly_digraph_complete:395 - Computing assembly digraph...
2026-07-03 03:06:55.026 | INFO     | pycaalp.time_balancing.model:run_mip:430 - Running MIP solver ...
2026-07-03 04:40:03.666 | INFO     | pycaalp.gapp.assembly_digraph:compute_assembly_digraph_complete:395 - Computing assembly digraph...
2026-07-03 04:47:05.891 | INFO     | pycaalp.time_balancing.model:run_mip:430 - Running MIP solver ...
2026-07-03 05:31:27.703 | INFO     | experiments.edge_reduction.scripts.combination_runs:run_full_edge_reduction_change:98 - Running test with: red_perc=20
2026-07-03 05:31:27.707 | INFO     | pycaalp.gapp.assembly_digraph:compute_assembly_digraph_complete:395 - Computing assembly digraph...
2026-07-03 05:38:13.994 | INFO     | pycaalp.time_balancing.model:run_mip:430 - Running MIP solver ...
2026-07-03 07:45:48.729 | INFO     | pycaalp.gapp.assembly_digraph:compute_assembly_digraph_complete:395 - Computing assembly digraph...
2026-07-03 07:52:28.379 | INFO     | pycaalp.time_balancing.model:run_mip:430 - Running MIP solver ...
2026-07-03 08:50:12.967 | INFO     | pycaalp.gapp.assembly_digraph:compute_assembly_digraph_complete:395 - Computing assembly digraph...
2026-07-03 08:57:03.777 | INFO     | pycaalp.time_balancing.model:run_mip:430 - Running MIP solver ...
2026-07-03 10:10:11.311 | INFO     | pycaalp.gapp.assembly_digraph:compute_assembly_digraph_complete:395 - Computing assembly digraph...
2026-07-03 10:16:45.337 | INFO     | pycaalp.time_balancing.model:run_mip:430 - Running MIP solver ...
2026-07-03 12:13:15.475 | INFO     | pycaalp.gapp.assembly_digraph:compute_assembly_digraph_complete:395 - Computing assembly digraph...
2026-07-03 12:19:26.910 | INFO     | pycaalp.time_balancing.model:run_mip:430 - Running MIP solver ...
2026-07-03 14:33:16.925 | INFO     | experiments.edge_reduction.scripts.combination_runs:run_full_edge_reduction_change:98 - Running test with: red_perc=30
2026-07-03 14:33:16.930 | INFO     | pycaalp.gapp.assembly_digraph:compute_assembly_digraph_complete:395 - Computing assembly digraph...
2026-07-03 14:39:38.006 | INFO     | pycaalp.time_balancing.model:run_mip:430 - Running MIP solver ...
2026-07-03 16:28:28.841 | INFO     | pycaalp.gapp.assembly_digraph:compute_assembly_digraph_complete:395 - Computing assembly digraph...
2026-07-03 16:34:58.719 | INFO     | pycaalp.time_balancing.model:run_mip:430 - Running MIP solver ...
2026-07-03 18:01:38.285 | INFO     | pycaalp.gapp.assembly_digraph:compute_assembly_digraph_complete:395 - Computing assembly digraph...
2026-07-03 18:08:11.584 | INFO     | pycaalp.time_balancing.model:run_mip:430 - Running MIP solver ...
2026-07-03 19:50:33.863 | INFO     | pycaalp.gapp.assembly_digraph:compute_assembly_digraph_complete:395 - Computing assembly digraph...
2026-07-03 19:56:56.775 | INFO     | pycaalp.time_balancing.model:run_mip:430 - Running MIP solver ...
2026-07-03 20:34:00.132 | INFO     | pycaalp.gapp.assembly_digraph:compute_assembly_digraph_complete:395 - Computing assembly digraph...
2026-07-03 20:40:13.315 | INFO     | pycaalp.time_balancing.model:run_mip:430 - Running MIP solver ...
2026-07-03 21:42:50.012 | INFO     | experiments.edge_reduction.scripts.combination_runs:run_full_edge_reduction_change:98 - Running test with: red_perc=40
2026-07-03 21:42:50.019 | INFO     | pycaalp.gapp.assembly_digraph:compute_assembly_digraph_complete:395 - Computing assembly digraph...
2026-07-03 21:48:52.424 | INFO     | pycaalp.time_balancing.model:run_mip:430 - Running MIP solver ...
2026-07-03 22:12:19.318 | INFO     | pycaalp.gapp.assembly_digraph:compute_assembly_digraph_complete:395 - Computing assembly digraph...
2026-07-03 22:18:35.004 | INFO     | pycaalp.time_balancing.model:run_mip:430 - Running MIP solver ...
2026-07-03 23:24:24.664 | INFO     | pycaalp.gapp.assembly_digraph:compute_assembly_digraph_complete:395 - Computing assembly digraph...
2026-07-03 23:30:36.184 | INFO     | pycaalp.time_balancing.model:run_mip:430 - Running MIP solver ...
2026-07-04 01:23:39.768 | INFO     | pycaalp.gapp.assembly_digraph:compute_assembly_digraph_complete:395 - Computing assembly digraph...
2026-07-04 01:29:35.171 | INFO     | pycaalp.time_balancing.model:run_mip:430 - Running MIP solver ...
2026-07-04 02:44:36.672 | INFO     | pycaalp.gapp.assembly_digraph:compute_assembly_digraph_complete:395 - Computing assembly digraph...
2026-07-04 02:50:19.124 | INFO     | pycaalp.time_balancing.model:run_mip:430 - Running MIP solver ...
2026-07-04 03:58:54.380 | INFO     | experiments.edge_reduction.scripts.combination_runs:run_full_edge_reduction_change:98 - Running test with: red_perc=50
2026-07-04 03:58:54.387 | INFO     | pycaalp.gapp.assembly_digraph:compute_assembly_digraph_complete:395 - Computing assembly digraph...
2026-07-04 04:04:45.500 | INFO     | pycaalp.time_balancing.model:run_mip:430 - Running MIP solver ...
2026-07-04 04:43:57.610 | INFO     | pycaalp.gapp.assembly_digraph:compute_assembly_digraph_complete:395 - Computing assembly digraph...
2026-07-04 04:49:40.638 | INFO     | pycaalp.time_balancing.model:run_mip:430 - Running MIP solver ...
2026-07-04 06:33:52.755 | INFO     | pycaalp.gapp.assembly_digraph:compute_assembly_digraph_complete:395 - Computing assembly digraph...
2026-07-04 06:39:20.746 | INFO     | pycaalp.time_balancing.model:run_mip:430 - Running MIP solver ...
2026-07-04 06:57:48.400 | INFO     | pycaalp.gapp.assembly_digraph:compute_assembly_digraph_complete:395 - Computing assembly digraph...
2026-07-04 07:03:09.306 | INFO     | pycaalp.time_balancing.model:run_mip:430 - Running MIP solver ...
2026-07-04 07:15:22.455 | INFO     | pycaalp.gapp.assembly_digraph:compute_assembly_digraph_complete:395 - Computing assembly digraph...
2026-07-04 07:20:58.337 | INFO     | pycaalp.time_balancing.model:run_mip:430 - Running MIP solver ...
2026-07-04 08:10:27.199 | INFO     | experiments.edge_reduction.scripts.combination_runs:run_full_edge_reduction_change:98 - Running test with: red_perc=60
2026-07-04 08:10:27.201 | INFO     | pycaalp.gapp.assembly_digraph:compute_assembly_digraph_complete:395 - Computing assembly digraph...
2026-07-04 08:15:38.003 | INFO     | pycaalp.time_balancing.model:run_mip:430 - Running MIP solver ...
2026-07-04 08:47:49.773 | INFO     | pycaalp.gapp.assembly_digraph:compute_assembly_digraph_complete:395 - Computing assembly digraph...
2026-07-04 08:53:12.588 | INFO     | pycaalp.time_balancing.model:run_mip:430 - Running MIP solver ...
2026-07-04 09:36:55.402 | INFO     | pycaalp.gapp.assembly_digraph:compute_assembly_digraph_complete:395 - Computing assembly digraph...
2026-07-04 09:42:16.120 | INFO     | pycaalp.time_balancing.model:run_mip:430 - Running MIP solver ...
2026-07-04 10:00:57.407 | INFO     | pycaalp.gapp.assembly_digraph:compute_assembly_digraph_complete:395 - Computing assembly digraph...
2026-07-04 10:06:14.035 | INFO     | pycaalp.time_balancing.model:run_mip:430 - Running MIP solver ...
2026-07-04 10:28:52.996 | INFO     | pycaalp.gapp.assembly_digraph:compute_assembly_digraph_complete:395 - Computing assembly digraph...
2026-07-04 10:34:08.880 | INFO     | pycaalp.time_balancing.model:run_mip:430 - Running MIP solver ...
2026-07-04 10:59:13.074 | INFO     | experiments.edge_reduction.scripts.combination_runs:run_full_edge_reduction_change:98 - Running test with: red_perc=70
2026-07-04 10:59:13.079 | INFO     | pycaalp.gapp.assembly_digraph:compute_assembly_digraph_complete:395 - Computing assembly digraph...
2026-07-04 11:04:41.622 | INFO     | pycaalp.time_balancing.model:run_mip:430 - Running MIP solver ...
2026-07-04 11:59:03.019 | INFO     | pycaalp.gapp.assembly_digraph:compute_assembly_digraph_complete:395 - Computing assembly digraph...
2026-07-04 12:04:13.127 | INFO     | pycaalp.time_balancing.model:run_mip:430 - Running MIP solver ...
2026-07-04 12:15:19.170 | INFO     | pycaalp.gapp.assembly_digraph:compute_assembly_digraph_complete:395 - Computing assembly digraph...
2026-07-04 12:20:41.522 | INFO     | pycaalp.time_balancing.model:run_mip:430 - Running MIP solver ...
2026-07-04 13:12:11.181 | INFO     | pycaalp.gapp.assembly_digraph:compute_assembly_digraph_complete:395 - Computing assembly digraph...
2026-07-04 13:17:34.258 | INFO     | pycaalp.time_balancing.model:run_mip:430 - Running MIP solver ...
2026-07-04 14:04:14.683 | INFO     | pycaalp.gapp.assembly_digraph:compute_assembly_digraph_complete:395 - Computing assembly digraph...
2026-07-04 14:09:30.992 | INFO     | pycaalp.time_balancing.model:run_mip:430 - Running MIP solver ...
2026-07-04 14:57:17.408 | INFO     | __main__:<module>:240 - Running plot_total_time
{0: (np.float64(6186.624152), np.float64(1.033522636984693), np.float64(922.0), np.float64(0.0), np.float64(0.0), np.float64(0.0), np.float64(6391.263574551995), np.float64(0.0), np.float64(201.89690796798095), np.float64(0.0)), 10: (np.float64(5006.5866662), np.float64(1.033522636984693), np.float64(922.0), np.float64(1521.8521762787288), np.float64(9.930136612989092e-17), np.float64(0.0), np.float64(5437.301758157596), np.float64(1526.5400639742895), np.float64(427.8702584279992), np.float64(5.481150600402771)), 20: (np.float64(6102.4750358), np.float64(1.033522636984693), np.float64(922.0), np.float64(1833.7075651787086), np.float64(1.7199501139797033e-16), np.float64(0.0), np.float64(6501.412683325592), np.float64(1826.3159780532353), np.float64(396.44764137619643), np.float64(13.746327043010906)), 30: (np.float64(4767.9259786), np.float64(1.033522636984693), np.float64(922.0), np.float64(1592.4900351668641), np.float64(9.930136612989092e-17), np.float64(0.0), np.float64(5154.228005244996), np.float64(1595.4840101221596), np.float64(384.0767648960056), np.float64(7.038706711855447)), 40: (np.float64(4148.972696), np.float64(1.033522636984693), np.float64(922.0), np.float64(1710.2340576748163), np.float64(0.0), np.float64(0.0), np.float64(4512.532213651202), np.float64(1712.6050240320897), np.float64(361.5011654585949), np.float64(11.853121905923231)), 50: (np.float64(2680.8933623999997), np.float64(1.033522636984693), np.float64(922.0), np.float64(1960.310766470359), np.float64(9.930136612989092e-17), np.float64(0.0), np.float64(3018.297985475615), np.float64(1966.6479655801152), np.float64(335.791668518621), np.float64(10.672191820330541)), 60: (np.float64(1706.2762908), np.float64(1.033522636984693), np.float64(922.0), np.float64(528.0425548768646), np.float64(0.0), np.float64(0.0), np.float64(2024.9532837767736), np.float64(528.9048826565154), np.float64(317.37539532717784), np.float64(4.166923611661335)), 70: (np.float64(2535.6250824), np.float64(1.033522636984693), np.float64(922.0), np.float64(949.6025781829353), np.float64(9.930136612989092e-17), np.float64(0.0), np.float64(2856.6400448551985), np.float64(954.983187766256), np.float64(320.08380120918156), np.float64(6.314968709622027))}
Saved MIP solve time plot in experiments/edge_reduction/sweeps/assembly_2_np_3/lambda_0.5/plots/MIP_solve_time_num_phases_3.svg
2026-07-04 14:57:17.451 | INFO     | __main__:<module>:250 - Running plot_speedup_vs_max_length_lost
Saved speedup_vs_weld_len_degr plot in experiments/edge_reduction/sweeps/assembly_2_np_3/lambda_0.5/plots/speedup_vs_weld_len_degr_num_phases_3.svg
2026-07-04 14:57:17.549 | INFO     | __main__:<module>:253 - Running plot_average_max_time
Saved Max welding length [mm] plot in experiments/edge_reduction/sweeps/assembly_2_np_3/lambda_0.5/plots/Max_welding_length_[mm]_num_phases_3.svg
