2026-07-02 20:11:47.689 | INFO     | __main__:<module>:193 - Running /home/utg/Work/PyCAALP/experiments/edge_reduction/run.py
2026-07-02 20:11:47.689 | INFO     | __main__:<module>:194 - ASSEMBLY_FNAME='data/assembly_2/assembly_2_parts.json'
2026-07-02 20:11:47.690 | INFO     | __main__:<module>:196 - DFM_FNAME='data/assembly_2/assembly_2_dfm.json'
2026-07-02 20:11:47.690 | INFO     | __main__:<module>:197 - NUM_PHASES=3
2026-07-02 20:11:47.690 | INFO     | __main__:<module>:198 - RES_FNAME='experiments/edge_reduction/sweeps/assembly_2_np_3/lambda_0.7/res.pkl'
2026-07-02 20:11:47.690 | INFO     | experiments.edge_reduction.scripts.combination_runs:run_full_edge_reduction_change:98 - Running test with: red_perc=0
2026-07-02 20:11:47.692 | INFO     | pycaalp.gapp.assembly_digraph:compute_assembly_digraph_complete:395 - Computing assembly digraph...
2026-07-02 20:14:56.071 | INFO     | pycaalp.time_balancing.model:run_mip:430 - Running MIP solver ...
2026-07-02 23:52:13.104 | INFO     | experiments.edge_reduction.scripts.combination_runs:run_full_edge_reduction_change:98 - Running test with: red_perc=10
2026-07-02 23:52:13.107 | INFO     | pycaalp.gapp.assembly_digraph:compute_assembly_digraph_complete:395 - Computing assembly digraph...
2026-07-02 23:59:00.349 | INFO     | pycaalp.time_balancing.model:run_mip:430 - Running MIP solver ...
2026-07-03 03:44:32.363 | INFO     | pycaalp.gapp.assembly_digraph:compute_assembly_digraph_complete:395 - Computing assembly digraph...
2026-07-03 03:51:36.678 | INFO     | pycaalp.time_balancing.model:run_mip:430 - Running MIP solver ...
2026-07-03 08:12:59.020 | INFO     | pycaalp.gapp.assembly_digraph:compute_assembly_digraph_complete:395 - Computing assembly digraph...
2026-07-03 08:19:37.046 | INFO     | pycaalp.time_balancing.model:run_mip:430 - Running MIP solver ...
2026-07-03 12:16:26.334 | INFO     | pycaalp.gapp.assembly_digraph:compute_assembly_digraph_complete:395 - Computing assembly digraph...
2026-07-03 12:23:08.040 | INFO     | pycaalp.time_balancing.model:run_mip:430 - Running MIP solver ...
2026-07-03 18:02:53.526 | INFO     | pycaalp.gapp.assembly_digraph:compute_assembly_digraph_complete:395 - Computing assembly digraph...
2026-07-03 18:09:15.292 | INFO     | pycaalp.time_balancing.model:run_mip:430 - Running MIP solver ...
2026-07-03 22:40:44.895 | INFO     | experiments.edge_reduction.scripts.combination_runs:run_full_edge_reduction_change:98 - Running test with: red_perc=20
2026-07-03 22:40:44.898 | INFO     | pycaalp.gapp.assembly_digraph:compute_assembly_digraph_complete:395 - Computing assembly digraph...
2026-07-03 22:46:49.682 | INFO     | pycaalp.time_balancing.model:run_mip:430 - Running MIP solver ...
2026-07-04 01:50:08.948 | INFO     | pycaalp.gapp.assembly_digraph:compute_assembly_digraph_complete:395 - Computing assembly digraph...
2026-07-04 01:56:20.834 | INFO     | pycaalp.time_balancing.model:run_mip:430 - Running MIP solver ...
2026-07-04 04:56:26.567 | INFO     | pycaalp.gapp.assembly_digraph:compute_assembly_digraph_complete:395 - Computing assembly digraph...
2026-07-04 05:02:12.183 | INFO     | pycaalp.time_balancing.model:run_mip:430 - Running MIP solver ...
2026-07-04 08:27:04.651 | INFO     | pycaalp.gapp.assembly_digraph:compute_assembly_digraph_complete:395 - Computing assembly digraph...
2026-07-04 08:32:28.587 | INFO     | pycaalp.time_balancing.model:run_mip:430 - Running MIP solver ...
2026-07-04 10:47:09.094 | INFO     | pycaalp.gapp.assembly_digraph:compute_assembly_digraph_complete:395 - Computing assembly digraph...
2026-07-04 10:52:30.042 | INFO     | pycaalp.time_balancing.model:run_mip:430 - Running MIP solver ...
2026-07-04 13:07:45.072 | INFO     | experiments.edge_reduction.scripts.combination_runs:run_full_edge_reduction_change:98 - Running test with: red_perc=30
2026-07-04 13:07:45.081 | INFO     | pycaalp.gapp.assembly_digraph:compute_assembly_digraph_complete:395 - Computing assembly digraph...
2026-07-04 13:13:03.895 | INFO     | pycaalp.time_balancing.model:run_mip:430 - Running MIP solver ...
2026-07-04 15:02:52.138 | INFO     | pycaalp.gapp.assembly_digraph:compute_assembly_digraph_complete:395 - Computing assembly digraph...
2026-07-04 15:07:50.562 | INFO     | pycaalp.time_balancing.model:run_mip:430 - Running MIP solver ...
2026-07-04 16:51:05.697 | INFO     | pycaalp.gapp.assembly_digraph:compute_assembly_digraph_complete:395 - Computing assembly digraph...
2026-07-04 16:56:11.073 | INFO     | pycaalp.time_balancing.model:run_mip:430 - Running MIP solver ...
2026-07-04 18:57:01.774 | INFO     | pycaalp.gapp.assembly_digraph:compute_assembly_digraph_complete:395 - Computing assembly digraph...
2026-07-04 19:01:57.911 | INFO     | pycaalp.time_balancing.model:run_mip:430 - Running MIP solver ...
2026-07-04 22:23:51.707 | INFO     | pycaalp.gapp.assembly_digraph:compute_assembly_digraph_complete:395 - Computing assembly digraph...
2026-07-04 22:28:50.446 | INFO     | pycaalp.time_balancing.model:run_mip:430 - Running MIP solver ...
2026-07-05 01:44:17.021 | INFO     | experiments.edge_reduction.scripts.combination_runs:run_full_edge_reduction_change:98 - Running test with: red_perc=40
2026-07-05 01:44:17.032 | INFO     | pycaalp.gapp.assembly_digraph:compute_assembly_digraph_complete:395 - Computing assembly digraph...
2026-07-05 01:49:21.617 | INFO     | pycaalp.time_balancing.model:run_mip:430 - Running MIP solver ...
2026-07-05 04:48:18.020 | INFO     | pycaalp.gapp.assembly_digraph:compute_assembly_digraph_complete:395 - Computing assembly digraph...
2026-07-05 04:53:26.034 | INFO     | pycaalp.time_balancing.model:run_mip:430 - Running MIP solver ...
2026-07-05 06:38:45.568 | INFO     | pycaalp.gapp.assembly_digraph:compute_assembly_digraph_complete:395 - Computing assembly digraph...
2026-07-05 06:43:29.822 | INFO     | pycaalp.time_balancing.model:run_mip:430 - Running MIP solver ...
2026-07-05 08:20:38.060 | INFO     | pycaalp.gapp.assembly_digraph:compute_assembly_digraph_complete:395 - Computing assembly digraph...
2026-07-05 08:25:17.172 | INFO     | pycaalp.time_balancing.model:run_mip:430 - Running MIP solver ...
2026-07-05 10:22:53.646 | INFO     | pycaalp.gapp.assembly_digraph:compute_assembly_digraph_complete:395 - Computing assembly digraph...
2026-07-05 10:27:46.752 | INFO     | pycaalp.time_balancing.model:run_mip:430 - Running MIP solver ...
2026-07-05 12:04:24.863 | INFO     | experiments.edge_reduction.scripts.combination_runs:run_full_edge_reduction_change:98 - Running test with: red_perc=50
2026-07-05 12:04:24.873 | INFO     | pycaalp.gapp.assembly_digraph:compute_assembly_digraph_complete:395 - Computing assembly digraph...
2026-07-05 12:09:05.907 | INFO     | pycaalp.time_balancing.model:run_mip:430 - Running MIP solver ...
2026-07-05 14:25:15.133 | INFO     | pycaalp.gapp.assembly_digraph:compute_assembly_digraph_complete:395 - Computing assembly digraph...
2026-07-05 14:29:53.374 | INFO     | pycaalp.time_balancing.model:run_mip:430 - Running MIP solver ...
2026-07-05 16:32:23.539 | INFO     | pycaalp.gapp.assembly_digraph:compute_assembly_digraph_complete:395 - Computing assembly digraph...
2026-07-05 16:37:11.352 | INFO     | pycaalp.time_balancing.model:run_mip:430 - Running MIP solver ...
2026-07-05 17:55:56.839 | INFO     | pycaalp.gapp.assembly_digraph:compute_assembly_digraph_complete:395 - Computing assembly digraph...
2026-07-05 18:00:38.275 | INFO     | pycaalp.time_balancing.model:run_mip:430 - Running MIP solver ...
2026-07-05 19:20:21.119 | INFO     | pycaalp.gapp.assembly_digraph:compute_assembly_digraph_complete:395 - Computing assembly digraph...
2026-07-05 19:25:02.664 | INFO     | pycaalp.time_balancing.model:run_mip:430 - Running MIP solver ...
2026-07-05 21:28:06.078 | INFO     | experiments.edge_reduction.scripts.combination_runs:run_full_edge_reduction_change:98 - Running test with: red_perc=60
2026-07-05 21:28:06.080 | INFO     | pycaalp.gapp.assembly_digraph:compute_assembly_digraph_complete:395 - Computing assembly digraph...
2026-07-05 21:32:41.625 | INFO     | pycaalp.time_balancing.model:run_mip:430 - Running MIP solver ...
2026-07-05 22:53:22.380 | INFO     | pycaalp.gapp.assembly_digraph:compute_assembly_digraph_complete:395 - Computing assembly digraph...
2026-07-05 22:57:59.039 | INFO     | pycaalp.time_balancing.model:run_mip:430 - Running MIP solver ...
2026-07-06 00:40:10.584 | INFO     | pycaalp.gapp.assembly_digraph:compute_assembly_digraph_complete:395 - Computing assembly digraph...
2026-07-06 00:44:43.891 | INFO     | pycaalp.time_balancing.model:run_mip:430 - Running MIP solver ...
2026-07-06 02:39:48.511 | INFO     | pycaalp.gapp.assembly_digraph:compute_assembly_digraph_complete:395 - Computing assembly digraph...
2026-07-06 02:44:32.935 | INFO     | pycaalp.time_balancing.model:run_mip:430 - Running MIP solver ...
2026-07-06 05:06:17.978 | INFO     | pycaalp.gapp.assembly_digraph:compute_assembly_digraph_complete:395 - Computing assembly digraph...
2026-07-06 05:10:48.019 | INFO     | pycaalp.time_balancing.model:run_mip:430 - Running MIP solver ...
2026-07-06 06:38:03.970 | INFO     | experiments.edge_reduction.scripts.combination_runs:run_full_edge_reduction_change:98 - Running test with: red_perc=70
2026-07-06 06:38:03.973 | INFO     | pycaalp.gapp.assembly_digraph:compute_assembly_digraph_complete:395 - Computing assembly digraph...
2026-07-06 06:42:37.397 | INFO     | pycaalp.time_balancing.model:run_mip:430 - Running MIP solver ...
2026-07-06 08:18:16.547 | INFO     | pycaalp.gapp.assembly_digraph:compute_assembly_digraph_complete:395 - Computing assembly digraph...
2026-07-06 08:22:54.143 | INFO     | pycaalp.time_balancing.model:run_mip:430 - Running MIP solver ...
2026-07-06 09:51:55.250 | INFO     | pycaalp.gapp.assembly_digraph:compute_assembly_digraph_complete:395 - Computing assembly digraph...
2026-07-06 09:56:27.228 | INFO     | pycaalp.time_balancing.model:run_mip:430 - Running MIP solver ...
2026-07-06 11:07:54.228 | INFO     | pycaalp.gapp.assembly_digraph:compute_assembly_digraph_complete:395 - Computing assembly digraph...
2026-07-06 11:12:24.277 | INFO     | pycaalp.time_balancing.model:run_mip:430 - Running MIP solver ...
