============ adaptive convergence (oracle-free) sweep ============
date         : 2026-07-07T10:40:49+02:00
host         : pop-os
git commit   : a42d700 (research/wgp-2026)
python       : Python 3.14.4
instance     : assembly_2
parts file   : data/assembly_2/assembly_2_parts.json
dfm file     : data/assembly_2/assembly_2_dfm.json
num_phases   : 5
lambda grid  : 0.1 0.2 0.3 0.4 0.5 0.6 0.7 0.8 0.9
jobs (par.)  : 9
rundir       : experiments/adaptive_convergence/assembly_2_np_5
=================================================================
extra args   : --num-phases 5 --stop-perc-graph 3

----------------- λ = 0.1 -----------------
========================================================================
adaptive convergence (oracle-free) — assembly_2  P=5  λ=0.1
========================================================================

Building assembly digraph …
2026-07-07 10:40:49.726 | INFO     | pycaalp.gapp.assembly_digraph:compute_assembly_digraph_complete:396 - Computing assembly digraph...
  22160 nodes, 134216 edges  (196.5s)
  ideal obj (Σ shortest-path bound) = 1.0168
  phase width (T_total/P)           = 537.80

[adaptive] k-sweep (stop at 3.0% of edges):
2026-07-07 10:44:07.471 | INFO     | pycaalp.time_balancing.model:run_mip:430 - Running MIP solver ...
  k=    1    0.0% edges  obj=1.0242  obj_vs_ideal=0.72%  α_vs_width=4.13%  Δobj=   —     build=1.20s solve=0.63s
2026-07-07 10:44:10.020 | INFO     | pycaalp.time_balancing.model:run_mip:430 - Running MIP solver ...
  k=    2    0.0% edges  obj=1.0242  obj_vs_ideal=0.72%  α_vs_width=4.13%  Δobj=+0.000%  build=1.92s solve=0.35s
2026-07-07 10:44:12.796 | INFO     | pycaalp.time_balancing.model:run_mip:430 - Running MIP solver ...
  k=    3    0.0% edges  obj=1.0242  obj_vs_ideal=0.72%  α_vs_width=4.13%  Δobj=+0.000%  build=2.42s solve=0.63s
2026-07-07 10:44:16.300 | INFO     | pycaalp.time_balancing.model:run_mip:430 - Running MIP solver ...
  k=    4    0.0% edges  obj=1.0242  obj_vs_ideal=0.72%  α_vs_width=4.13%  Δobj=-0.000%  build=2.87s solve=0.57s
2026-07-07 10:44:20.852 | INFO     | pycaalp.time_balancing.model:run_mip:430 - Running MIP solver ...
  k=    6    0.1% edges  obj=1.0242  obj_vs_ideal=0.72%  α_vs_width=4.13%  Δobj=+0.000%  build=3.98s solve=0.66s
2026-07-07 10:44:26.572 | INFO     | pycaalp.time_balancing.model:run_mip:430 - Running MIP solver ...
  k=    8    0.1% edges  obj=1.0242  obj_vs_ideal=0.72%  α_vs_width=4.13%  Δobj=+0.000%  build=5.06s solve=0.80s
2026-07-07 10:44:34.710 | INFO     | pycaalp.time_balancing.model:run_mip:430 - Running MIP solver ...
  k=   12    0.1% edges  obj=1.0242  obj_vs_ideal=0.72%  α_vs_width=4.13%  Δobj=+0.000%  build=7.34s solve=1.31s
2026-07-07 10:44:45.246 | INFO     | pycaalp.time_balancing.model:run_mip:430 - Running MIP solver ...
  k=   16    0.1% edges  obj=1.0242  obj_vs_ideal=0.72%  α_vs_width=4.13%  Δobj=+0.000%  build=9.22s solve=1.28s
2026-07-07 10:44:58.689 | INFO     | pycaalp.time_balancing.model:run_mip:430 - Running MIP solver ...
  k=   24    0.1% edges  obj=1.0186  obj_vs_ideal=0.17%  α_vs_width=5.24%  Δobj=+0.550%  build=12.16s solve=1.55s
2026-07-07 10:45:15.834 | INFO     | pycaalp.time_balancing.model:run_mip:430 - Running MIP solver ...
  k=   32    0.1% edges  obj=1.0186  obj_vs_ideal=0.17%  α_vs_width=5.24%  Δobj=+0.000%  build=15.59s solve=0.71s
2026-07-07 10:45:32.734 | INFO     | pycaalp.time_balancing.model:run_mip:430 - Running MIP solver ...
  k=   48    0.3% edges  obj=1.0186  obj_vs_ideal=0.17%  α_vs_width=5.24%  Δobj=+0.000%  build=16.19s solve=2.68s
2026-07-07 10:45:52.263 | INFO     | pycaalp.time_balancing.model:run_mip:430 - Running MIP solver ...
  k=   64    0.4% edges  obj=1.0186  obj_vs_ideal=0.17%  α_vs_width=5.24%  Δobj=+0.000%  build=16.85s solve=2.15s
2026-07-07 10:46:12.998 | INFO     | pycaalp.time_balancing.model:run_mip:430 - Running MIP solver ...
  k=   96    0.7% edges  obj=1.0186  obj_vs_ideal=0.17%  α_vs_width=5.24%  Δobj=+0.000%  build=18.59s solve=5.14s
2026-07-07 10:46:38.844 | INFO     | pycaalp.time_balancing.model:run_mip:430 - Running MIP solver ...
  k=  128    1.0% edges  obj=1.0186  obj_vs_ideal=0.17%  α_vs_width=5.24%  Δobj=+0.000%  build=20.70s solve=5.73s
2026-07-07 10:47:09.012 | INFO     | pycaalp.time_balancing.model:run_mip:430 - Running MIP solver ...
  k=  192    1.5% edges  obj=1.0186  obj_vs_ideal=0.17%  α_vs_width=5.24%  Δobj=+0.000%  build=24.44s solve=9.45s
2026-07-07 10:47:47.115 | INFO     | pycaalp.time_balancing.model:run_mip:430 - Running MIP solver ...
  k=  256    2.0% edges  obj=1.0186  obj_vs_ideal=0.17%  α_vs_width=5.24%  Δobj=-0.000%  build=28.65s solve=7.89s
2026-07-07 10:48:40.250 | INFO     | pycaalp.time_balancing.model:run_mip:430 - Running MIP solver ...
  k=  512    3.7% edges  obj=1.0186  obj_vs_ideal=0.17%  α_vs_width=5.24%  Δobj=+0.000%  build=45.24s solve=78.89s
  → stop: stop_perc_graph

Done. CSV → experiments/adaptive_convergence/assembly_2_np_5/adaptive_convergence_lambda_0.1.csv

----------------- λ = 0.2 -----------------
========================================================================
adaptive convergence (oracle-free) — assembly_2  P=5  λ=0.2
========================================================================

Building assembly digraph …
2026-07-07 10:40:49.830 | INFO     | pycaalp.gapp.assembly_digraph:compute_assembly_digraph_complete:396 - Computing assembly digraph...
  22160 nodes, 134216 edges  (196.1s)
  ideal obj (Σ shortest-path bound) = 1.0210
  phase width (T_total/P)           = 537.80

[adaptive] k-sweep (stop at 3.0% of edges):
2026-07-07 10:44:07.215 | INFO     | pycaalp.time_balancing.model:run_mip:430 - Running MIP solver ...
  k=    1    0.0% edges  obj=1.0275  obj_vs_ideal=0.64%  α_vs_width=4.13%  Δobj=   —     build=1.22s solve=0.33s
2026-07-07 10:44:09.377 | INFO     | pycaalp.time_balancing.model:run_mip:430 - Running MIP solver ...
  k=    2    0.0% edges  obj=1.0275  obj_vs_ideal=0.64%  α_vs_width=4.13%  Δobj=-0.000%  build=1.83s solve=1.25s
2026-07-07 10:44:13.018 | INFO     | pycaalp.time_balancing.model:run_mip:430 - Running MIP solver ...
  k=    3    0.0% edges  obj=1.0275  obj_vs_ideal=0.64%  α_vs_width=4.13%  Δobj=+0.000%  build=2.39s solve=0.40s
2026-07-07 10:44:16.227 | INFO     | pycaalp.time_balancing.model:run_mip:430 - Running MIP solver ...
  k=    4    0.0% edges  obj=1.0275  obj_vs_ideal=0.64%  α_vs_width=4.13%  Δobj=+0.000%  build=2.81s solve=0.66s
2026-07-07 10:44:20.786 | INFO     | pycaalp.time_balancing.model:run_mip:430 - Running MIP solver ...
  k=    6    0.1% edges  obj=1.0275  obj_vs_ideal=0.64%  α_vs_width=4.13%  Δobj=+0.000%  build=3.89s solve=1.04s
2026-07-07 10:44:26.709 | INFO     | pycaalp.time_balancing.model:run_mip:430 - Running MIP solver ...
  k=    8    0.1% edges  obj=1.0275  obj_vs_ideal=0.64%  α_vs_width=4.13%  Δobj=+0.000%  build=4.88s solve=1.09s
2026-07-07 10:44:35.063 | INFO     | pycaalp.time_balancing.model:run_mip:430 - Running MIP solver ...
  k=   12    0.1% edges  obj=1.0275  obj_vs_ideal=0.64%  α_vs_width=4.13%  Δobj=-0.000%  build=7.27s solve=1.04s
2026-07-07 10:44:45.073 | INFO     | pycaalp.time_balancing.model:run_mip:430 - Running MIP solver ...
  k=   16    0.1% edges  obj=1.0275  obj_vs_ideal=0.64%  α_vs_width=4.13%  Δobj=+0.000%  build=8.97s solve=1.25s
2026-07-07 10:44:58.439 | INFO     | pycaalp.time_balancing.model:run_mip:430 - Running MIP solver ...
  k=   24    0.1% edges  obj=1.0238  obj_vs_ideal=0.27%  α_vs_width=5.24%  Δobj=+0.365%  build=12.12s solve=1.31s
2026-07-07 10:45:14.881 | INFO     | pycaalp.time_balancing.model:run_mip:430 - Running MIP solver ...
  k=   32    0.1% edges  obj=1.0238  obj_vs_ideal=0.27%  α_vs_width=5.24%  Δobj=-0.000%  build=15.13s solve=0.82s
2026-07-07 10:45:31.428 | INFO     | pycaalp.time_balancing.model:run_mip:430 - Running MIP solver ...
  k=   48    0.3% edges  obj=1.0238  obj_vs_ideal=0.27%  α_vs_width=5.24%  Δobj=+0.000%  build=15.73s solve=2.41s
2026-07-07 10:45:50.362 | INFO     | pycaalp.time_balancing.model:run_mip:430 - Running MIP solver ...
  k=   64    0.4% edges  obj=1.0238  obj_vs_ideal=0.27%  α_vs_width=5.24%  Δobj=+0.000%  build=16.52s solve=5.84s
2026-07-07 10:46:14.619 | INFO     | pycaalp.time_balancing.model:run_mip:430 - Running MIP solver ...
  k=   96    0.7% edges  obj=1.0238  obj_vs_ideal=0.27%  α_vs_width=5.24%  Δobj=+0.000%  build=18.42s solve=5.02s
2026-07-07 10:46:39.892 | INFO     | pycaalp.time_balancing.model:run_mip:430 - Running MIP solver ...
  k=  128    1.0% edges  obj=1.0238  obj_vs_ideal=0.27%  α_vs_width=5.24%  Δobj=+0.000%  build=20.26s solve=6.82s
2026-07-07 10:47:11.039 | INFO     | pycaalp.time_balancing.model:run_mip:430 - Running MIP solver ...
  k=  192    1.5% edges  obj=1.0238  obj_vs_ideal=0.27%  α_vs_width=5.24%  Δobj=+0.000%  build=24.33s solve=13.13s
2026-07-07 10:47:53.064 | INFO     | pycaalp.time_balancing.model:run_mip:430 - Running MIP solver ...
  k=  256    2.0% edges  obj=1.0238  obj_vs_ideal=0.27%  α_vs_width=5.24%  Δobj=+0.000%  build=28.90s solve=22.63s
2026-07-07 10:49:03.720 | INFO     | pycaalp.time_balancing.model:run_mip:430 - Running MIP solver ...
  k=  512    3.7% edges  obj=1.0238  obj_vs_ideal=0.27%  α_vs_width=5.24%  Δobj=+0.000%  build=48.03s solve=105.99s
  → stop: stop_perc_graph

Done. CSV → experiments/adaptive_convergence/assembly_2_np_5/adaptive_convergence_lambda_0.2.csv

----------------- λ = 0.3 -----------------
========================================================================
adaptive convergence (oracle-free) — assembly_2  P=5  λ=0.3
========================================================================

Building assembly digraph …
2026-07-07 10:40:49.721 | INFO     | pycaalp.gapp.assembly_digraph:compute_assembly_digraph_complete:396 - Computing assembly digraph...
  22160 nodes, 134216 edges  (199.2s)
  ideal obj (Σ shortest-path bound) = 1.0252
  phase width (T_total/P)           = 537.80

[adaptive] k-sweep (stop at 3.0% of edges):
2026-07-07 10:44:10.353 | INFO     | pycaalp.time_balancing.model:run_mip:430 - Running MIP solver ...
  k=    1    0.0% edges  obj=1.0309  obj_vs_ideal=0.56%  α_vs_width=4.13%  Δobj=   —     build=1.35s solve=0.66s
2026-07-07 10:44:12.965 | INFO     | pycaalp.time_balancing.model:run_mip:430 - Running MIP solver ...
  k=    2    0.0% edges  obj=1.0309  obj_vs_ideal=0.56%  α_vs_width=4.13%  Δobj=+0.000%  build=1.95s solve=0.56s
2026-07-07 10:44:15.913 | INFO     | pycaalp.time_balancing.model:run_mip:430 - Running MIP solver ...
  k=    3    0.0% edges  obj=1.0309  obj_vs_ideal=0.56%  α_vs_width=4.13%  Δobj=+0.000%  build=2.38s solve=0.64s
2026-07-07 10:44:19.331 | INFO     | pycaalp.time_balancing.model:run_mip:430 - Running MIP solver ...
  k=    4    0.0% edges  obj=1.0309  obj_vs_ideal=0.56%  α_vs_width=4.13%  Δobj=+0.000%  build=2.78s solve=0.57s
2026-07-07 10:44:23.751 | INFO     | pycaalp.time_balancing.model:run_mip:430 - Running MIP solver ...
  k=    6    0.1% edges  obj=1.0309  obj_vs_ideal=0.56%  α_vs_width=4.13%  Δobj=+0.000%  build=3.85s solve=1.08s
2026-07-07 10:44:29.716 | INFO     | pycaalp.time_balancing.model:run_mip:430 - Running MIP solver ...
  k=    8    0.1% edges  obj=1.0309  obj_vs_ideal=0.56%  α_vs_width=4.13%  Δobj=+0.000%  build=4.89s solve=0.75s
2026-07-07 10:44:37.650 | INFO     | pycaalp.time_balancing.model:run_mip:430 - Running MIP solver ...
  k=   12    0.1% edges  obj=1.0309  obj_vs_ideal=0.56%  α_vs_width=4.13%  Δobj=+0.000%  build=7.18s solve=1.36s
2026-07-07 10:44:47.853 | INFO     | pycaalp.time_balancing.model:run_mip:430 - Running MIP solver ...
  k=   16    0.1% edges  obj=1.0309  obj_vs_ideal=0.56%  α_vs_width=4.13%  Δobj=+0.000%  build=8.84s solve=0.71s
2026-07-07 10:45:00.386 | INFO     | pycaalp.time_balancing.model:run_mip:430 - Running MIP solver ...
  k=   24    0.1% edges  obj=1.0290  obj_vs_ideal=0.38%  α_vs_width=5.24%  Δobj=+0.181%  build=11.83s solve=1.44s
2026-07-07 10:45:16.990 | INFO     | pycaalp.time_balancing.model:run_mip:430 - Running MIP solver ...
  k=   32    0.1% edges  obj=1.0290  obj_vs_ideal=0.38%  α_vs_width=5.24%  Δobj=+0.000%  build=15.17s solve=0.63s
2026-07-07 10:45:33.232 | INFO     | pycaalp.time_balancing.model:run_mip:430 - Running MIP solver ...
  k=   48    0.3% edges  obj=1.0290  obj_vs_ideal=0.38%  α_vs_width=5.24%  Δobj=+0.000%  build=15.61s solve=2.42s
2026-07-07 10:45:52.161 | INFO     | pycaalp.time_balancing.model:run_mip:430 - Running MIP solver ...
  k=   64    0.4% edges  obj=1.0290  obj_vs_ideal=0.38%  α_vs_width=5.24%  Δobj=+0.000%  build=16.51s solve=4.18s
2026-07-07 10:46:14.810 | INFO     | pycaalp.time_balancing.model:run_mip:430 - Running MIP solver ...
  k=   96    0.7% edges  obj=1.0290  obj_vs_ideal=0.38%  α_vs_width=5.24%  Δobj=+0.000%  build=18.47s solve=9.76s
2026-07-07 10:46:45.201 | INFO     | pycaalp.time_balancing.model:run_mip:430 - Running MIP solver ...
  k=  128    1.0% edges  obj=1.0290  obj_vs_ideal=0.38%  α_vs_width=5.24%  Δobj=+0.000%  build=20.63s solve=12.42s
2026-07-07 10:47:22.977 | INFO     | pycaalp.time_balancing.model:run_mip:430 - Running MIP solver ...
  k=  192    1.5% edges  obj=1.0290  obj_vs_ideal=0.38%  α_vs_width=5.24%  Δobj=+0.000%  build=25.36s solve=17.22s
2026-07-07 10:48:08.695 | INFO     | pycaalp.time_balancing.model:run_mip:430 - Running MIP solver ...
  k=  256    2.0% edges  obj=1.0290  obj_vs_ideal=0.38%  α_vs_width=5.24%  Δobj=+0.000%  build=28.50s solve=51.59s
2026-07-07 10:49:47.659 | INFO     | pycaalp.time_balancing.model:run_mip:430 - Running MIP solver ...
  k=  512    3.7% edges  obj=1.0290  obj_vs_ideal=0.38%  α_vs_width=5.24%  Δobj=-0.000%  build=47.38s solve=124.33s
  → stop: stop_perc_graph

Done. CSV → experiments/adaptive_convergence/assembly_2_np_5/adaptive_convergence_lambda_0.3.csv

----------------- λ = 0.4 -----------------
========================================================================
adaptive convergence (oracle-free) — assembly_2  P=5  λ=0.4
========================================================================

Building assembly digraph …
2026-07-07 10:40:49.822 | INFO     | pycaalp.gapp.assembly_digraph:compute_assembly_digraph_complete:396 - Computing assembly digraph...
  22160 nodes, 134216 edges  (201.6s)
  ideal obj (Σ shortest-path bound) = 1.0294
  phase width (T_total/P)           = 537.80

[adaptive] k-sweep (stop at 3.0% of edges):
2026-07-07 10:44:12.865 | INFO     | pycaalp.time_balancing.model:run_mip:430 - Running MIP solver ...
  k=    1    0.0% edges  obj=1.0343  obj_vs_ideal=0.48%  α_vs_width=4.13%  Δobj=   —     build=1.37s solve=0.87s
2026-07-07 10:44:15.711 | INFO     | pycaalp.time_balancing.model:run_mip:430 - Running MIP solver ...
  k=    2    0.0% edges  obj=1.0343  obj_vs_ideal=0.48%  α_vs_width=4.13%  Δobj=+0.000%  build=1.98s solve=0.36s
2026-07-07 10:44:18.460 | INFO     | pycaalp.time_balancing.model:run_mip:430 - Running MIP solver ...
  k=    3    0.0% edges  obj=1.0343  obj_vs_ideal=0.48%  α_vs_width=4.13%  Δobj=+0.000%  build=2.38s solve=0.64s
2026-07-07 10:44:21.892 | INFO     | pycaalp.time_balancing.model:run_mip:430 - Running MIP solver ...
  k=    4    0.0% edges  obj=1.0343  obj_vs_ideal=0.48%  α_vs_width=4.13%  Δobj=+0.000%  build=2.79s solve=0.34s
2026-07-07 10:44:26.110 | INFO     | pycaalp.time_balancing.model:run_mip:430 - Running MIP solver ...
  k=    6    0.1% edges  obj=1.0343  obj_vs_ideal=0.48%  α_vs_width=4.13%  Δobj=-0.000%  build=3.88s solve=0.86s
2026-07-07 10:44:31.950 | INFO     | pycaalp.time_balancing.model:run_mip:430 - Running MIP solver ...
  k=    8    0.1% edges  obj=1.0343  obj_vs_ideal=0.48%  α_vs_width=4.13%  Δobj=+0.000%  build=4.98s solve=0.37s
2026-07-07 10:44:39.573 | INFO     | pycaalp.time_balancing.model:run_mip:430 - Running MIP solver ...
  k=   12    0.1% edges  obj=1.0343  obj_vs_ideal=0.48%  α_vs_width=4.13%  Δobj=+0.000%  build=7.25s solve=0.72s
2026-07-07 10:44:49.261 | INFO     | pycaalp.time_balancing.model:run_mip:430 - Running MIP solver ...
  k=   16    0.1% edges  obj=1.0343  obj_vs_ideal=0.48%  α_vs_width=4.13%  Δobj=+0.000%  build=8.97s solve=0.88s
2026-07-07 10:45:02.099 | INFO     | pycaalp.time_balancing.model:run_mip:430 - Running MIP solver ...
  k=   24    0.1% edges  obj=1.0343  obj_vs_ideal=0.48%  α_vs_width=4.13%  Δobj=+0.000%  build=11.96s solve=0.71s
2026-07-07 10:45:18.189 | INFO     | pycaalp.time_balancing.model:run_mip:430 - Running MIP solver ...
  k=   32    0.1% edges  obj=1.0343  obj_vs_ideal=0.48%  α_vs_width=4.13%  Δobj=+0.000%  build=15.38s solve=0.67s
2026-07-07 10:45:34.530 | INFO     | pycaalp.time_balancing.model:run_mip:430 - Running MIP solver ...
  k=   48    0.3% edges  obj=1.0343  obj_vs_ideal=0.48%  α_vs_width=4.13%  Δobj=+0.000%  build=15.67s solve=2.35s
2026-07-07 10:45:53.446 | INFO     | pycaalp.time_balancing.model:run_mip:430 - Running MIP solver ...
  k=   64    0.4% edges  obj=1.0343  obj_vs_ideal=0.48%  α_vs_width=4.13%  Δobj=+0.000%  build=16.56s solve=3.75s
2026-07-07 10:46:15.869 | INFO     | pycaalp.time_balancing.model:run_mip:430 - Running MIP solver ...
  k=   96    0.7% edges  obj=1.0343  obj_vs_ideal=0.48%  α_vs_width=4.13%  Δobj=+0.000%  build=18.68s solve=8.37s
2026-07-07 10:46:45.091 | INFO     | pycaalp.time_balancing.model:run_mip:430 - Running MIP solver ...
  k=  128    1.0% edges  obj=1.0343  obj_vs_ideal=0.48%  α_vs_width=4.13%  Δobj=+0.000%  build=20.85s solve=8.01s
2026-07-07 10:47:08.255 | INFO     | pycaalp.time_balancing.model:run_mip:430 - Running MIP solver ...
  k=  192    1.5% edges  obj=1.0343  obj_vs_ideal=0.48%  α_vs_width=4.13%  Δobj=+0.000%  build=15.16s solve=22.04s
2026-07-07 10:47:42.831 | INFO     | pycaalp.time_balancing.model:run_mip:430 - Running MIP solver ...
  k=  256    2.0% edges  obj=1.0343  obj_vs_ideal=0.48%  α_vs_width=4.13%  Δobj=+0.000%  build=12.53s solve=45.66s
2026-07-07 10:48:47.804 | INFO     | pycaalp.time_balancing.model:run_mip:430 - Running MIP solver ...
  k=  512    3.7% edges  obj=1.0343  obj_vs_ideal=0.48%  α_vs_width=4.13%  Δobj=+0.000%  build=19.31s solve=139.43s
  → stop: stop_perc_graph

Done. CSV → experiments/adaptive_convergence/assembly_2_np_5/adaptive_convergence_lambda_0.4.csv

----------------- λ = 0.5 -----------------
========================================================================
adaptive convergence (oracle-free) — assembly_2  P=5  λ=0.5
========================================================================

Building assembly digraph …
2026-07-07 10:40:49.722 | INFO     | pycaalp.gapp.assembly_digraph:compute_assembly_digraph_complete:396 - Computing assembly digraph...
  22160 nodes, 134216 edges  (183.5s)
  ideal obj (Σ shortest-path bound) = 1.0335
  phase width (T_total/P)           = 537.80

[adaptive] k-sweep (stop at 3.0% of edges):
2026-07-07 10:43:54.066 | INFO     | pycaalp.time_balancing.model:run_mip:430 - Running MIP solver ...
  k=    1    0.0% edges  obj=1.0376  obj_vs_ideal=0.4%  α_vs_width=4.13%  Δobj=   —     build=0.78s solve=0.19s
2026-07-07 10:43:55.296 | INFO     | pycaalp.time_balancing.model:run_mip:430 - Running MIP solver ...
  k=    2    0.0% edges  obj=1.0376  obj_vs_ideal=0.4%  α_vs_width=4.13%  Δobj=+0.000%  build=1.04s solve=0.19s
2026-07-07 10:43:56.713 | INFO     | pycaalp.time_balancing.model:run_mip:430 - Running MIP solver ...
  k=    3    0.0% edges  obj=1.0376  obj_vs_ideal=0.4%  α_vs_width=4.13%  Δobj=+0.000%  build=1.23s solve=0.63s
2026-07-07 10:43:58.766 | INFO     | pycaalp.time_balancing.model:run_mip:430 - Running MIP solver ...
  k=    4    0.0% edges  obj=1.0376  obj_vs_ideal=0.4%  α_vs_width=4.13%  Δobj=-0.000%  build=1.43s solve=0.74s
2026-07-07 10:44:01.415 | INFO     | pycaalp.time_balancing.model:run_mip:430 - Running MIP solver ...
  k=    6    0.1% edges  obj=1.0376  obj_vs_ideal=0.4%  α_vs_width=4.13%  Δobj=+0.000%  build=1.91s solve=0.34s
2026-07-07 10:44:04.123 | INFO     | pycaalp.time_balancing.model:run_mip:430 - Running MIP solver ...
  k=    8    0.1% edges  obj=1.0376  obj_vs_ideal=0.4%  α_vs_width=4.13%  Δobj=+0.000%  build=2.37s solve=0.36s
2026-07-07 10:44:07.854 | INFO     | pycaalp.time_balancing.model:run_mip:430 - Running MIP solver ...
  k=   12    0.1% edges  obj=1.0376  obj_vs_ideal=0.4%  α_vs_width=4.13%  Δobj=+0.000%  build=3.37s solve=0.77s
2026-07-07 10:44:15.986 | INFO     | pycaalp.time_balancing.model:run_mip:430 - Running MIP solver ...
  k=   16    0.1% edges  obj=1.0376  obj_vs_ideal=0.4%  α_vs_width=4.13%  Δobj=+0.000%  build=7.36s solve=0.75s
2026-07-07 10:44:28.900 | INFO     | pycaalp.time_balancing.model:run_mip:430 - Running MIP solver ...
  k=   24    0.1% edges  obj=1.0376  obj_vs_ideal=0.4%  α_vs_width=4.13%  Δobj=+0.000%  build=12.17s solve=0.83s
2026-07-07 10:44:45.041 | INFO     | pycaalp.time_balancing.model:run_mip:430 - Running MIP solver ...
  k=   32    0.1% edges  obj=1.0376  obj_vs_ideal=0.4%  α_vs_width=4.13%  Δobj=-0.000%  build=15.31s solve=0.80s
2026-07-07 10:45:01.641 | INFO     | pycaalp.time_balancing.model:run_mip:430 - Running MIP solver ...
  k=   48    0.3% edges  obj=1.0365  obj_vs_ideal=0.29%  α_vs_width=4.13%  Δobj=+0.110%  build=15.80s solve=2.46s
2026-07-07 10:45:20.785 | INFO     | pycaalp.time_balancing.model:run_mip:430 - Running MIP solver ...
  k=   64    0.4% edges  obj=1.0365  obj_vs_ideal=0.29%  α_vs_width=4.13%  Δobj=+0.000%  build=16.68s solve=4.16s
2026-07-07 10:45:43.409 | INFO     | pycaalp.time_balancing.model:run_mip:430 - Running MIP solver ...
  k=   96    0.7% edges  obj=1.0365  obj_vs_ideal=0.29%  α_vs_width=4.13%  Δobj=+0.000%  build=18.46s solve=5.09s
2026-07-07 10:46:09.203 | INFO     | pycaalp.time_balancing.model:run_mip:430 - Running MIP solver ...
  k=  128    1.0% edges  obj=1.0365  obj_vs_ideal=0.29%  α_vs_width=4.13%  Δobj=-0.000%  build=20.70s solve=16.79s
2026-07-07 10:46:50.935 | INFO     | pycaalp.time_balancing.model:run_mip:430 - Running MIP solver ...
  k=  192    1.5% edges  obj=1.0365  obj_vs_ideal=0.29%  α_vs_width=4.13%  Δobj=+0.000%  build=24.94s solve=11.72s
2026-07-07 10:47:32.614 | INFO     | pycaalp.time_balancing.model:run_mip:430 - Running MIP solver ...
  k=  256    1.9% edges  obj=1.0365  obj_vs_ideal=0.29%  α_vs_width=4.13%  Δobj=+0.000%  build=29.96s solve=14.29s
2026-07-07 10:48:34.023 | INFO     | pycaalp.time_balancing.model:run_mip:430 - Running MIP solver ...
  k=  512    3.7% edges  obj=1.0365  obj_vs_ideal=0.29%  α_vs_width=4.13%  Δobj=+0.000%  build=47.12s solve=121.89s
  → stop: stop_perc_graph

Done. CSV → experiments/adaptive_convergence/assembly_2_np_5/adaptive_convergence_lambda_0.5.csv

----------------- λ = 0.6 -----------------
========================================================================
adaptive convergence (oracle-free) — assembly_2  P=5  λ=0.6
========================================================================

Building assembly digraph …
2026-07-07 10:40:49.788 | INFO     | pycaalp.gapp.assembly_digraph:compute_assembly_digraph_complete:396 - Computing assembly digraph...
  22160 nodes, 134216 edges  (195.3s)
  ideal obj (Σ shortest-path bound) = 1.0377
  phase width (T_total/P)           = 537.80

[adaptive] k-sweep (stop at 3.0% of edges):
2026-07-07 10:44:06.255 | INFO     | pycaalp.time_balancing.model:run_mip:430 - Running MIP solver ...
  k=    1    0.0% edges  obj=1.0410  obj_vs_ideal=0.31%  α_vs_width=4.13%  Δobj=   —     build=1.10s solve=0.25s
2026-07-07 10:44:08.215 | INFO     | pycaalp.time_balancing.model:run_mip:430 - Running MIP solver ...
  k=    2    0.0% edges  obj=1.0410  obj_vs_ideal=0.31%  α_vs_width=4.13%  Δobj=+0.000%  build=1.71s solve=0.26s
2026-07-07 10:44:10.789 | INFO     | pycaalp.time_balancing.model:run_mip:430 - Running MIP solver ...
  k=    3    0.0% edges  obj=1.0410  obj_vs_ideal=0.31%  α_vs_width=4.13%  Δobj=+0.000%  build=2.32s solve=0.80s
2026-07-07 10:44:14.364 | INFO     | pycaalp.time_balancing.model:run_mip:430 - Running MIP solver ...
  k=    4    0.0% edges  obj=1.0410  obj_vs_ideal=0.31%  α_vs_width=4.13%  Δobj=+0.000%  build=2.78s solve=0.26s
2026-07-07 10:44:18.503 | INFO     | pycaalp.time_balancing.model:run_mip:430 - Running MIP solver ...
  k=    6    0.1% edges  obj=1.0410  obj_vs_ideal=0.31%  α_vs_width=4.13%  Δobj=+0.000%  build=3.88s solve=0.61s
2026-07-07 10:44:24.040 | INFO     | pycaalp.time_balancing.model:run_mip:430 - Running MIP solver ...
  k=    8    0.1% edges  obj=1.0410  obj_vs_ideal=0.31%  α_vs_width=4.13%  Δobj=+0.000%  build=4.93s solve=0.35s
2026-07-07 10:44:31.564 | INFO     | pycaalp.time_balancing.model:run_mip:430 - Running MIP solver ...
  k=   12    0.1% edges  obj=1.0410  obj_vs_ideal=0.31%  α_vs_width=4.13%  Δobj=+0.000%  build=7.17s solve=0.47s
2026-07-07 10:44:40.954 | INFO     | pycaalp.time_balancing.model:run_mip:430 - Running MIP solver ...
  k=   16    0.1% edges  obj=1.0410  obj_vs_ideal=0.31%  α_vs_width=4.13%  Δobj=+0.000%  build=8.92s solve=0.64s
2026-07-07 10:44:53.619 | INFO     | pycaalp.time_balancing.model:run_mip:430 - Running MIP solver ...
  k=   24    0.1% edges  obj=1.0410  obj_vs_ideal=0.31%  α_vs_width=4.13%  Δobj=+0.000%  build=12.02s solve=0.77s
2026-07-07 10:45:09.523 | INFO     | pycaalp.time_balancing.model:run_mip:430 - Running MIP solver ...
  k=   32    0.1% edges  obj=1.0410  obj_vs_ideal=0.31%  α_vs_width=4.13%  Δobj=+0.000%  build=15.13s solve=0.86s
2026-07-07 10:45:26.113 | INFO     | pycaalp.time_balancing.model:run_mip:430 - Running MIP solver ...
  k=   48    0.3% edges  obj=1.0410  obj_vs_ideal=0.31%  α_vs_width=4.13%  Δobj=+0.000%  build=15.73s solve=2.36s
2026-07-07 10:45:45.054 | INFO     | pycaalp.time_balancing.model:run_mip:430 - Running MIP solver ...
  k=   64    0.4% edges  obj=1.0410  obj_vs_ideal=0.31%  α_vs_width=4.13%  Δobj=+0.000%  build=16.58s solve=2.16s
2026-07-07 10:46:05.747 | INFO     | pycaalp.time_balancing.model:run_mip:430 - Running MIP solver ...
  k=   96    0.7% edges  obj=1.0410  obj_vs_ideal=0.31%  α_vs_width=4.13%  Δobj=+0.000%  build=18.54s solve=7.61s
2026-07-07 10:46:33.951 | INFO     | pycaalp.time_balancing.model:run_mip:430 - Running MIP solver ...
  k=  128    1.0% edges  obj=1.0410  obj_vs_ideal=0.31%  α_vs_width=4.13%  Δobj=+0.000%  build=20.59s solve=8.87s
2026-07-07 10:47:07.603 | INFO     | pycaalp.time_balancing.model:run_mip:430 - Running MIP solver ...
  k=  192    1.5% edges  obj=1.0410  obj_vs_ideal=0.31%  α_vs_width=4.13%  Δobj=+0.000%  build=24.79s solve=23.93s
2026-07-07 10:48:00.317 | INFO     | pycaalp.time_balancing.model:run_mip:430 - Running MIP solver ...
  k=  256    1.9% edges  obj=1.0410  obj_vs_ideal=0.31%  α_vs_width=4.13%  Δobj=+0.000%  build=28.78s solve=53.91s
2026-07-07 10:49:42.574 | INFO     | pycaalp.time_balancing.model:run_mip:430 - Running MIP solver ...
  k=  512    3.7% edges  obj=1.0410  obj_vs_ideal=0.31%  α_vs_width=4.13%  Δobj=+0.000%  build=48.34s solve=143.53s
  → stop: stop_perc_graph

Done. CSV → experiments/adaptive_convergence/assembly_2_np_5/adaptive_convergence_lambda_0.6.csv

----------------- λ = 0.7 -----------------
========================================================================
adaptive convergence (oracle-free) — assembly_2  P=5  λ=0.7
========================================================================

Building assembly digraph …
2026-07-07 10:40:49.810 | INFO     | pycaalp.gapp.assembly_digraph:compute_assembly_digraph_complete:396 - Computing assembly digraph...
  22160 nodes, 134216 edges  (199.1s)
  ideal obj (Σ shortest-path bound) = 1.0419
  phase width (T_total/P)           = 537.80

[adaptive] k-sweep (stop at 3.0% of edges):
2026-07-07 10:44:10.322 | INFO     | pycaalp.time_balancing.model:run_mip:430 - Running MIP solver ...
  k=    1    0.0% edges  obj=1.0444  obj_vs_ideal=0.24%  α_vs_width=4.13%  Δobj=   —     build=1.34s solve=0.42s
2026-07-07 10:44:11.801 | INFO     | pycaalp.time_balancing.model:run_mip:430 - Running MIP solver ...
  k=    2    0.0% edges  obj=1.0444  obj_vs_ideal=0.24%  α_vs_width=4.13%  Δobj=+0.000%  build=1.06s solve=0.53s
2026-07-07 10:44:13.548 | INFO     | pycaalp.time_balancing.model:run_mip:430 - Running MIP solver ...
  k=    3    0.0% edges  obj=1.0444  obj_vs_ideal=0.24%  α_vs_width=4.13%  Δobj=+0.000%  build=1.21s solve=0.30s
2026-07-07 10:44:15.258 | INFO     | pycaalp.time_balancing.model:run_mip:430 - Running MIP solver ...
  k=    4    0.0% edges  obj=1.0444  obj_vs_ideal=0.24%  α_vs_width=4.13%  Δobj=-0.000%  build=1.41s solve=0.47s
2026-07-07 10:44:17.606 | INFO     | pycaalp.time_balancing.model:run_mip:430 - Running MIP solver ...
  k=    6    0.1% edges  obj=1.0444  obj_vs_ideal=0.24%  α_vs_width=4.13%  Δobj=+0.000%  build=1.88s solve=0.35s
2026-07-07 10:44:20.270 | INFO     | pycaalp.time_balancing.model:run_mip:430 - Running MIP solver ...
  k=    8    0.1% edges  obj=1.0444  obj_vs_ideal=0.24%  α_vs_width=4.13%  Δobj=+0.000%  build=2.31s solve=0.94s
2026-07-07 10:44:24.507 | INFO     | pycaalp.time_balancing.model:run_mip:430 - Running MIP solver ...
  k=   12    0.1% edges  obj=1.0444  obj_vs_ideal=0.24%  α_vs_width=4.13%  Δobj=+0.000%  build=3.30s solve=0.40s
2026-07-07 10:44:28.988 | INFO     | pycaalp.time_balancing.model:run_mip:430 - Running MIP solver ...
  k=   16    0.1% edges  obj=1.0444  obj_vs_ideal=0.24%  α_vs_width=4.13%  Δobj=-0.000%  build=4.08s solve=0.37s
2026-07-07 10:44:34.812 | INFO     | pycaalp.time_balancing.model:run_mip:430 - Running MIP solver ...
  k=   24    0.1% edges  obj=1.0444  obj_vs_ideal=0.24%  α_vs_width=4.13%  Δobj=+0.000%  build=5.46s solve=0.68s
2026-07-07 10:44:42.481 | INFO     | pycaalp.time_balancing.model:run_mip:430 - Running MIP solver ...
  k=   32    0.1% edges  obj=1.0444  obj_vs_ideal=0.24%  α_vs_width=4.13%  Δobj=+0.000%  build=6.99s solve=1.10s
2026-07-07 10:44:50.796 | INFO     | pycaalp.time_balancing.model:run_mip:430 - Running MIP solver ...
  k=   48    0.3% edges  obj=1.0444  obj_vs_ideal=0.24%  α_vs_width=4.13%  Δobj=-0.000%  build=7.21s solve=1.77s
2026-07-07 10:45:00.169 | INFO     | pycaalp.time_balancing.model:run_mip:430 - Running MIP solver ...
  k=   64    0.4% edges  obj=1.0444  obj_vs_ideal=0.24%  α_vs_width=4.13%  Δobj=+0.000%  build=7.60s solve=4.39s
2026-07-07 10:45:12.967 | INFO     | pycaalp.time_balancing.model:run_mip:430 - Running MIP solver ...
  k=   96    0.7% edges  obj=1.0444  obj_vs_ideal=0.24%  α_vs_width=4.13%  Δobj=+0.000%  build=8.41s solve=6.21s
2026-07-07 10:45:28.416 | INFO     | pycaalp.time_balancing.model:run_mip:430 - Running MIP solver ...
  k=  128    1.0% edges  obj=1.0444  obj_vs_ideal=0.24%  α_vs_width=4.13%  Δobj=+0.000%  build=9.24s solve=9.40s
2026-07-07 10:45:48.665 | INFO     | pycaalp.time_balancing.model:run_mip:430 - Running MIP solver ...
  k=  192    1.5% edges  obj=1.0444  obj_vs_ideal=0.24%  α_vs_width=4.13%  Δobj=-0.000%  build=10.84s solve=32.09s
2026-07-07 10:46:33.281 | INFO     | pycaalp.time_balancing.model:run_mip:430 - Running MIP solver ...
  k=  256    2.0% edges  obj=1.0444  obj_vs_ideal=0.24%  α_vs_width=4.13%  Δobj=+0.000%  build=12.53s solve=49.70s
2026-07-07 10:48:08.768 | INFO     | pycaalp.time_balancing.model:run_mip:430 - Running MIP solver ...
  k=  512    3.7% edges  obj=1.0444  obj_vs_ideal=0.24%  α_vs_width=4.13%  Δobj=+0.000%  build=45.79s solve=168.02s
  → stop: stop_perc_graph

Done. CSV → experiments/adaptive_convergence/assembly_2_np_5/adaptive_convergence_lambda_0.7.csv

----------------- λ = 0.8 -----------------
========================================================================
adaptive convergence (oracle-free) — assembly_2  P=5  λ=0.8
========================================================================

Building assembly digraph …
2026-07-07 10:40:49.822 | INFO     | pycaalp.gapp.assembly_digraph:compute_assembly_digraph_complete:396 - Computing assembly digraph...
  22160 nodes, 134216 edges  (197.8s)
  ideal obj (Σ shortest-path bound) = 1.0461
  phase width (T_total/P)           = 537.80

[adaptive] k-sweep (stop at 3.0% of edges):
2026-07-07 10:44:08.956 | INFO     | pycaalp.time_balancing.model:run_mip:430 - Running MIP solver ...
  k=    1    0.0% edges  obj=1.0477  obj_vs_ideal=0.16%  α_vs_width=4.13%  Δobj=   —     build=1.25s solve=0.24s
2026-07-07 10:44:11.092 | INFO     | pycaalp.time_balancing.model:run_mip:430 - Running MIP solver ...
  k=    2    0.0% edges  obj=1.0477  obj_vs_ideal=0.16%  α_vs_width=4.13%  Δobj=+0.000%  build=1.89s solve=0.38s
2026-07-07 10:44:13.835 | INFO     | pycaalp.time_balancing.model:run_mip:430 - Running MIP solver ...
  k=    3    0.0% edges  obj=1.0477  obj_vs_ideal=0.16%  α_vs_width=4.13%  Δobj=-0.000%  build=2.36s solve=0.25s
2026-07-07 10:44:16.880 | INFO     | pycaalp.time_balancing.model:run_mip:430 - Running MIP solver ...
  k=    4    0.0% edges  obj=1.0477  obj_vs_ideal=0.16%  α_vs_width=4.13%  Δobj=+0.000%  build=2.80s solve=0.29s
2026-07-07 10:44:21.090 | INFO     | pycaalp.time_balancing.model:run_mip:430 - Running MIP solver ...
  k=    6    0.1% edges  obj=1.0477  obj_vs_ideal=0.16%  α_vs_width=4.13%  Δobj=+0.000%  build=3.92s solve=0.30s
2026-07-07 10:44:26.331 | INFO     | pycaalp.time_balancing.model:run_mip:430 - Running MIP solver ...
  k=    8    0.1% edges  obj=1.0477  obj_vs_ideal=0.16%  α_vs_width=4.13%  Δobj=+0.000%  build=4.94s solve=0.34s
2026-07-07 10:44:33.908 | INFO     | pycaalp.time_balancing.model:run_mip:430 - Running MIP solver ...
  k=   12    0.1% edges  obj=1.0477  obj_vs_ideal=0.16%  α_vs_width=4.13%  Δobj=-0.000%  build=7.24s solve=0.35s
2026-07-07 10:44:43.224 | INFO     | pycaalp.time_balancing.model:run_mip:430 - Running MIP solver ...
  k=   16    0.1% edges  obj=1.0477  obj_vs_ideal=0.16%  α_vs_width=4.13%  Δobj=+0.000%  build=8.97s solve=0.51s
2026-07-07 10:44:55.795 | INFO     | pycaalp.time_balancing.model:run_mip:430 - Running MIP solver ...
  k=   24    0.1% edges  obj=1.0477  obj_vs_ideal=0.16%  α_vs_width=4.13%  Δobj=-0.000%  build=12.06s solve=0.83s
2026-07-07 10:45:11.813 | INFO     | pycaalp.time_balancing.model:run_mip:430 - Running MIP solver ...
  k=   32    0.1% edges  obj=1.0477  obj_vs_ideal=0.16%  α_vs_width=4.13%  Δobj=+0.000%  build=15.19s solve=0.91s
2026-07-07 10:45:28.381 | INFO     | pycaalp.time_balancing.model:run_mip:430 - Running MIP solver ...
  k=   48    0.3% edges  obj=1.0477  obj_vs_ideal=0.16%  α_vs_width=4.13%  Δobj=+0.000%  build=15.65s solve=1.59s
2026-07-07 10:45:46.621 | INFO     | pycaalp.time_balancing.model:run_mip:430 - Running MIP solver ...
  k=   64    0.4% edges  obj=1.0477  obj_vs_ideal=0.16%  α_vs_width=4.13%  Δobj=+0.000%  build=16.65s solve=4.46s
2026-07-07 10:46:09.656 | INFO     | pycaalp.time_balancing.model:run_mip:430 - Running MIP solver ...
  k=   96    0.7% edges  obj=1.0477  obj_vs_ideal=0.16%  α_vs_width=4.13%  Δobj=+0.000%  build=18.57s solve=6.64s
2026-07-07 10:46:36.969 | INFO     | pycaalp.time_balancing.model:run_mip:430 - Running MIP solver ...
  k=  128    1.0% edges  obj=1.0477  obj_vs_ideal=0.16%  α_vs_width=4.13%  Δobj=+0.000%  build=20.67s solve=12.59s
2026-07-07 10:47:14.116 | INFO     | pycaalp.time_balancing.model:run_mip:430 - Running MIP solver ...
  k=  192    1.5% edges  obj=1.0477  obj_vs_ideal=0.16%  α_vs_width=4.13%  Δobj=-0.000%  build=24.56s solve=41.92s
2026-07-07 10:48:26.039 | INFO     | pycaalp.time_balancing.model:run_mip:430 - Running MIP solver ...
  k=  256    2.0% edges  obj=1.0477  obj_vs_ideal=0.16%  α_vs_width=4.13%  Δobj=+0.000%  build=30.00s solve=61.50s
2026-07-07 10:50:14.131 | INFO     | pycaalp.time_balancing.model:run_mip:430 - Running MIP solver ...
  k=  512    3.7% edges  obj=1.0477  obj_vs_ideal=0.16%  α_vs_width=4.13%  Δobj=+0.000%  build=46.59s solve=150.20s
  → stop: stop_perc_graph

Done. CSV → experiments/adaptive_convergence/assembly_2_np_5/adaptive_convergence_lambda_0.8.csv

----------------- λ = 0.9 -----------------
========================================================================
adaptive convergence (oracle-free) — assembly_2  P=5  λ=0.9
========================================================================

Building assembly digraph …
2026-07-07 10:40:49.723 | INFO     | pycaalp.gapp.assembly_digraph:compute_assembly_digraph_complete:396 - Computing assembly digraph...
  22160 nodes, 134216 edges  (199.4s)
  ideal obj (Σ shortest-path bound) = 1.0503
  phase width (T_total/P)           = 537.80

[adaptive] k-sweep (stop at 3.0% of edges):
2026-07-07 10:44:10.519 | INFO     | pycaalp.time_balancing.model:run_mip:430 - Running MIP solver ...
  k=    1    0.0% edges  obj=1.0511  obj_vs_ideal=0.08%  α_vs_width=4.13%  Δobj=   —     build=1.35s solve=0.26s
2026-07-07 10:44:12.767 | INFO     | pycaalp.time_balancing.model:run_mip:430 - Running MIP solver ...
  k=    2    0.0% edges  obj=1.0511  obj_vs_ideal=0.08%  α_vs_width=4.13%  Δobj=+0.000%  build=1.99s solve=0.30s
2026-07-07 10:44:15.490 | INFO     | pycaalp.time_balancing.model:run_mip:430 - Running MIP solver ...
  k=    3    0.0% edges  obj=1.0511  obj_vs_ideal=0.08%  α_vs_width=4.13%  Δobj=-0.000%  build=2.42s solve=0.62s
2026-07-07 10:44:18.986 | INFO     | pycaalp.time_balancing.model:run_mip:430 - Running MIP solver ...
  k=    4    0.0% edges  obj=1.0511  obj_vs_ideal=0.08%  α_vs_width=4.13%  Δobj=+0.000%  build=2.87s solve=0.30s
2026-07-07 10:44:23.224 | INFO     | pycaalp.time_balancing.model:run_mip:430 - Running MIP solver ...
  k=    6    0.1% edges  obj=1.0511  obj_vs_ideal=0.08%  α_vs_width=4.13%  Δobj=+0.000%  build=3.93s solve=0.32s
2026-07-07 10:44:28.555 | INFO     | pycaalp.time_balancing.model:run_mip:430 - Running MIP solver ...
  k=    8    0.1% edges  obj=1.0511  obj_vs_ideal=0.08%  α_vs_width=4.13%  Δobj=-0.000%  build=5.01s solve=0.53s
2026-07-07 10:44:36.423 | INFO     | pycaalp.time_balancing.model:run_mip:430 - Running MIP solver ...
  k=   12    0.1% edges  obj=1.0511  obj_vs_ideal=0.08%  α_vs_width=4.13%  Δobj=+0.000%  build=7.34s solve=0.39s
2026-07-07 10:44:45.868 | INFO     | pycaalp.time_balancing.model:run_mip:430 - Running MIP solver ...
  k=   16    0.1% edges  obj=1.0511  obj_vs_ideal=0.08%  α_vs_width=4.13%  Δobj=+0.000%  build=9.06s solve=0.47s
2026-07-07 10:44:58.730 | INFO     | pycaalp.time_balancing.model:run_mip:430 - Running MIP solver ...
  k=   24    0.1% edges  obj=1.0511  obj_vs_ideal=0.08%  α_vs_width=4.13%  Δobj=-0.000%  build=12.39s solve=0.73s
2026-07-07 10:45:15.058 | INFO     | pycaalp.time_balancing.model:run_mip:430 - Running MIP solver ...
  k=   32    0.1% edges  obj=1.0511  obj_vs_ideal=0.08%  α_vs_width=4.13%  Δobj=-0.000%  build=15.59s solve=0.79s
2026-07-07 10:45:31.935 | INFO     | pycaalp.time_balancing.model:run_mip:430 - Running MIP solver ...
  k=   48    0.3% edges  obj=1.0511  obj_vs_ideal=0.08%  α_vs_width=4.13%  Δobj=+0.000%  build=16.09s solve=1.97s
2026-07-07 10:45:50.765 | INFO     | pycaalp.time_balancing.model:run_mip:430 - Running MIP solver ...
  k=   64    0.4% edges  obj=1.0511  obj_vs_ideal=0.08%  α_vs_width=4.13%  Δobj=+0.000%  build=16.86s solve=3.93s
2026-07-07 10:46:13.573 | INFO     | pycaalp.time_balancing.model:run_mip:430 - Running MIP solver ...
  k=   96    0.7% edges  obj=1.0511  obj_vs_ideal=0.08%  α_vs_width=4.13%  Δobj=+0.000%  build=18.88s solve=5.37s
2026-07-07 10:46:39.863 | INFO     | pycaalp.time_balancing.model:run_mip:430 - Running MIP solver ...
  k=  128    1.0% edges  obj=1.0511  obj_vs_ideal=0.08%  α_vs_width=4.13%  Δobj=+0.000%  build=20.92s solve=7.03s
2026-07-07 10:47:11.991 | INFO     | pycaalp.time_balancing.model:run_mip:430 - Running MIP solver ...
  k=  192    1.5% edges  obj=1.0511  obj_vs_ideal=0.08%  α_vs_width=4.13%  Δobj=-0.000%  build=25.09s solve=15.88s
2026-07-07 10:47:56.972 | INFO     | pycaalp.time_balancing.model:run_mip:430 - Running MIP solver ...
  k=  256    2.0% edges  obj=1.0511  obj_vs_ideal=0.08%  α_vs_width=4.13%  Δobj=+0.000%  build=29.10s solve=56.46s
2026-07-07 10:49:42.026 | INFO     | pycaalp.time_balancing.model:run_mip:430 - Running MIP solver ...
  k=  512    3.7% edges  obj=1.0511  obj_vs_ideal=0.08%  α_vs_width=4.13%  Δobj=+0.000%  build=48.59s solve=148.38s
  → stop: stop_perc_graph

Done. CSV → experiments/adaptive_convergence/assembly_2_np_5/adaptive_convergence_lambda_0.9.csv
Combined CSV → experiments/adaptive_convergence/assembly_2_np_5/adaptive_convergence.csv
Saved experiments/adaptive_convergence/assembly_2_np_5/convergence_path_vs_cmin_assembly_2_P5.svg
Saved experiments/adaptive_convergence/assembly_2_np_5/convergence_alpha_vs_width_assembly_2_P5.svg
Saved experiments/adaptive_convergence/assembly_2_np_5/convergence_fused_assembly_2_P5.svg
Saved experiments/adaptive_convergence/assembly_2_np_5/solutions_asp_plp_assembly_2_P5.svg
