================ bl-union convergence sweep ================
date         : 2026-07-02T13:44:33+02:00
host         : pop-os
git commit   : bc1a042 (research/wgp-2026)
python       : Python 3.14.4
instance     : assembly_2
parts file   : data/assembly_2/assembly_2_parts.json
dfm file     : data/assembly_2/assembly_2_dfm.json
num_phases   : 3
lambda grid  : 0.1 0.2 0.3 0.4 0.5 0.6 0.7 0.8
k values     : [1, 2, 3, 4, 6, 8, 12, 16, 24, 32, 48, 64, 96, 128, 192, 256, 384, 512, 768, 1024, 1536, 2048, 4096]
blend grid   : [0.0, 0.5, 1.0]
jobs (par.)  : 8
rundir       : experiments/bl_union_convergence/assembly_2_np_3_methods
===========================================================
extra args   : --num-phases 3 --stop edge_saturation --stop-perc-graph 10 --methods bl_union,adaptive --no-cache

----------------- λ = 0.1 -----------------
========================================================================
bl-union convergence — assembly_2  P=3  λ=0.1
========================================================================

Building assembly digraph …
2026-07-02 13:44:33.334 | INFO     | pycaalp.gapp.assembly_digraph:compute_assembly_digraph_complete:395 - Computing assembly digraph...
  22160 nodes, 134216 edges  (200.7s)

[ref] Full MIP  P=3  λ=0.1 …
2026-07-02 13:47:54.029 | INFO     | pycaalp.time_balancing.model:run_mip:430 - Running MIP solver ...
  obj=1.0181  alpha=939.0s  time=276.77s

[bl_union] k-sweep (stop: edge_saturation, stop at 10.0% of the full directed graph):
2026-07-02 13:52:32.616 | INFO     | pycaalp.time_balancing.model:run_mip:430 - Running MIP solver ...
sub_stop=0.030547773737855395
  k=    1  edges=  41 ( 0.03%)  Δe=  41  obj=1.0224  gap=+0.42%  Δobj=   —     build=1.82s solve=0.26s
2026-07-02 13:52:35.206 | INFO     | pycaalp.time_balancing.model:run_mip:430 - Running MIP solver ...
sub_stop=0.04544912678071169
  k=    2  edges=  61 ( 0.05%)  Δe=  20  obj=1.0224  gap=+0.42%  Δobj=+0.000%  build=2.33s solve=0.25s
2026-07-02 13:52:38.735 | INFO     | pycaalp.time_balancing.model:run_mip:430 - Running MIP solver ...
sub_stop=0.048429397389282945
  k=    3  edges=  65 ( 0.05%)  Δe=   4  obj=1.0224  gap=+0.42%  Δobj=+0.000%  build=3.28s solve=0.23s
2026-07-02 13:52:42.972 | INFO     | pycaalp.time_balancing.model:run_mip:430 - Running MIP solver ...
sub_stop=0.05066460034571139
  k=    4  edges=  68 ( 0.05%)  Δe=   3  obj=1.0224  gap=+0.42%  Δobj=+0.000%  build=4.01s solve=0.49s
2026-07-02 13:52:49.296 | INFO     | pycaalp.time_balancing.model:run_mip:430 - Running MIP solver ...
sub_stop=0.05662514156285391
  k=    6  edges=  76 ( 0.06%)  Δe=   8  obj=1.0224  gap=+0.42%  Δobj=+0.000%  build=5.84s solve=0.38s
2026-07-02 13:52:57.029 | INFO     | pycaalp.time_balancing.model:run_mip:430 - Running MIP solver ...
sub_stop=0.06482088573642486
  k=    8  edges=  87 ( 0.06%)  Δe=  11  obj=1.0224  gap=+0.42%  Δobj=+0.000%  build=7.36s solve=0.48s
2026-07-02 13:53:07.585 | INFO     | pycaalp.time_balancing.model:run_mip:430 - Running MIP solver ...
sub_stop=0.07376169756213864
  k=   12  edges=  99 ( 0.07%)  Δe=  12  obj=1.0224  gap=+0.42%  Δobj=+0.000%  build=10.07s solve=0.60s
2026-07-02 13:53:21.846 | INFO     | pycaalp.time_balancing.model:run_mip:430 - Running MIP solver ...
sub_stop=0.08121237408356678
  k=   16  edges= 109 ( 0.08%)  Δe=  10  obj=1.0224  gap=+0.42%  Δobj=-0.000%  build=13.66s solve=0.65s
2026-07-02 13:53:40.303 | INFO     | pycaalp.time_balancing.model:run_mip:430 - Running MIP solver ...
sub_stop=0.09909399773499433
  k=   24  edges= 133 (  0.1%)  Δe=  24  obj=1.0224  gap=+0.42%  Δobj=+0.000%  build=17.80s solve=0.60s
2026-07-02 13:54:00.002 | INFO     | pycaalp.time_balancing.model:run_mip:430 - Running MIP solver ...
sub_stop=0.11474041842999344
  k=   32  edges= 154 ( 0.11%)  Δe=  21  obj=1.0181  gap=+0.00%  Δobj=+0.420%  build=19.10s solve=0.61s
2026-07-02 13:54:32.782 | INFO     | pycaalp.time_balancing.model:run_mip:430 - Running MIP solver ...
sub_stop=0.12144602729927878
  k=   48  edges= 163 ( 0.12%)  Δe=   9  obj=1.0181  gap=+0.00%  Δobj=+0.000%  build=32.18s solve=0.56s
2026-07-02 13:55:15.265 | INFO     | pycaalp.time_balancing.model:run_mip:430 - Running MIP solver ...
sub_stop=0.12964177147284972
  k=   64  edges= 174 ( 0.13%)  Δe=  11  obj=1.0181  gap=+0.00%  Δobj=+0.000%  build=41.92s solve=0.98s
2026-07-02 13:56:17.905 | INFO     | pycaalp.time_balancing.model:run_mip:430 - Running MIP solver ...
sub_stop=0.14677832747213446
  k=   96  edges= 197 ( 0.15%)  Δe=  23  obj=1.0181  gap=+0.00%  Δobj=+0.000%  build=61.66s solve=0.45s
2026-07-02 13:57:33.236 | INFO     | pycaalp.time_balancing.model:run_mip:430 - Running MIP solver ...
sub_stop=0.16615008642784765
  k=  128  edges= 223 ( 0.17%)  Δe=  26  obj=1.0181  gap=+0.00%  Δobj=+0.000%  build=74.88s solve=0.62s
2026-07-02 13:59:24.836 | INFO     | pycaalp.time_balancing.model:run_mip:430 - Running MIP solver ...
sub_stop=0.18775704833998927
  k=  192  edges= 252 ( 0.19%)  Δe=  29  obj=1.0181  gap=+0.00%  Δobj=+0.000%  build=110.98s solve=0.82s
2026-07-02 14:01:50.171 | INFO     | pycaalp.time_balancing.model:run_mip:430 - Running MIP solver ...
sub_stop=0.2004231984264171
  k=  256  edges= 269 (  0.2%)  Δe=  17  obj=1.0181  gap=+0.00%  Δobj=+0.000%  build=144.52s solve=0.55s
2026-07-02 14:05:23.719 | INFO     | pycaalp.time_balancing.model:run_mip:430 - Running MIP solver ...
sub_stop=0.2086189425999881
  k=  384  edges= 280 ( 0.21%)  Δe=  11  obj=1.0181  gap=+0.00%  Δobj=+0.000%  build=213.00s solve=0.98s
2026-07-02 14:10:07.751 | INFO     | pycaalp.time_balancing.model:run_mip:430 - Running MIP solver ...
sub_stop=0.22277522799070154
  k=  512  edges= 299 ( 0.22%)  Δe=  19  obj=1.0181  gap=+0.00%  Δobj=+0.000%  build=283.05s solve=0.51s
2026-07-02 14:17:02.598 | INFO     | pycaalp.time_balancing.model:run_mip:430 - Running MIP solver ...
sub_stop=0.2741848959885558
  k=  768  edges= 368 ( 0.27%)  Δe=  69  obj=1.0181  gap=+0.00%  Δobj=+0.000%  build=414.33s solve=1.20s
2026-07-02 14:25:49.304 | INFO     | pycaalp.time_balancing.model:run_mip:430 - Running MIP solver ...
sub_stop=0.2898313166835549
  k= 1024  edges= 389 ( 0.29%)  Δe=  21  obj=1.0181  gap=+0.00%  Δobj=+0.000%  build=525.50s solve=0.73s
2026-07-02 14:38:46.860 | INFO     | pycaalp.time_balancing.model:run_mip:430 - Running MIP solver ...
sub_stop=0.2995171961614115
  k= 1536  edges= 402 (  0.3%)  Δe=  13  obj=1.0181  gap=+0.00%  Δobj=+0.000%  build=776.82s solve=1.31s
2026-07-02 14:56:07.140 | INFO     | pycaalp.time_balancing.model:run_mip:430 - Running MIP solver ...
sub_stop=0.3203790904214103
  k= 2048  edges= 430 ( 0.32%)  Δe=  28  obj=1.0181  gap=+0.00%  Δobj=+0.000%  build=1038.97s solve=0.96s
2026-07-02 15:30:18.006 | INFO     | pycaalp.time_balancing.model:run_mip:430 - Running MIP solver ...
sub_stop=0.3889253144185492
  k= 4096  edges= 522 ( 0.39%)  Δe=  92  obj=1.0181  gap=+0.00%  Δobj=+0.000%  build=2049.90s solve=1.41s

[adaptive] k-sweep (stop: edge_saturation, stop at 10.0% of the full directed graph):
2026-07-02 15:30:20.959 | INFO     | pycaalp.time_balancing.model:run_mip:430 - Running MIP solver ...
sub_stop=0.030547773737855395
  k=    1  edges=  41 ( 0.03%)  Δe=  41  obj=1.0224  gap=+0.42%  Δobj=   —     build=1.55s solve=0.25s
2026-07-02 15:30:23.245 | INFO     | pycaalp.time_balancing.model:run_mip:430 - Running MIP solver ...
sub_stop=0.04544912678071169
  k=    2  edges=  61 ( 0.05%)  Δe=  20  obj=1.0224  gap=+0.42%  Δobj=+0.000%  build=2.04s solve=0.23s
2026-07-02 15:30:25.997 | INFO     | pycaalp.time_balancing.model:run_mip:430 - Running MIP solver ...
sub_stop=0.048429397389282945
  k=    3  edges=  65 ( 0.05%)  Δe=   4  obj=1.0224  gap=+0.42%  Δobj=+0.000%  build=2.52s solve=0.21s
2026-07-02 15:30:29.163 | INFO     | pycaalp.time_balancing.model:run_mip:430 - Running MIP solver ...
sub_stop=0.05066460034571139
  k=    4  edges=  68 ( 0.05%)  Δe=   3  obj=1.0224  gap=+0.42%  Δobj=+0.000%  build=2.96s solve=0.45s
2026-07-02 15:30:33.729 | INFO     | pycaalp.time_balancing.model:run_mip:430 - Running MIP solver ...
sub_stop=0.05662514156285391
  k=    6  edges=  76 ( 0.06%)  Δe=   8  obj=1.0224  gap=+0.42%  Δobj=+0.000%  build=4.11s solve=0.35s
2026-07-02 15:30:39.244 | INFO     | pycaalp.time_balancing.model:run_mip:430 - Running MIP solver ...
sub_stop=0.06482088573642486
  k=    8  edges=  87 ( 0.06%)  Δe=  11  obj=1.0224  gap=+0.42%  Δobj=+0.000%  build=5.17s solve=0.44s
2026-07-02 15:30:47.115 | INFO     | pycaalp.time_balancing.model:run_mip:430 - Running MIP solver ...
sub_stop=0.07376169756213864
  k=   12  edges=  99 ( 0.07%)  Δe=  12  obj=1.0224  gap=+0.42%  Δobj=+0.000%  build=7.43s solve=0.55s
2026-07-02 15:30:57.667 | INFO     | pycaalp.time_balancing.model:run_mip:430 - Running MIP solver ...
sub_stop=0.08121237408356678
  k=   16  edges= 109 ( 0.08%)  Δe=  10  obj=1.0224  gap=+0.42%  Δobj=-0.000%  build=10.00s solve=0.61s
2026-07-02 15:31:11.452 | INFO     | pycaalp.time_balancing.model:run_mip:430 - Running MIP solver ...
sub_stop=0.09909399773499433
  k=   24  edges= 133 (  0.1%)  Δe=  24  obj=1.0224  gap=+0.42%  Δobj=+0.000%  build=13.17s solve=0.58s
2026-07-02 15:31:29.241 | INFO     | pycaalp.time_balancing.model:run_mip:430 - Running MIP solver ...
sub_stop=0.11474041842999344
  k=   32  edges= 154 ( 0.11%)  Δe=  21  obj=1.0181  gap=+0.00%  Δobj=+0.420%  build=17.21s solve=0.57s
2026-07-02 15:31:53.686 | INFO     | pycaalp.time_balancing.model:run_mip:430 - Running MIP solver ...
sub_stop=0.14156285390713477
  k=   48  edges= 190 ( 0.14%)  Δe=  36  obj=1.0181  gap=+0.00%  Δobj=+0.000%  build=23.88s solve=0.40s
2026-07-02 15:32:16.511 | INFO     | pycaalp.time_balancing.model:run_mip:430 - Running MIP solver ...
sub_stop=0.2995171961614115
  k=   64  edges= 402 (  0.3%)  Δe= 212  obj=1.0181  gap=+0.00%  Δobj=+0.000%  build=22.42s solve=0.86s
2026-07-02 15:32:43.860 | INFO     | pycaalp.time_balancing.model:run_mip:430 - Running MIP solver ...
sub_stop=0.5871133098885378
  k=   96  edges= 788 ( 0.59%)  Δe= 386  obj=1.0181  gap=+0.00%  Δobj=+0.000%  build=26.49s solve=1.28s
2026-07-02 15:33:12.841 | INFO     | pycaalp.time_balancing.model:run_mip:430 - Running MIP solver ...
sub_stop=0.8620432735292364
  k=  128  edges=1157 ( 0.86%)  Δe= 369  obj=1.0181  gap=+0.00%  Δobj=+0.000%  build=27.70s solve=2.10s
2026-07-02 15:33:46.424 | INFO     | pycaalp.time_balancing.model:run_mip:430 - Running MIP solver ...
sub_stop=1.3932765095070632
  k=  192  edges=1870 ( 1.39%)  Δe= 713  obj=1.0181  gap=+0.00%  Δobj=+0.000%  build=31.48s solve=4.17s
2026-07-02 15:34:25.800 | INFO     | pycaalp.time_balancing.model:run_mip:430 - Running MIP solver ...
sub_stop=1.8790606187041783
  k=  256  edges=2522 ( 1.88%)  Δe= 652  obj=1.0181  gap=+0.00%  Δobj=+0.000%  build=35.20s solve=3.77s
2026-07-02 15:35:14.501 | INFO     | pycaalp.time_balancing.model:run_mip:430 - Running MIP solver ...
sub_stop=2.7835727484055552
  k=  384  edges=3736 ( 2.78%)  Δe=1214  obj=1.0181  gap=+0.00%  Δobj=+0.000%  build=44.93s solve=5.26s
2026-07-02 15:36:14.241 | INFO     | pycaalp.time_balancing.model:run_mip:430 - Running MIP solver ...
sub_stop=3.643380818978363
  k=  512  edges=4890 ( 3.64%)  Δe=1154  obj=1.0181  gap=+0.00%  Δobj=+0.000%  build=54.48s solve=5.86s
2026-07-02 15:37:30.944 | INFO     | pycaalp.time_balancing.model:run_mip:430 - Running MIP solver ...
sub_stop=5.193121535435417
  k=  768  edges=6970 ( 5.19%)  Δe=2080  obj=1.0181  gap=+0.00%  Δobj=+0.000%  build=70.84s solve=11.06s
2026-07-02 15:39:18.720 | INFO     | pycaalp.time_balancing.model:run_mip:430 - Running MIP solver ...
sub_stop=6.537223579901055
  k= 1024  edges=8774 ( 6.54%)  Δe=1804  obj=1.0181  gap=+0.00%  Δobj=+0.000%  build=96.71s solve=18.62s
2026-07-02 15:41:57.225 | INFO     | pycaalp.time_balancing.model:run_mip:430 - Running MIP solver ...
sub_stop=9.03990582344877
  k= 1536  edges=12133 ( 9.04%)  Δe=3359  obj=1.0181  gap=+0.00%  Δobj=-0.000%  build=139.89s solve=22.19s
2026-07-02 15:45:15.620 | INFO     | pycaalp.time_balancing.model:run_mip:430 - Running MIP solver ...
sub_stop=11.08660666388508
  k= 2048  edges=14880 (11.09%)  Δe=2747  obj=1.0181  gap=+0.00%  Δobj=+0.000%  build=176.20s solve=33.14s
  → stop: stop_perc_graph (after 2 consecutive steps)

Results saved to experiments/bl_union_convergence/assembly_2_np_3_methods/bl_union_convergence_lambda_0.1.csv
Plot with:  python -m experiments.bl_union_convergence.plot_convergence experiments/bl_union_convergence/assembly_2_np_3_methods/bl_union_convergence_lambda_0.1.csv

----------------- λ = 0.2 -----------------
========================================================================
bl-union convergence — assembly_2  P=3  λ=0.2
========================================================================

Building assembly digraph …
2026-07-02 13:44:33.334 | INFO     | pycaalp.gapp.assembly_digraph:compute_assembly_digraph_complete:395 - Computing assembly digraph...
  22160 nodes, 134216 edges  (199.3s)

[ref] Full MIP  P=3  λ=0.2 …
2026-07-02 13:47:52.651 | INFO     | pycaalp.time_balancing.model:run_mip:430 - Running MIP solver ...
  obj=1.0229  alpha=939.0s  time=406.19s

[bl_union] k-sweep (stop: edge_saturation, stop at 10.0% of the full directed graph):
2026-07-02 13:54:40.490 | INFO     | pycaalp.time_balancing.model:run_mip:430 - Running MIP solver ...
sub_stop=0.030547773737855395
  k=    1  edges=  41 ( 0.03%)  Δe=  41  obj=1.0267  gap=+0.37%  Δobj=   —     build=1.65s solve=0.21s
2026-07-02 13:54:43.072 | INFO     | pycaalp.time_balancing.model:run_mip:430 - Running MIP solver ...
sub_stop=0.04544912678071169
  k=    2  edges=  61 ( 0.05%)  Δe=  20  obj=1.0267  gap=+0.37%  Δobj=+0.000%  build=2.37s solve=0.15s
2026-07-02 13:54:46.330 | INFO     | pycaalp.time_balancing.model:run_mip:430 - Running MIP solver ...
sub_stop=0.048429397389282945
  k=    3  edges=  65 ( 0.05%)  Δe=   4  obj=1.0267  gap=+0.37%  Δobj=+0.000%  build=3.11s solve=0.16s
2026-07-02 13:54:50.270 | INFO     | pycaalp.time_balancing.model:run_mip:430 - Running MIP solver ...
sub_stop=0.05066460034571139
  k=    4  edges=  68 ( 0.05%)  Δe=   3  obj=1.0267  gap=+0.37%  Δobj=+0.000%  build=3.78s solve=0.39s
2026-07-02 13:54:55.716 | INFO     | pycaalp.time_balancing.model:run_mip:430 - Running MIP solver ...
sub_stop=0.05662514156285391
  k=    6  edges=  76 ( 0.06%)  Δe=   8  obj=1.0267  gap=+0.37%  Δobj=+0.000%  build=5.06s solve=0.36s
2026-07-02 13:55:03.130 | INFO     | pycaalp.time_balancing.model:run_mip:430 - Running MIP solver ...
sub_stop=0.06482088573642486
  k=    8  edges=  87 ( 0.06%)  Δe=  11  obj=1.0267  gap=+0.37%  Δobj=-0.000%  build=7.05s solve=0.32s
2026-07-02 13:55:12.983 | INFO     | pycaalp.time_balancing.model:run_mip:430 - Running MIP solver ...
sub_stop=0.07376169756213864
  k=   12  edges=  99 ( 0.07%)  Δe=  12  obj=1.0267  gap=+0.37%  Δobj=+0.000%  build=9.53s solve=0.65s
2026-07-02 13:55:25.911 | INFO     | pycaalp.time_balancing.model:run_mip:430 - Running MIP solver ...
sub_stop=0.08121237408356678
  k=   16  edges= 109 ( 0.08%)  Δe=  10  obj=1.0267  gap=+0.37%  Δobj=-0.000%  build=12.28s solve=0.66s
2026-07-02 13:55:43.903 | INFO     | pycaalp.time_balancing.model:run_mip:430 - Running MIP solver ...
sub_stop=0.09909399773499433
  k=   24  edges= 133 (  0.1%)  Δe=  24  obj=1.0267  gap=+0.37%  Δobj=+0.000%  build=17.33s solve=0.38s
2026-07-02 13:56:05.894 | INFO     | pycaalp.time_balancing.model:run_mip:430 - Running MIP solver ...
sub_stop=0.11474041842999344
  k=   32  edges= 154 ( 0.11%)  Δe=  21  obj=1.0229  gap=+0.00%  Δobj=+0.372%  build=21.61s solve=0.38s
2026-07-02 13:56:34.851 | INFO     | pycaalp.time_balancing.model:run_mip:430 - Running MIP solver ...
sub_stop=0.12144602729927878
  k=   48  edges= 163 ( 0.12%)  Δe=   9  obj=1.0229  gap=+0.00%  Δobj=+0.000%  build=28.57s solve=0.39s
2026-07-02 13:57:14.617 | INFO     | pycaalp.time_balancing.model:run_mip:430 - Running MIP solver ...
sub_stop=0.12964177147284972
  k=   64  edges= 174 ( 0.13%)  Δe=  11  obj=1.0229  gap=+0.00%  Δobj=+0.000%  build=39.37s solve=0.42s
2026-07-02 13:58:14.628 | INFO     | pycaalp.time_balancing.model:run_mip:430 - Running MIP solver ...
sub_stop=0.14677832747213446
  k=   96  edges= 197 ( 0.15%)  Δe=  23  obj=1.0229  gap=+0.00%  Δobj=+0.000%  build=59.59s solve=0.75s
2026-07-02 13:59:31.937 | INFO     | pycaalp.time_balancing.model:run_mip:430 - Running MIP solver ...
sub_stop=0.16615008642784765
  k=  128  edges= 223 ( 0.17%)  Δe=  26  obj=1.0229  gap=+0.00%  Δobj=+0.000%  build=76.56s solve=0.53s
2026-07-02 14:01:23.016 | INFO     | pycaalp.time_balancing.model:run_mip:430 - Running MIP solver ...
sub_stop=0.18775704833998927
  k=  192  edges= 252 ( 0.19%)  Δe=  29  obj=1.0229  gap=+0.00%  Δobj=+0.000%  build=110.55s solve=1.05s
2026-07-02 14:03:43.935 | INFO     | pycaalp.time_balancing.model:run_mip:430 - Running MIP solver ...
sub_stop=0.2004231984264171
  k=  256  edges= 269 (  0.2%)  Δe=  17  obj=1.0229  gap=+0.00%  Δobj=+0.000%  build=139.87s solve=0.60s
2026-07-02 14:07:18.082 | INFO     | pycaalp.time_balancing.model:run_mip:430 - Running MIP solver ...
sub_stop=0.2086189425999881
  k=  384  edges= 280 ( 0.21%)  Δe=  11  obj=1.0229  gap=+0.00%  Δobj=+0.000%  build=213.55s solve=0.56s
2026-07-02 14:12:01.310 | INFO     | pycaalp.time_balancing.model:run_mip:430 - Running MIP solver ...
sub_stop=0.22277522799070154
  k=  512  edges= 299 ( 0.22%)  Δe=  19  obj=1.0229  gap=+0.00%  Δobj=+0.000%  build=282.67s solve=0.59s
2026-07-02 14:18:58.607 | INFO     | pycaalp.time_balancing.model:run_mip:430 - Running MIP solver ...
sub_stop=0.2741848959885558
  k=  768  edges= 368 ( 0.27%)  Δe=  69  obj=1.0229  gap=+0.00%  Δobj=+0.000%  build=416.70s solve=1.51s
2026-07-02 14:27:32.446 | INFO     | pycaalp.time_balancing.model:run_mip:430 - Running MIP solver ...
sub_stop=0.2898313166835549
  k= 1024  edges= 389 ( 0.29%)  Δe=  21  obj=1.0229  gap=+0.00%  Δobj=-0.000%  build=512.33s solve=1.15s
2026-07-02 14:40:34.576 | INFO     | pycaalp.time_balancing.model:run_mip:430 - Running MIP solver ...
sub_stop=0.2995171961614115
  k= 1536  edges= 402 (  0.3%)  Δe=  13  obj=1.0229  gap=+0.00%  Δobj=+0.000%  build=780.98s solve=1.42s
2026-07-02 14:57:54.124 | INFO     | pycaalp.time_balancing.model:run_mip:430 - Running MIP solver ...
sub_stop=0.3203790904214103
  k= 2048  edges= 430 ( 0.32%)  Δe=  28  obj=1.0229  gap=+0.00%  Δobj=+0.000%  build=1038.13s solve=0.86s
2026-07-02 15:31:49.156 | INFO     | pycaalp.time_balancing.model:run_mip:430 - Running MIP solver ...
sub_stop=0.3889253144185492
  k= 4096  edges= 522 ( 0.39%)  Δe=  92  obj=1.0229  gap=+0.00%  Δobj=+0.000%  build=2034.17s solve=1.68s

[adaptive] k-sweep (stop: edge_saturation, stop at 10.0% of the full directed graph):
2026-07-02 15:31:52.437 | INFO     | pycaalp.time_balancing.model:run_mip:430 - Running MIP solver ...
sub_stop=0.030547773737855395
  k=    1  edges=  41 ( 0.03%)  Δe=  41  obj=1.0267  gap=+0.37%  Δobj=   —     build=1.60s solve=0.20s
2026-07-02 15:31:54.875 | INFO     | pycaalp.time_balancing.model:run_mip:430 - Running MIP solver ...
sub_stop=0.04544912678071169
  k=    2  edges=  61 ( 0.05%)  Δe=  20  obj=1.0267  gap=+0.37%  Δobj=+0.000%  build=2.24s solve=0.15s
2026-07-02 15:31:57.619 | INFO     | pycaalp.time_balancing.model:run_mip:430 - Running MIP solver ...
sub_stop=0.048429397389282945
  k=    3  edges=  65 ( 0.05%)  Δe=   4  obj=1.0267  gap=+0.37%  Δobj=+0.000%  build=2.60s solve=0.15s
2026-07-02 15:32:00.631 | INFO     | pycaalp.time_balancing.model:run_mip:430 - Running MIP solver ...
sub_stop=0.05066460034571139
  k=    4  edges=  68 ( 0.05%)  Δe=   3  obj=1.0267  gap=+0.37%  Δobj=+0.000%  build=2.86s solve=0.37s
2026-07-02 15:32:04.951 | INFO     | pycaalp.time_balancing.model:run_mip:430 - Running MIP solver ...
sub_stop=0.05662514156285391
  k=    6  edges=  76 ( 0.06%)  Δe=   8  obj=1.0267  gap=+0.37%  Δobj=+0.000%  build=3.95s solve=0.33s
2026-07-02 15:32:10.057 | INFO     | pycaalp.time_balancing.model:run_mip:430 - Running MIP solver ...
sub_stop=0.06482088573642486
  k=    8  edges=  87 ( 0.06%)  Δe=  11  obj=1.0267  gap=+0.37%  Δobj=-0.000%  build=4.77s solve=0.30s
2026-07-02 15:32:17.143 | INFO     | pycaalp.time_balancing.model:run_mip:430 - Running MIP solver ...
sub_stop=0.07376169756213864
  k=   12  edges=  99 ( 0.07%)  Δe=  12  obj=1.0267  gap=+0.37%  Δobj=+0.000%  build=6.79s solve=0.61s
2026-07-02 15:32:26.653 | INFO     | pycaalp.time_balancing.model:run_mip:430 - Running MIP solver ...
sub_stop=0.08121237408356678
  k=   16  edges= 109 ( 0.08%)  Δe=  10  obj=1.0267  gap=+0.37%  Δobj=-0.000%  build=8.90s solve=0.63s
2026-07-02 15:32:41.510 | INFO     | pycaalp.time_balancing.model:run_mip:430 - Running MIP solver ...
sub_stop=0.09909399773499433
  k=   24  edges= 133 (  0.1%)  Δe=  24  obj=1.0267  gap=+0.37%  Δobj=+0.000%  build=14.22s solve=0.34s
2026-07-02 15:32:58.909 | INFO     | pycaalp.time_balancing.model:run_mip:430 - Running MIP solver ...
sub_stop=0.11474041842999344
  k=   32  edges= 154 ( 0.11%)  Δe=  21  obj=1.0229  gap=+0.00%  Δobj=+0.372%  build=17.06s solve=0.36s
2026-07-02 15:33:21.228 | INFO     | pycaalp.time_balancing.model:run_mip:430 - Running MIP solver ...
sub_stop=0.14156285390713477
  k=   48  edges= 190 ( 0.14%)  Δe=  36  obj=1.0229  gap=+0.00%  Δobj=+0.000%  build=21.96s solve=0.45s
2026-07-02 15:33:44.834 | INFO     | pycaalp.time_balancing.model:run_mip:430 - Running MIP solver ...
sub_stop=0.2995171961614115
  k=   64  edges= 402 (  0.3%)  Δe= 212  obj=1.0229  gap=+0.00%  Δobj=-0.000%  build=23.15s solve=0.77s
2026-07-02 15:34:10.362 | INFO     | pycaalp.time_balancing.model:run_mip:430 - Running MIP solver ...
sub_stop=0.586368242236395
  k=   96  edges= 787 ( 0.59%)  Δe= 385  obj=1.0229  gap=+0.00%  Δobj=+0.000%  build=24.76s solve=1.37s
2026-07-02 15:34:39.000 | INFO     | pycaalp.time_balancing.model:run_mip:430 - Running MIP solver ...
sub_stop=0.8627883411813793
  k=  128  edges=1158 ( 0.86%)  Δe= 371  obj=1.0229  gap=+0.00%  Δobj=+0.000%  build=27.27s solve=4.56s
2026-07-02 15:35:15.623 | INFO     | pycaalp.time_balancing.model:run_mip:430 - Running MIP solver ...
sub_stop=1.3925314418549206
  k=  192  edges=1869 ( 1.39%)  Δe= 711  obj=1.0229  gap=+0.00%  Δobj=+0.000%  build=32.06s solve=4.15s
2026-07-02 15:35:55.791 | INFO     | pycaalp.time_balancing.model:run_mip:430 - Running MIP solver ...
sub_stop=1.8768254157477497
  k=  256  edges=2519 ( 1.88%)  Δe= 650  obj=1.0229  gap=+0.00%  Δobj=+0.000%  build=36.02s solve=6.48s
2026-07-02 15:36:47.987 | INFO     | pycaalp.time_balancing.model:run_mip:430 - Running MIP solver ...
sub_stop=2.7820826131012697
  k=  384  edges=3734 ( 2.78%)  Δe=1215  obj=1.0229  gap=+0.00%  Δobj=-0.000%  build=45.72s solve=7.81s
2026-07-02 15:37:49.145 | INFO     | pycaalp.time_balancing.model:run_mip:430 - Running MIP solver ...
sub_stop=3.6418906836740774
  k=  512  edges=4888 ( 3.64%)  Δe=1154  obj=1.0229  gap=+0.00%  Δobj=+0.000%  build=53.35s solve=14.60s
2026-07-02 15:39:19.887 | INFO     | pycaalp.time_balancing.model:run_mip:430 - Running MIP solver ...
sub_stop=5.187160994218274
  k=  768  edges=6962 ( 5.19%)  Δe=2074  obj=1.0229  gap=+0.00%  Δobj=+0.000%  build=76.14s solve=40.15s
2026-07-02 15:41:36.145 | INFO     | pycaalp.time_balancing.model:run_mip:430 - Running MIP solver ...
sub_stop=6.534988376944627
  k= 1024  edges=8771 ( 6.53%)  Δe=1809  obj=1.0229  gap=+0.00%  Δobj=+0.000%  build=96.11s solve=33.05s
2026-07-02 15:44:21.732 | INFO     | pycaalp.time_balancing.model:run_mip:430 - Running MIP solver ...
sub_stop=9.020534064493056
  k= 1536  edges=12107 ( 9.02%)  Δe=3336  obj=1.0229  gap=+0.00%  Δobj=+0.000%  build=132.54s solve=49.03s
2026-07-02 15:47:55.974 | INFO     | pycaalp.time_balancing.model:run_mip:430 - Running MIP solver ...
sub_stop=11.09703761101508
  k= 2048  edges=14894 ( 11.1%)  Δe=2787  obj=1.0229  gap=+0.00%  Δobj=+0.000%  build=165.21s solve=38.43s
  → stop: stop_perc_graph (after 2 consecutive steps)

Results saved to experiments/bl_union_convergence/assembly_2_np_3_methods/bl_union_convergence_lambda_0.2.csv
Plot with:  python -m experiments.bl_union_convergence.plot_convergence experiments/bl_union_convergence/assembly_2_np_3_methods/bl_union_convergence_lambda_0.2.csv

----------------- λ = 0.3 -----------------
========================================================================
bl-union convergence — assembly_2  P=3  λ=0.3
========================================================================

Building assembly digraph …
2026-07-02 13:44:33.329 | INFO     | pycaalp.gapp.assembly_digraph:compute_assembly_digraph_complete:395 - Computing assembly digraph...
  22160 nodes, 134216 edges  (199.5s)

[ref] Full MIP  P=3  λ=0.3 …
2026-07-02 13:47:52.815 | INFO     | pycaalp.time_balancing.model:run_mip:430 - Running MIP solver ...
  obj=1.0276  alpha=939.0s  time=1951.29s

[bl_union] k-sweep (stop: edge_saturation, stop at 10.0% of the full directed graph):
2026-07-02 14:20:25.526 | INFO     | pycaalp.time_balancing.model:run_mip:430 - Running MIP solver ...
sub_stop=0.030547773737855395
  k=    1  edges=  41 ( 0.03%)  Δe=  41  obj=1.0310  gap=+0.32%  Δobj=   —     build=1.42s solve=0.19s
2026-07-02 14:20:27.771 | INFO     | pycaalp.time_balancing.model:run_mip:430 - Running MIP solver ...
sub_stop=0.04544912678071169
  k=    2  edges=  61 ( 0.05%)  Δe=  20  obj=1.0310  gap=+0.32%  Δobj=+0.000%  build=2.06s solve=0.23s
2026-07-02 14:20:30.719 | INFO     | pycaalp.time_balancing.model:run_mip:430 - Running MIP solver ...
sub_stop=0.048429397389282945
  k=    3  edges=  65 ( 0.05%)  Δe=   4  obj=1.0310  gap=+0.32%  Δobj=-0.000%  build=2.72s solve=0.27s
2026-07-02 14:20:34.206 | INFO     | pycaalp.time_balancing.model:run_mip:430 - Running MIP solver ...
sub_stop=0.05066460034571139
  k=    4  edges=  68 ( 0.05%)  Δe=   3  obj=1.0310  gap=+0.32%  Δobj=+0.000%  build=3.22s solve=0.36s
2026-07-02 14:20:38.910 | INFO     | pycaalp.time_balancing.model:run_mip:430 - Running MIP solver ...
sub_stop=0.05662514156285391
  k=    6  edges=  76 ( 0.06%)  Δe=   8  obj=1.0310  gap=+0.32%  Δobj=-0.000%  build=4.34s solve=0.38s
2026-07-02 14:20:44.771 | INFO     | pycaalp.time_balancing.model:run_mip:430 - Running MIP solver ...
sub_stop=0.06482088573642486
  k=    8  edges=  87 ( 0.06%)  Δe=  11  obj=1.0310  gap=+0.32%  Δobj=+0.000%  build=5.48s solve=0.67s
2026-07-02 14:20:53.140 | INFO     | pycaalp.time_balancing.model:run_mip:430 - Running MIP solver ...
sub_stop=0.07376169756213864
  k=   12  edges=  99 ( 0.07%)  Δe=  12  obj=1.0310  gap=+0.32%  Δobj=+0.000%  build=7.70s solve=0.37s
2026-07-02 14:21:03.583 | INFO     | pycaalp.time_balancing.model:run_mip:430 - Running MIP solver ...
sub_stop=0.08121237408356678
  k=   16  edges= 109 ( 0.08%)  Δe=  10  obj=1.0310  gap=+0.32%  Δobj=+0.000%  build=10.07s solve=0.54s
2026-07-02 14:21:18.247 | INFO     | pycaalp.time_balancing.model:run_mip:430 - Running MIP solver ...
sub_stop=0.09909399773499433
  k=   24  edges= 133 (  0.1%)  Δe=  24  obj=1.0310  gap=+0.32%  Δobj=+0.000%  build=14.13s solve=0.42s
2026-07-02 14:21:36.002 | INFO     | pycaalp.time_balancing.model:run_mip:430 - Running MIP solver ...
sub_stop=0.11474041842999344
  k=   32  edges= 154 ( 0.11%)  Δe=  21  obj=1.0276  gap=+0.00%  Δobj=+0.324%  build=17.34s solve=0.42s
2026-07-02 14:22:02.497 | INFO     | pycaalp.time_balancing.model:run_mip:430 - Running MIP solver ...
sub_stop=0.12144602729927878
  k=   48  edges= 163 ( 0.12%)  Δe=   9  obj=1.0276  gap=+0.00%  Δobj=+0.000%  build=26.08s solve=0.41s
2026-07-02 14:22:38.224 | INFO     | pycaalp.time_balancing.model:run_mip:430 - Running MIP solver ...
sub_stop=0.12964177147284972
  k=   64  edges= 174 ( 0.13%)  Δe=  11  obj=1.0276  gap=+0.00%  Δobj=+0.000%  build=35.32s solve=0.37s
2026-07-02 14:23:30.263 | INFO     | pycaalp.time_balancing.model:run_mip:430 - Running MIP solver ...
sub_stop=0.14677832747213446
  k=   96  edges= 197 ( 0.15%)  Δe=  23  obj=1.0276  gap=+0.00%  Δobj=+0.000%  build=51.67s solve=0.42s
2026-07-02 14:24:39.395 | INFO     | pycaalp.time_balancing.model:run_mip:430 - Running MIP solver ...
sub_stop=0.16615008642784765
  k=  128  edges= 223 ( 0.17%)  Δe=  26  obj=1.0276  gap=+0.00%  Δobj=+0.000%  build=68.71s solve=0.59s
2026-07-02 14:26:19.462 | INFO     | pycaalp.time_balancing.model:run_mip:430 - Running MIP solver ...
sub_stop=0.18775704833998927
  k=  192  edges= 252 ( 0.19%)  Δe=  29  obj=1.0276  gap=+0.00%  Δobj=+0.000%  build=99.48s solve=0.44s
2026-07-02 14:28:29.541 | INFO     | pycaalp.time_balancing.model:run_mip:430 - Running MIP solver ...
sub_stop=0.2004231984264171
  k=  256  edges= 269 (  0.2%)  Δe=  17  obj=1.0276  gap=+0.00%  Δobj=+0.000%  build=129.64s solve=0.58s
2026-07-02 14:31:48.216 | INFO     | pycaalp.time_balancing.model:run_mip:430 - Running MIP solver ...
sub_stop=0.2086189425999881
  k=  384  edges= 280 ( 0.21%)  Δe=  11  obj=1.0276  gap=+0.00%  Δobj=+0.000%  build=198.09s solve=0.53s
2026-07-02 14:36:16.064 | INFO     | pycaalp.time_balancing.model:run_mip:430 - Running MIP solver ...
sub_stop=0.22277522799070154
  k=  512  edges= 299 ( 0.22%)  Δe=  19  obj=1.0276  gap=+0.00%  Δobj=+0.000%  build=267.32s solve=1.50s
2026-07-02 14:42:48.842 | INFO     | pycaalp.time_balancing.model:run_mip:430 - Running MIP solver ...
sub_stop=0.2741848959885558
  k=  768  edges= 368 ( 0.27%)  Δe=  69  obj=1.0276  gap=+0.00%  Δobj=+0.000%  build=391.27s solve=1.26s
2026-07-02 14:51:22.657 | INFO     | pycaalp.time_balancing.model:run_mip:430 - Running MIP solver ...
sub_stop=0.2898313166835549
  k= 1024  edges= 389 ( 0.29%)  Δe=  21  obj=1.0276  gap=+0.00%  Δobj=+0.000%  build=512.56s solve=1.28s
2026-07-02 15:04:17.056 | INFO     | pycaalp.time_balancing.model:run_mip:430 - Running MIP solver ...
sub_stop=0.2995171961614115
  k= 1536  edges= 402 (  0.3%)  Δe=  13  obj=1.0276  gap=+0.00%  Δobj=+0.000%  build=773.12s solve=1.31s
2026-07-02 15:21:26.132 | INFO     | pycaalp.time_balancing.model:run_mip:430 - Running MIP solver ...
sub_stop=0.3203790904214103
  k= 2048  edges= 430 ( 0.32%)  Δe=  28  obj=1.0276  gap=+0.00%  Δobj=+0.000%  build=1027.77s solve=1.38s
2026-07-02 15:54:25.687 | INFO     | pycaalp.time_balancing.model:run_mip:430 - Running MIP solver ...
sub_stop=0.3889253144185492
  k= 4096  edges= 522 ( 0.39%)  Δe=  92  obj=1.0276  gap=+0.00%  Δobj=+0.000%  build=1978.18s solve=1.37s

[adaptive] k-sweep (stop: edge_saturation, stop at 10.0% of the full directed graph):
2026-07-02 15:54:28.559 | INFO     | pycaalp.time_balancing.model:run_mip:430 - Running MIP solver ...
sub_stop=0.030547773737855395
  k=    1  edges=  41 ( 0.03%)  Δe=  41  obj=1.0310  gap=+0.32%  Δobj=   —     build=1.50s solve=0.18s
2026-07-02 15:54:30.819 | INFO     | pycaalp.time_balancing.model:run_mip:430 - Running MIP solver ...
sub_stop=0.04544912678071169
  k=    2  edges=  61 ( 0.05%)  Δe=  20  obj=1.0310  gap=+0.32%  Δobj=+0.000%  build=2.08s solve=0.22s
2026-07-02 15:54:33.693 | INFO     | pycaalp.time_balancing.model:run_mip:430 - Running MIP solver ...
sub_stop=0.048429397389282945
  k=    3  edges=  65 ( 0.05%)  Δe=   4  obj=1.0310  gap=+0.32%  Δobj=-0.000%  build=2.65s solve=0.26s
2026-07-02 15:54:36.988 | INFO     | pycaalp.time_balancing.model:run_mip:430 - Running MIP solver ...
sub_stop=0.05066460034571139
  k=    4  edges=  68 ( 0.05%)  Δe=   3  obj=1.0310  gap=+0.32%  Δobj=+0.000%  build=3.04s solve=0.35s
2026-07-02 15:54:41.328 | INFO     | pycaalp.time_balancing.model:run_mip:430 - Running MIP solver ...
sub_stop=0.05662514156285391
  k=    6  edges=  76 ( 0.06%)  Δe=   8  obj=1.0310  gap=+0.32%  Δobj=-0.000%  build=3.99s solve=0.37s
2026-07-02 15:54:46.865 | INFO     | pycaalp.time_balancing.model:run_mip:430 - Running MIP solver ...
sub_stop=0.06482088573642486
  k=    8  edges=  87 ( 0.06%)  Δe=  11  obj=1.0310  gap=+0.32%  Δobj=+0.000%  build=5.17s solve=0.64s
2026-07-02 15:54:54.216 | INFO     | pycaalp.time_balancing.model:run_mip:430 - Running MIP solver ...
sub_stop=0.07376169756213864
  k=   12  edges=  99 ( 0.07%)  Δe=  12  obj=1.0310  gap=+0.32%  Δobj=+0.000%  build=6.71s solve=0.35s
2026-07-02 15:55:02.639 | INFO     | pycaalp.time_balancing.model:run_mip:430 - Running MIP solver ...
sub_stop=0.08121237408356678
  k=   16  edges= 109 ( 0.08%)  Δe=  10  obj=1.0310  gap=+0.32%  Δobj=+0.000%  build=8.07s solve=0.52s
2026-07-02 15:55:15.322 | INFO     | pycaalp.time_balancing.model:run_mip:430 - Running MIP solver ...
sub_stop=0.09909399773499433
  k=   24  edges= 133 (  0.1%)  Δe=  24  obj=1.0310  gap=+0.32%  Δobj=+0.000%  build=12.17s solve=0.41s
2026-07-02 15:55:30.862 | INFO     | pycaalp.time_balancing.model:run_mip:430 - Running MIP solver ...
sub_stop=0.11474041842999344
  k=   32  edges= 154 ( 0.11%)  Δe=  21  obj=1.0276  gap=+0.00%  Δobj=+0.324%  build=15.13s solve=0.39s
2026-07-02 15:55:53.619 | INFO     | pycaalp.time_balancing.model:run_mip:430 - Running MIP solver ...
sub_stop=0.14603325981999166
  k=   48  edges= 196 ( 0.15%)  Δe=  42  obj=1.0276  gap=+0.00%  Δobj=+0.000%  build=22.36s solve=0.39s
2026-07-02 15:56:14.715 | INFO     | pycaalp.time_balancing.model:run_mip:430 - Running MIP solver ...
sub_stop=0.2995171961614115
  k=   64  edges= 402 (  0.3%)  Δe= 206  obj=1.0276  gap=+0.00%  Δobj=+0.000%  build=20.70s solve=0.85s
2026-07-02 15:56:38.163 | INFO     | pycaalp.time_balancing.model:run_mip:430 - Running MIP solver ...
sub_stop=0.5878583775406807
  k=   96  edges= 789 ( 0.59%)  Δe= 387  obj=1.0276  gap=+0.00%  Δobj=+0.000%  build=22.59s solve=3.31s
2026-07-02 15:57:06.132 | INFO     | pycaalp.time_balancing.model:run_mip:430 - Running MIP solver ...
sub_stop=0.8642784764856649
  k=  128  edges=1160 ( 0.86%)  Δe= 371  obj=1.0276  gap=+0.00%  Δobj=+0.000%  build=24.66s solve=2.84s
2026-07-02 15:57:39.536 | INFO     | pycaalp.time_balancing.model:run_mip:430 - Running MIP solver ...
sub_stop=1.394021577159206
  k=  192  edges=1871 ( 1.39%)  Δe= 711  obj=1.0276  gap=+0.00%  Δobj=+0.000%  build=30.56s solve=5.69s
2026-07-02 15:58:19.542 | INFO     | pycaalp.time_balancing.model:run_mip:430 - Running MIP solver ...
sub_stop=1.8783155510520355
  k=  256  edges=2521 ( 1.88%)  Δe= 650  obj=1.0276  gap=+0.00%  Δobj=+0.000%  build=34.31s solve=8.41s
2026-07-02 15:59:09.788 | INFO     | pycaalp.time_balancing.model:run_mip:430 - Running MIP solver ...
sub_stop=2.787298086666269
  k=  384  edges=3741 ( 2.79%)  Δe=1220  obj=1.0276  gap=+0.00%  Δobj=+0.000%  build=41.84s solve=36.80s
2026-07-02 16:00:37.674 | INFO     | pycaalp.time_balancing.model:run_mip:430 - Running MIP solver ...
sub_stop=3.643380818978363
  k=  512  edges=4890 ( 3.64%)  Δe=1149  obj=1.0276  gap=+0.00%  Δobj=-0.000%  build=51.08s solve=31.32s
2026-07-02 16:02:13.637 | INFO     | pycaalp.time_balancing.model:run_mip:430 - Running MIP solver ...
sub_stop=5.182690588305418
  k=  768  edges=6956 ( 5.18%)  Δe=2066  obj=1.0276  gap=+0.00%  Δobj=+0.000%  build=64.64s solve=128.62s
2026-07-02 16:05:49.688 | INFO     | pycaalp.time_balancing.model:run_mip:430 - Running MIP solver ...
sub_stop=6.537223579901055
  k= 1024  edges=8774 ( 6.54%)  Δe=1818  obj=1.0276  gap=+0.00%  Δobj=+0.000%  build=87.43s solve=54.55s
2026-07-02 16:08:53.038 | INFO     | pycaalp.time_balancing.model:run_mip:430 - Running MIP solver ...
sub_stop=9.031710079275198
  k= 1536  edges=12122 ( 9.03%)  Δe=3348  obj=1.0276  gap=+0.00%  Δobj=+0.000%  build=128.80s solve=43.74s
2026-07-02 16:12:19.685 | INFO     | pycaalp.time_balancing.model:run_mip:430 - Running MIP solver ...
sub_stop=11.082881325624367
  k= 2048  edges=14875 (11.08%)  Δe=2753  obj=1.0276  gap=+0.00%  Δobj=+0.000%  build=162.90s solve=524.84s
  → stop: stop_perc_graph (after 2 consecutive steps)

Results saved to experiments/bl_union_convergence/assembly_2_np_3_methods/bl_union_convergence_lambda_0.3.csv
Plot with:  python -m experiments.bl_union_convergence.plot_convergence experiments/bl_union_convergence/assembly_2_np_3_methods/bl_union_convergence_lambda_0.3.csv

----------------- λ = 0.4 -----------------
========================================================================
bl-union convergence — assembly_2  P=3  λ=0.4
========================================================================

Building assembly digraph …
2026-07-02 13:44:33.332 | INFO     | pycaalp.gapp.assembly_digraph:compute_assembly_digraph_complete:395 - Computing assembly digraph...
  22160 nodes, 134216 edges  (195.6s)

[ref] Full MIP  P=3  λ=0.4 …
2026-07-02 13:47:48.930 | INFO     | pycaalp.time_balancing.model:run_mip:430 - Running MIP solver ...
  obj=1.0319  alpha=922.0s  time=9087.20s

[bl_union] k-sweep (stop: edge_saturation, stop at 10.0% of the full directed graph):
2026-07-02 16:19:17.279 | INFO     | pycaalp.time_balancing.model:run_mip:430 - Running MIP solver ...
sub_stop=0.030547773737855395
  k=    1  edges=  41 ( 0.03%)  Δe=  41  obj=1.0352  gap=+0.32%  Δobj=   —     build=1.14s solve=0.15s
2026-07-02 16:19:19.039 | INFO     | pycaalp.time_balancing.model:run_mip:430 - Running MIP solver ...
sub_stop=0.04544912678071169
  k=    2  edges=  61 ( 0.05%)  Δe=  20  obj=1.0352  gap=+0.32%  Δobj=+0.000%  build=1.61s solve=0.22s
2026-07-02 16:19:21.639 | INFO     | pycaalp.time_balancing.model:run_mip:430 - Running MIP solver ...
sub_stop=0.048429397389282945
  k=    3  edges=  65 ( 0.05%)  Δe=   4  obj=1.0352  gap=+0.32%  Δobj=+0.000%  build=2.38s solve=0.23s
2026-07-02 16:19:24.959 | INFO     | pycaalp.time_balancing.model:run_mip:430 - Running MIP solver ...
sub_stop=0.05066460034571139
  k=    4  edges=  68 ( 0.05%)  Δe=   3  obj=1.0352  gap=+0.32%  Δobj=+0.000%  build=3.09s solve=0.29s
2026-07-02 16:19:29.101 | INFO     | pycaalp.time_balancing.model:run_mip:430 - Running MIP solver ...
sub_stop=0.05662514156285391
  k=    6  edges=  76 ( 0.06%)  Δe=   8  obj=1.0352  gap=+0.32%  Δobj=+0.000%  build=3.86s solve=0.45s
2026-07-02 16:19:33.663 | INFO     | pycaalp.time_balancing.model:run_mip:430 - Running MIP solver ...
sub_stop=0.06482088573642486
  k=    8  edges=  87 ( 0.06%)  Δe=  11  obj=1.0352  gap=+0.32%  Δobj=-0.000%  build=4.11s solve=0.41s
2026-07-02 16:19:40.353 | INFO     | pycaalp.time_balancing.model:run_mip:430 - Running MIP solver ...
sub_stop=0.07376169756213864
  k=   12  edges=  99 ( 0.07%)  Δe=  12  obj=1.0352  gap=+0.32%  Δobj=+0.000%  build=6.28s solve=0.52s
2026-07-02 16:19:48.309 | INFO     | pycaalp.time_balancing.model:run_mip:430 - Running MIP solver ...
sub_stop=0.08121237408356678
  k=   16  edges= 109 ( 0.08%)  Δe=  10  obj=1.0352  gap=+0.32%  Δobj=+0.000%  build=7.43s solve=0.60s
2026-07-02 16:19:59.978 | INFO     | pycaalp.time_balancing.model:run_mip:430 - Running MIP solver ...
sub_stop=0.09909399773499433
  k=   24  edges= 133 (  0.1%)  Δe=  24  obj=1.0352  gap=+0.32%  Δobj=-0.000%  build=11.07s solve=0.48s
2026-07-02 16:20:14.507 | INFO     | pycaalp.time_balancing.model:run_mip:430 - Running MIP solver ...
sub_stop=0.11474041842999344
  k=   32  edges= 154 ( 0.11%)  Δe=  21  obj=1.0324  gap=+0.05%  Δobj=+0.276%  build=14.05s solve=0.36s
2026-07-02 16:20:35.303 | INFO     | pycaalp.time_balancing.model:run_mip:430 - Running MIP solver ...
sub_stop=0.12144602729927878
  k=   48  edges= 163 ( 0.12%)  Δe=   9  obj=1.0324  gap=+0.05%  Δobj=+0.000%  build=20.44s solve=0.24s
2026-07-02 16:21:04.320 | INFO     | pycaalp.time_balancing.model:run_mip:430 - Running MIP solver ...
sub_stop=0.12964177147284972
  k=   64  edges= 174 ( 0.13%)  Δe=  11  obj=1.0324  gap=+0.05%  Δobj=+0.000%  build=28.77s solve=0.36s
2026-07-02 16:21:41.357 | INFO     | pycaalp.time_balancing.model:run_mip:430 - Running MIP solver ...
sub_stop=0.14677832747213446
  k=   96  edges= 197 ( 0.15%)  Δe=  23  obj=1.0324  gap=+0.05%  Δobj=+0.000%  build=36.67s solve=0.36s
2026-07-02 16:22:31.528 | INFO     | pycaalp.time_balancing.model:run_mip:430 - Running MIP solver ...
sub_stop=0.16615008642784765
  k=  128  edges= 223 ( 0.17%)  Δe=  26  obj=1.0324  gap=+0.05%  Δobj=+0.000%  build=49.81s solve=0.54s
2026-07-02 16:23:42.471 | INFO     | pycaalp.time_balancing.model:run_mip:430 - Running MIP solver ...
sub_stop=0.18775704833998927
  k=  192  edges= 252 ( 0.19%)  Δe=  29  obj=1.0324  gap=+0.05%  Δobj=+0.000%  build=70.40s solve=0.58s
2026-07-02 16:25:17.137 | INFO     | pycaalp.time_balancing.model:run_mip:430 - Running MIP solver ...
sub_stop=0.2004231984264171
  k=  256  edges= 269 (  0.2%)  Δe=  17  obj=1.0324  gap=+0.05%  Δobj=+0.000%  build=94.09s solve=0.46s
2026-07-02 16:27:42.227 | INFO     | pycaalp.time_balancing.model:run_mip:430 - Running MIP solver ...
sub_stop=0.2086189425999881
  k=  384  edges= 280 ( 0.21%)  Δe=  11  obj=1.0324  gap=+0.05%  Δobj=+0.000%  build=144.63s solve=0.83s
2026-07-02 16:31:11.796 | INFO     | pycaalp.time_balancing.model:run_mip:430 - Running MIP solver ...
sub_stop=0.22277522799070154
  k=  512  edges= 299 ( 0.22%)  Δe=  19  obj=1.0324  gap=+0.05%  Δobj=+0.000%  build=208.74s solve=0.93s
2026-07-02 16:36:06.740 | INFO     | pycaalp.time_balancing.model:run_mip:430 - Running MIP solver ...
sub_stop=0.2741848959885558
  k=  768  edges= 368 ( 0.27%)  Δe=  69  obj=1.0324  gap=+0.05%  Δobj=+0.000%  build=294.01s solve=1.18s
2026-07-02 16:42:43.988 | INFO     | pycaalp.time_balancing.model:run_mip:430 - Running MIP solver ...
sub_stop=0.2898313166835549
  k= 1024  edges= 389 ( 0.29%)  Δe=  21  obj=1.0324  gap=+0.05%  Δobj=+0.000%  build=396.07s solve=1.45s
2026-07-02 16:52:31.332 | INFO     | pycaalp.time_balancing.model:run_mip:430 - Running MIP solver ...
sub_stop=0.2995171961614115
  k= 1536  edges= 402 (  0.3%)  Δe=  13  obj=1.0324  gap=+0.05%  Δobj=+0.000%  build=585.89s solve=1.25s
2026-07-02 17:04:51.181 | INFO     | pycaalp.time_balancing.model:run_mip:430 - Running MIP solver ...
sub_stop=0.3203790904214103
  k= 2048  edges= 430 ( 0.32%)  Δe=  28  obj=1.0324  gap=+0.05%  Δobj=+0.000%  build=738.60s solve=1.85s
2026-07-02 17:29:08.490 | INFO     | pycaalp.time_balancing.model:run_mip:430 - Running MIP solver ...
sub_stop=0.3889253144185492
  k= 4096  edges= 522 ( 0.39%)  Δe=  92  obj=1.0319  gap=+0.00%  Δobj=+0.045%  build=1455.46s solve=2.16s

[adaptive] k-sweep (stop: edge_saturation, stop at 10.0% of the full directed graph):
2026-07-02 17:29:11.929 | INFO     | pycaalp.time_balancing.model:run_mip:430 - Running MIP solver ...
sub_stop=0.030547773737855395
  k=    1  edges=  41 ( 0.03%)  Δe=  41  obj=1.0352  gap=+0.32%  Δobj=   —     build=1.28s solve=0.14s
2026-07-02 17:29:13.682 | INFO     | pycaalp.time_balancing.model:run_mip:430 - Running MIP solver ...
sub_stop=0.04544912678071169
  k=    2  edges=  61 ( 0.05%)  Δe=  20  obj=1.0352  gap=+0.32%  Δobj=+0.000%  build=1.61s solve=0.21s
2026-07-02 17:29:15.896 | INFO     | pycaalp.time_balancing.model:run_mip:430 - Running MIP solver ...
sub_stop=0.048429397389282945
  k=    3  edges=  65 ( 0.05%)  Δe=   4  obj=1.0352  gap=+0.32%  Δobj=+0.000%  build=2.00s solve=0.22s
2026-07-02 17:29:18.449 | INFO     | pycaalp.time_balancing.model:run_mip:430 - Running MIP solver ...
sub_stop=0.05066460034571139
  k=    4  edges=  68 ( 0.05%)  Δe=   3  obj=1.0352  gap=+0.32%  Δobj=+0.000%  build=2.33s solve=0.26s
2026-07-02 17:29:21.813 | INFO     | pycaalp.time_balancing.model:run_mip:430 - Running MIP solver ...
sub_stop=0.05662514156285391
  k=    6  edges=  76 ( 0.06%)  Δe=   8  obj=1.0352  gap=+0.32%  Δobj=+0.000%  build=3.10s solve=0.45s
2026-07-02 17:29:26.042 | INFO     | pycaalp.time_balancing.model:run_mip:430 - Running MIP solver ...
sub_stop=0.06482088573642486
  k=    8  edges=  87 ( 0.06%)  Δe=  11  obj=1.0352  gap=+0.32%  Δobj=-0.000%  build=3.78s solve=0.41s
2026-07-02 17:29:31.791 | INFO     | pycaalp.time_balancing.model:run_mip:430 - Running MIP solver ...
sub_stop=0.07376169756213864
  k=   12  edges=  99 ( 0.07%)  Δe=  12  obj=1.0352  gap=+0.32%  Δobj=+0.000%  build=5.33s solve=0.51s
2026-07-02 17:29:39.627 | INFO     | pycaalp.time_balancing.model:run_mip:430 - Running MIP solver ...
sub_stop=0.08121237408356678
  k=   16  edges= 109 ( 0.08%)  Δe=  10  obj=1.0352  gap=+0.32%  Δobj=+0.000%  build=7.32s solve=0.57s
2026-07-02 17:29:52.144 | INFO     | pycaalp.time_balancing.model:run_mip:430 - Running MIP solver ...
sub_stop=0.09909399773499433
  k=   24  edges= 133 (  0.1%)  Δe=  24  obj=1.0352  gap=+0.32%  Δobj=-0.000%  build=11.94s solve=0.48s
2026-07-02 17:30:06.751 | INFO     | pycaalp.time_balancing.model:run_mip:430 - Running MIP solver ...
sub_stop=0.11474041842999344
  k=   32  edges= 154 ( 0.11%)  Δe=  21  obj=1.0324  gap=+0.05%  Δobj=+0.276%  build=14.13s solve=0.36s
2026-07-02 17:30:24.234 | INFO     | pycaalp.time_balancing.model:run_mip:430 - Running MIP solver ...
sub_stop=0.1482684627764201
  k=   48  edges= 199 ( 0.15%)  Δe=  45  obj=1.0324  gap=+0.05%  Δobj=+0.000%  build=17.12s solve=0.54s
2026-07-02 17:30:42.177 | INFO     | pycaalp.time_balancing.model:run_mip:430 - Running MIP solver ...
sub_stop=0.30398760207426834
  k=   64  edges= 408 (  0.3%)  Δe= 209  obj=1.0324  gap=+0.05%  Δobj=+0.000%  build=17.40s solve=0.93s
2026-07-02 17:31:02.581 | INFO     | pycaalp.time_balancing.model:run_mip:430 - Running MIP solver ...
sub_stop=0.5871133098885378
  k=   96  edges= 788 ( 0.59%)  Δe= 380  obj=1.0323  gap=+0.04%  Δobj=+0.002%  build=19.47s solve=1.93s
2026-07-02 17:31:24.296 | INFO     | pycaalp.time_balancing.model:run_mip:430 - Running MIP solver ...
sub_stop=0.8642784764856649
  k=  128  edges=1160 ( 0.86%)  Δe= 372  obj=1.0319  gap=+0.00%  Δobj=+0.043%  build=19.78s solve=2.81s
2026-07-02 17:31:49.177 | INFO     | pycaalp.time_balancing.model:run_mip:430 - Running MIP solver ...
sub_stop=1.3932765095070632
  k=  192  edges=1870 ( 1.39%)  Δe= 710  obj=1.0319  gap=+0.00%  Δobj=+0.000%  build=22.07s solve=6.52s
2026-07-02 17:32:21.377 | INFO     | pycaalp.time_balancing.model:run_mip:430 - Running MIP solver ...
sub_stop=1.8753352804434642
  k=  256  edges=2517 ( 1.88%)  Δe= 647  obj=1.0319  gap=+0.00%  Δobj=+0.000%  build=25.68s solve=16.28s
2026-07-02 17:33:08.956 | INFO     | pycaalp.time_balancing.model:run_mip:430 - Running MIP solver ...
sub_stop=2.7798474101448414
  k=  384  edges=3731 ( 2.78%)  Δe=1214  obj=1.0319  gap=+0.00%  Δobj=-0.000%  build=31.30s solve=18.75s
2026-07-02 17:34:07.836 | INFO     | pycaalp.time_balancing.model:run_mip:430 - Running MIP solver ...
sub_stop=3.635185074804792
  k=  512  edges=4879 ( 3.64%)  Δe=1148  obj=1.0319  gap=+0.00%  Δobj=+0.000%  build=40.13s solve=47.26s
2026-07-02 17:35:46.895 | INFO     | pycaalp.time_balancing.model:run_mip:430 - Running MIP solver ...
sub_stop=5.178965250044705
  k=  768  edges=6951 ( 5.18%)  Δe=2072  obj=1.0319  gap=+0.00%  Δobj=+0.000%  build=51.80s solve=63.59s
2026-07-02 17:37:58.186 | INFO     | pycaalp.time_balancing.model:run_mip:430 - Running MIP solver ...
sub_stop=6.53051797103177
  k= 1024  edges=8765 ( 6.53%)  Δe=1814  obj=1.0319  gap=+0.00%  Δobj=+0.000%  build=67.70s solve=108.82s
2026-07-02 17:41:20.894 | INFO     | pycaalp.time_balancing.model:run_mip:430 - Running MIP solver ...
sub_stop=9.02947487631877
  k= 1536  edges=12119 ( 9.03%)  Δe=3354  obj=1.0319  gap=+0.00%  Δobj=+0.000%  build=93.88s solve=356.67s
2026-07-02 17:49:20.860 | INFO     | pycaalp.time_balancing.model:run_mip:430 - Running MIP solver ...
sub_stop=11.09182213745008
  k= 2048  edges=14887 (11.09%)  Δe=2768  obj=1.0319  gap=+0.00%  Δobj=+0.000%  build=123.30s solve=685.67s
  → stop: stop_perc_graph (after 2 consecutive steps)

Results saved to experiments/bl_union_convergence/assembly_2_np_3_methods/bl_union_convergence_lambda_0.4.csv
Plot with:  python -m experiments.bl_union_convergence.plot_convergence experiments/bl_union_convergence/assembly_2_np_3_methods/bl_union_convergence_lambda_0.4.csv

----------------- λ = 0.5 -----------------
========================================================================
bl-union convergence — assembly_2  P=3  λ=0.5
========================================================================

Building assembly digraph …
2026-07-02 13:44:33.267 | INFO     | pycaalp.gapp.assembly_digraph:compute_assembly_digraph_complete:395 - Computing assembly digraph...
  22160 nodes, 134216 edges  (196.5s)

[ref] Full MIP  P=3  λ=0.5 …
2026-07-02 13:47:49.762 | INFO     | pycaalp.time_balancing.model:run_mip:430 - Running MIP solver ...
  obj=1.0335  alpha=922.0s  time=6005.96s

[bl_union] k-sweep (stop: edge_saturation, stop at 10.0% of the full directed graph):
2026-07-02 15:27:57.024 | INFO     | pycaalp.time_balancing.model:run_mip:430 - Running MIP solver ...
sub_stop=0.030547773737855395
  k=    1  edges=  41 ( 0.03%)  Δe=  41  obj=1.0395  gap=+0.58%  Δobj=   —     build=1.30s solve=0.19s
2026-07-02 15:27:59.100 | INFO     | pycaalp.time_balancing.model:run_mip:430 - Running MIP solver ...
sub_stop=0.04544912678071169
  k=    2  edges=  61 ( 0.05%)  Δe=  20  obj=1.0395  gap=+0.58%  Δobj=+0.000%  build=1.89s solve=0.20s
2026-07-02 15:28:01.843 | INFO     | pycaalp.time_balancing.model:run_mip:430 - Running MIP solver ...
sub_stop=0.048429397389282945
  k=    3  edges=  65 ( 0.05%)  Δe=   4  obj=1.0395  gap=+0.58%  Δobj=+0.000%  build=2.54s solve=0.18s
2026-07-02 15:28:05.168 | INFO     | pycaalp.time_balancing.model:run_mip:430 - Running MIP solver ...
sub_stop=0.05066460034571139
  k=    4  edges=  68 ( 0.05%)  Δe=   3  obj=1.0395  gap=+0.58%  Δobj=+0.000%  build=3.15s solve=0.31s
2026-07-02 15:28:09.721 | INFO     | pycaalp.time_balancing.model:run_mip:430 - Running MIP solver ...
sub_stop=0.05662514156285391
  k=    6  edges=  76 ( 0.06%)  Δe=   8  obj=1.0395  gap=+0.58%  Δobj=-0.000%  build=4.24s solve=0.40s
2026-07-02 15:28:16.377 | INFO     | pycaalp.time_balancing.model:run_mip:430 - Running MIP solver ...
sub_stop=0.06482088573642486
  k=    8  edges=  87 ( 0.06%)  Δe=  11  obj=1.0395  gap=+0.58%  Δobj=+0.000%  build=6.25s solve=0.57s
2026-07-02 15:28:25.147 | INFO     | pycaalp.time_balancing.model:run_mip:430 - Running MIP solver ...
sub_stop=0.07376169756213864
  k=   12  edges=  99 ( 0.07%)  Δe=  12  obj=1.0395  gap=+0.58%  Δobj=-0.000%  build=8.20s solve=0.44s
2026-07-02 15:28:35.223 | INFO     | pycaalp.time_balancing.model:run_mip:430 - Running MIP solver ...
sub_stop=0.08121237408356678
  k=   16  edges= 109 ( 0.08%)  Δe=  10  obj=1.0395  gap=+0.58%  Δobj=+0.000%  build=9.63s solve=0.78s
2026-07-02 15:28:48.726 | INFO     | pycaalp.time_balancing.model:run_mip:430 - Running MIP solver ...
sub_stop=0.09909399773499433
  k=   24  edges= 133 (  0.1%)  Δe=  24  obj=1.0395  gap=+0.58%  Δobj=+0.000%  build=12.72s solve=0.37s
2026-07-02 15:29:04.955 | INFO     | pycaalp.time_balancing.model:run_mip:430 - Running MIP solver ...
sub_stop=0.11474041842999344
  k=   32  edges= 154 ( 0.11%)  Δe=  21  obj=1.0371  gap=+0.35%  Δobj=+0.229%  build=15.86s solve=0.42s
2026-07-02 15:29:29.624 | INFO     | pycaalp.time_balancing.model:run_mip:430 - Running MIP solver ...
sub_stop=0.12144602729927878
  k=   48  edges= 163 ( 0.12%)  Δe=   9  obj=1.0371  gap=+0.35%  Δobj=+0.000%  build=24.24s solve=0.37s
2026-07-02 15:30:00.464 | INFO     | pycaalp.time_balancing.model:run_mip:430 - Running MIP solver ...
sub_stop=0.12964177147284972
  k=   64  edges= 174 ( 0.13%)  Δe=  11  obj=1.0371  gap=+0.35%  Δobj=+0.000%  build=30.47s solve=0.45s
2026-07-02 15:30:49.656 | INFO     | pycaalp.time_balancing.model:run_mip:430 - Running MIP solver ...
sub_stop=0.14677832747213446
  k=   96  edges= 197 ( 0.15%)  Δe=  23  obj=1.0371  gap=+0.35%  Δobj=+0.000%  build=48.74s solve=0.56s
2026-07-02 15:31:54.565 | INFO     | pycaalp.time_balancing.model:run_mip:430 - Running MIP solver ...
sub_stop=0.16615008642784765
  k=  128  edges= 223 ( 0.17%)  Δe=  26  obj=1.0371  gap=+0.35%  Δobj=+0.000%  build=64.35s solve=1.21s
2026-07-02 15:33:24.601 | INFO     | pycaalp.time_balancing.model:run_mip:430 - Running MIP solver ...
sub_stop=0.18775704833998927
  k=  192  edges= 252 ( 0.19%)  Δe=  29  obj=1.0371  gap=+0.35%  Δobj=+0.000%  build=88.82s solve=0.51s
2026-07-02 15:35:23.873 | INFO     | pycaalp.time_balancing.model:run_mip:430 - Running MIP solver ...
sub_stop=0.2004231984264171
  k=  256  edges= 269 (  0.2%)  Δe=  17  obj=1.0371  gap=+0.35%  Δobj=+0.000%  build=118.76s solve=0.87s
2026-07-02 15:38:30.467 | INFO     | pycaalp.time_balancing.model:run_mip:430 - Running MIP solver ...
sub_stop=0.2086189425999881
  k=  384  edges= 280 ( 0.21%)  Δe=  11  obj=1.0371  gap=+0.35%  Δobj=+0.000%  build=185.73s solve=0.84s
2026-07-02 15:42:44.867 | INFO     | pycaalp.time_balancing.model:run_mip:430 - Running MIP solver ...
sub_stop=0.22277522799070154
  k=  512  edges= 299 ( 0.22%)  Δe=  19  obj=1.0371  gap=+0.35%  Δobj=+0.000%  build=253.56s solve=0.74s
2026-07-02 15:48:43.245 | INFO     | pycaalp.time_balancing.model:run_mip:430 - Running MIP solver ...
sub_stop=0.2741848959885558
  k=  768  edges= 368 ( 0.27%)  Δe=  69  obj=1.0371  gap=+0.35%  Δobj=+0.000%  build=357.64s solve=0.93s
2026-07-02 15:56:02.987 | INFO     | pycaalp.time_balancing.model:run_mip:430 - Running MIP solver ...
sub_stop=0.2898313166835549
  k= 1024  edges= 389 ( 0.29%)  Δe=  21  obj=1.0371  gap=+0.35%  Δobj=+0.000%  build=438.82s solve=0.95s
2026-07-02 16:07:37.031 | INFO     | pycaalp.time_balancing.model:run_mip:430 - Running MIP solver ...
sub_stop=0.2995171961614115
  k= 1536  edges= 402 (  0.3%)  Δe=  13  obj=1.0371  gap=+0.35%  Δobj=+0.000%  build=693.09s solve=0.86s
2026-07-02 16:22:46.402 | INFO     | pycaalp.time_balancing.model:run_mip:430 - Running MIP solver ...
sub_stop=0.3203790904214103
  k= 2048  edges= 430 ( 0.32%)  Δe=  28  obj=1.0371  gap=+0.35%  Δobj=+0.000%  build=908.51s solve=1.09s
2026-07-02 16:50:22.865 | INFO     | pycaalp.time_balancing.model:run_mip:430 - Running MIP solver ...
sub_stop=0.3889253144185492
  k= 4096  edges= 522 ( 0.39%)  Δe=  92  obj=1.0335  gap=+0.00%  Δobj=+0.346%  build=1655.38s solve=1.67s

[adaptive] k-sweep (stop: edge_saturation, stop at 10.0% of the full directed graph):
2026-07-02 16:50:25.791 | INFO     | pycaalp.time_balancing.model:run_mip:430 - Running MIP solver ...
sub_stop=0.030547773737855395
  k=    1  edges=  41 ( 0.03%)  Δe=  41  obj=1.0395  gap=+0.58%  Δobj=   —     build=1.26s solve=0.17s
2026-07-02 16:50:27.635 | INFO     | pycaalp.time_balancing.model:run_mip:430 - Running MIP solver ...
sub_stop=0.04544912678071169
  k=    2  edges=  61 ( 0.05%)  Δe=  20  obj=1.0395  gap=+0.58%  Δobj=+0.000%  build=1.67s solve=0.19s
2026-07-02 16:50:29.861 | INFO     | pycaalp.time_balancing.model:run_mip:430 - Running MIP solver ...
sub_stop=0.048429397389282945
  k=    3  edges=  65 ( 0.05%)  Δe=   4  obj=1.0395  gap=+0.58%  Δobj=+0.000%  build=2.04s solve=0.16s
2026-07-02 16:50:32.432 | INFO     | pycaalp.time_balancing.model:run_mip:430 - Running MIP solver ...
sub_stop=0.05066460034571139
  k=    4  edges=  68 ( 0.05%)  Δe=   3  obj=1.0395  gap=+0.58%  Δobj=+0.000%  build=2.41s solve=0.30s
2026-07-02 16:50:36.132 | INFO     | pycaalp.time_balancing.model:run_mip:430 - Running MIP solver ...
sub_stop=0.05662514156285391
  k=    6  edges=  76 ( 0.06%)  Δe=   8  obj=1.0395  gap=+0.58%  Δobj=-0.000%  build=3.40s solve=0.37s
2026-07-02 16:50:40.381 | INFO     | pycaalp.time_balancing.model:run_mip:430 - Running MIP solver ...
sub_stop=0.06482088573642486
  k=    8  edges=  87 ( 0.06%)  Δe=  11  obj=1.0395  gap=+0.58%  Δobj=+0.000%  build=3.88s solve=0.52s
2026-07-02 16:50:46.625 | INFO     | pycaalp.time_balancing.model:run_mip:430 - Running MIP solver ...
sub_stop=0.07376169756213864
  k=   12  edges=  99 ( 0.07%)  Δe=  12  obj=1.0395  gap=+0.58%  Δobj=-0.000%  build=5.72s solve=0.40s
2026-07-02 16:50:54.236 | INFO     | pycaalp.time_balancing.model:run_mip:430 - Running MIP solver ...
sub_stop=0.08121237408356678
  k=   16  edges= 109 ( 0.08%)  Δe=  10  obj=1.0395  gap=+0.58%  Δobj=+0.000%  build=7.21s solve=0.74s
2026-07-02 16:51:04.518 | INFO     | pycaalp.time_balancing.model:run_mip:430 - Running MIP solver ...
sub_stop=0.09909399773499433
  k=   24  edges= 133 (  0.1%)  Δe=  24  obj=1.0395  gap=+0.58%  Δobj=+0.000%  build=9.55s solve=0.34s
2026-07-02 16:51:17.003 | INFO     | pycaalp.time_balancing.model:run_mip:430 - Running MIP solver ...
sub_stop=0.11474041842999344
  k=   32  edges= 154 ( 0.11%)  Δe=  21  obj=1.0371  gap=+0.35%  Δobj=+0.229%  build=12.14s solve=0.39s
2026-07-02 16:51:38.367 | INFO     | pycaalp.time_balancing.model:run_mip:430 - Running MIP solver ...
sub_stop=0.1482684627764201
  k=   48  edges= 199 ( 0.15%)  Δe=  45  obj=1.0371  gap=+0.35%  Δobj=+0.000%  build=20.97s solve=0.47s
2026-07-02 16:51:58.176 | INFO     | pycaalp.time_balancing.model:run_mip:430 - Running MIP solver ...
sub_stop=0.30473266972641117
  k=   64  edges= 409 (  0.3%)  Δe= 210  obj=1.0371  gap=+0.35%  Δobj=+0.000%  build=19.34s solve=1.29s
2026-07-02 16:52:19.503 | INFO     | pycaalp.time_balancing.model:run_mip:430 - Running MIP solver ...
sub_stop=0.5886034451928235
  k=   96  edges= 790 ( 0.59%)  Δe= 381  obj=1.0337  gap=+0.02%  Δobj=+0.328%  build=20.04s solve=2.34s
2026-07-02 16:52:42.944 | INFO     | pycaalp.time_balancing.model:run_mip:430 - Running MIP solver ...
sub_stop=0.8642784764856649
  k=  128  edges=1160 ( 0.86%)  Δe= 370  obj=1.0337  gap=+0.02%  Δobj=+0.000%  build=21.10s solve=5.34s
2026-07-02 16:53:18.045 | INFO     | pycaalp.time_balancing.model:run_mip:430 - Running MIP solver ...
sub_stop=1.3955117124634917
  k=  192  edges=1873 (  1.4%)  Δe= 713  obj=1.0335  gap=-0.00%  Δobj=+0.018%  build=29.76s solve=9.94s
2026-07-02 16:53:58.643 | INFO     | pycaalp.time_balancing.model:run_mip:430 - Running MIP solver ...
sub_stop=1.879805686356321
  k=  256  edges=2523 ( 1.88%)  Δe= 650  obj=1.0335  gap=+0.00%  Δobj=-0.000%  build=30.66s solve=29.74s
2026-07-02 16:55:03.687 | INFO     | pycaalp.time_balancing.model:run_mip:430 - Running MIP solver ...
sub_stop=2.784317816057698
  k=  384  edges=3737 ( 2.78%)  Δe=1214  obj=1.0335  gap=+0.00%  Δobj=+0.000%  build=35.30s solve=97.85s
2026-07-02 16:57:23.886 | INFO     | pycaalp.time_balancing.model:run_mip:430 - Running MIP solver ...
sub_stop=3.635185074804792
  k=  512  edges=4879 ( 3.64%)  Δe=1142  obj=1.0335  gap=+0.00%  Δobj=+0.000%  build=42.35s solve=117.64s
2026-07-02 17:00:19.425 | INFO     | pycaalp.time_balancing.model:run_mip:430 - Running MIP solver ...
sub_stop=5.173004708827562
  k=  768  edges=6943 ( 5.17%)  Δe=2064  obj=1.0335  gap=+0.00%  Δobj=+0.000%  build=57.90s solve=134.10s
2026-07-02 17:03:44.423 | INFO     | pycaalp.time_balancing.model:run_mip:430 - Running MIP solver ...
sub_stop=6.5200870239017705
  k= 1024  edges=8751 ( 6.52%)  Δe=1808  obj=1.0335  gap=+0.00%  Δobj=+0.000%  build=70.89s solve=391.82s
2026-07-02 17:11:57.393 | INFO     | pycaalp.time_balancing.model:run_mip:430 - Running MIP solver ...
sub_stop=9.026494605710198
  k= 1536  edges=12115 ( 9.03%)  Δe=3364  obj=1.0335  gap=+0.00%  Δobj=+0.000%  build=101.15s solve=470.43s
2026-07-02 17:22:02.672 | INFO     | pycaalp.time_balancing.model:run_mip:430 - Running MIP solver ...
sub_stop=11.099272813971508
  k= 2048  edges=14897 ( 11.1%)  Δe=2782  obj=1.0335  gap=+0.00%  Δobj=+0.000%  build=134.85s solve=549.28s
  → stop: stop_perc_graph (after 2 consecutive steps)

Results saved to experiments/bl_union_convergence/assembly_2_np_3_methods/bl_union_convergence_lambda_0.5.csv
Plot with:  python -m experiments.bl_union_convergence.plot_convergence experiments/bl_union_convergence/assembly_2_np_3_methods/bl_union_convergence_lambda_0.5.csv

----------------- λ = 0.6 -----------------
========================================================================
bl-union convergence — assembly_2  P=3  λ=0.6
========================================================================

Building assembly digraph …
2026-07-02 13:44:33.334 | INFO     | pycaalp.gapp.assembly_digraph:compute_assembly_digraph_complete:395 - Computing assembly digraph...
  22160 nodes, 134216 edges  (199.8s)

[ref] Full MIP  P=3  λ=0.6 …
2026-07-02 13:47:53.132 | INFO     | pycaalp.time_balancing.model:run_mip:430 - Running MIP solver ...
  obj=1.0345  alpha=918.0s  time=10837.43s

[bl_union] k-sweep (stop: edge_saturation, stop at 10.0% of the full directed graph):
2026-07-02 16:48:31.661 | INFO     | pycaalp.time_balancing.model:run_mip:430 - Running MIP solver ...
sub_stop=0.030547773737855395
  k=    1  edges=  41 ( 0.03%)  Δe=  41  obj=1.0438  gap=+0.90%  Δobj=   —     build=1.10s solve=0.14s
2026-07-02 16:48:33.363 | INFO     | pycaalp.time_balancing.model:run_mip:430 - Running MIP solver ...
sub_stop=0.04544912678071169
  k=    2  edges=  61 ( 0.05%)  Δe=  20  obj=1.0438  gap=+0.90%  Δobj=-0.000%  build=1.56s solve=0.16s
2026-07-02 16:48:35.528 | INFO     | pycaalp.time_balancing.model:run_mip:430 - Running MIP solver ...
sub_stop=0.048429397389282945
  k=    3  edges=  65 ( 0.05%)  Δe=   4  obj=1.0438  gap=+0.90%  Δobj=+0.000%  build=2.00s solve=0.50s
2026-07-02 16:48:38.396 | INFO     | pycaalp.time_balancing.model:run_mip:430 - Running MIP solver ...
sub_stop=0.05066460034571139
  k=    4  edges=  68 ( 0.05%)  Δe=   3  obj=1.0438  gap=+0.90%  Δobj=-0.000%  build=2.37s solve=0.29s
2026-07-02 16:48:42.347 | INFO     | pycaalp.time_balancing.model:run_mip:430 - Running MIP solver ...
sub_stop=0.05662514156285391
  k=    6  edges=  76 ( 0.06%)  Δe=   8  obj=1.0438  gap=+0.90%  Δobj=+0.000%  build=3.66s solve=0.27s
2026-07-02 16:48:47.317 | INFO     | pycaalp.time_balancing.model:run_mip:430 - Running MIP solver ...
sub_stop=0.06482088573642486
  k=    8  edges=  87 ( 0.06%)  Δe=  11  obj=1.0438  gap=+0.90%  Δobj=+0.000%  build=4.70s solve=0.16s
2026-07-02 16:48:54.081 | INFO     | pycaalp.time_balancing.model:run_mip:430 - Running MIP solver ...
sub_stop=0.07376169756213864
  k=   12  edges=  99 ( 0.07%)  Δe=  12  obj=1.0438  gap=+0.90%  Δobj=+0.000%  build=6.60s solve=0.22s
2026-07-02 16:49:03.211 | INFO     | pycaalp.time_balancing.model:run_mip:430 - Running MIP solver ...
sub_stop=0.08121237408356678
  k=   16  edges= 109 ( 0.08%)  Δe=  10  obj=1.0438  gap=+0.90%  Δobj=-0.000%  build=8.91s solve=0.18s
2026-07-02 16:49:15.474 | INFO     | pycaalp.time_balancing.model:run_mip:430 - Running MIP solver ...
sub_stop=0.09909399773499433
  k=   24  edges= 133 (  0.1%)  Δe=  24  obj=1.0438  gap=+0.90%  Δobj=+0.000%  build=12.08s solve=0.43s
2026-07-02 16:49:30.352 | INFO     | pycaalp.time_balancing.model:run_mip:430 - Running MIP solver ...
sub_stop=0.11474041842999344
  k=   32  edges= 154 ( 0.11%)  Δe=  21  obj=1.0419  gap=+0.71%  Δobj=+0.183%  build=14.45s solve=0.49s
2026-07-02 16:49:48.801 | INFO     | pycaalp.time_balancing.model:run_mip:430 - Running MIP solver ...
sub_stop=0.12144602729927878
  k=   48  edges= 163 ( 0.12%)  Δe=   9  obj=1.0419  gap=+0.71%  Δobj=+0.000%  build=17.96s solve=0.23s
2026-07-02 16:50:14.189 | INFO     | pycaalp.time_balancing.model:run_mip:430 - Running MIP solver ...
sub_stop=0.12964177147284972
  k=   64  edges= 174 ( 0.13%)  Δe=  11  obj=1.0419  gap=+0.71%  Δobj=+0.000%  build=25.16s solve=0.29s
2026-07-02 16:50:50.237 | INFO     | pycaalp.time_balancing.model:run_mip:430 - Running MIP solver ...
sub_stop=0.14677832747213446
  k=   96  edges= 197 ( 0.15%)  Δe=  23  obj=1.0419  gap=+0.71%  Δobj=+0.000%  build=35.75s solve=0.29s
2026-07-02 16:51:39.582 | INFO     | pycaalp.time_balancing.model:run_mip:430 - Running MIP solver ...
sub_stop=0.16615008642784765
  k=  128  edges= 223 ( 0.17%)  Δe=  26  obj=1.0419  gap=+0.71%  Δobj=+0.000%  build=49.05s solve=0.39s
2026-07-02 16:52:48.518 | INFO     | pycaalp.time_balancing.model:run_mip:430 - Running MIP solver ...
sub_stop=0.18775704833998927
  k=  192  edges= 252 ( 0.19%)  Δe=  29  obj=1.0419  gap=+0.71%  Δobj=+0.000%  build=68.55s solve=0.75s
2026-07-02 16:54:26.413 | INFO     | pycaalp.time_balancing.model:run_mip:430 - Running MIP solver ...
sub_stop=0.2004231984264171
  k=  256  edges= 269 (  0.2%)  Δe=  17  obj=1.0419  gap=+0.71%  Δobj=+0.000%  build=97.15s solve=0.73s
2026-07-02 16:56:45.341 | INFO     | pycaalp.time_balancing.model:run_mip:430 - Running MIP solver ...
sub_stop=0.2086189425999881
  k=  384  edges= 280 ( 0.21%)  Δe=  11  obj=1.0419  gap=+0.71%  Δobj=+0.000%  build=138.19s solve=0.98s
2026-07-02 16:59:49.380 | INFO     | pycaalp.time_balancing.model:run_mip:430 - Running MIP solver ...
sub_stop=0.22277522799070154
  k=  512  edges= 299 ( 0.22%)  Δe=  19  obj=1.0419  gap=+0.71%  Δobj=+0.000%  build=183.06s solve=0.39s
2026-07-02 17:04:13.203 | INFO     | pycaalp.time_balancing.model:run_mip:430 - Running MIP solver ...
sub_stop=0.2741848959885558
  k=  768  edges= 368 ( 0.27%)  Δe=  69  obj=1.0419  gap=+0.71%  Δobj=+0.000%  build=263.43s solve=0.87s
2026-07-02 17:10:03.184 | INFO     | pycaalp.time_balancing.model:run_mip:430 - Running MIP solver ...
sub_stop=0.2898313166835549
  k= 1024  edges= 389 ( 0.29%)  Δe=  21  obj=1.0419  gap=+0.71%  Δobj=+0.000%  build=349.11s solve=0.98s
2026-07-02 17:18:56.651 | INFO     | pycaalp.time_balancing.model:run_mip:430 - Running MIP solver ...
sub_stop=0.2995171961614115
  k= 1536  edges= 402 (  0.3%)  Δe=  13  obj=1.0419  gap=+0.71%  Δobj=+0.000%  build=532.48s solve=0.81s
2026-07-02 17:31:01.843 | INFO     | pycaalp.time_balancing.model:run_mip:430 - Running MIP solver ...
sub_stop=0.3203790904214103
  k= 2048  edges= 430 ( 0.32%)  Δe=  28  obj=1.0419  gap=+0.71%  Δobj=+0.000%  build=724.38s solve=0.79s
2026-07-02 17:53:14.397 | INFO     | pycaalp.time_balancing.model:run_mip:430 - Running MIP solver ...
sub_stop=0.3889253144185492
  k= 4096  edges= 522 ( 0.39%)  Δe=  92  obj=1.0351  gap=+0.06%  Δobj=+0.644%  build=1331.76s solve=1.62s

[adaptive] k-sweep (stop: edge_saturation, stop at 10.0% of the full directed graph):
2026-07-02 17:53:17.163 | INFO     | pycaalp.time_balancing.model:run_mip:430 - Running MIP solver ...
sub_stop=0.030547773737855395
  k=    1  edges=  41 ( 0.03%)  Δe=  41  obj=1.0438  gap=+0.90%  Δobj=   —     build=1.15s solve=0.13s
2026-07-02 17:53:18.777 | INFO     | pycaalp.time_balancing.model:run_mip:430 - Running MIP solver ...
sub_stop=0.04544912678071169
  k=    2  edges=  61 ( 0.05%)  Δe=  20  obj=1.0438  gap=+0.90%  Δobj=-0.000%  build=1.48s solve=0.16s
2026-07-02 17:53:20.839 | INFO     | pycaalp.time_balancing.model:run_mip:430 - Running MIP solver ...
sub_stop=0.048429397389282945
  k=    3  edges=  65 ( 0.05%)  Δe=   4  obj=1.0438  gap=+0.90%  Δobj=+0.000%  build=1.90s solve=0.49s
2026-07-02 17:53:23.389 | INFO     | pycaalp.time_balancing.model:run_mip:430 - Running MIP solver ...
sub_stop=0.05066460034571139
  k=    4  edges=  68 ( 0.05%)  Δe=   3  obj=1.0438  gap=+0.90%  Δobj=-0.000%  build=2.06s solve=0.28s
2026-07-02 17:53:26.405 | INFO     | pycaalp.time_balancing.model:run_mip:430 - Running MIP solver ...
sub_stop=0.05662514156285391
  k=    6  edges=  76 ( 0.06%)  Δe=   8  obj=1.0438  gap=+0.90%  Δobj=+0.000%  build=2.74s solve=0.25s
2026-07-02 17:53:30.331 | INFO     | pycaalp.time_balancing.model:run_mip:430 - Running MIP solver ...
sub_stop=0.06482088573642486
  k=    8  edges=  87 ( 0.06%)  Δe=  11  obj=1.0438  gap=+0.90%  Δobj=+0.000%  build=3.67s solve=0.15s
2026-07-02 17:53:36.099 | INFO     | pycaalp.time_balancing.model:run_mip:430 - Running MIP solver ...
sub_stop=0.07376169756213864
  k=   12  edges=  99 ( 0.07%)  Δe=  12  obj=1.0438  gap=+0.90%  Δobj=+0.000%  build=5.62s solve=0.21s
2026-07-02 17:53:42.861 | INFO     | pycaalp.time_balancing.model:run_mip:430 - Running MIP solver ...
sub_stop=0.08121237408356678
  k=   16  edges= 109 ( 0.08%)  Δe=  10  obj=1.0438  gap=+0.90%  Δobj=-0.000%  build=6.55s solve=0.17s
2026-07-02 17:53:51.766 | INFO     | pycaalp.time_balancing.model:run_mip:430 - Running MIP solver ...
sub_stop=0.09909399773499433
  k=   24  edges= 133 (  0.1%)  Δe=  24  obj=1.0438  gap=+0.90%  Δobj=+0.000%  build=8.73s solve=0.41s
2026-07-02 17:54:02.829 | INFO     | pycaalp.time_balancing.model:run_mip:430 - Running MIP solver ...
sub_stop=0.11474041842999344
  k=   32  edges= 154 ( 0.11%)  Δe=  21  obj=1.0419  gap=+0.71%  Δobj=+0.183%  build=10.65s solve=0.47s
2026-07-02 17:54:17.793 | INFO     | pycaalp.time_balancing.model:run_mip:430 - Running MIP solver ...
sub_stop=0.1482684627764201
  k=   48  edges= 199 ( 0.15%)  Δe=  45  obj=1.0419  gap=+0.71%  Δobj=+0.000%  build=14.49s solve=0.44s
2026-07-02 17:54:35.799 | INFO     | pycaalp.time_balancing.model:run_mip:430 - Running MIP solver ...
sub_stop=0.30473266972641117
  k=   64  edges= 409 (  0.3%)  Δe= 210  obj=1.0371  gap=+0.26%  Δobj=+0.454%  build=17.56s solve=0.87s
2026-07-02 17:54:55.348 | INFO     | pycaalp.time_balancing.model:run_mip:430 - Running MIP solver ...
sub_stop=0.5893485128449664
  k=   96  edges= 791 ( 0.59%)  Δe= 382  obj=1.0351  gap=+0.06%  Δobj=+0.199%  build=18.68s solve=4.93s
2026-07-02 17:55:23.409 | INFO     | pycaalp.time_balancing.model:run_mip:430 - Running MIP solver ...
sub_stop=0.8657686117899506
  k=  128  edges=1162 ( 0.87%)  Δe= 371  obj=1.0351  gap=+0.06%  Δobj=+0.000%  build=23.13s solve=7.04s
2026-07-02 17:55:54.709 | INFO     | pycaalp.time_balancing.model:run_mip:430 - Running MIP solver ...
sub_stop=1.390296238898492
  k=  192  edges=1866 ( 1.39%)  Δe= 704  obj=1.0351  gap=+0.06%  Δobj=+0.000%  build=24.26s solve=16.45s
2026-07-02 17:56:36.497 | INFO     | pycaalp.time_balancing.model:run_mip:430 - Running MIP solver ...
sub_stop=1.8768254157477497
  k=  256  edges=2519 ( 1.88%)  Δe= 653  obj=1.0351  gap=+0.06%  Δobj=+0.000%  build=25.34s solve=35.33s
2026-07-02 17:57:45.687 | INFO     | pycaalp.time_balancing.model:run_mip:430 - Running MIP solver ...
sub_stop=2.7791023424926986
  k=  384  edges=3730 ( 2.78%)  Δe=1211  obj=1.0351  gap=+0.06%  Δobj=+0.000%  build=33.86s solve=75.72s
2026-07-02 17:59:41.243 | INFO     | pycaalp.time_balancing.model:run_mip:430 - Running MIP solver ...
sub_stop=3.6344400071526493
  k=  512  edges=4878 ( 3.63%)  Δe=1148  obj=1.0351  gap=+0.05%  Δobj=+0.002%  build=39.84s solve=93.30s
2026-07-02 18:02:02.219 | INFO     | pycaalp.time_balancing.model:run_mip:430 - Running MIP solver ...
sub_stop=5.159593491088991
  k=  768  edges=6925 ( 5.16%)  Δe=2047  obj=1.0351  gap=+0.05%  Δobj=+0.000%  build=47.68s solve=147.30s
2026-07-02 18:05:32.444 | INFO     | pycaalp.time_balancing.model:run_mip:430 - Running MIP solver ...
sub_stop=6.519341956249628
  k= 1024  edges=8750 ( 6.52%)  Δe=1825  obj=1.0351  gap=+0.05%  Δobj=+0.000%  build=62.92s solve=358.30s
2026-07-02 18:12:52.450 | INFO     | pycaalp.time_balancing.model:run_mip:430 - Running MIP solver ...
sub_stop=9.022024199797341
  k= 1536  edges=12109 ( 9.02%)  Δe=3359  obj=1.0351  gap=+0.05%  Δobj=+0.000%  build=81.71s solve=828.21s
2026-07-02 18:28:28.452 | INFO     | pycaalp.time_balancing.model:run_mip:430 - Running MIP solver ...
sub_stop=11.102253084580079
  k= 2048  edges=14901 ( 11.1%)  Δe=2792  obj=1.0351  gap=+0.05%  Δobj=+0.000%  build=107.79s solve=1884.02s
  → stop: stop_perc_graph (after 2 consecutive steps)

Results saved to experiments/bl_union_convergence/assembly_2_np_3_methods/bl_union_convergence_lambda_0.6.csv
Plot with:  python -m experiments.bl_union_convergence.plot_convergence experiments/bl_union_convergence/assembly_2_np_3_methods/bl_union_convergence_lambda_0.6.csv

----------------- λ = 0.7 -----------------
========================================================================
bl-union convergence — assembly_2  P=3  λ=0.7
========================================================================

Building assembly digraph …
2026-07-02 13:44:33.327 | INFO     | pycaalp.gapp.assembly_digraph:compute_assembly_digraph_complete:395 - Computing assembly digraph...
  22160 nodes, 134216 edges  (195.9s)

[ref] Full MIP  P=3  λ=0.7 …
2026-07-02 13:47:49.260 | INFO     | pycaalp.time_balancing.model:run_mip:430 - Running MIP solver ...
  obj=1.0351  alpha=918.0s  time=11462.44s

[bl_union] k-sweep (stop: edge_saturation, stop at 10.0% of the full directed graph):
2026-07-02 16:58:52.773 | INFO     | pycaalp.time_balancing.model:run_mip:430 - Running MIP solver ...
sub_stop=0.030547773737855395
  k=    1  edges=  41 ( 0.03%)  Δe=  41  obj=1.0480  gap=+1.25%  Δobj=   —     build=1.07s solve=0.19s
2026-07-02 16:58:54.524 | INFO     | pycaalp.time_balancing.model:run_mip:430 - Running MIP solver ...
sub_stop=0.04544912678071169
  k=    2  edges=  61 ( 0.05%)  Δe=  20  obj=1.0480  gap=+1.25%  Δobj=+0.000%  build=1.56s solve=0.08s
2026-07-02 16:58:56.589 | INFO     | pycaalp.time_balancing.model:run_mip:430 - Running MIP solver ...
sub_stop=0.048429397389282945
  k=    3  edges=  65 ( 0.05%)  Δe=   4  obj=1.0480  gap=+1.25%  Δobj=+0.000%  build=1.99s solve=0.13s
2026-07-02 16:58:59.036 | INFO     | pycaalp.time_balancing.model:run_mip:430 - Running MIP solver ...
sub_stop=0.05066460034571139
  k=    4  edges=  68 ( 0.05%)  Δe=   3  obj=1.0480  gap=+1.25%  Δobj=+0.000%  build=2.32s solve=0.14s
2026-07-02 16:59:02.118 | INFO     | pycaalp.time_balancing.model:run_mip:430 - Running MIP solver ...
sub_stop=0.05662514156285391
  k=    6  edges=  76 ( 0.06%)  Δe=   8  obj=1.0480  gap=+1.25%  Δobj=+0.000%  build=2.94s solve=0.17s
2026-07-02 16:59:06.029 | INFO     | pycaalp.time_balancing.model:run_mip:430 - Running MIP solver ...
sub_stop=0.06482088573642486
  k=    8  edges=  87 ( 0.06%)  Δe=  11  obj=1.0480  gap=+1.25%  Δobj=+0.000%  build=3.74s solve=0.17s
2026-07-02 16:59:11.262 | INFO     | pycaalp.time_balancing.model:run_mip:430 - Running MIP solver ...
sub_stop=0.07376169756213864
  k=   12  edges=  99 ( 0.07%)  Δe=  12  obj=1.0480  gap=+1.25%  Δobj=+0.000%  build=5.07s solve=0.17s
2026-07-02 16:59:18.010 | INFO     | pycaalp.time_balancing.model:run_mip:430 - Running MIP solver ...
sub_stop=0.08121237408356678
  k=   16  edges= 109 ( 0.08%)  Δe=  10  obj=1.0480  gap=+1.25%  Δobj=+0.000%  build=6.58s solve=0.21s
2026-07-02 16:59:27.947 | INFO     | pycaalp.time_balancing.model:run_mip:430 - Running MIP solver ...
sub_stop=0.09909399773499433
  k=   24  edges= 133 (  0.1%)  Δe=  24  obj=1.0480  gap=+1.25%  Δobj=-0.000%  build=9.72s solve=0.27s
2026-07-02 16:59:40.701 | INFO     | pycaalp.time_balancing.model:run_mip:430 - Running MIP solver ...
sub_stop=0.11474041842999344
  k=   32  edges= 154 ( 0.11%)  Δe=  21  obj=1.0466  gap=+1.11%  Δobj=+0.137%  build=12.48s solve=0.23s
2026-07-02 16:59:59.554 | INFO     | pycaalp.time_balancing.model:run_mip:430 - Running MIP solver ...
sub_stop=0.12144602729927878
  k=   48  edges= 163 ( 0.12%)  Δe=   9  obj=1.0466  gap=+1.11%  Δobj=-0.000%  build=18.63s solve=0.28s
2026-07-02 17:00:23.235 | INFO     | pycaalp.time_balancing.model:run_mip:430 - Running MIP solver ...
sub_stop=0.12964177147284972
  k=   64  edges= 174 ( 0.13%)  Δe=  11  obj=1.0466  gap=+1.11%  Δobj=+0.000%  build=23.40s solve=0.54s
2026-07-02 17:01:00.111 | INFO     | pycaalp.time_balancing.model:run_mip:430 - Running MIP solver ...
sub_stop=0.14677832747213446
  k=   96  edges= 197 ( 0.15%)  Δe=  23  obj=1.0466  gap=+1.11%  Δobj=+0.000%  build=36.34s solve=0.34s
2026-07-02 17:01:48.523 | INFO     | pycaalp.time_balancing.model:run_mip:430 - Running MIP solver ...
sub_stop=0.16615008642784765
  k=  128  edges= 223 ( 0.17%)  Δe=  26  obj=1.0466  gap=+1.11%  Δobj=-0.000%  build=48.07s solve=0.43s
2026-07-02 17:02:52.752 | INFO     | pycaalp.time_balancing.model:run_mip:430 - Running MIP solver ...
sub_stop=0.18775704833998927
  k=  192  edges= 252 ( 0.19%)  Δe=  29  obj=1.0466  gap=+1.11%  Δobj=+0.000%  build=63.80s solve=0.60s
2026-07-02 17:04:21.640 | INFO     | pycaalp.time_balancing.model:run_mip:430 - Running MIP solver ...
sub_stop=0.2004231984264171
  k=  256  edges= 269 (  0.2%)  Δe=  17  obj=1.0466  gap=+1.11%  Δobj=+0.000%  build=88.29s solve=0.79s
2026-07-02 17:06:38.563 | INFO     | pycaalp.time_balancing.model:run_mip:430 - Running MIP solver ...
sub_stop=0.2086189425999881
  k=  384  edges= 280 ( 0.21%)  Δe=  11  obj=1.0466  gap=+1.11%  Δobj=+0.000%  build=136.13s solve=0.52s
2026-07-02 17:09:36.990 | INFO     | pycaalp.time_balancing.model:run_mip:430 - Running MIP solver ...
sub_stop=0.22277522799070154
  k=  512  edges= 299 ( 0.22%)  Δe=  19  obj=1.0466  gap=+1.11%  Δobj=+0.000%  build=177.91s solve=0.68s
2026-07-02 17:13:53.873 | INFO     | pycaalp.time_balancing.model:run_mip:430 - Running MIP solver ...
sub_stop=0.2741848959885558
  k=  768  edges= 368 ( 0.27%)  Δe=  69  obj=1.0466  gap=+1.11%  Δobj=+0.000%  build=256.20s solve=1.38s
2026-07-02 17:19:37.297 | INFO     | pycaalp.time_balancing.model:run_mip:430 - Running MIP solver ...
sub_stop=0.2898313166835549
  k= 1024  edges= 389 ( 0.29%)  Δe=  21  obj=1.0466  gap=+1.11%  Δobj=+0.000%  build=342.05s solve=1.13s
2026-07-02 17:28:31.065 | INFO     | pycaalp.time_balancing.model:run_mip:430 - Running MIP solver ...
sub_stop=0.2995171961614115
  k= 1536  edges= 402 (  0.3%)  Δe=  13  obj=1.0466  gap=+1.11%  Δobj=+0.000%  build=532.64s solve=0.83s
2026-07-02 17:39:55.812 | INFO     | pycaalp.time_balancing.model:run_mip:430 - Running MIP solver ...
sub_stop=0.3203790904214103
  k= 2048  edges= 430 ( 0.32%)  Δe=  28  obj=1.0466  gap=+1.11%  Δobj=+0.000%  build=683.92s solve=0.81s
2026-07-02 18:01:38.919 | INFO     | pycaalp.time_balancing.model:run_mip:430 - Running MIP solver ...
sub_stop=0.3889253144185492
  k= 4096  edges= 522 ( 0.39%)  Δe=  92  obj=1.0368  gap=+0.16%  Δobj=+0.940%  build=1302.29s solve=3.29s

[adaptive] k-sweep (stop: edge_saturation, stop at 10.0% of the full directed graph):
2026-07-02 18:01:43.331 | INFO     | pycaalp.time_balancing.model:run_mip:430 - Running MIP solver ...
sub_stop=0.030547773737855395
  k=    1  edges=  41 ( 0.03%)  Δe=  41  obj=1.0480  gap=+1.25%  Δobj=   —     build=1.12s solve=0.19s
2026-07-02 18:01:44.963 | INFO     | pycaalp.time_balancing.model:run_mip:430 - Running MIP solver ...
sub_stop=0.04544912678071169
  k=    2  edges=  61 ( 0.05%)  Δe=  20  obj=1.0480  gap=+1.25%  Δobj=+0.000%  build=1.44s solve=0.08s
2026-07-02 18:01:46.821 | INFO     | pycaalp.time_balancing.model:run_mip:430 - Running MIP solver ...
sub_stop=0.048429397389282945
  k=    3  edges=  65 ( 0.05%)  Δe=   4  obj=1.0480  gap=+1.25%  Δobj=+0.000%  build=1.78s solve=0.13s
2026-07-02 18:01:49.048 | INFO     | pycaalp.time_balancing.model:run_mip:430 - Running MIP solver ...
sub_stop=0.05066460034571139
  k=    4  edges=  68 ( 0.05%)  Δe=   3  obj=1.0480  gap=+1.25%  Δobj=+0.000%  build=2.10s solve=0.13s
2026-07-02 18:01:51.844 | INFO     | pycaalp.time_balancing.model:run_mip:430 - Running MIP solver ...
sub_stop=0.05662514156285391
  k=    6  edges=  76 ( 0.06%)  Δe=   8  obj=1.0480  gap=+1.25%  Δobj=+0.000%  build=2.66s solve=0.17s
2026-07-02 18:01:55.443 | INFO     | pycaalp.time_balancing.model:run_mip:430 - Running MIP solver ...
sub_stop=0.06482088573642486
  k=    8  edges=  87 ( 0.06%)  Δe=  11  obj=1.0480  gap=+1.25%  Δobj=+0.000%  build=3.43s solve=0.16s
2026-07-02 18:02:00.176 | INFO     | pycaalp.time_balancing.model:run_mip:430 - Running MIP solver ...
sub_stop=0.07376169756213864
  k=   12  edges=  99 ( 0.07%)  Δe=  12  obj=1.0480  gap=+1.25%  Δobj=+0.000%  build=4.57s solve=0.16s
2026-07-02 18:02:05.781 | INFO     | pycaalp.time_balancing.model:run_mip:430 - Running MIP solver ...
sub_stop=0.08121237408356678
  k=   16  edges= 109 ( 0.08%)  Δe=  10  obj=1.0480  gap=+1.25%  Δobj=+0.000%  build=5.44s solve=0.21s
2026-07-02 18:02:14.868 | INFO     | pycaalp.time_balancing.model:run_mip:430 - Running MIP solver ...
sub_stop=0.09909399773499433
  k=   24  edges= 133 (  0.1%)  Δe=  24  obj=1.0480  gap=+1.25%  Δobj=-0.000%  build=8.88s solve=0.26s
2026-07-02 18:02:25.830 | INFO     | pycaalp.time_balancing.model:run_mip:430 - Running MIP solver ...
sub_stop=0.11474041842999344
  k=   32  edges= 154 ( 0.11%)  Δe=  21  obj=1.0466  gap=+1.11%  Δobj=+0.137%  build=10.70s solve=0.22s
2026-07-02 18:02:41.600 | INFO     | pycaalp.time_balancing.model:run_mip:430 - Running MIP solver ...
sub_stop=0.15497407164570542
  k=   48  edges= 208 ( 0.15%)  Δe=  54  obj=1.0358  gap=+0.07%  Δobj=+1.028%  build=15.55s solve=0.34s
2026-07-02 18:03:00.474 | INFO     | pycaalp.time_balancing.model:run_mip:430 - Running MIP solver ...
sub_stop=0.3062228050306968
  k=   64  edges= 411 ( 0.31%)  Δe= 203  obj=1.0358  gap=+0.07%  Δobj=+0.000%  build=18.53s solve=1.07s
2026-07-02 18:03:17.553 | INFO     | pycaalp.time_balancing.model:run_mip:430 - Running MIP solver ...
sub_stop=0.5893485128449664
  k=   96  edges= 791 ( 0.59%)  Δe= 380  obj=1.0358  gap=+0.07%  Δobj=+0.000%  build=16.00s solve=4.65s
2026-07-02 18:03:38.729 | INFO     | pycaalp.time_balancing.model:run_mip:430 - Running MIP solver ...
sub_stop=0.8620432735292364
  k=  128  edges=1157 ( 0.86%)  Δe= 366  obj=1.0358  gap=+0.07%  Δobj=+0.000%  build=16.53s solve=6.50s
2026-07-02 18:04:04.562 | INFO     | pycaalp.time_balancing.model:run_mip:430 - Running MIP solver ...
sub_stop=1.39774691541992
  k=  192  edges=1876 (  1.4%)  Δe= 719  obj=1.0358  gap=+0.07%  Δobj=+0.000%  build=19.34s solve=11.84s
2026-07-02 18:04:38.314 | INFO     | pycaalp.time_balancing.model:run_mip:430 - Running MIP solver ...
sub_stop=1.8738451451391784
  k=  256  edges=2515 ( 1.87%)  Δe= 639  obj=1.0356  gap=+0.05%  Δobj=+0.020%  build=21.91s solve=38.80s
2026-07-02 18:05:47.467 | INFO     | pycaalp.time_balancing.model:run_mip:430 - Running MIP solver ...
sub_stop=2.780592477796984
  k=  384  edges=3732 ( 2.78%)  Δe=1217  obj=1.0356  gap=+0.05%  Δobj=+0.000%  build=30.35s solve=48.49s
2026-07-02 18:07:10.834 | INFO     | pycaalp.time_balancing.model:run_mip:430 - Running MIP solver ...
sub_stop=3.6240090600226504
  k=  512  edges=4864 ( 3.62%)  Δe=1132  obj=1.0356  gap=+0.05%  Δobj=+0.000%  build=34.88s solve=102.33s
2026-07-02 18:09:37.653 | INFO     | pycaalp.time_balancing.model:run_mip:430 - Running MIP solver ...
sub_stop=5.152142814567562
  k=  768  edges=6915 ( 5.15%)  Δe=2051  obj=1.0356  gap=+0.05%  Δobj=-0.000%  build=44.48s solve=437.24s
2026-07-02 18:17:50.256 | INFO     | pycaalp.time_balancing.model:run_mip:430 - Running MIP solver ...
sub_stop=6.517851820945342
  k= 1024  edges=8748 ( 6.52%)  Δe=1833  obj=1.0356  gap=+0.05%  Δobj=+0.000%  build=55.36s solve=968.67s
2026-07-02 18:35:22.883 | INFO     | pycaalp.time_balancing.model:run_mip:430 - Running MIP solver ...
sub_stop=9.018298861536628
  k= 1536  edges=12104 ( 9.02%)  Δe=3356  obj=1.0356  gap=+0.05%  Δobj=+0.000%  build=83.96s solve=722.68s
2026-07-02 18:49:16.936 | INFO     | pycaalp.time_balancing.model:run_mip:430 - Running MIP solver ...
sub_stop=11.093312272754366
  k= 2048  edges=14889 (11.09%)  Δe=2785  obj=1.0356  gap=+0.05%  Δobj=+0.000%  build=111.37s solve=2298.19s
  → stop: stop_perc_graph (after 2 consecutive steps)

Results saved to experiments/bl_union_convergence/assembly_2_np_3_methods/bl_union_convergence_lambda_0.7.csv
Plot with:  python -m experiments.bl_union_convergence.plot_convergence experiments/bl_union_convergence/assembly_2_np_3_methods/bl_union_convergence_lambda_0.7.csv

----------------- λ = 0.8 -----------------
========================================================================
bl-union convergence — assembly_2  P=3  λ=0.8
========================================================================

Building assembly digraph …
2026-07-02 13:44:33.312 | INFO     | pycaalp.gapp.assembly_digraph:compute_assembly_digraph_complete:395 - Computing assembly digraph...
  22160 nodes, 134216 edges  (199.2s)

[ref] Full MIP  P=3  λ=0.8 …
2026-07-02 13:47:52.487 | INFO     | pycaalp.time_balancing.model:run_mip:430 - Running MIP solver ...
  obj=1.0291  alpha=900.0s  time=16861.03s

[bl_union] k-sweep (stop: edge_saturation, stop at 10.0% of the full directed graph):
2026-07-02 18:28:54.499 | INFO     | pycaalp.time_balancing.model:run_mip:430 - Running MIP solver ...
sub_stop=0.030547773737855395
  k=    1  edges=  41 ( 0.03%)  Δe=  41  obj=1.0523  gap=+2.26%  Δobj=   —     build=0.98s solve=0.19s
2026-07-02 18:28:56.155 | INFO     | pycaalp.time_balancing.model:run_mip:430 - Running MIP solver ...
sub_stop=0.04544912678071169
  k=    2  edges=  61 ( 0.05%)  Δe=  20  obj=1.0523  gap=+2.26%  Δobj=-0.000%  build=1.46s solve=0.13s
2026-07-02 18:28:58.081 | INFO     | pycaalp.time_balancing.model:run_mip:430 - Running MIP solver ...
sub_stop=0.048429397389282945
  k=    3  edges=  65 ( 0.05%)  Δe=   4  obj=1.0523  gap=+2.26%  Δobj=+0.000%  build=1.80s solve=0.11s
2026-07-02 18:29:00.163 | INFO     | pycaalp.time_balancing.model:run_mip:430 - Running MIP solver ...
sub_stop=0.05066460034571139
  k=    4  edges=  68 ( 0.05%)  Δe=   3  obj=1.0523  gap=+2.26%  Δobj=+0.000%  build=1.97s solve=0.15s
2026-07-02 18:29:03.034 | INFO     | pycaalp.time_balancing.model:run_mip:430 - Running MIP solver ...
sub_stop=0.05662514156285391
  k=    6  edges=  76 ( 0.06%)  Δe=   8  obj=1.0523  gap=+2.26%  Δobj=+0.000%  build=2.72s solve=0.13s
2026-07-02 18:29:06.525 | INFO     | pycaalp.time_balancing.model:run_mip:430 - Running MIP solver ...
sub_stop=0.06482088573642486
  k=    8  edges=  87 ( 0.06%)  Δe=  11  obj=1.0523  gap=+2.26%  Δobj=+0.000%  build=3.36s solve=0.14s
2026-07-02 18:29:11.290 | INFO     | pycaalp.time_balancing.model:run_mip:430 - Running MIP solver ...
sub_stop=0.07376169756213864
  k=   12  edges=  99 ( 0.07%)  Δe=  12  obj=1.0523  gap=+2.26%  Δobj=+0.000%  build=4.63s solve=0.20s
2026-07-02 18:29:17.430 | INFO     | pycaalp.time_balancing.model:run_mip:430 - Running MIP solver ...
sub_stop=0.08121237408356678
  k=   16  edges= 109 ( 0.08%)  Δe=  10  obj=1.0523  gap=+2.26%  Δobj=+0.000%  build=5.94s solve=0.25s
2026-07-02 18:29:25.098 | INFO     | pycaalp.time_balancing.model:run_mip:430 - Running MIP solver ...
sub_stop=0.09909399773499433
  k=   24  edges= 133 (  0.1%)  Δe=  24  obj=1.0523  gap=+2.26%  Δobj=+0.000%  build=7.42s solve=0.28s
2026-07-02 18:29:35.716 | INFO     | pycaalp.time_balancing.model:run_mip:430 - Running MIP solver ...
sub_stop=0.11474041842999344
  k=   32  edges= 154 ( 0.11%)  Δe=  21  obj=1.0514  gap=+2.17%  Δobj=+0.091%  build=10.34s solve=0.31s
2026-07-02 18:29:50.257 | INFO     | pycaalp.time_balancing.model:run_mip:430 - Running MIP solver ...
sub_stop=0.12144602729927878
  k=   48  edges= 163 ( 0.12%)  Δe=   9  obj=1.0514  gap=+2.17%  Δobj=+0.000%  build=14.23s solve=0.37s
2026-07-02 18:30:07.864 | INFO     | pycaalp.time_balancing.model:run_mip:430 - Running MIP solver ...
sub_stop=0.12964177147284972
  k=   64  edges= 174 ( 0.13%)  Δe=  11  obj=1.0514  gap=+2.17%  Δobj=+0.000%  build=17.24s solve=0.29s
2026-07-02 18:30:32.419 | INFO     | pycaalp.time_balancing.model:run_mip:430 - Running MIP solver ...
sub_stop=0.14677832747213446
  k=   96  edges= 197 ( 0.15%)  Δe=  23  obj=1.0514  gap=+2.17%  Δobj=+0.000%  build=24.26s solve=0.33s
2026-07-02 18:31:04.594 | INFO     | pycaalp.time_balancing.model:run_mip:430 - Running MIP solver ...
sub_stop=0.16615008642784765
  k=  128  edges= 223 ( 0.17%)  Δe=  26  obj=1.0514  gap=+2.17%  Δobj=+0.000%  build=31.85s solve=0.55s
2026-07-02 18:31:51.528 | INFO     | pycaalp.time_balancing.model:run_mip:430 - Running MIP solver ...
sub_stop=0.18775704833998927
  k=  192  edges= 252 ( 0.19%)  Δe=  29  obj=1.0514  gap=+2.17%  Δobj=+0.000%  build=46.39s solve=0.67s
2026-07-02 18:32:56.375 | INFO     | pycaalp.time_balancing.model:run_mip:430 - Running MIP solver ...
sub_stop=0.2004231984264171
  k=  256  edges= 269 (  0.2%)  Δe=  17  obj=1.0514  gap=+2.17%  Δobj=+0.000%  build=64.17s solve=0.62s
2026-07-02 18:34:29.683 | INFO     | pycaalp.time_balancing.model:run_mip:430 - Running MIP solver ...
sub_stop=0.2086189425999881
  k=  384  edges= 280 ( 0.21%)  Δe=  11  obj=1.0514  gap=+2.17%  Δobj=+0.000%  build=92.69s solve=0.51s
2026-07-02 18:36:40.440 | INFO     | pycaalp.time_balancing.model:run_mip:430 - Running MIP solver ...
sub_stop=0.22277522799070154
  k=  512  edges= 299 ( 0.22%)  Δe=  19  obj=1.0514  gap=+2.17%  Δobj=+0.000%  build=130.25s solve=0.83s
2026-07-02 18:39:41.416 | INFO     | pycaalp.time_balancing.model:run_mip:430 - Running MIP solver ...
sub_stop=0.2741848959885558
  k=  768  edges= 368 ( 0.27%)  Δe=  69  obj=1.0476  gap=+1.80%  Δobj=+0.359%  build=180.15s solve=1.61s
2026-07-02 18:43:36.880 | INFO     | pycaalp.time_balancing.model:run_mip:430 - Running MIP solver ...
sub_stop=0.2898313166835549
  k= 1024  edges= 389 ( 0.29%)  Δe=  21  obj=1.0476  gap=+1.80%  Δobj=+0.000%  build=233.85s solve=0.78s
2026-07-02 18:49:44.070 | INFO     | pycaalp.time_balancing.model:run_mip:430 - Running MIP solver ...
sub_stop=0.2995171961614115
  k= 1536  edges= 402 (  0.3%)  Δe=  13  obj=1.0476  gap=+1.80%  Δobj=+0.000%  build=366.41s solve=1.00s
2026-07-02 18:58:12.226 | INFO     | pycaalp.time_balancing.model:run_mip:430 - Running MIP solver ...
sub_stop=0.3203790904214103
  k= 2048  edges= 430 ( 0.32%)  Δe=  28  obj=1.0476  gap=+1.80%  Δobj=+0.000%  build=507.15s solve=1.20s
2026-07-02 19:12:29.218 | INFO     | pycaalp.time_balancing.model:run_mip:430 - Running MIP solver ...
sub_stop=0.3889253144185492
  k= 4096  edges= 522 ( 0.39%)  Δe=  92  obj=1.0384  gap=+0.91%  Δobj=+0.877%  build=855.80s solve=1.83s

[adaptive] k-sweep (stop: edge_saturation, stop at 10.0% of the full directed graph):
2026-07-02 19:12:32.052 | INFO     | pycaalp.time_balancing.model:run_mip:430 - Running MIP solver ...
sub_stop=0.030547773737855395
  k=    1  edges=  41 ( 0.03%)  Δe=  41  obj=1.0523  gap=+2.26%  Δobj=   —     build=1.00s solve=0.18s
2026-07-02 19:12:33.472 | INFO     | pycaalp.time_balancing.model:run_mip:430 - Running MIP solver ...
sub_stop=0.04544912678071169
  k=    2  edges=  61 ( 0.05%)  Δe=  20  obj=1.0523  gap=+2.26%  Δobj=-0.000%  build=1.24s solve=0.12s
2026-07-02 19:12:35.346 | INFO     | pycaalp.time_balancing.model:run_mip:430 - Running MIP solver ...
sub_stop=0.048429397389282945
  k=    3  edges=  65 ( 0.05%)  Δe=   4  obj=1.0523  gap=+2.26%  Δobj=+0.000%  build=1.76s solve=0.11s
2026-07-02 19:12:37.129 | INFO     | pycaalp.time_balancing.model:run_mip:430 - Running MIP solver ...
sub_stop=0.05066460034571139
  k=    4  edges=  68 ( 0.05%)  Δe=   3  obj=1.0523  gap=+2.26%  Δobj=+0.000%  build=1.68s solve=0.14s
2026-07-02 19:12:39.408 | INFO     | pycaalp.time_balancing.model:run_mip:430 - Running MIP solver ...
sub_stop=0.05662514156285391
  k=    6  edges=  76 ( 0.06%)  Δe=   8  obj=1.0523  gap=+2.26%  Δobj=+0.000%  build=2.14s solve=0.13s
2026-07-02 19:12:42.215 | INFO     | pycaalp.time_balancing.model:run_mip:430 - Running MIP solver ...
sub_stop=0.06482088573642486
  k=    8  edges=  87 ( 0.06%)  Δe=  11  obj=1.0523  gap=+2.26%  Δobj=+0.000%  build=2.68s solve=0.13s
2026-07-02 19:12:46.990 | INFO     | pycaalp.time_balancing.model:run_mip:430 - Running MIP solver ...
sub_stop=0.07376169756213864
  k=   12  edges=  99 ( 0.07%)  Δe=  12  obj=1.0523  gap=+2.26%  Δobj=+0.000%  build=4.64s solve=0.19s
2026-07-02 19:12:51.812 | INFO     | pycaalp.time_balancing.model:run_mip:430 - Running MIP solver ...
sub_stop=0.08121237408356678
  k=   16  edges= 109 ( 0.08%)  Δe=  10  obj=1.0523  gap=+2.26%  Δobj=+0.000%  build=4.63s solve=0.24s
2026-07-02 19:12:58.130 | INFO     | pycaalp.time_balancing.model:run_mip:430 - Running MIP solver ...
sub_stop=0.09909399773499433
  k=   24  edges= 133 (  0.1%)  Δe=  24  obj=1.0523  gap=+2.26%  Δobj=+0.000%  build=6.08s solve=0.28s
2026-07-02 19:13:05.917 | INFO     | pycaalp.time_balancing.model:run_mip:430 - Running MIP solver ...
sub_stop=0.11474041842999344
  k=   32  edges= 154 ( 0.11%)  Δe=  21  obj=1.0514  gap=+2.17%  Δobj=+0.091%  build=7.51s solve=0.29s
2026-07-02 19:13:16.930 | INFO     | pycaalp.time_balancing.model:run_mip:430 - Running MIP solver ...
sub_stop=0.16540501877570485
  k=   48  edges= 222 ( 0.17%)  Δe=  68  obj=1.0291  gap=+0.00%  Δobj=+2.122%  build=10.72s solve=0.42s
2026-07-02 19:13:28.257 | INFO     | pycaalp.time_balancing.model:run_mip:430 - Running MIP solver ...
sub_stop=0.3203790904214103
  k=   64  edges= 430 ( 0.32%)  Δe= 208  obj=1.0291  gap=+0.00%  Δobj=+0.000%  build=10.91s solve=1.15s
2026-07-02 19:13:41.405 | INFO     | pycaalp.time_balancing.model:run_mip:430 - Running MIP solver ...
sub_stop=0.5908386481492519
  k=   96  edges= 793 ( 0.59%)  Δe= 363  obj=1.0291  gap=+0.00%  Δobj=+0.000%  build=11.99s solve=1.99s
2026-07-02 19:13:56.529 | INFO     | pycaalp.time_balancing.model:run_mip:430 - Running MIP solver ...
sub_stop=0.8605531382249507
  k=  128  edges=1155 ( 0.86%)  Δe= 362  obj=1.0291  gap=+0.00%  Δobj=+0.000%  build=13.14s solve=8.72s
2026-07-02 19:14:20.768 | INFO     | pycaalp.time_balancing.model:run_mip:430 - Running MIP solver ...
sub_stop=1.3925314418549206
  k=  192  edges=1869 ( 1.39%)  Δe= 714  obj=1.0291  gap=+0.00%  Δobj=+0.000%  build=15.52s solve=27.05s
2026-07-02 19:15:05.767 | INFO     | pycaalp.time_balancing.model:run_mip:430 - Running MIP solver ...
sub_stop=1.8731000774870357
  k=  256  edges=2514 ( 1.87%)  Δe= 645  obj=1.0291  gap=-0.00%  Δobj=+0.000%  build=17.95s solve=25.49s
2026-07-02 19:15:53.998 | INFO     | pycaalp.time_balancing.model:run_mip:430 - Running MIP solver ...
sub_stop=2.7746319365798415
  k=  384  edges=3724 ( 2.77%)  Δe=1210  obj=1.0291  gap=-0.00%  Δobj=+0.000%  build=22.74s solve=129.86s
2026-07-02 19:18:32.037 | INFO     | pycaalp.time_balancing.model:run_mip:430 - Running MIP solver ...
sub_stop=3.6195386541097934
  k=  512  edges=4858 ( 3.62%)  Δe=1134  obj=1.0291  gap=+0.00%  Δobj=-0.000%  build=28.18s solve=115.86s
2026-07-02 19:21:06.397 | INFO     | pycaalp.time_balancing.model:run_mip:430 - Running MIP solver ...
sub_stop=5.1513977469154195
  k=  768  edges=6914 ( 5.15%)  Δe=2056  obj=1.0291  gap=+0.00%  Δobj=+0.000%  build=38.50s solve=562.52s
2026-07-02 19:31:10.667 | INFO     | pycaalp.time_balancing.model:run_mip:430 - Running MIP solver ...
sub_stop=6.508911009119628
  k= 1024  edges=8736 ( 6.51%)  Δe=1822  obj=1.0291  gap=+0.00%  Δobj=+0.000%  build=41.75s solve=470.35s
2026-07-02 19:40:00.932 | INFO     | pycaalp.time_balancing.model:run_mip:430 - Running MIP solver ...
sub_stop=9.019788996840914
  k= 1536  edges=12106 ( 9.02%)  Δe=3370  obj=1.0291  gap=+0.00%  Δobj=+0.000%  build=59.91s solve=1496.20s
2026-07-02 20:06:14.806 | INFO     | pycaalp.time_balancing.model:run_mip:430 - Running MIP solver ...
sub_stop=11.103743219884365
  k= 2048  edges=14903 ( 11.1%)  Δe=2797  obj=1.0291  gap=+0.00%  Δobj=+0.000%  build=77.67s solve=3384.00s
  → stop: stop_perc_graph (after 2 consecutive steps)

Results saved to experiments/bl_union_convergence/assembly_2_np_3_methods/bl_union_convergence_lambda_0.8.csv
Plot with:  python -m experiments.bl_union_convergence.plot_convergence experiments/bl_union_convergence/assembly_2_np_3_methods/bl_union_convergence_lambda_0.8.csv
Combined CSV → experiments/bl_union_convergence/assembly_2_np_3_methods/bl_union_convergence.csv
Saved experiments/bl_union_convergence/assembly_2_np_3_methods/convergence_obj_vs_pct_bl_union_assembly_2_P3.svg
Saved experiments/bl_union_convergence/assembly_2_np_3_methods/convergence_alpha_vs_pct_bl_union_assembly_2_P3.svg
Saved experiments/bl_union_convergence/assembly_2_np_3_methods/convergence_obj_vs_k_bl_union_assembly_2_P3.svg
Saved experiments/bl_union_convergence/assembly_2_np_3_methods/convergence_obj_vs_pct_adaptive_assembly_2_P3.svg
Saved experiments/bl_union_convergence/assembly_2_np_3_methods/convergence_alpha_vs_pct_adaptive_assembly_2_P3.svg
Saved experiments/bl_union_convergence/assembly_2_np_3_methods/convergence_obj_vs_k_adaptive_assembly_2_P3.svg
Saved experiments/bl_union_convergence/assembly_2_np_3_methods/method_best_gap_vs_lambda_assembly_2_P3.svg
Saved experiments/bl_union_convergence/assembly_2_np_3_methods/metrics_grid_bl_union_assembly_2_P3.svg
Saved experiments/bl_union_convergence/assembly_2_np_3_methods/metrics_grid_adaptive_assembly_2_P3.svg
