============ adaptive convergence (oracle-free) sweep ============
date         : 2026-07-07T10:18:58+02:00
host         : pop-os
git commit   : a42d700 (research/wgp-2026)
python       : Python 3.14.4
instance     : assembly_2
parts file   : data/assembly_2/assembly_2_parts.json
dfm file     : data/assembly_2/assembly_2_dfm.json
num_phases   : 4
lambda grid  : 0.1 0.2 0.3 0.4 0.5 0.6 0.7 0.8 0.9
jobs (par.)  : 9
rundir       : experiments/adaptive_convergence/assembly_2_np_4
=================================================================
extra args   : --num-phases 4 --stop-perc-graph 3

----------------- λ = 0.1 -----------------
========================================================================
adaptive convergence (oracle-free) — assembly_2  P=4  λ=0.1
========================================================================

Building assembly digraph …
2026-07-07 10:18:58.790 | INFO     | pycaalp.gapp.assembly_digraph:compute_assembly_digraph_complete:396 - Computing assembly digraph...
  22160 nodes, 134216 edges  (196.5s)
  ideal obj (Σ shortest-path bound) = 1.0126
  phase width (T_total/P)           = 672.25

[adaptive] k-sweep (stop at 3.0% of edges):
2026-07-07 10:22:16.581 | INFO     | pycaalp.time_balancing.model:run_mip:430 - Running MIP solver ...
  k=    1    0.0% edges  obj=1.0265  obj_vs_ideal=1.36%  α_vs_width=13.65%  Δobj=   —     build=1.25s solve=0.33s
2026-07-07 10:22:18.657 | INFO     | pycaalp.time_balancing.model:run_mip:430 - Running MIP solver ...
  k=    2    0.0% edges  obj=1.0265  obj_vs_ideal=1.36%  α_vs_width=13.65%  Δobj=+0.000%  build=1.75s solve=0.19s
2026-07-07 10:22:21.035 | INFO     | pycaalp.time_balancing.model:run_mip:430 - Running MIP solver ...
  k=    3    0.0% edges  obj=1.0265  obj_vs_ideal=1.36%  α_vs_width=13.65%  Δobj=+0.000%  build=2.18s solve=0.36s
2026-07-07 10:22:24.114 | INFO     | pycaalp.time_balancing.model:run_mip:430 - Running MIP solver ...
  k=    4    0.0% edges  obj=1.0265  obj_vs_ideal=1.36%  α_vs_width=13.65%  Δobj=+0.000%  build=2.72s solve=0.35s
2026-07-07 10:22:28.100 | INFO     | pycaalp.time_balancing.model:run_mip:430 - Running MIP solver ...
  k=    6    0.1% edges  obj=1.0265  obj_vs_ideal=1.36%  α_vs_width=13.65%  Δobj=-0.000%  build=3.64s solve=0.44s
2026-07-07 10:22:33.047 | INFO     | pycaalp.time_balancing.model:run_mip:430 - Running MIP solver ...
  k=    8    0.1% edges  obj=1.0261  obj_vs_ideal=1.32%  α_vs_width=13.05%  Δobj=+0.040%  build=4.50s solve=0.48s
2026-07-07 10:22:39.959 | INFO     | pycaalp.time_balancing.model:run_mip:430 - Running MIP solver ...
  k=   12    0.1% edges  obj=1.0261  obj_vs_ideal=1.32%  α_vs_width=13.05%  Δobj=-0.000%  build=6.43s solve=0.52s
2026-07-07 10:22:48.661 | INFO     | pycaalp.time_balancing.model:run_mip:430 - Running MIP solver ...
  k=   16    0.1% edges  obj=1.0261  obj_vs_ideal=1.32%  α_vs_width=13.05%  Δobj=+0.000%  build=8.18s solve=0.90s
2026-07-07 10:23:01.490 | INFO     | pycaalp.time_balancing.model:run_mip:430 - Running MIP solver ...
  k=   24    0.1% edges  obj=1.0261  obj_vs_ideal=1.32%  α_vs_width=13.05%  Δobj=+0.000%  build=11.93s solve=0.94s
2026-07-07 10:23:17.857 | INFO     | pycaalp.time_balancing.model:run_mip:430 - Running MIP solver ...
  k=   32    0.1% edges  obj=1.0261  obj_vs_ideal=1.32%  α_vs_width=13.05%  Δobj=+0.000%  build=15.42s solve=0.56s
2026-07-07 10:23:38.327 | INFO     | pycaalp.time_balancing.model:run_mip:430 - Running MIP solver ...
  k=   48    0.2% edges  obj=1.0261  obj_vs_ideal=1.32%  α_vs_width=13.05%  Δobj=+0.000%  build=19.91s solve=1.47s
2026-07-07 10:24:00.496 | INFO     | pycaalp.time_balancing.model:run_mip:430 - Running MIP solver ...
  k=   64    0.3% edges  obj=1.0261  obj_vs_ideal=1.32%  α_vs_width=13.05%  Δobj=+0.000%  build=20.70s solve=1.51s
2026-07-07 10:24:24.184 | INFO     | pycaalp.time_balancing.model:run_mip:430 - Running MIP solver ...
  k=   96    0.6% edges  obj=1.0261  obj_vs_ideal=1.32%  α_vs_width=13.05%  Δobj=+0.000%  build=22.18s solve=5.06s
2026-07-07 10:24:53.430 | INFO     | pycaalp.time_balancing.model:run_mip:430 - Running MIP solver ...
  k=  128    0.9% edges  obj=1.0261  obj_vs_ideal=1.32%  α_vs_width=13.05%  Δobj=+0.000%  build=24.18s solve=4.00s
2026-07-07 10:25:25.705 | INFO     | pycaalp.time_balancing.model:run_mip:430 - Running MIP solver ...
  k=  192    1.4% edges  obj=1.0261  obj_vs_ideal=1.32%  α_vs_width=13.05%  Δobj=+0.000%  build=28.28s solve=4.00s
2026-07-07 10:26:01.104 | INFO     | pycaalp.time_balancing.model:run_mip:430 - Running MIP solver ...
  k=  256    1.9% edges  obj=1.0261  obj_vs_ideal=1.32%  α_vs_width=13.05%  Δobj=+0.000%  build=31.40s solve=11.46s
2026-07-07 10:26:59.385 | INFO     | pycaalp.time_balancing.model:run_mip:430 - Running MIP solver ...
  k=  512    3.7% edges  obj=1.0261  obj_vs_ideal=1.32%  α_vs_width=13.05%  Δobj=-0.000%  build=46.82s solve=15.64s
  → stop: stop_perc_graph

Done. CSV → experiments/adaptive_convergence/assembly_2_np_4/adaptive_convergence_lambda_0.1.csv

----------------- λ = 0.2 -----------------
========================================================================
adaptive convergence (oracle-free) — assembly_2  P=4  λ=0.2
========================================================================

Building assembly digraph …
2026-07-07 10:18:58.821 | INFO     | pycaalp.gapp.assembly_digraph:compute_assembly_digraph_complete:396 - Computing assembly digraph...
  22160 nodes, 134216 edges  (198.5s)
  ideal obj (Σ shortest-path bound) = 1.0126
  phase width (T_total/P)           = 672.25

[adaptive] k-sweep (stop at 3.0% of edges):
2026-07-07 10:22:18.684 | INFO     | pycaalp.time_balancing.model:run_mip:430 - Running MIP solver ...
  k=    1    0.0% edges  obj=1.0403  obj_vs_ideal=2.73%  α_vs_width=13.65%  Δobj=   —     build=1.29s solve=0.34s
2026-07-07 10:22:20.851 | INFO     | pycaalp.time_balancing.model:run_mip:430 - Running MIP solver ...
  k=    2    0.0% edges  obj=1.0403  obj_vs_ideal=2.73%  α_vs_width=13.65%  Δobj=-0.000%  build=1.83s solve=0.15s
2026-07-07 10:22:23.188 | INFO     | pycaalp.time_balancing.model:run_mip:430 - Running MIP solver ...
  k=    3    0.0% edges  obj=1.0403  obj_vs_ideal=2.73%  α_vs_width=13.65%  Δobj=+0.000%  build=2.19s solve=0.61s
2026-07-07 10:22:26.503 | INFO     | pycaalp.time_balancing.model:run_mip:430 - Running MIP solver ...
  k=    4    0.0% edges  obj=1.0403  obj_vs_ideal=2.73%  α_vs_width=13.65%  Δobj=+0.000%  build=2.71s solve=0.61s
2026-07-07 10:22:30.763 | INFO     | pycaalp.time_balancing.model:run_mip:430 - Running MIP solver ...
  k=    6    0.1% edges  obj=1.0403  obj_vs_ideal=2.73%  α_vs_width=13.65%  Δobj=+0.000%  build=3.65s solve=0.90s
2026-07-07 10:22:36.105 | INFO     | pycaalp.time_balancing.model:run_mip:430 - Running MIP solver ...
  k=    8    0.1% edges  obj=1.0393  obj_vs_ideal=2.63%  α_vs_width=13.05%  Δobj=+0.100%  build=4.44s solve=0.54s
2026-07-07 10:22:43.043 | INFO     | pycaalp.time_balancing.model:run_mip:430 - Running MIP solver ...
  k=   12    0.1% edges  obj=1.0393  obj_vs_ideal=2.63%  α_vs_width=13.05%  Δobj=+0.000%  build=6.40s solve=0.48s
2026-07-07 10:22:51.686 | INFO     | pycaalp.time_balancing.model:run_mip:430 - Running MIP solver ...
  k=   16    0.1% edges  obj=1.0393  obj_vs_ideal=2.63%  α_vs_width=13.05%  Δobj=+0.000%  build=8.16s solve=0.99s
2026-07-07 10:23:04.561 | INFO     | pycaalp.time_balancing.model:run_mip:430 - Running MIP solver ...
  k=   24    0.1% edges  obj=1.0393  obj_vs_ideal=2.63%  α_vs_width=13.05%  Δobj=-0.000%  build=11.88s solve=0.72s
2026-07-07 10:23:20.907 | INFO     | pycaalp.time_balancing.model:run_mip:430 - Running MIP solver ...
  k=   32    0.1% edges  obj=1.0393  obj_vs_ideal=2.63%  α_vs_width=13.05%  Δobj=+0.000%  build=15.62s solve=0.93s
2026-07-07 10:23:42.053 | INFO     | pycaalp.time_balancing.model:run_mip:430 - Running MIP solver ...
  k=   48    0.2% edges  obj=1.0393  obj_vs_ideal=2.63%  α_vs_width=13.05%  Δobj=+0.000%  build=20.21s solve=0.80s
2026-07-07 10:24:03.719 | INFO     | pycaalp.time_balancing.model:run_mip:430 - Running MIP solver ...
  k=   64    0.3% edges  obj=1.0393  obj_vs_ideal=2.63%  α_vs_width=13.05%  Δobj=+0.000%  build=20.86s solve=2.04s
2026-07-07 10:24:28.330 | INFO     | pycaalp.time_balancing.model:run_mip:430 - Running MIP solver ...
  k=   96    0.6% edges  obj=1.0393  obj_vs_ideal=2.63%  α_vs_width=13.05%  Δobj=+0.000%  build=22.57s solve=8.58s
2026-07-07 10:25:01.317 | INFO     | pycaalp.time_balancing.model:run_mip:430 - Running MIP solver ...
  k=  128    0.9% edges  obj=1.0393  obj_vs_ideal=2.63%  α_vs_width=13.05%  Δobj=+0.000%  build=24.41s solve=13.83s
2026-07-07 10:25:43.463 | INFO     | pycaalp.time_balancing.model:run_mip:430 - Running MIP solver ...
  k=  192    1.4% edges  obj=1.0393  obj_vs_ideal=2.63%  α_vs_width=13.05%  Δobj=+0.000%  build=28.31s solve=10.08s
2026-07-07 10:26:26.707 | INFO     | pycaalp.time_balancing.model:run_mip:430 - Running MIP solver ...
  k=  256    1.9% edges  obj=1.0393  obj_vs_ideal=2.63%  α_vs_width=13.05%  Δobj=+0.000%  build=33.16s solve=12.86s
2026-07-07 10:27:28.601 | INFO     | pycaalp.time_balancing.model:run_mip:430 - Running MIP solver ...
  k=  512    3.7% edges  obj=1.0393  obj_vs_ideal=2.63%  α_vs_width=13.05%  Δobj=+0.000%  build=49.04s solve=88.00s
  → stop: stop_perc_graph

Done. CSV → experiments/adaptive_convergence/assembly_2_np_4/adaptive_convergence_lambda_0.2.csv

----------------- λ = 0.3 -----------------
========================================================================
adaptive convergence (oracle-free) — assembly_2  P=4  λ=0.3
========================================================================

Building assembly digraph …
2026-07-07 10:18:58.808 | INFO     | pycaalp.gapp.assembly_digraph:compute_assembly_digraph_complete:396 - Computing assembly digraph...
  22160 nodes, 134216 edges  (198.1s)
  ideal obj (Σ shortest-path bound) = 1.0126
  phase width (T_total/P)           = 672.25

[adaptive] k-sweep (stop at 3.0% of edges):
2026-07-07 10:22:17.704 | INFO     | pycaalp.time_balancing.model:run_mip:430 - Running MIP solver ...
  k=    1    0.0% edges  obj=1.0541  obj_vs_ideal=4.09%  α_vs_width=13.65%  Δobj=   —     build=0.76s solve=0.60s
2026-07-07 10:22:19.308 | INFO     | pycaalp.time_balancing.model:run_mip:430 - Running MIP solver ...
  k=    2    0.0% edges  obj=1.0541  obj_vs_ideal=4.09%  α_vs_width=13.65%  Δobj=+0.000%  build=1.00s solve=0.38s
2026-07-07 10:22:20.841 | INFO     | pycaalp.time_balancing.model:run_mip:430 - Running MIP solver ...
  k=    3    0.0% edges  obj=1.0541  obj_vs_ideal=4.09%  α_vs_width=13.65%  Δobj=+0.000%  build=1.16s solve=1.12s
2026-07-07 10:22:23.367 | INFO     | pycaalp.time_balancing.model:run_mip:430 - Running MIP solver ...
  k=    4    0.0% edges  obj=1.0541  obj_vs_ideal=4.09%  α_vs_width=13.65%  Δobj=+0.000%  build=1.41s solve=1.09s
2026-07-07 10:22:26.261 | INFO     | pycaalp.time_balancing.model:run_mip:430 - Running MIP solver ...
  k=    6    0.1% edges  obj=1.0541  obj_vs_ideal=4.09%  α_vs_width=13.65%  Δobj=-0.000%  build=1.80s solve=0.58s
2026-07-07 10:22:29.044 | INFO     | pycaalp.time_balancing.model:run_mip:430 - Running MIP solver ...
  k=    8    0.1% edges  obj=1.0525  obj_vs_ideal=3.93%  α_vs_width=13.05%  Δobj=+0.157%  build=2.20s solve=0.54s
2026-07-07 10:22:32.603 | INFO     | pycaalp.time_balancing.model:run_mip:430 - Running MIP solver ...
  k=   12    0.1% edges  obj=1.0525  obj_vs_ideal=3.93%  α_vs_width=13.05%  Δobj=+0.000%  build=3.02s solve=0.58s
2026-07-07 10:22:37.040 | INFO     | pycaalp.time_balancing.model:run_mip:430 - Running MIP solver ...
  k=   16    0.1% edges  obj=1.0525  obj_vs_ideal=3.93%  α_vs_width=13.05%  Δobj=+0.000%  build=3.85s solve=0.95s
2026-07-07 10:22:43.504 | INFO     | pycaalp.time_balancing.model:run_mip:430 - Running MIP solver ...
  k=   24    0.1% edges  obj=1.0525  obj_vs_ideal=3.93%  α_vs_width=13.05%  Δobj=+0.000%  build=5.51s solve=0.32s
2026-07-07 10:22:50.955 | INFO     | pycaalp.time_balancing.model:run_mip:430 - Running MIP solver ...
  k=   32    0.1% edges  obj=1.0525  obj_vs_ideal=3.93%  α_vs_width=13.05%  Δobj=+0.000%  build=7.13s solve=0.61s
2026-07-07 10:23:00.773 | INFO     | pycaalp.time_balancing.model:run_mip:430 - Running MIP solver ...
  k=   48    0.2% edges  obj=1.0525  obj_vs_ideal=3.93%  α_vs_width=13.05%  Δobj=-0.000%  build=9.21s solve=1.45s
2026-07-07 10:23:11.731 | INFO     | pycaalp.time_balancing.model:run_mip:430 - Running MIP solver ...
  k=   64    0.3% edges  obj=1.0525  obj_vs_ideal=3.93%  α_vs_width=13.05%  Δobj=+0.000%  build=9.51s solve=4.83s
2026-07-07 10:23:26.811 | INFO     | pycaalp.time_balancing.model:run_mip:430 - Running MIP solver ...
  k=   96    0.6% edges  obj=1.0525  obj_vs_ideal=3.93%  α_vs_width=13.05%  Δobj=+0.000%  build=10.25s solve=9.53s
2026-07-07 10:23:47.326 | INFO     | pycaalp.time_balancing.model:run_mip:430 - Running MIP solver ...
  k=  128    0.9% edges  obj=1.0525  obj_vs_ideal=3.93%  α_vs_width=13.05%  Δobj=+0.000%  build=10.98s solve=11.70s
2026-07-07 10:24:11.604 | INFO     | pycaalp.time_balancing.model:run_mip:430 - Running MIP solver ...
  k=  192    1.4% edges  obj=1.0525  obj_vs_ideal=3.93%  α_vs_width=13.05%  Δobj=-0.000%  build=12.58s solve=63.06s
2026-07-07 10:25:28.831 | INFO     | pycaalp.time_balancing.model:run_mip:430 - Running MIP solver ...
  k=  256    1.9% edges  obj=1.0525  obj_vs_ideal=3.93%  α_vs_width=13.05%  Δobj=+0.000%  build=14.16s solve=43.96s
2026-07-07 10:26:33.018 | INFO     | pycaalp.time_balancing.model:run_mip:430 - Running MIP solver ...
  k=  512    3.6% edges  obj=1.0525  obj_vs_ideal=3.93%  α_vs_width=13.05%  Δobj=+0.000%  build=20.23s solve=257.02s
  → stop: stop_perc_graph

Done. CSV → experiments/adaptive_convergence/assembly_2_np_4/adaptive_convergence_lambda_0.3.csv

----------------- λ = 0.4 -----------------
========================================================================
adaptive convergence (oracle-free) — assembly_2  P=4  λ=0.4
========================================================================

Building assembly digraph …
2026-07-07 10:18:58.790 | INFO     | pycaalp.gapp.assembly_digraph:compute_assembly_digraph_complete:396 - Computing assembly digraph...
  22160 nodes, 134216 edges  (200.8s)
  ideal obj (Σ shortest-path bound) = 1.0126
  phase width (T_total/P)           = 672.25

[adaptive] k-sweep (stop at 3.0% of edges):
2026-07-07 10:22:20.987 | INFO     | pycaalp.time_balancing.model:run_mip:430 - Running MIP solver ...
  k=    1    0.0% edges  obj=1.0542  obj_vs_ideal=4.11%  α_vs_width=3.09%  Δobj=   —     build=1.32s solve=0.73s
2026-07-07 10:22:23.512 | INFO     | pycaalp.time_balancing.model:run_mip:430 - Running MIP solver ...
  k=    2    0.0% edges  obj=1.0542  obj_vs_ideal=4.11%  α_vs_width=3.09%  Δobj=+0.000%  build=1.79s solve=0.71s
2026-07-07 10:22:26.377 | INFO     | pycaalp.time_balancing.model:run_mip:430 - Running MIP solver ...
  k=    3    0.0% edges  obj=1.0542  obj_vs_ideal=4.11%  α_vs_width=3.09%  Δobj=+0.000%  build=2.16s solve=1.05s
2026-07-07 10:22:30.132 | INFO     | pycaalp.time_balancing.model:run_mip:430 - Running MIP solver ...
  k=    4    0.0% edges  obj=1.0542  obj_vs_ideal=4.11%  α_vs_width=3.09%  Δobj=+0.000%  build=2.71s solve=1.04s
2026-07-07 10:22:34.777 | INFO     | pycaalp.time_balancing.model:run_mip:430 - Running MIP solver ...
  k=    6    0.1% edges  obj=1.0542  obj_vs_ideal=4.11%  α_vs_width=3.09%  Δobj=-0.000%  build=3.60s solve=1.30s
2026-07-07 10:22:40.577 | INFO     | pycaalp.time_balancing.model:run_mip:430 - Running MIP solver ...
  k=    8    0.1% edges  obj=1.0542  obj_vs_ideal=4.11%  α_vs_width=3.09%  Δobj=+0.000%  build=4.50s solve=0.85s
2026-07-07 10:22:47.750 | INFO     | pycaalp.time_balancing.model:run_mip:430 - Running MIP solver ...
  k=   12    0.1% edges  obj=1.0542  obj_vs_ideal=4.11%  α_vs_width=3.09%  Δobj=+0.000%  build=6.32s solve=0.91s
2026-07-07 10:22:56.799 | INFO     | pycaalp.time_balancing.model:run_mip:430 - Running MIP solver ...
  k=   16    0.1% edges  obj=1.0542  obj_vs_ideal=4.11%  α_vs_width=3.09%  Δobj=+0.000%  build=8.14s solve=0.67s
2026-07-07 10:23:09.168 | INFO     | pycaalp.time_balancing.model:run_mip:430 - Running MIP solver ...
  k=   24    0.1% edges  obj=1.0542  obj_vs_ideal=4.11%  α_vs_width=3.09%  Δobj=+0.000%  build=11.70s solve=0.42s
2026-07-07 10:23:24.993 | INFO     | pycaalp.time_balancing.model:run_mip:430 - Running MIP solver ...
  k=   32    0.1% edges  obj=1.0542  obj_vs_ideal=4.11%  α_vs_width=3.09%  Δobj=+0.000%  build=15.41s solve=0.78s
2026-07-07 10:23:45.780 | INFO     | pycaalp.time_balancing.model:run_mip:430 - Running MIP solver ...
  k=   48    0.2% edges  obj=1.0542  obj_vs_ideal=4.11%  α_vs_width=3.09%  Δobj=+0.000%  build=20.01s solve=0.95s
2026-07-07 10:24:07.342 | INFO     | pycaalp.time_balancing.model:run_mip:430 - Running MIP solver ...
  k=   64    0.3% edges  obj=1.0542  obj_vs_ideal=4.11%  α_vs_width=3.09%  Δobj=+0.000%  build=20.61s solve=5.08s
2026-07-07 10:24:34.858 | INFO     | pycaalp.time_balancing.model:run_mip:430 - Running MIP solver ...
  k=   96    0.6% edges  obj=1.0542  obj_vs_ideal=4.11%  α_vs_width=3.09%  Δobj=+0.000%  build=22.44s solve=11.18s
2026-07-07 10:25:10.860 | INFO     | pycaalp.time_balancing.model:run_mip:430 - Running MIP solver ...
  k=  128    0.9% edges  obj=1.0542  obj_vs_ideal=4.11%  α_vs_width=3.09%  Δobj=+0.000%  build=24.82s solve=12.32s
2026-07-07 10:25:50.920 | INFO     | pycaalp.time_balancing.model:run_mip:430 - Running MIP solver ...
  k=  192    1.4% edges  obj=1.0542  obj_vs_ideal=4.11%  α_vs_width=3.09%  Δobj=+0.000%  build=27.74s solve=23.38s
2026-07-07 10:26:46.894 | INFO     | pycaalp.time_balancing.model:run_mip:430 - Running MIP solver ...
  k=  256    1.9% edges  obj=1.0542  obj_vs_ideal=4.11%  α_vs_width=3.09%  Δobj=+0.000%  build=32.59s solve=92.21s
2026-07-07 10:29:08.599 | INFO     | pycaalp.time_balancing.model:run_mip:430 - Running MIP solver ...
  k=  512    3.6% edges  obj=1.0542  obj_vs_ideal=4.11%  α_vs_width=3.09%  Δobj=+0.000%  build=49.49s solve=430.46s
  → stop: stop_perc_graph

Done. CSV → experiments/adaptive_convergence/assembly_2_np_4/adaptive_convergence_lambda_0.4.csv

----------------- λ = 0.5 -----------------
========================================================================
adaptive convergence (oracle-free) — assembly_2  P=4  λ=0.5
========================================================================

Building assembly digraph …
2026-07-07 10:18:58.771 | INFO     | pycaalp.gapp.assembly_digraph:compute_assembly_digraph_complete:396 - Computing assembly digraph...
  22160 nodes, 134216 edges  (203.6s)
  ideal obj (Σ shortest-path bound) = 1.0126
  phase width (T_total/P)           = 672.25

[adaptive] k-sweep (stop at 3.0% of edges):
2026-07-07 10:22:23.792 | INFO     | pycaalp.time_balancing.model:run_mip:430 - Running MIP solver ...
  k=    1    0.0% edges  obj=1.0525  obj_vs_ideal=3.94%  α_vs_width=3.09%  Δobj=   —     build=1.35s solve=0.76s
2026-07-07 10:22:26.379 | INFO     | pycaalp.time_balancing.model:run_mip:430 - Running MIP solver ...
  k=    2    0.0% edges  obj=1.0525  obj_vs_ideal=3.94%  α_vs_width=3.09%  Δobj=+0.000%  build=1.82s solve=0.17s
2026-07-07 10:22:28.831 | INFO     | pycaalp.time_balancing.model:run_mip:430 - Running MIP solver ...
  k=    3    0.0% edges  obj=1.0525  obj_vs_ideal=3.94%  α_vs_width=3.09%  Δobj=+0.000%  build=2.28s solve=0.19s
2026-07-07 10:22:31.757 | INFO     | pycaalp.time_balancing.model:run_mip:430 - Running MIP solver ...
  k=    4    0.0% edges  obj=1.0525  obj_vs_ideal=3.94%  α_vs_width=3.09%  Δobj=+0.000%  build=2.74s solve=0.19s
2026-07-07 10:22:35.650 | INFO     | pycaalp.time_balancing.model:run_mip:430 - Running MIP solver ...
  k=    6    0.1% edges  obj=1.0525  obj_vs_ideal=3.94%  α_vs_width=3.09%  Δobj=+0.000%  build=3.71s solve=0.33s
2026-07-07 10:22:40.642 | INFO     | pycaalp.time_balancing.model:run_mip:430 - Running MIP solver ...
  k=    8    0.1% edges  obj=1.0525  obj_vs_ideal=3.94%  α_vs_width=3.09%  Δobj=+0.000%  build=4.67s solve=0.62s
2026-07-07 10:22:47.841 | INFO     | pycaalp.time_balancing.model:run_mip:430 - Running MIP solver ...
  k=   12    0.1% edges  obj=1.0525  obj_vs_ideal=3.94%  α_vs_width=3.09%  Δobj=+0.000%  build=6.58s solve=2.31s
2026-07-07 10:22:58.469 | INFO     | pycaalp.time_balancing.model:run_mip:430 - Running MIP solver ...
  k=   16    0.1% edges  obj=1.0525  obj_vs_ideal=3.94%  α_vs_width=3.09%  Δobj=+0.000%  build=8.32s solve=0.37s
2026-07-07 10:23:10.957 | INFO     | pycaalp.time_balancing.model:run_mip:430 - Running MIP solver ...
  k=   24    0.1% edges  obj=1.0525  obj_vs_ideal=3.94%  α_vs_width=3.09%  Δobj=-0.000%  build=12.12s solve=0.43s
2026-07-07 10:23:27.371 | INFO     | pycaalp.time_balancing.model:run_mip:430 - Running MIP solver ...
  k=   32    0.1% edges  obj=1.0525  obj_vs_ideal=3.94%  α_vs_width=3.09%  Δobj=+0.000%  build=15.99s solve=0.44s
2026-07-07 10:23:48.550 | INFO     | pycaalp.time_balancing.model:run_mip:430 - Running MIP solver ...
  k=   48    0.2% edges  obj=1.0525  obj_vs_ideal=3.94%  α_vs_width=3.09%  Δobj=+0.000%  build=20.74s solve=1.16s
2026-07-07 10:24:11.124 | INFO     | pycaalp.time_balancing.model:run_mip:430 - Running MIP solver ...
  k=   64    0.3% edges  obj=1.0525  obj_vs_ideal=3.94%  α_vs_width=3.09%  Δobj=+0.000%  build=21.41s solve=4.43s
2026-07-07 10:24:38.960 | INFO     | pycaalp.time_balancing.model:run_mip:430 - Running MIP solver ...
  k=   96    0.6% edges  obj=1.0525  obj_vs_ideal=3.94%  α_vs_width=3.09%  Δobj=+0.000%  build=23.40s solve=5.29s
2026-07-07 10:25:09.799 | INFO     | pycaalp.time_balancing.model:run_mip:430 - Running MIP solver ...
  k=  128    0.9% edges  obj=1.0525  obj_vs_ideal=3.94%  α_vs_width=3.09%  Δobj=+0.000%  build=25.55s solve=24.12s
2026-07-07 10:26:02.972 | INFO     | pycaalp.time_balancing.model:run_mip:430 - Running MIP solver ...
  k=  192    1.4% edges  obj=1.0525  obj_vs_ideal=3.94%  α_vs_width=3.09%  Δobj=+0.000%  build=29.05s solve=48.00s
2026-07-07 10:27:25.190 | INFO     | pycaalp.time_balancing.model:run_mip:430 - Running MIP solver ...
  k=  256    1.9% edges  obj=1.0525  obj_vs_ideal=3.94%  α_vs_width=3.09%  Δobj=+0.000%  build=34.22s solve=149.04s
2026-07-07 10:30:42.032 | INFO     | pycaalp.time_balancing.model:run_mip:430 - Running MIP solver ...
  k=  512    3.6% edges  obj=1.0523  obj_vs_ideal=3.92%  α_vs_width=3.09%  Δobj=+0.019%  build=47.80s solve=492.34s
  → stop: stop_perc_graph

Done. CSV → experiments/adaptive_convergence/assembly_2_np_4/adaptive_convergence_lambda_0.5.csv

----------------- λ = 0.6 -----------------
========================================================================
adaptive convergence (oracle-free) — assembly_2  P=4  λ=0.6
========================================================================

Building assembly digraph …
2026-07-07 10:18:58.841 | INFO     | pycaalp.gapp.assembly_digraph:compute_assembly_digraph_complete:396 - Computing assembly digraph...
  22160 nodes, 134216 edges  (194.3s)
  ideal obj (Σ shortest-path bound) = 1.0126
  phase width (T_total/P)           = 672.25

[adaptive] k-sweep (stop at 3.0% of edges):
2026-07-07 10:22:14.356 | INFO     | pycaalp.time_balancing.model:run_mip:430 - Running MIP solver ...
  k=    1    0.0% edges  obj=1.0508  obj_vs_ideal=3.77%  α_vs_width=3.09%  Δobj=   —     build=1.17s solve=0.96s
2026-07-07 10:22:17.001 | INFO     | pycaalp.time_balancing.model:run_mip:430 - Running MIP solver ...
  k=    2    0.0% edges  obj=1.0508  obj_vs_ideal=3.77%  α_vs_width=3.09%  Δobj=-0.000%  build=1.68s solve=0.31s
2026-07-07 10:22:19.424 | INFO     | pycaalp.time_balancing.model:run_mip:430 - Running MIP solver ...
  k=    3    0.0% edges  obj=1.0508  obj_vs_ideal=3.77%  α_vs_width=3.09%  Δobj=+0.000%  build=2.11s solve=0.22s
2026-07-07 10:22:22.290 | INFO     | pycaalp.time_balancing.model:run_mip:430 - Running MIP solver ...
  k=    4    0.0% edges  obj=1.0508  obj_vs_ideal=3.77%  α_vs_width=3.09%  Δobj=+0.000%  build=2.64s solve=0.22s
2026-07-07 10:22:26.168 | INFO     | pycaalp.time_balancing.model:run_mip:430 - Running MIP solver ...
  k=    6    0.1% edges  obj=1.0508  obj_vs_ideal=3.77%  α_vs_width=3.09%  Δobj=+0.000%  build=3.66s solve=0.20s
2026-07-07 10:22:30.935 | INFO     | pycaalp.time_balancing.model:run_mip:430 - Running MIP solver ...
  k=    8    0.1% edges  obj=1.0508  obj_vs_ideal=3.77%  α_vs_width=3.09%  Δobj=+0.000%  build=4.56s solve=0.37s
2026-07-07 10:22:37.734 | INFO     | pycaalp.time_balancing.model:run_mip:430 - Running MIP solver ...
  k=   12    0.1% edges  obj=1.0508  obj_vs_ideal=3.77%  α_vs_width=3.09%  Δobj=+0.000%  build=6.43s solve=0.26s
2026-07-07 10:22:46.130 | INFO     | pycaalp.time_balancing.model:run_mip:430 - Running MIP solver ...
  k=   16    0.1% edges  obj=1.0508  obj_vs_ideal=3.77%  α_vs_width=3.09%  Δobj=+0.000%  build=8.14s solve=0.77s
2026-07-07 10:22:58.710 | INFO     | pycaalp.time_balancing.model:run_mip:430 - Running MIP solver ...
  k=   24    0.1% edges  obj=1.0508  obj_vs_ideal=3.77%  α_vs_width=3.09%  Δobj=+0.000%  build=11.81s solve=0.35s
2026-07-07 10:23:14.449 | INFO     | pycaalp.time_balancing.model:run_mip:430 - Running MIP solver ...
  k=   32    0.1% edges  obj=1.0508  obj_vs_ideal=3.77%  α_vs_width=3.09%  Δobj=-0.000%  build=15.38s solve=0.90s
2026-07-07 10:23:35.107 | INFO     | pycaalp.time_balancing.model:run_mip:430 - Running MIP solver ...
  k=   48    0.2% edges  obj=1.0494  obj_vs_ideal=3.63%  α_vs_width=2.34%  Δobj=+0.135%  build=19.76s solve=1.14s
2026-07-07 10:23:56.743 | INFO     | pycaalp.time_balancing.model:run_mip:430 - Running MIP solver ...
  k=   64    0.3% edges  obj=1.0494  obj_vs_ideal=3.63%  α_vs_width=2.34%  Δobj=+0.000%  build=20.50s solve=2.39s
2026-07-07 10:24:21.340 | INFO     | pycaalp.time_balancing.model:run_mip:430 - Running MIP solver ...
  k=   96    0.6% edges  obj=1.0494  obj_vs_ideal=3.63%  α_vs_width=2.34%  Δobj=+0.000%  build=22.21s solve=13.02s
2026-07-07 10:24:58.500 | INFO     | pycaalp.time_balancing.model:run_mip:430 - Running MIP solver ...
  k=  128    0.9% edges  obj=1.0494  obj_vs_ideal=3.63%  α_vs_width=2.34%  Δobj=-0.000%  build=24.14s solve=34.23s
2026-07-07 10:26:00.549 | INFO     | pycaalp.time_balancing.model:run_mip:430 - Running MIP solver ...
  k=  192    1.4% edges  obj=1.0494  obj_vs_ideal=3.63%  α_vs_width=2.34%  Δobj=+0.000%  build=27.82s solve=31.40s
2026-07-07 10:27:04.009 | INFO     | pycaalp.time_balancing.model:run_mip:430 - Running MIP solver ...
  k=  256    1.9% edges  obj=1.0494  obj_vs_ideal=3.63%  α_vs_width=2.34%  Δobj=+0.000%  build=32.06s solve=71.68s
2026-07-07 10:29:02.804 | INFO     | pycaalp.time_balancing.model:run_mip:430 - Running MIP solver ...
  k=  512    3.6% edges  obj=1.0494  obj_vs_ideal=3.63%  α_vs_width=2.34%  Δobj=+0.000%  build=47.12s solve=474.25s
  → stop: stop_perc_graph

Done. CSV → experiments/adaptive_convergence/assembly_2_np_4/adaptive_convergence_lambda_0.6.csv

----------------- λ = 0.7 -----------------
========================================================================
adaptive convergence (oracle-free) — assembly_2  P=4  λ=0.7
========================================================================

Building assembly digraph …
2026-07-07 10:18:58.790 | INFO     | pycaalp.gapp.assembly_digraph:compute_assembly_digraph_complete:396 - Computing assembly digraph...
  22160 nodes, 134216 edges  (197.2s)
  ideal obj (Σ shortest-path bound) = 1.0126
  phase width (T_total/P)           = 672.25

[adaptive] k-sweep (stop at 3.0% of edges):
2026-07-07 10:22:17.337 | INFO     | pycaalp.time_balancing.model:run_mip:430 - Running MIP solver ...
  k=    1    0.0% edges  obj=1.0491  obj_vs_ideal=3.6%  α_vs_width=3.09%  Δobj=   —     build=1.26s solve=0.57s
2026-07-07 10:22:19.704 | INFO     | pycaalp.time_balancing.model:run_mip:430 - Running MIP solver ...
  k=    2    0.0% edges  obj=1.0491  obj_vs_ideal=3.6%  α_vs_width=3.09%  Δobj=+0.000%  build=1.80s solve=0.19s
2026-07-07 10:22:22.085 | INFO     | pycaalp.time_balancing.model:run_mip:430 - Running MIP solver ...
  k=    3    0.0% edges  obj=1.0491  obj_vs_ideal=3.6%  α_vs_width=3.09%  Δobj=+0.000%  build=2.19s solve=0.48s
2026-07-07 10:22:25.329 | INFO     | pycaalp.time_balancing.model:run_mip:430 - Running MIP solver ...
  k=    4    0.0% edges  obj=1.0491  obj_vs_ideal=3.6%  α_vs_width=3.09%  Δobj=+0.000%  build=2.76s solve=0.48s
2026-07-07 10:22:29.489 | INFO     | pycaalp.time_balancing.model:run_mip:430 - Running MIP solver ...
  k=    6    0.1% edges  obj=1.0491  obj_vs_ideal=3.6%  α_vs_width=3.09%  Δobj=+0.000%  build=3.68s solve=0.25s
2026-07-07 10:22:34.300 | INFO     | pycaalp.time_balancing.model:run_mip:430 - Running MIP solver ...
  k=    8    0.1% edges  obj=1.0491  obj_vs_ideal=3.6%  α_vs_width=3.09%  Δobj=+0.000%  build=4.56s solve=0.29s
2026-07-07 10:22:40.932 | INFO     | pycaalp.time_balancing.model:run_mip:430 - Running MIP solver ...
  k=   12    0.1% edges  obj=1.0491  obj_vs_ideal=3.6%  α_vs_width=3.09%  Δobj=+0.000%  build=6.35s solve=0.25s
2026-07-07 10:22:49.358 | INFO     | pycaalp.time_balancing.model:run_mip:430 - Running MIP solver ...
  k=   16    0.1% edges  obj=1.0491  obj_vs_ideal=3.6%  α_vs_width=3.09%  Δobj=+0.000%  build=8.18s solve=0.31s
2026-07-07 10:23:01.598 | INFO     | pycaalp.time_balancing.model:run_mip:430 - Running MIP solver ...
  k=   24    0.1% edges  obj=1.0491  obj_vs_ideal=3.6%  α_vs_width=3.09%  Δobj=+0.000%  build=11.93s solve=0.59s
2026-07-07 10:23:17.917 | INFO     | pycaalp.time_balancing.model:run_mip:430 - Running MIP solver ...
  k=   32    0.1% edges  obj=1.0491  obj_vs_ideal=3.6%  α_vs_width=3.09%  Δobj=+0.000%  build=15.73s solve=0.47s
2026-07-07 10:23:38.435 | INFO     | pycaalp.time_balancing.model:run_mip:430 - Running MIP solver ...
  k=   48    0.2% edges  obj=1.0461  obj_vs_ideal=3.31%  α_vs_width=2.34%  Δobj=+0.281%  build=20.05s solve=1.16s
2026-07-07 10:24:00.300 | INFO     | pycaalp.time_balancing.model:run_mip:430 - Running MIP solver ...
  k=   64    0.3% edges  obj=1.0461  obj_vs_ideal=3.31%  α_vs_width=2.34%  Δobj=+0.000%  build=20.71s solve=4.83s
2026-07-07 10:24:27.501 | INFO     | pycaalp.time_balancing.model:run_mip:430 - Running MIP solver ...
  k=   96    0.6% edges  obj=1.0461  obj_vs_ideal=3.31%  α_vs_width=2.34%  Δobj=-0.000%  build=22.37s solve=8.09s
2026-07-07 10:24:59.816 | INFO     | pycaalp.time_balancing.model:run_mip:430 - Running MIP solver ...
  k=  128    0.9% edges  obj=1.0461  obj_vs_ideal=3.31%  α_vs_width=2.34%  Δobj=+0.000%  build=24.23s solve=24.41s
2026-07-07 10:25:51.990 | INFO     | pycaalp.time_balancing.model:run_mip:430 - Running MIP solver ...
  k=  192    1.4% edges  obj=1.0461  obj_vs_ideal=3.31%  α_vs_width=2.34%  Δobj=+0.000%  build=27.76s solve=38.48s
2026-07-07 10:27:03.142 | INFO     | pycaalp.time_balancing.model:run_mip:430 - Running MIP solver ...
  k=  256    1.9% edges  obj=1.0461  obj_vs_ideal=3.31%  α_vs_width=2.34%  Δobj=-0.000%  build=32.67s solve=128.33s
2026-07-07 10:29:58.587 | INFO     | pycaalp.time_balancing.model:run_mip:430 - Running MIP solver ...
  k=  512    3.6% edges  obj=1.0461  obj_vs_ideal=3.31%  α_vs_width=2.34%  Δobj=+0.000%  build=47.12s solve=264.10s
  → stop: stop_perc_graph

Done. CSV → experiments/adaptive_convergence/assembly_2_np_4/adaptive_convergence_lambda_0.7.csv

----------------- λ = 0.8 -----------------
========================================================================
adaptive convergence (oracle-free) — assembly_2  P=4  λ=0.8
========================================================================

Building assembly digraph …
2026-07-07 10:18:58.792 | INFO     | pycaalp.gapp.assembly_digraph:compute_assembly_digraph_complete:396 - Computing assembly digraph...
  22160 nodes, 134216 edges  (193.5s)
  ideal obj (Σ shortest-path bound) = 1.0126
  phase width (T_total/P)           = 672.25

[adaptive] k-sweep (stop at 3.0% of edges):
2026-07-07 10:22:13.571 | INFO     | pycaalp.time_balancing.model:run_mip:430 - Running MIP solver ...
  k=    1    0.0% edges  obj=1.0473  obj_vs_ideal=3.43%  α_vs_width=3.09%  Δobj=   —     build=1.17s solve=0.16s
2026-07-07 10:22:15.286 | INFO     | pycaalp.time_balancing.model:run_mip:430 - Running MIP solver ...
  k=    2    0.0% edges  obj=1.0473  obj_vs_ideal=3.43%  α_vs_width=3.09%  Δobj=+0.000%  build=1.55s solve=0.16s
2026-07-07 10:22:17.525 | INFO     | pycaalp.time_balancing.model:run_mip:430 - Running MIP solver ...
  k=    3    0.0% edges  obj=1.0473  obj_vs_ideal=3.43%  α_vs_width=3.09%  Δobj=+0.000%  build=2.08s solve=1.07s
2026-07-07 10:22:21.291 | INFO     | pycaalp.time_balancing.model:run_mip:430 - Running MIP solver ...
  k=    4    0.0% edges  obj=1.0473  obj_vs_ideal=3.43%  α_vs_width=3.09%  Δobj=+0.000%  build=2.70s solve=1.05s
2026-07-07 10:22:25.965 | INFO     | pycaalp.time_balancing.model:run_mip:430 - Running MIP solver ...
  k=    6    0.1% edges  obj=1.0473  obj_vs_ideal=3.43%  α_vs_width=3.09%  Δobj=+0.000%  build=3.63s solve=0.18s
2026-07-07 10:22:30.706 | INFO     | pycaalp.time_balancing.model:run_mip:430 - Running MIP solver ...
  k=    8    0.1% edges  obj=1.0473  obj_vs_ideal=3.43%  α_vs_width=3.09%  Δobj=+0.000%  build=4.56s solve=0.25s
2026-07-07 10:22:37.288 | INFO     | pycaalp.time_balancing.model:run_mip:430 - Running MIP solver ...
  k=   12    0.1% edges  obj=1.0473  obj_vs_ideal=3.43%  α_vs_width=3.09%  Δobj=+0.000%  build=6.33s solve=0.23s
2026-07-07 10:22:45.640 | INFO     | pycaalp.time_balancing.model:run_mip:430 - Running MIP solver ...
  k=   16    0.1% edges  obj=1.0473  obj_vs_ideal=3.43%  α_vs_width=3.09%  Δobj=+0.000%  build=8.12s solve=0.36s
2026-07-07 10:22:57.708 | INFO     | pycaalp.time_balancing.model:run_mip:430 - Running MIP solver ...
  k=   24    0.1% edges  obj=1.0473  obj_vs_ideal=3.43%  α_vs_width=3.09%  Δobj=+0.000%  build=11.71s solve=0.31s
2026-07-07 10:23:13.271 | INFO     | pycaalp.time_balancing.model:run_mip:430 - Running MIP solver ...
  k=   32    0.1% edges  obj=1.0473  obj_vs_ideal=3.43%  α_vs_width=3.09%  Δobj=+0.000%  build=15.25s solve=0.43s
2026-07-07 10:23:33.458 | INFO     | pycaalp.time_balancing.model:run_mip:430 - Running MIP solver ...
  k=   48    0.2% edges  obj=1.0429  obj_vs_ideal=2.98%  α_vs_width=2.34%  Δobj=+0.427%  build=19.76s solve=1.23s
2026-07-07 10:23:55.193 | INFO     | pycaalp.time_balancing.model:run_mip:430 - Running MIP solver ...
  k=   64    0.3% edges  obj=1.0429  obj_vs_ideal=2.98%  α_vs_width=2.34%  Δobj=+0.000%  build=20.50s solve=4.40s
2026-07-07 10:24:21.825 | INFO     | pycaalp.time_balancing.model:run_mip:430 - Running MIP solver ...
  k=   96    0.6% edges  obj=1.0429  obj_vs_ideal=2.98%  α_vs_width=2.34%  Δobj=+0.000%  build=22.24s solve=10.84s
2026-07-07 10:24:56.696 | INFO     | pycaalp.time_balancing.model:run_mip:430 - Running MIP solver ...
  k=  128    0.9% edges  obj=1.0429  obj_vs_ideal=2.98%  α_vs_width=2.34%  Δobj=-0.000%  build=24.03s solve=28.89s
2026-07-07 10:25:52.996 | INFO     | pycaalp.time_balancing.model:run_mip:430 - Running MIP solver ...
  k=  192    1.4% edges  obj=1.0429  obj_vs_ideal=2.98%  α_vs_width=2.34%  Δobj=+0.000%  build=27.41s solve=101.47s
2026-07-07 10:28:07.526 | INFO     | pycaalp.time_balancing.model:run_mip:430 - Running MIP solver ...
  k=  256    1.9% edges  obj=1.0429  obj_vs_ideal=2.98%  α_vs_width=2.34%  Δobj=+0.000%  build=33.06s solve=115.02s
2026-07-07 10:30:49.866 | INFO     | pycaalp.time_balancing.model:run_mip:430 - Running MIP solver ...
  k=  512    3.6% edges  obj=1.0429  obj_vs_ideal=2.98%  α_vs_width=2.34%  Δobj=+0.000%  build=47.32s solve=371.34s
  → stop: stop_perc_graph

Done. CSV → experiments/adaptive_convergence/assembly_2_np_4/adaptive_convergence_lambda_0.8.csv

----------------- λ = 0.9 -----------------
========================================================================
adaptive convergence (oracle-free) — assembly_2  P=4  λ=0.9
========================================================================

Building assembly digraph …
2026-07-07 10:18:58.821 | INFO     | pycaalp.gapp.assembly_digraph:compute_assembly_digraph_complete:396 - Computing assembly digraph...
  22160 nodes, 134216 edges  (190.1s)
  ideal obj (Σ shortest-path bound) = 1.0126
  phase width (T_total/P)           = 672.25

[adaptive] k-sweep (stop at 3.0% of edges):
2026-07-07 10:22:10.123 | INFO     | pycaalp.time_balancing.model:run_mip:430 - Running MIP solver ...
  k=    1    0.0% edges  obj=1.0456  obj_vs_ideal=3.26%  α_vs_width=3.09%  Δobj=   —     build=1.09s solve=0.18s
2026-07-07 10:22:11.720 | INFO     | pycaalp.time_balancing.model:run_mip:430 - Running MIP solver ...
  k=    2    0.0% edges  obj=1.0456  obj_vs_ideal=3.26%  α_vs_width=3.09%  Δobj=+0.000%  build=1.42s solve=0.73s
2026-07-07 10:22:14.401 | INFO     | pycaalp.time_balancing.model:run_mip:430 - Running MIP solver ...
  k=    3    0.0% edges  obj=1.0456  obj_vs_ideal=3.26%  α_vs_width=3.09%  Δobj=+0.000%  build=1.95s solve=0.27s
2026-07-07 10:22:17.184 | INFO     | pycaalp.time_balancing.model:run_mip:430 - Running MIP solver ...
  k=    4    0.0% edges  obj=1.0456  obj_vs_ideal=3.26%  α_vs_width=3.09%  Δobj=+0.000%  build=2.51s solve=0.27s
2026-07-07 10:22:21.074 | INFO     | pycaalp.time_balancing.model:run_mip:430 - Running MIP solver ...
  k=    6    0.1% edges  obj=1.0456  obj_vs_ideal=3.26%  α_vs_width=3.09%  Δobj=+0.000%  build=3.62s solve=0.53s
2026-07-07 10:22:26.207 | INFO     | pycaalp.time_balancing.model:run_mip:430 - Running MIP solver ...
  k=    8    0.1% edges  obj=1.0456  obj_vs_ideal=3.26%  α_vs_width=3.09%  Δobj=+0.000%  build=4.61s solve=0.48s
2026-07-07 10:22:33.165 | INFO     | pycaalp.time_balancing.model:run_mip:430 - Running MIP solver ...
  k=   12    0.1% edges  obj=1.0456  obj_vs_ideal=3.26%  α_vs_width=3.09%  Δobj=+0.000%  build=6.48s solve=0.39s
2026-07-07 10:22:41.776 | INFO     | pycaalp.time_balancing.model:run_mip:430 - Running MIP solver ...
  k=   16    0.1% edges  obj=1.0456  obj_vs_ideal=3.26%  α_vs_width=3.09%  Δobj=+0.000%  build=8.22s solve=0.61s
2026-07-07 10:22:54.189 | INFO     | pycaalp.time_balancing.model:run_mip:430 - Running MIP solver ...
  k=   24    0.1% edges  obj=1.0456  obj_vs_ideal=3.26%  α_vs_width=3.09%  Δobj=-0.000%  build=11.80s solve=0.48s
2026-07-07 10:23:10.163 | INFO     | pycaalp.time_balancing.model:run_mip:430 - Running MIP solver ...
  k=   32    0.1% edges  obj=1.0456  obj_vs_ideal=3.26%  α_vs_width=3.09%  Δobj=+0.000%  build=15.50s solve=0.47s
2026-07-07 10:23:30.401 | INFO     | pycaalp.time_balancing.model:run_mip:430 - Running MIP solver ...
  k=   48    0.2% edges  obj=1.0373  obj_vs_ideal=2.44%  α_vs_width=1.15%  Δobj=+0.792%  build=19.77s solve=0.86s
2026-07-07 10:23:51.877 | INFO     | pycaalp.time_balancing.model:run_mip:430 - Running MIP solver ...
  k=   64    0.3% edges  obj=1.0373  obj_vs_ideal=2.44%  α_vs_width=1.15%  Δobj=+0.000%  build=20.61s solve=3.74s
2026-07-07 10:24:17.981 | INFO     | pycaalp.time_balancing.model:run_mip:430 - Running MIP solver ...
  k=   96    0.6% edges  obj=1.0341  obj_vs_ideal=2.12%  α_vs_width=0.86%  Δobj=+0.311%  build=22.36s solve=11.90s
2026-07-07 10:24:53.984 | INFO     | pycaalp.time_balancing.model:run_mip:430 - Running MIP solver ...
  k=  128    0.9% edges  obj=1.0341  obj_vs_ideal=2.12%  α_vs_width=0.86%  Δobj=+0.000%  build=24.11s solve=27.38s
2026-07-07 10:25:48.882 | INFO     | pycaalp.time_balancing.model:run_mip:430 - Running MIP solver ...
  k=  192    1.4% edges  obj=1.0341  obj_vs_ideal=2.12%  α_vs_width=0.86%  Δobj=+0.000%  build=27.52s solve=65.47s
2026-07-07 10:27:27.006 | INFO     | pycaalp.time_balancing.model:run_mip:430 - Running MIP solver ...
  k=  256    1.9% edges  obj=1.0341  obj_vs_ideal=2.12%  α_vs_width=0.86%  Δobj=+0.000%  build=32.66s solve=112.03s
2026-07-07 10:30:05.105 | INFO     | pycaalp.time_balancing.model:run_mip:430 - Running MIP solver ...
  k=  512    3.6% edges  obj=1.0341  obj_vs_ideal=2.12%  α_vs_width=0.86%  Δobj=+0.000%  build=46.07s solve=511.80s
  → stop: stop_perc_graph

Done. CSV → experiments/adaptive_convergence/assembly_2_np_4/adaptive_convergence_lambda_0.9.csv
Combined CSV → experiments/adaptive_convergence/assembly_2_np_4/adaptive_convergence.csv
Saved experiments/adaptive_convergence/assembly_2_np_4/convergence_path_vs_cmin_assembly_2_P4.svg
Saved experiments/adaptive_convergence/assembly_2_np_4/convergence_alpha_vs_width_assembly_2_P4.svg
Saved experiments/adaptive_convergence/assembly_2_np_4/convergence_fused_assembly_2_P4.svg
Saved experiments/adaptive_convergence/assembly_2_np_4/solutions_asp_plp_assembly_2_P4.svg
