================ bl-union convergence sweep ================
date         : 2026-07-02T13:33:21+02:00
host         : pop-os
git commit   : bc1a042 (research/wgp-2026)
python       : Python 3.14.4
instance     : assembly_1
parts file   : data/assembly_1/assembly_1_parts.json
dfm file     : 
num_phases   : 3
lambda grid  : 0.0 0.1 0.2 0.3 0.4 0.5 0.6 0.7 0.8 0.9 1.0
k values     : [1, 2, 3, 4, 6, 8, 12, 16, 24, 32, 48, 64, 96, 128, 192, 256, 384, 512, 768, 1024, 1536, 2048]
blend grid   : [0.0, 0.5, 1.0]
jobs (par.)  : 11
rundir       : experiments/bl_union_convergence/assembly_1_np_3_methods
===========================================================
extra args   : --num-phases 3 --stop none --stop-perc-graph 10 --methods bl_union,adaptive --no-cache

----------------- λ = 0.0 -----------------
========================================================================
bl-union convergence — assembly_1  P=3  λ=0.0
========================================================================

Building assembly digraph …
2026-07-02 13:33:22.019 | INFO     | pycaalp.gapp.assembly_digraph:compute_assembly_digraph_complete:395 - Computing assembly digraph...
  343 nodes, 1105 edges  (0.1s)

[ref] Full MIP  P=3  λ=0.0 …
2026-07-02 13:33:22.132 | INFO     | pycaalp.time_balancing.model:run_mip:430 - Running MIP solver ...
  obj=0.8329  alpha=2156.8s  time=0.14s

[bl_union] k-sweep (stop: none, stop at 10.0% of the full directed graph):
2026-07-02 13:33:22.277 | INFO     | pycaalp.time_balancing.model:run_mip:430 - Running MIP solver ...
sub_stop=3.3484162895927603
  k=    1  edges=  37 ( 3.35%)  Δe=  37  obj=0.8329  gap=-0.00%  Δobj=   —     build=0.01s solve=0.01s
2026-07-02 13:33:22.293 | INFO     | pycaalp.time_balancing.model:run_mip:430 - Running MIP solver ...
sub_stop=3.8009049773755654
  k=    2  edges=  42 (  3.8%)  Δe=   5  obj=0.8329  gap=+0.00%  Δobj=-0.000%  build=0.01s solve=0.01s
2026-07-02 13:33:22.315 | INFO     | pycaalp.time_balancing.model:run_mip:430 - Running MIP solver ...
sub_stop=4.343891402714932
  k=    3  edges=  48 ( 4.34%)  Δe=   6  obj=0.8329  gap=+0.00%  Δobj=+0.000%  build=0.01s solve=0.01s
2026-07-02 13:33:22.341 | INFO     | pycaalp.time_balancing.model:run_mip:430 - Running MIP solver ...
sub_stop=4.886877828054299
  k=    4  edges=  54 ( 4.89%)  Δe=   6  obj=0.8329  gap=+0.00%  Δobj=+0.000%  build=0.02s solve=0.01s
2026-07-02 13:33:22.376 | INFO     | pycaalp.time_balancing.model:run_mip:430 - Running MIP solver ...
sub_stop=5.791855203619909
  k=    6  edges=  64 ( 5.79%)  Δe=  10  obj=0.8329  gap=+0.00%  Δobj=+0.000%  build=0.03s solve=0.01s
2026-07-02 13:33:22.423 | INFO     | pycaalp.time_balancing.model:run_mip:430 - Running MIP solver ...
sub_stop=6.60633484162896
  k=    8  edges=  73 ( 6.61%)  Δe=   9  obj=0.8329  gap=+0.00%  Δobj=+0.000%  build=0.04s solve=0.01s
2026-07-02 13:33:22.486 | INFO     | pycaalp.time_balancing.model:run_mip:430 - Running MIP solver ...
sub_stop=7.51131221719457
  k=   12  edges=  83 ( 7.51%)  Δe=  10  obj=0.8329  gap=+0.00%  Δobj=+0.000%  build=0.05s solve=0.01s
2026-07-02 13:33:22.569 | INFO     | pycaalp.time_balancing.model:run_mip:430 - Running MIP solver ...
sub_stop=8.054298642533936
  k=   16  edges=  89 ( 8.05%)  Δe=   6  obj=0.8329  gap=+0.00%  Δobj=+0.000%  build=0.07s solve=0.01s
2026-07-02 13:33:22.684 | INFO     | pycaalp.time_balancing.model:run_mip:430 - Running MIP solver ...
sub_stop=9.95475113122172
  k=   24  edges= 110 ( 9.95%)  Δe=  21  obj=0.8329  gap=+0.00%  Δobj=+0.000%  build=0.10s solve=0.01s
2026-07-02 13:33:22.832 | INFO     | pycaalp.time_balancing.model:run_mip:430 - Running MIP solver ...
sub_stop=12.126696832579185
  k=   32  edges= 134 (12.13%)  Δe=  24  obj=0.8329  gap=+0.00%  Δobj=+0.000%  build=0.13s solve=0.02s
  → stop: stop_perc_graph (after 2 consecutive steps)

[adaptive] k-sweep (stop: none, stop at 10.0% of the full directed graph):
2026-07-02 13:33:22.854 | INFO     | pycaalp.time_balancing.model:run_mip:430 - Running MIP solver ...
sub_stop=3.3484162895927603
  k=    1  edges=  37 ( 3.35%)  Δe=  37  obj=0.8329  gap=-0.00%  Δobj=   —     build=0.01s solve=0.01s
2026-07-02 13:33:22.870 | INFO     | pycaalp.time_balancing.model:run_mip:430 - Running MIP solver ...
sub_stop=3.8009049773755654
  k=    2  edges=  42 (  3.8%)  Δe=   5  obj=0.8329  gap=+0.00%  Δobj=-0.000%  build=0.01s solve=0.01s
2026-07-02 13:33:22.892 | INFO     | pycaalp.time_balancing.model:run_mip:430 - Running MIP solver ...
sub_stop=4.343891402714932
  k=    3  edges=  48 ( 4.34%)  Δe=   6  obj=0.8329  gap=+0.00%  Δobj=+0.000%  build=0.01s solve=0.01s
2026-07-02 13:33:22.920 | INFO     | pycaalp.time_balancing.model:run_mip:430 - Running MIP solver ...
sub_stop=4.886877828054299
  k=    4  edges=  54 ( 4.89%)  Δe=   6  obj=0.8329  gap=+0.00%  Δobj=+0.000%  build=0.02s solve=0.01s
2026-07-02 13:33:22.958 | INFO     | pycaalp.time_balancing.model:run_mip:430 - Running MIP solver ...
sub_stop=5.791855203619909
  k=    6  edges=  64 ( 5.79%)  Δe=  10  obj=0.8329  gap=+0.00%  Δobj=+0.000%  build=0.03s solve=0.01s
2026-07-02 13:33:23.005 | INFO     | pycaalp.time_balancing.model:run_mip:430 - Running MIP solver ...
sub_stop=6.60633484162896
  k=    8  edges=  73 ( 6.61%)  Δe=   9  obj=0.8329  gap=+0.00%  Δobj=+0.000%  build=0.04s solve=0.01s
2026-07-02 13:33:23.070 | INFO     | pycaalp.time_balancing.model:run_mip:430 - Running MIP solver ...
sub_stop=7.51131221719457
  k=   12  edges=  83 ( 7.51%)  Δe=  10  obj=0.8329  gap=+0.00%  Δobj=+0.000%  build=0.05s solve=0.01s
2026-07-02 13:33:23.154 | INFO     | pycaalp.time_balancing.model:run_mip:430 - Running MIP solver ...
sub_stop=8.054298642533936
  k=   16  edges=  89 ( 8.05%)  Δe=   6  obj=0.8329  gap=+0.00%  Δobj=+0.000%  build=0.07s solve=0.01s
2026-07-02 13:33:23.248 | INFO     | pycaalp.time_balancing.model:run_mip:430 - Running MIP solver ...
sub_stop=13.755656108597286
  k=   24  edges= 152 (13.76%)  Δe=  63  obj=0.8329  gap=+0.00%  Δobj=+0.000%  build=0.08s solve=0.01s
  → stop: stop_perc_graph (after 2 consecutive steps)

Results saved to experiments/bl_union_convergence/assembly_1_np_3_methods/bl_union_convergence_lambda_0.0.csv
Plot with:  python -m experiments.bl_union_convergence.plot_convergence experiments/bl_union_convergence/assembly_1_np_3_methods/bl_union_convergence_lambda_0.0.csv

----------------- λ = 0.1 -----------------
========================================================================
bl-union convergence — assembly_1  P=3  λ=0.1
========================================================================

Building assembly digraph …
2026-07-02 13:33:21.907 | INFO     | pycaalp.gapp.assembly_digraph:compute_assembly_digraph_complete:395 - Computing assembly digraph...
  343 nodes, 1105 edges  (0.1s)

[ref] Full MIP  P=3  λ=0.1 …
2026-07-02 13:33:22.021 | INFO     | pycaalp.time_balancing.model:run_mip:430 - Running MIP solver ...
  obj=0.8412  alpha=788.3s  time=2.98s

[bl_union] k-sweep (stop: none, stop at 10.0% of the full directed graph):
2026-07-02 13:33:25.007 | INFO     | pycaalp.time_balancing.model:run_mip:430 - Running MIP solver ...
sub_stop=3.3484162895927603
  k=    1  edges=  37 ( 3.35%)  Δe=  37  obj=0.8414  gap=+0.03%  Δobj=   —     build=0.01s solve=0.06s
2026-07-02 13:33:25.082 | INFO     | pycaalp.time_balancing.model:run_mip:430 - Running MIP solver ...
sub_stop=3.8009049773755654
  k=    2  edges=  42 (  3.8%)  Δe=   5  obj=0.8412  gap=-0.00%  Δobj=+0.026%  build=0.01s solve=0.19s
2026-07-02 13:33:25.284 | INFO     | pycaalp.time_balancing.model:run_mip:430 - Running MIP solver ...
sub_stop=4.343891402714932
  k=    3  edges=  48 ( 4.34%)  Δe=   6  obj=0.8412  gap=-0.00%  Δobj=+0.000%  build=0.02s solve=0.29s
2026-07-02 13:33:25.593 | INFO     | pycaalp.time_balancing.model:run_mip:430 - Running MIP solver ...
sub_stop=4.886877828054299
  k=    4  edges=  54 ( 4.89%)  Δe=   6  obj=0.8412  gap=-0.00%  Δobj=+0.000%  build=0.02s solve=0.21s
2026-07-02 13:33:25.832 | INFO     | pycaalp.time_balancing.model:run_mip:430 - Running MIP solver ...
sub_stop=5.791855203619909
  k=    6  edges=  64 ( 5.79%)  Δe=  10  obj=0.8412  gap=-0.00%  Δobj=+0.000%  build=0.03s solve=0.35s
2026-07-02 13:33:26.223 | INFO     | pycaalp.time_balancing.model:run_mip:430 - Running MIP solver ...
sub_stop=6.60633484162896
  k=    8  edges=  73 ( 6.61%)  Δe=   9  obj=0.8412  gap=+0.00%  Δobj=-0.000%  build=0.04s solve=0.26s
2026-07-02 13:33:26.541 | INFO     | pycaalp.time_balancing.model:run_mip:430 - Running MIP solver ...
sub_stop=7.51131221719457
  k=   12  edges=  83 ( 7.51%)  Δe=  10  obj=0.8412  gap=-0.00%  Δobj=+0.000%  build=0.05s solve=0.45s
2026-07-02 13:33:27.066 | INFO     | pycaalp.time_balancing.model:run_mip:430 - Running MIP solver ...
sub_stop=8.054298642533936
  k=   16  edges=  89 ( 8.05%)  Δe=   6  obj=0.8412  gap=+0.00%  Δobj=-0.000%  build=0.07s solve=0.43s
2026-07-02 13:33:27.603 | INFO     | pycaalp.time_balancing.model:run_mip:430 - Running MIP solver ...
sub_stop=9.95475113122172
  k=   24  edges= 110 ( 9.95%)  Δe=  21  obj=0.8412  gap=-0.00%  Δobj=+0.000%  build=0.10s solve=0.50s
2026-07-02 13:33:28.240 | INFO     | pycaalp.time_balancing.model:run_mip:430 - Running MIP solver ...
sub_stop=12.126696832579185
  k=   32  edges= 134 (12.13%)  Δe=  24  obj=0.8412  gap=+0.00%  Δobj=-0.000%  build=0.13s solve=0.42s
  → stop: stop_perc_graph (after 2 consecutive steps)

[adaptive] k-sweep (stop: none, stop at 10.0% of the full directed graph):
2026-07-02 13:33:28.665 | INFO     | pycaalp.time_balancing.model:run_mip:430 - Running MIP solver ...
sub_stop=3.3484162895927603
  k=    1  edges=  37 ( 3.35%)  Δe=  37  obj=0.8414  gap=+0.03%  Δobj=   —     build=0.01s solve=0.06s
2026-07-02 13:33:28.739 | INFO     | pycaalp.time_balancing.model:run_mip:430 - Running MIP solver ...
sub_stop=3.8009049773755654
  k=    2  edges=  42 (  3.8%)  Δe=   5  obj=0.8412  gap=-0.00%  Δobj=+0.026%  build=0.01s solve=0.19s
2026-07-02 13:33:28.940 | INFO     | pycaalp.time_balancing.model:run_mip:430 - Running MIP solver ...
sub_stop=4.343891402714932
  k=    3  edges=  48 ( 4.34%)  Δe=   6  obj=0.8412  gap=-0.00%  Δobj=+0.000%  build=0.02s solve=0.28s
2026-07-02 13:33:29.244 | INFO     | pycaalp.time_balancing.model:run_mip:430 - Running MIP solver ...
sub_stop=4.886877828054299
  k=    4  edges=  54 ( 4.89%)  Δe=   6  obj=0.8412  gap=+0.00%  Δobj=-0.000%  build=0.02s solve=0.22s
2026-07-02 13:33:29.491 | INFO     | pycaalp.time_balancing.model:run_mip:430 - Running MIP solver ...
sub_stop=5.791855203619909
  k=    6  edges=  64 ( 5.79%)  Δe=  10  obj=0.8412  gap=-0.00%  Δobj=+0.000%  build=0.03s solve=0.35s
2026-07-02 13:33:29.882 | INFO     | pycaalp.time_balancing.model:run_mip:430 - Running MIP solver ...
sub_stop=6.60633484162896
  k=    8  edges=  73 ( 6.61%)  Δe=   9  obj=0.8412  gap=+0.00%  Δobj=-0.000%  build=0.04s solve=0.26s
2026-07-02 13:33:30.201 | INFO     | pycaalp.time_balancing.model:run_mip:430 - Running MIP solver ...
sub_stop=7.51131221719457
  k=   12  edges=  83 ( 7.51%)  Δe=  10  obj=0.8412  gap=-0.00%  Δobj=+0.000%  build=0.05s solve=0.45s
2026-07-02 13:33:30.723 | INFO     | pycaalp.time_balancing.model:run_mip:430 - Running MIP solver ...
sub_stop=8.054298642533936
  k=   16  edges=  89 ( 8.05%)  Δe=   6  obj=0.8412  gap=+0.00%  Δobj=-0.000%  build=0.07s solve=0.43s
2026-07-02 13:33:31.232 | INFO     | pycaalp.time_balancing.model:run_mip:430 - Running MIP solver ...
sub_stop=13.755656108597286
  k=   24  edges= 152 (13.76%)  Δe=  63  obj=0.8412  gap=+0.00%  Δobj=-0.000%  build=0.08s solve=0.43s
  → stop: stop_perc_graph (after 2 consecutive steps)

Results saved to experiments/bl_union_convergence/assembly_1_np_3_methods/bl_union_convergence_lambda_0.1.csv
Plot with:  python -m experiments.bl_union_convergence.plot_convergence experiments/bl_union_convergence/assembly_1_np_3_methods/bl_union_convergence_lambda_0.1.csv

----------------- λ = 0.2 -----------------
========================================================================
bl-union convergence — assembly_1  P=3  λ=0.2
========================================================================

Building assembly digraph …
2026-07-02 13:33:21.907 | INFO     | pycaalp.gapp.assembly_digraph:compute_assembly_digraph_complete:395 - Computing assembly digraph...
  343 nodes, 1105 edges  (0.1s)

[ref] Full MIP  P=3  λ=0.2 …
2026-07-02 13:33:22.027 | INFO     | pycaalp.time_balancing.model:run_mip:430 - Running MIP solver ...
  obj=0.8492  alpha=788.3s  time=5.88s

[bl_union] k-sweep (stop: none, stop at 10.0% of the full directed graph):
2026-07-02 13:33:27.912 | INFO     | pycaalp.time_balancing.model:run_mip:430 - Running MIP solver ...
sub_stop=3.3484162895927603
  k=    1  edges=  37 ( 3.35%)  Δe=  37  obj=0.8499  gap=+0.08%  Δobj=   —     build=0.01s solve=0.10s
2026-07-02 13:33:28.022 | INFO     | pycaalp.time_balancing.model:run_mip:430 - Running MIP solver ...
sub_stop=3.8009049773755654
  k=    2  edges=  42 (  3.8%)  Δe=   5  obj=0.8492  gap=-0.00%  Δobj=+0.078%  build=0.01s solve=0.16s
2026-07-02 13:33:28.197 | INFO     | pycaalp.time_balancing.model:run_mip:430 - Running MIP solver ...
sub_stop=4.343891402714932
  k=    3  edges=  48 ( 4.34%)  Δe=   6  obj=0.8492  gap=+0.00%  Δobj=-0.000%  build=0.02s solve=0.28s
2026-07-02 13:33:28.500 | INFO     | pycaalp.time_balancing.model:run_mip:430 - Running MIP solver ...
sub_stop=4.886877828054299
  k=    4  edges=  54 ( 4.89%)  Δe=   6  obj=0.8492  gap=-0.00%  Δobj=+0.000%  build=0.02s solve=0.37s
2026-07-02 13:33:28.897 | INFO     | pycaalp.time_balancing.model:run_mip:430 - Running MIP solver ...
sub_stop=5.791855203619909
  k=    6  edges=  64 ( 5.79%)  Δe=  10  obj=0.8492  gap=+0.00%  Δobj=-0.000%  build=0.03s solve=0.30s
2026-07-02 13:33:29.239 | INFO     | pycaalp.time_balancing.model:run_mip:430 - Running MIP solver ...
sub_stop=6.60633484162896
  k=    8  edges=  73 ( 6.61%)  Δe=   9  obj=0.8492  gap=-0.00%  Δobj=+0.000%  build=0.04s solve=0.47s
2026-07-02 13:33:29.761 | INFO     | pycaalp.time_balancing.model:run_mip:430 - Running MIP solver ...
sub_stop=7.51131221719457
  k=   12  edges=  83 ( 7.51%)  Δe=  10  obj=0.8492  gap=+0.00%  Δobj=-0.000%  build=0.05s solve=0.57s
2026-07-02 13:33:30.402 | INFO     | pycaalp.time_balancing.model:run_mip:430 - Running MIP solver ...
sub_stop=8.054298642533936
  k=   16  edges=  89 ( 8.05%)  Δe=   6  obj=0.8492  gap=-0.00%  Δobj=+0.000%  build=0.07s solve=0.27s
2026-07-02 13:33:30.772 | INFO     | pycaalp.time_balancing.model:run_mip:430 - Running MIP solver ...
sub_stop=9.95475113122172
  k=   24  edges= 110 ( 9.95%)  Δe=  21  obj=0.8492  gap=-0.00%  Δobj=+0.000%  build=0.10s solve=0.39s
2026-07-02 13:33:31.293 | INFO     | pycaalp.time_balancing.model:run_mip:430 - Running MIP solver ...
sub_stop=12.126696832579185
  k=   32  edges= 134 (12.13%)  Δe=  24  obj=0.8492  gap=-0.00%  Δobj=+0.000%  build=0.14s solve=0.74s
  → stop: stop_perc_graph (after 2 consecutive steps)

[adaptive] k-sweep (stop: none, stop at 10.0% of the full directed graph):
2026-07-02 13:33:32.039 | INFO     | pycaalp.time_balancing.model:run_mip:430 - Running MIP solver ...
sub_stop=3.3484162895927603
  k=    1  edges=  37 ( 3.35%)  Δe=  37  obj=0.8499  gap=+0.08%  Δobj=   —     build=0.01s solve=0.10s
2026-07-02 13:33:32.150 | INFO     | pycaalp.time_balancing.model:run_mip:430 - Running MIP solver ...
sub_stop=3.8009049773755654
  k=    2  edges=  42 (  3.8%)  Δe=   5  obj=0.8492  gap=-0.00%  Δobj=+0.078%  build=0.01s solve=0.16s
2026-07-02 13:33:32.327 | INFO     | pycaalp.time_balancing.model:run_mip:430 - Running MIP solver ...
sub_stop=4.343891402714932
  k=    3  edges=  48 ( 4.34%)  Δe=   6  obj=0.8492  gap=+0.00%  Δobj=-0.000%  build=0.02s solve=0.29s
2026-07-02 13:33:32.632 | INFO     | pycaalp.time_balancing.model:run_mip:430 - Running MIP solver ...
sub_stop=4.886877828054299
  k=    4  edges=  54 ( 4.89%)  Δe=   6  obj=0.8492  gap=-0.00%  Δobj=+0.000%  build=0.02s solve=0.37s
2026-07-02 13:33:33.034 | INFO     | pycaalp.time_balancing.model:run_mip:430 - Running MIP solver ...
sub_stop=5.791855203619909
  k=    6  edges=  64 ( 5.79%)  Δe=  10  obj=0.8492  gap=+0.00%  Δobj=-0.000%  build=0.03s solve=0.31s
2026-07-02 13:33:33.385 | INFO     | pycaalp.time_balancing.model:run_mip:430 - Running MIP solver ...
sub_stop=6.60633484162896
  k=    8  edges=  73 ( 6.61%)  Δe=   9  obj=0.8492  gap=-0.00%  Δobj=+0.000%  build=0.04s solve=0.48s
2026-07-02 13:33:33.917 | INFO     | pycaalp.time_balancing.model:run_mip:430 - Running MIP solver ...
sub_stop=7.51131221719457
  k=   12  edges=  83 ( 7.51%)  Δe=  10  obj=0.8492  gap=+0.00%  Δobj=-0.000%  build=0.06s solve=0.58s
2026-07-02 13:33:34.568 | INFO     | pycaalp.time_balancing.model:run_mip:430 - Running MIP solver ...
sub_stop=8.054298642533936
  k=   16  edges=  89 ( 8.05%)  Δe=   6  obj=0.8492  gap=-0.00%  Δobj=+0.000%  build=0.07s solve=0.27s
2026-07-02 13:33:34.919 | INFO     | pycaalp.time_balancing.model:run_mip:430 - Running MIP solver ...
sub_stop=13.574660633484163
  k=   24  edges= 150 (13.57%)  Δe=  61  obj=0.8492  gap=-0.00%  Δobj=+0.000%  build=0.08s solve=0.47s
  → stop: stop_perc_graph (after 2 consecutive steps)

Results saved to experiments/bl_union_convergence/assembly_1_np_3_methods/bl_union_convergence_lambda_0.2.csv
Plot with:  python -m experiments.bl_union_convergence.plot_convergence experiments/bl_union_convergence/assembly_1_np_3_methods/bl_union_convergence_lambda_0.2.csv

----------------- λ = 0.3 -----------------
========================================================================
bl-union convergence — assembly_1  P=3  λ=0.3
========================================================================

Building assembly digraph …
2026-07-02 13:33:22.002 | INFO     | pycaalp.gapp.assembly_digraph:compute_assembly_digraph_complete:395 - Computing assembly digraph...
  343 nodes, 1105 edges  (0.1s)

[ref] Full MIP  P=3  λ=0.3 …
2026-07-02 13:33:22.118 | INFO     | pycaalp.time_balancing.model:run_mip:430 - Running MIP solver ...
  obj=0.8532  alpha=747.1s  time=6.31s

[bl_union] k-sweep (stop: none, stop at 10.0% of the full directed graph):
2026-07-02 13:33:28.432 | INFO     | pycaalp.time_balancing.model:run_mip:430 - Running MIP solver ...
sub_stop=3.3484162895927603
  k=    1  edges=  37 ( 3.35%)  Δe=  37  obj=0.8544  gap=+0.14%  Δobj=   —     build=0.01s solve=0.26s
2026-07-02 13:33:28.707 | INFO     | pycaalp.time_balancing.model:run_mip:430 - Running MIP solver ...
sub_stop=3.8009049773755654
  k=    2  edges=  42 (  3.8%)  Δe=   5  obj=0.8544  gap=+0.14%  Δobj=-0.000%  build=0.01s solve=0.58s
2026-07-02 13:33:29.305 | INFO     | pycaalp.time_balancing.model:run_mip:430 - Running MIP solver ...
sub_stop=4.343891402714932
  k=    3  edges=  48 ( 4.34%)  Δe=   6  obj=0.8544  gap=+0.14%  Δobj=+0.000%  build=0.02s solve=0.40s
2026-07-02 13:33:29.721 | INFO     | pycaalp.time_balancing.model:run_mip:430 - Running MIP solver ...
sub_stop=4.886877828054299
  k=    4  edges=  54 ( 4.89%)  Δe=   6  obj=0.8544  gap=+0.14%  Δobj=+0.000%  build=0.02s solve=0.24s
2026-07-02 13:33:29.994 | INFO     | pycaalp.time_balancing.model:run_mip:430 - Running MIP solver ...
sub_stop=5.791855203619909
  k=    6  edges=  64 ( 5.79%)  Δe=  10  obj=0.8544  gap=+0.14%  Δobj=+0.000%  build=0.03s solve=0.56s
2026-07-02 13:33:30.585 | INFO     | pycaalp.time_balancing.model:run_mip:430 - Running MIP solver ...
sub_stop=6.60633484162896
  k=    8  edges=  73 ( 6.61%)  Δe=   9  obj=0.8544  gap=+0.14%  Δobj=+0.000%  build=0.04s solve=0.20s
2026-07-02 13:33:30.839 | INFO     | pycaalp.time_balancing.model:run_mip:430 - Running MIP solver ...
sub_stop=7.51131221719457
  k=   12  edges=  83 ( 7.51%)  Δe=  10  obj=0.8544  gap=+0.14%  Δobj=-0.000%  build=0.05s solve=0.30s
2026-07-02 13:33:31.206 | INFO     | pycaalp.time_balancing.model:run_mip:430 - Running MIP solver ...
sub_stop=8.054298642533936
  k=   16  edges=  89 ( 8.05%)  Δe=   6  obj=0.8544  gap=+0.14%  Δobj=+0.000%  build=0.07s solve=0.59s
2026-07-02 13:33:31.901 | INFO     | pycaalp.time_balancing.model:run_mip:430 - Running MIP solver ...
sub_stop=9.95475113122172
  k=   24  edges= 110 ( 9.95%)  Δe=  21  obj=0.8544  gap=+0.14%  Δobj=+0.000%  build=0.10s solve=0.40s
2026-07-02 13:33:32.432 | INFO     | pycaalp.time_balancing.model:run_mip:430 - Running MIP solver ...
sub_stop=12.126696832579185
  k=   32  edges= 134 (12.13%)  Δe=  24  obj=0.8544  gap=+0.14%  Δobj=+0.000%  build=0.13s solve=0.59s
  → stop: stop_perc_graph (after 2 consecutive steps)

[adaptive] k-sweep (stop: none, stop at 10.0% of the full directed graph):
2026-07-02 13:33:33.029 | INFO     | pycaalp.time_balancing.model:run_mip:430 - Running MIP solver ...
sub_stop=3.3484162895927603
  k=    1  edges=  37 ( 3.35%)  Δe=  37  obj=0.8544  gap=+0.14%  Δobj=   —     build=0.01s solve=0.27s
2026-07-02 13:33:33.310 | INFO     | pycaalp.time_balancing.model:run_mip:430 - Running MIP solver ...
sub_stop=3.8009049773755654
  k=    2  edges=  42 (  3.8%)  Δe=   5  obj=0.8544  gap=+0.14%  Δobj=-0.000%  build=0.01s solve=0.59s
2026-07-02 13:33:33.917 | INFO     | pycaalp.time_balancing.model:run_mip:430 - Running MIP solver ...
sub_stop=4.343891402714932
  k=    3  edges=  48 ( 4.34%)  Δe=   6  obj=0.8544  gap=+0.14%  Δobj=+0.000%  build=0.02s solve=0.41s
2026-07-02 13:33:34.343 | INFO     | pycaalp.time_balancing.model:run_mip:430 - Running MIP solver ...
sub_stop=4.886877828054299
  k=    4  edges=  54 ( 4.89%)  Δe=   6  obj=0.8544  gap=+0.14%  Δobj=+0.000%  build=0.02s solve=0.25s
2026-07-02 13:33:34.619 | INFO     | pycaalp.time_balancing.model:run_mip:430 - Running MIP solver ...
sub_stop=5.791855203619909
  k=    6  edges=  64 ( 5.79%)  Δe=  10  obj=0.8544  gap=+0.14%  Δobj=+0.000%  build=0.03s solve=0.56s
2026-07-02 13:33:35.221 | INFO     | pycaalp.time_balancing.model:run_mip:430 - Running MIP solver ...
sub_stop=6.60633484162896
  k=    8  edges=  73 ( 6.61%)  Δe=   9  obj=0.8544  gap=+0.14%  Δobj=+0.000%  build=0.04s solve=0.20s
2026-07-02 13:33:35.479 | INFO     | pycaalp.time_balancing.model:run_mip:430 - Running MIP solver ...
sub_stop=7.51131221719457
  k=   12  edges=  83 ( 7.51%)  Δe=  10  obj=0.8544  gap=+0.14%  Δobj=-0.000%  build=0.06s solve=0.30s
2026-07-02 13:33:35.851 | INFO     | pycaalp.time_balancing.model:run_mip:430 - Running MIP solver ...
sub_stop=8.054298642533936
  k=   16  edges=  89 ( 8.05%)  Δe=   6  obj=0.8544  gap=+0.14%  Δobj=+0.000%  build=0.07s solve=0.59s
2026-07-02 13:33:36.523 | INFO     | pycaalp.time_balancing.model:run_mip:430 - Running MIP solver ...
sub_stop=13.393665158371041
  k=   24  edges= 148 (13.39%)  Δe=  59  obj=0.8544  gap=+0.14%  Δobj=-0.000%  build=0.08s solve=0.59s
  → stop: stop_perc_graph (after 2 consecutive steps)

Results saved to experiments/bl_union_convergence/assembly_1_np_3_methods/bl_union_convergence_lambda_0.3.csv
Plot with:  python -m experiments.bl_union_convergence.plot_convergence experiments/bl_union_convergence/assembly_1_np_3_methods/bl_union_convergence_lambda_0.3.csv

----------------- λ = 0.4 -----------------
========================================================================
bl-union convergence — assembly_1  P=3  λ=0.4
========================================================================

Building assembly digraph …
2026-07-02 13:33:21.915 | INFO     | pycaalp.gapp.assembly_digraph:compute_assembly_digraph_complete:395 - Computing assembly digraph...
  343 nodes, 1105 edges  (0.1s)

[ref] Full MIP  P=3  λ=0.4 …
2026-07-02 13:33:22.031 | INFO     | pycaalp.time_balancing.model:run_mip:430 - Running MIP solver ...
  obj=0.8550  alpha=747.1s  time=12.55s

[bl_union] k-sweep (stop: none, stop at 10.0% of the full directed graph):
2026-07-02 13:33:34.584 | INFO     | pycaalp.time_balancing.model:run_mip:430 - Running MIP solver ...
sub_stop=3.3484162895927603
  k=    1  edges=  37 ( 3.35%)  Δe=  37  obj=0.8560  gap=+0.12%  Δobj=   —     build=0.01s solve=0.22s
2026-07-02 13:33:34.811 | INFO     | pycaalp.time_balancing.model:run_mip:430 - Running MIP solver ...
sub_stop=3.8009049773755654
  k=    2  edges=  42 (  3.8%)  Δe=   5  obj=0.8560  gap=+0.12%  Δobj=+0.000%  build=0.01s solve=0.35s
2026-07-02 13:33:35.180 | INFO     | pycaalp.time_balancing.model:run_mip:430 - Running MIP solver ...
sub_stop=4.343891402714932
  k=    3  edges=  48 ( 4.34%)  Δe=   6  obj=0.8560  gap=+0.12%  Δobj=+0.000%  build=0.01s solve=0.15s
2026-07-02 13:33:35.344 | INFO     | pycaalp.time_balancing.model:run_mip:430 - Running MIP solver ...
sub_stop=4.886877828054299
  k=    4  edges=  54 ( 4.89%)  Δe=   6  obj=0.8560  gap=+0.12%  Δobj=+0.000%  build=0.02s solve=0.12s
2026-07-02 13:33:35.491 | INFO     | pycaalp.time_balancing.model:run_mip:430 - Running MIP solver ...
sub_stop=5.791855203619909
  k=    6  edges=  64 ( 5.79%)  Δe=  10  obj=0.8560  gap=+0.12%  Δobj=+0.000%  build=0.03s solve=0.62s
2026-07-02 13:33:36.153 | INFO     | pycaalp.time_balancing.model:run_mip:430 - Running MIP solver ...
sub_stop=6.60633484162896
  k=    8  edges=  73 ( 6.61%)  Δe=   9  obj=0.8560  gap=+0.12%  Δobj=-0.000%  build=0.04s solve=0.52s
2026-07-02 13:33:36.722 | INFO     | pycaalp.time_balancing.model:run_mip:430 - Running MIP solver ...
sub_stop=7.51131221719457
  k=   12  edges=  83 ( 7.51%)  Δe=  10  obj=0.8560  gap=+0.12%  Δobj=+0.000%  build=0.05s solve=0.35s
2026-07-02 13:33:37.145 | INFO     | pycaalp.time_balancing.model:run_mip:430 - Running MIP solver ...
sub_stop=8.054298642533936
  k=   16  edges=  89 ( 8.05%)  Δe=   6  obj=0.8560  gap=+0.12%  Δobj=-0.000%  build=0.07s solve=0.36s
2026-07-02 13:33:37.608 | INFO     | pycaalp.time_balancing.model:run_mip:430 - Running MIP solver ...
sub_stop=9.95475113122172
  k=   24  edges= 110 ( 9.95%)  Δe=  21  obj=0.8560  gap=+0.12%  Δobj=+0.000%  build=0.10s solve=0.47s
2026-07-02 13:33:38.208 | INFO     | pycaalp.time_balancing.model:run_mip:430 - Running MIP solver ...
sub_stop=12.126696832579185
  k=   32  edges= 134 (12.13%)  Δe=  24  obj=0.8560  gap=+0.12%  Δobj=-0.000%  build=0.13s solve=0.69s
  → stop: stop_perc_graph (after 2 consecutive steps)

[adaptive] k-sweep (stop: none, stop at 10.0% of the full directed graph):
2026-07-02 13:33:38.903 | INFO     | pycaalp.time_balancing.model:run_mip:430 - Running MIP solver ...
sub_stop=3.3484162895927603
  k=    1  edges=  37 ( 3.35%)  Δe=  37  obj=0.8560  gap=+0.12%  Δobj=   —     build=0.01s solve=0.23s
2026-07-02 13:33:39.143 | INFO     | pycaalp.time_balancing.model:run_mip:430 - Running MIP solver ...
sub_stop=3.8009049773755654
  k=    2  edges=  42 (  3.8%)  Δe=   5  obj=0.8560  gap=+0.12%  Δobj=+0.000%  build=0.01s solve=0.37s
2026-07-02 13:33:39.533 | INFO     | pycaalp.time_balancing.model:run_mip:430 - Running MIP solver ...
sub_stop=4.343891402714932
  k=    3  edges=  48 ( 4.34%)  Δe=   6  obj=0.8560  gap=+0.12%  Δobj=+0.000%  build=0.02s solve=0.16s
2026-07-02 13:33:39.710 | INFO     | pycaalp.time_balancing.model:run_mip:430 - Running MIP solver ...
sub_stop=4.886877828054299
  k=    4  edges=  54 ( 4.89%)  Δe=   6  obj=0.8560  gap=+0.12%  Δobj=+0.000%  build=0.02s solve=0.13s
2026-07-02 13:33:39.869 | INFO     | pycaalp.time_balancing.model:run_mip:430 - Running MIP solver ...
sub_stop=5.791855203619909
  k=    6  edges=  64 ( 5.79%)  Δe=  10  obj=0.8560  gap=+0.12%  Δobj=+0.000%  build=0.03s solve=0.62s
2026-07-02 13:33:40.530 | INFO     | pycaalp.time_balancing.model:run_mip:430 - Running MIP solver ...
sub_stop=6.60633484162896
  k=    8  edges=  73 ( 6.61%)  Δe=   9  obj=0.8560  gap=+0.12%  Δobj=-0.000%  build=0.04s solve=0.51s
2026-07-02 13:33:41.095 | INFO     | pycaalp.time_balancing.model:run_mip:430 - Running MIP solver ...
sub_stop=7.51131221719457
  k=   12  edges=  83 ( 7.51%)  Δe=  10  obj=0.8560  gap=+0.12%  Δobj=+0.000%  build=0.05s solve=0.35s
2026-07-02 13:33:41.518 | INFO     | pycaalp.time_balancing.model:run_mip:430 - Running MIP solver ...
sub_stop=8.054298642533936
  k=   16  edges=  89 ( 8.05%)  Δe=   6  obj=0.8560  gap=+0.12%  Δobj=-0.000%  build=0.07s solve=0.35s
2026-07-02 13:33:41.953 | INFO     | pycaalp.time_balancing.model:run_mip:430 - Running MIP solver ...
sub_stop=13.574660633484163
  k=   24  edges= 150 (13.57%)  Δe=  61  obj=0.8560  gap=+0.12%  Δobj=-0.000%  build=0.08s solve=0.55s
  → stop: stop_perc_graph (after 2 consecutive steps)

Results saved to experiments/bl_union_convergence/assembly_1_np_3_methods/bl_union_convergence_lambda_0.4.csv
Plot with:  python -m experiments.bl_union_convergence.plot_convergence experiments/bl_union_convergence/assembly_1_np_3_methods/bl_union_convergence_lambda_0.4.csv

----------------- λ = 0.5 -----------------
========================================================================
bl-union convergence — assembly_1  P=3  λ=0.5
========================================================================

Building assembly digraph …
2026-07-02 13:33:22.008 | INFO     | pycaalp.gapp.assembly_digraph:compute_assembly_digraph_complete:395 - Computing assembly digraph...
  343 nodes, 1105 edges  (0.1s)

[ref] Full MIP  P=3  λ=0.5 …
2026-07-02 13:33:22.122 | INFO     | pycaalp.time_balancing.model:run_mip:430 - Running MIP solver ...
  obj=0.8568  alpha=747.1s  time=13.43s

[bl_union] k-sweep (stop: none, stop at 10.0% of the full directed graph):
2026-07-02 13:33:35.556 | INFO     | pycaalp.time_balancing.model:run_mip:430 - Running MIP solver ...
sub_stop=3.3484162895927603
  k=    1  edges=  37 ( 3.35%)  Δe=  37  obj=0.8576  gap=+0.10%  Δobj=   —     build=0.01s solve=0.23s
2026-07-02 13:33:35.799 | INFO     | pycaalp.time_balancing.model:run_mip:430 - Running MIP solver ...
sub_stop=3.8009049773755654
  k=    2  edges=  42 (  3.8%)  Δe=   5  obj=0.8576  gap=+0.10%  Δobj=+0.000%  build=0.01s solve=0.28s
2026-07-02 13:33:36.094 | INFO     | pycaalp.time_balancing.model:run_mip:430 - Running MIP solver ...
sub_stop=4.343891402714932
  k=    3  edges=  48 ( 4.34%)  Δe=   6  obj=0.8576  gap=+0.10%  Δobj=+0.000%  build=0.02s solve=0.42s
2026-07-02 13:33:36.537 | INFO     | pycaalp.time_balancing.model:run_mip:430 - Running MIP solver ...
sub_stop=4.886877828054299
  k=    4  edges=  54 ( 4.89%)  Δe=   6  obj=0.8576  gap=+0.10%  Δobj=+0.000%  build=0.02s solve=0.44s
2026-07-02 13:33:37.009 | INFO     | pycaalp.time_balancing.model:run_mip:430 - Running MIP solver ...
sub_stop=5.791855203619909
  k=    6  edges=  64 ( 5.79%)  Δe=  10  obj=0.8576  gap=+0.10%  Δobj=+0.000%  build=0.03s solve=0.55s
2026-07-02 13:33:37.597 | INFO     | pycaalp.time_balancing.model:run_mip:430 - Running MIP solver ...
sub_stop=6.60633484162896
  k=    8  edges=  73 ( 6.61%)  Δe=   9  obj=0.8576  gap=+0.10%  Δobj=+0.000%  build=0.04s solve=0.70s
2026-07-02 13:33:38.352 | INFO     | pycaalp.time_balancing.model:run_mip:430 - Running MIP solver ...
sub_stop=7.51131221719457
  k=   12  edges=  83 ( 7.51%)  Δe=  10  obj=0.8576  gap=+0.10%  Δobj=+0.000%  build=0.05s solve=0.78s
2026-07-02 13:33:39.201 | INFO     | pycaalp.time_balancing.model:run_mip:430 - Running MIP solver ...
sub_stop=8.054298642533936
  k=   16  edges=  89 ( 8.05%)  Δe=   6  obj=0.8576  gap=+0.10%  Δobj=+0.000%  build=0.07s solve=0.26s
2026-07-02 13:33:39.565 | INFO     | pycaalp.time_balancing.model:run_mip:430 - Running MIP solver ...
sub_stop=9.95475113122172
  k=   24  edges= 110 ( 9.95%)  Δe=  21  obj=0.8576  gap=+0.10%  Δobj=+0.000%  build=0.10s solve=0.33s
2026-07-02 13:33:40.029 | INFO     | pycaalp.time_balancing.model:run_mip:430 - Running MIP solver ...
sub_stop=12.126696832579185
  k=   32  edges= 134 (12.13%)  Δe=  24  obj=0.8576  gap=+0.10%  Δobj=+0.000%  build=0.13s solve=0.52s
  → stop: stop_perc_graph (after 2 consecutive steps)

[adaptive] k-sweep (stop: none, stop at 10.0% of the full directed graph):
2026-07-02 13:33:40.555 | INFO     | pycaalp.time_balancing.model:run_mip:430 - Running MIP solver ...
sub_stop=3.3484162895927603
  k=    1  edges=  37 ( 3.35%)  Δe=  37  obj=0.8576  gap=+0.10%  Δobj=   —     build=0.01s solve=0.23s
2026-07-02 13:33:40.797 | INFO     | pycaalp.time_balancing.model:run_mip:430 - Running MIP solver ...
sub_stop=3.8009049773755654
  k=    2  edges=  42 (  3.8%)  Δe=   5  obj=0.8576  gap=+0.10%  Δobj=+0.000%  build=0.01s solve=0.28s
2026-07-02 13:33:41.090 | INFO     | pycaalp.time_balancing.model:run_mip:430 - Running MIP solver ...
sub_stop=4.343891402714932
  k=    3  edges=  48 ( 4.34%)  Δe=   6  obj=0.8576  gap=+0.10%  Δobj=+0.000%  build=0.02s solve=0.42s
2026-07-02 13:33:41.530 | INFO     | pycaalp.time_balancing.model:run_mip:430 - Running MIP solver ...
sub_stop=4.886877828054299
  k=    4  edges=  54 ( 4.89%)  Δe=   6  obj=0.8576  gap=+0.10%  Δobj=+0.000%  build=0.02s solve=0.44s
2026-07-02 13:33:42.000 | INFO     | pycaalp.time_balancing.model:run_mip:430 - Running MIP solver ...
sub_stop=5.791855203619909
  k=    6  edges=  64 ( 5.79%)  Δe=  10  obj=0.8576  gap=+0.10%  Δobj=+0.000%  build=0.03s solve=0.55s
2026-07-02 13:33:42.584 | INFO     | pycaalp.time_balancing.model:run_mip:430 - Running MIP solver ...
sub_stop=6.60633484162896
  k=    8  edges=  73 ( 6.61%)  Δe=   9  obj=0.8576  gap=+0.10%  Δobj=+0.000%  build=0.04s solve=0.69s
2026-07-02 13:33:43.332 | INFO     | pycaalp.time_balancing.model:run_mip:430 - Running MIP solver ...
sub_stop=7.51131221719457
  k=   12  edges=  83 ( 7.51%)  Δe=  10  obj=0.8576  gap=+0.10%  Δobj=+0.000%  build=0.05s solve=0.76s
2026-07-02 13:33:44.165 | INFO     | pycaalp.time_balancing.model:run_mip:430 - Running MIP solver ...
sub_stop=8.054298642533936
  k=   16  edges=  89 ( 8.05%)  Δe=   6  obj=0.8576  gap=+0.10%  Δobj=+0.000%  build=0.07s solve=0.25s
2026-07-02 13:33:44.500 | INFO     | pycaalp.time_balancing.model:run_mip:430 - Running MIP solver ...
sub_stop=13.574660633484163
  k=   24  edges= 150 (13.57%)  Δe=  61  obj=0.8576  gap=+0.10%  Δobj=+0.000%  build=0.08s solve=0.55s
  → stop: stop_perc_graph (after 2 consecutive steps)

Results saved to experiments/bl_union_convergence/assembly_1_np_3_methods/bl_union_convergence_lambda_0.5.csv
Plot with:  python -m experiments.bl_union_convergence.plot_convergence experiments/bl_union_convergence/assembly_1_np_3_methods/bl_union_convergence_lambda_0.5.csv

----------------- λ = 0.6 -----------------
========================================================================
bl-union convergence — assembly_1  P=3  λ=0.6
========================================================================

Building assembly digraph …
2026-07-02 13:33:22.020 | INFO     | pycaalp.gapp.assembly_digraph:compute_assembly_digraph_complete:395 - Computing assembly digraph...
  343 nodes, 1105 edges  (0.1s)

[ref] Full MIP  P=3  λ=0.6 …
2026-07-02 13:33:22.134 | INFO     | pycaalp.time_balancing.model:run_mip:430 - Running MIP solver ...
  obj=0.8585  alpha=747.1s  time=24.66s

[bl_union] k-sweep (stop: none, stop at 10.0% of the full directed graph):
2026-07-02 13:33:46.803 | INFO     | pycaalp.time_balancing.model:run_mip:430 - Running MIP solver ...
sub_stop=3.3484162895927603
  k=    1  edges=  37 ( 3.35%)  Δe=  37  obj=0.8592  gap=+0.08%  Δobj=   —     build=0.01s solve=0.31s
2026-07-02 13:33:47.128 | INFO     | pycaalp.time_balancing.model:run_mip:430 - Running MIP solver ...
sub_stop=3.8009049773755654
  k=    2  edges=  42 (  3.8%)  Δe=   5  obj=0.8592  gap=+0.08%  Δobj=+0.000%  build=0.01s solve=0.20s
2026-07-02 13:33:47.342 | INFO     | pycaalp.time_balancing.model:run_mip:430 - Running MIP solver ...
sub_stop=4.343891402714932
  k=    3  edges=  48 ( 4.34%)  Δe=   6  obj=0.8592  gap=+0.08%  Δobj=+0.000%  build=0.01s solve=0.22s
2026-07-02 13:33:47.579 | INFO     | pycaalp.time_balancing.model:run_mip:430 - Running MIP solver ...
sub_stop=4.886877828054299
  k=    4  edges=  54 ( 4.89%)  Δe=   6  obj=0.8592  gap=+0.08%  Δobj=+0.000%  build=0.02s solve=0.18s
2026-07-02 13:33:47.788 | INFO     | pycaalp.time_balancing.model:run_mip:430 - Running MIP solver ...
sub_stop=5.791855203619909
  k=    6  edges=  64 ( 5.79%)  Δe=  10  obj=0.8592  gap=+0.08%  Δobj=+0.000%  build=0.03s solve=0.41s
2026-07-02 13:33:48.235 | INFO     | pycaalp.time_balancing.model:run_mip:430 - Running MIP solver ...
sub_stop=6.60633484162896
  k=    8  edges=  73 ( 6.61%)  Δe=   9  obj=0.8592  gap=+0.08%  Δobj=+0.000%  build=0.04s solve=0.15s
2026-07-02 13:33:48.435 | INFO     | pycaalp.time_balancing.model:run_mip:430 - Running MIP solver ...
sub_stop=7.51131221719457
  k=   12  edges=  83 ( 7.51%)  Δe=  10  obj=0.8592  gap=+0.08%  Δobj=-0.000%  build=0.05s solve=0.21s
2026-07-02 13:33:48.713 | INFO     | pycaalp.time_balancing.model:run_mip:430 - Running MIP solver ...
sub_stop=8.054298642533936
  k=   16  edges=  89 ( 8.05%)  Δe=   6  obj=0.8592  gap=+0.08%  Δobj=+0.000%  build=0.07s solve=0.49s
2026-07-02 13:33:49.306 | INFO     | pycaalp.time_balancing.model:run_mip:430 - Running MIP solver ...
sub_stop=9.95475113122172
  k=   24  edges= 110 ( 9.95%)  Δe=  21  obj=0.8592  gap=+0.08%  Δobj=+0.000%  build=0.10s solve=0.31s
2026-07-02 13:33:49.749 | INFO     | pycaalp.time_balancing.model:run_mip:430 - Running MIP solver ...
sub_stop=12.126696832579185
  k=   32  edges= 134 (12.13%)  Δe=  24  obj=0.8592  gap=+0.08%  Δobj=+0.000%  build=0.13s solve=0.41s
  → stop: stop_perc_graph (after 2 consecutive steps)

[adaptive] k-sweep (stop: none, stop at 10.0% of the full directed graph):
2026-07-02 13:33:50.171 | INFO     | pycaalp.time_balancing.model:run_mip:430 - Running MIP solver ...
sub_stop=3.3484162895927603
  k=    1  edges=  37 ( 3.35%)  Δe=  37  obj=0.8592  gap=+0.08%  Δobj=   —     build=0.01s solve=0.31s
2026-07-02 13:33:50.492 | INFO     | pycaalp.time_balancing.model:run_mip:430 - Running MIP solver ...
sub_stop=3.8009049773755654
  k=    2  edges=  42 (  3.8%)  Δe=   5  obj=0.8592  gap=+0.08%  Δobj=+0.000%  build=0.01s solve=0.20s
2026-07-02 13:33:50.704 | INFO     | pycaalp.time_balancing.model:run_mip:430 - Running MIP solver ...
sub_stop=4.343891402714932
  k=    3  edges=  48 ( 4.34%)  Δe=   6  obj=0.8592  gap=+0.08%  Δobj=+0.000%  build=0.01s solve=0.22s
2026-07-02 13:33:50.940 | INFO     | pycaalp.time_balancing.model:run_mip:430 - Running MIP solver ...
sub_stop=4.886877828054299
  k=    4  edges=  54 ( 4.89%)  Δe=   6  obj=0.8592  gap=+0.08%  Δobj=+0.000%  build=0.02s solve=0.18s
2026-07-02 13:33:51.149 | INFO     | pycaalp.time_balancing.model:run_mip:430 - Running MIP solver ...
sub_stop=5.791855203619909
  k=    6  edges=  64 ( 5.79%)  Δe=  10  obj=0.8592  gap=+0.08%  Δobj=+0.000%  build=0.03s solve=0.40s
2026-07-02 13:33:51.588 | INFO     | pycaalp.time_balancing.model:run_mip:430 - Running MIP solver ...
sub_stop=6.60633484162896
  k=    8  edges=  73 ( 6.61%)  Δe=   9  obj=0.8592  gap=+0.08%  Δobj=+0.000%  build=0.04s solve=0.15s
2026-07-02 13:33:51.786 | INFO     | pycaalp.time_balancing.model:run_mip:430 - Running MIP solver ...
sub_stop=7.51131221719457
  k=   12  edges=  83 ( 7.51%)  Δe=  10  obj=0.8592  gap=+0.08%  Δobj=-0.000%  build=0.05s solve=0.21s
2026-07-02 13:33:52.069 | INFO     | pycaalp.time_balancing.model:run_mip:430 - Running MIP solver ...
sub_stop=8.054298642533936
  k=   16  edges=  89 ( 8.05%)  Δe=   6  obj=0.8592  gap=+0.08%  Δobj=+0.000%  build=0.07s solve=0.49s
2026-07-02 13:33:52.640 | INFO     | pycaalp.time_balancing.model:run_mip:430 - Running MIP solver ...
sub_stop=13.574660633484163
  k=   24  edges= 150 (13.57%)  Δe=  61  obj=0.8592  gap=+0.08%  Δobj=+0.000%  build=0.08s solve=0.45s
  → stop: stop_perc_graph (after 2 consecutive steps)

Results saved to experiments/bl_union_convergence/assembly_1_np_3_methods/bl_union_convergence_lambda_0.6.csv
Plot with:  python -m experiments.bl_union_convergence.plot_convergence experiments/bl_union_convergence/assembly_1_np_3_methods/bl_union_convergence_lambda_0.6.csv

----------------- λ = 0.7 -----------------
========================================================================
bl-union convergence — assembly_1  P=3  λ=0.7
========================================================================

Building assembly digraph …
2026-07-02 13:33:22.019 | INFO     | pycaalp.gapp.assembly_digraph:compute_assembly_digraph_complete:395 - Computing assembly digraph...
  343 nodes, 1105 edges  (0.1s)

[ref] Full MIP  P=3  λ=0.7 …
2026-07-02 13:33:22.133 | INFO     | pycaalp.time_balancing.model:run_mip:430 - Running MIP solver ...
  obj=0.8603  alpha=747.1s  time=20.87s

[bl_union] k-sweep (stop: none, stop at 10.0% of the full directed graph):
2026-07-02 13:33:43.006 | INFO     | pycaalp.time_balancing.model:run_mip:430 - Running MIP solver ...
sub_stop=3.3484162895927603
  k=    1  edges=  37 ( 3.35%)  Δe=  37  obj=0.8608  gap=+0.06%  Δobj=   —     build=0.01s solve=0.20s
2026-07-02 13:33:43.216 | INFO     | pycaalp.time_balancing.model:run_mip:430 - Running MIP solver ...
sub_stop=3.8009049773755654
  k=    2  edges=  42 (  3.8%)  Δe=   5  obj=0.8608  gap=+0.06%  Δobj=-0.000%  build=0.01s solve=0.40s
2026-07-02 13:33:43.627 | INFO     | pycaalp.time_balancing.model:run_mip:430 - Running MIP solver ...
sub_stop=4.343891402714932
  k=    3  edges=  48 ( 4.34%)  Δe=   6  obj=0.8608  gap=+0.06%  Δobj=+0.000%  build=0.02s solve=0.31s
2026-07-02 13:33:43.956 | INFO     | pycaalp.time_balancing.model:run_mip:430 - Running MIP solver ...
sub_stop=4.886877828054299
  k=    4  edges=  54 ( 4.89%)  Δe=   6  obj=0.8608  gap=+0.06%  Δobj=+0.000%  build=0.02s solve=0.10s
2026-07-02 13:33:44.087 | INFO     | pycaalp.time_balancing.model:run_mip:430 - Running MIP solver ...
sub_stop=5.791855203619909
  k=    6  edges=  64 ( 5.79%)  Δe=  10  obj=0.8608  gap=+0.06%  Δobj=+0.000%  build=0.03s solve=0.18s
2026-07-02 13:33:44.303 | INFO     | pycaalp.time_balancing.model:run_mip:430 - Running MIP solver ...
sub_stop=6.60633484162896
  k=    8  edges=  73 ( 6.61%)  Δe=   9  obj=0.8608  gap=+0.06%  Δobj=+0.000%  build=0.04s solve=0.16s
2026-07-02 13:33:44.512 | INFO     | pycaalp.time_balancing.model:run_mip:430 - Running MIP solver ...
sub_stop=7.51131221719457
  k=   12  edges=  83 ( 7.51%)  Δe=  10  obj=0.8608  gap=+0.06%  Δobj=+0.000%  build=0.05s solve=0.32s
2026-07-02 13:33:44.899 | INFO     | pycaalp.time_balancing.model:run_mip:430 - Running MIP solver ...
sub_stop=8.054298642533936
  k=   16  edges=  89 ( 8.05%)  Δe=   6  obj=0.8608  gap=+0.06%  Δobj=+0.000%  build=0.07s solve=0.16s
2026-07-02 13:33:45.166 | INFO     | pycaalp.time_balancing.model:run_mip:430 - Running MIP solver ...
sub_stop=9.95475113122172
  k=   24  edges= 110 ( 9.95%)  Δe=  21  obj=0.8608  gap=+0.06%  Δobj=-0.000%  build=0.10s solve=0.22s
2026-07-02 13:33:45.519 | INFO     | pycaalp.time_balancing.model:run_mip:430 - Running MIP solver ...
sub_stop=12.126696832579185
  k=   32  edges= 134 (12.13%)  Δe=  24  obj=0.8608  gap=+0.06%  Δobj=+0.000%  build=0.13s solve=0.38s
  → stop: stop_perc_graph (after 2 consecutive steps)

[adaptive] k-sweep (stop: none, stop at 10.0% of the full directed graph):
2026-07-02 13:33:45.903 | INFO     | pycaalp.time_balancing.model:run_mip:430 - Running MIP solver ...
sub_stop=3.3484162895927603
  k=    1  edges=  37 ( 3.35%)  Δe=  37  obj=0.8608  gap=+0.06%  Δobj=   —     build=0.01s solve=0.20s
2026-07-02 13:33:46.111 | INFO     | pycaalp.time_balancing.model:run_mip:430 - Running MIP solver ...
sub_stop=3.8009049773755654
  k=    2  edges=  42 (  3.8%)  Δe=   5  obj=0.8608  gap=+0.06%  Δobj=-0.000%  build=0.01s solve=0.39s
2026-07-02 13:33:46.520 | INFO     | pycaalp.time_balancing.model:run_mip:430 - Running MIP solver ...
sub_stop=4.343891402714932
  k=    3  edges=  48 ( 4.34%)  Δe=   6  obj=0.8608  gap=+0.06%  Δobj=+0.000%  build=0.02s solve=0.31s
2026-07-02 13:33:46.846 | INFO     | pycaalp.time_balancing.model:run_mip:430 - Running MIP solver ...
sub_stop=4.886877828054299
  k=    4  edges=  54 ( 4.89%)  Δe=   6  obj=0.8608  gap=+0.06%  Δobj=+0.000%  build=0.02s solve=0.10s
2026-07-02 13:33:46.974 | INFO     | pycaalp.time_balancing.model:run_mip:430 - Running MIP solver ...
sub_stop=5.791855203619909
  k=    6  edges=  64 ( 5.79%)  Δe=  10  obj=0.8608  gap=+0.06%  Δobj=+0.000%  build=0.03s solve=0.18s
2026-07-02 13:33:47.187 | INFO     | pycaalp.time_balancing.model:run_mip:430 - Running MIP solver ...
sub_stop=6.60633484162896
  k=    8  edges=  73 ( 6.61%)  Δe=   9  obj=0.8608  gap=+0.06%  Δobj=+0.000%  build=0.04s solve=0.16s
2026-07-02 13:33:47.396 | INFO     | pycaalp.time_balancing.model:run_mip:430 - Running MIP solver ...
sub_stop=7.51131221719457
  k=   12  edges=  83 ( 7.51%)  Δe=  10  obj=0.8608  gap=+0.06%  Δobj=+0.000%  build=0.05s solve=0.31s
2026-07-02 13:33:47.778 | INFO     | pycaalp.time_balancing.model:run_mip:430 - Running MIP solver ...
sub_stop=8.054298642533936
  k=   16  edges=  89 ( 8.05%)  Δe=   6  obj=0.8608  gap=+0.06%  Δobj=+0.000%  build=0.07s solve=0.16s
2026-07-02 13:33:48.019 | INFO     | pycaalp.time_balancing.model:run_mip:430 - Running MIP solver ...
sub_stop=13.574660633484163
  k=   24  edges= 150 (13.57%)  Δe=  61  obj=0.8608  gap=+0.06%  Δobj=-0.000%  build=0.08s solve=0.61s
  → stop: stop_perc_graph (after 2 consecutive steps)

Results saved to experiments/bl_union_convergence/assembly_1_np_3_methods/bl_union_convergence_lambda_0.7.csv
Plot with:  python -m experiments.bl_union_convergence.plot_convergence experiments/bl_union_convergence/assembly_1_np_3_methods/bl_union_convergence_lambda_0.7.csv

----------------- λ = 0.8 -----------------
========================================================================
bl-union convergence — assembly_1  P=3  λ=0.8
========================================================================

Building assembly digraph …
2026-07-02 13:33:21.997 | INFO     | pycaalp.gapp.assembly_digraph:compute_assembly_digraph_complete:395 - Computing assembly digraph...
  343 nodes, 1105 edges  (0.1s)

[ref] Full MIP  P=3  λ=0.8 …
2026-07-02 13:33:22.112 | INFO     | pycaalp.time_balancing.model:run_mip:430 - Running MIP solver ...
  obj=0.8620  alpha=747.1s  time=42.25s

[bl_union] k-sweep (stop: none, stop at 10.0% of the full directed graph):
2026-07-02 13:34:04.371 | INFO     | pycaalp.time_balancing.model:run_mip:430 - Running MIP solver ...
sub_stop=3.3484162895927603
  k=    1  edges=  37 ( 3.35%)  Δe=  37  obj=0.8624  gap=+0.04%  Δobj=   —     build=0.01s solve=0.11s
2026-07-02 13:34:04.496 | INFO     | pycaalp.time_balancing.model:run_mip:430 - Running MIP solver ...
sub_stop=3.8009049773755654
  k=    2  edges=  42 (  3.8%)  Δe=   5  obj=0.8624  gap=+0.04%  Δobj=+0.000%  build=0.01s solve=0.29s
2026-07-02 13:34:04.805 | INFO     | pycaalp.time_balancing.model:run_mip:430 - Running MIP solver ...
sub_stop=4.343891402714932
  k=    3  edges=  48 ( 4.34%)  Δe=   6  obj=0.8624  gap=+0.04%  Δobj=+0.000%  build=0.01s solve=0.10s
2026-07-02 13:34:04.927 | INFO     | pycaalp.time_balancing.model:run_mip:430 - Running MIP solver ...
sub_stop=4.886877828054299
  k=    4  edges=  54 ( 4.89%)  Δe=   6  obj=0.8624  gap=+0.04%  Δobj=+0.000%  build=0.02s solve=0.09s
2026-07-02 13:34:05.043 | INFO     | pycaalp.time_balancing.model:run_mip:430 - Running MIP solver ...
sub_stop=5.791855203619909
  k=    6  edges=  64 ( 5.79%)  Δe=  10  obj=0.8624  gap=+0.04%  Δobj=+0.000%  build=0.03s solve=0.13s
2026-07-02 13:34:05.210 | INFO     | pycaalp.time_balancing.model:run_mip:430 - Running MIP solver ...
sub_stop=6.60633484162896
  k=    8  edges=  73 ( 6.61%)  Δe=   9  obj=0.8624  gap=+0.04%  Δobj=-0.000%  build=0.03s solve=0.15s
2026-07-02 13:34:05.409 | INFO     | pycaalp.time_balancing.model:run_mip:430 - Running MIP solver ...
sub_stop=7.51131221719457
  k=   12  edges=  83 ( 7.51%)  Δe=  10  obj=0.8624  gap=+0.04%  Δobj=+0.000%  build=0.05s solve=0.16s
2026-07-02 13:34:05.639 | INFO     | pycaalp.time_balancing.model:run_mip:430 - Running MIP solver ...
sub_stop=8.054298642533936
  k=   16  edges=  89 ( 8.05%)  Δe=   6  obj=0.8624  gap=+0.04%  Δobj=+0.000%  build=0.07s solve=0.15s
2026-07-02 13:34:05.885 | INFO     | pycaalp.time_balancing.model:run_mip:430 - Running MIP solver ...
sub_stop=9.95475113122172
  k=   24  edges= 110 ( 9.95%)  Δe=  21  obj=0.8624  gap=+0.04%  Δobj=+0.000%  build=0.10s solve=0.17s
2026-07-02 13:34:06.184 | INFO     | pycaalp.time_balancing.model:run_mip:430 - Running MIP solver ...
sub_stop=12.126696832579185
  k=   32  edges= 134 (12.13%)  Δe=  24  obj=0.8624  gap=+0.04%  Δobj=+0.000%  build=0.13s solve=0.25s
  → stop: stop_perc_graph (after 2 consecutive steps)

[adaptive] k-sweep (stop: none, stop at 10.0% of the full directed graph):
2026-07-02 13:34:06.443 | INFO     | pycaalp.time_balancing.model:run_mip:430 - Running MIP solver ...
sub_stop=3.3484162895927603
  k=    1  edges=  37 ( 3.35%)  Δe=  37  obj=0.8624  gap=+0.04%  Δobj=   —     build=0.01s solve=0.11s
2026-07-02 13:34:06.567 | INFO     | pycaalp.time_balancing.model:run_mip:430 - Running MIP solver ...
sub_stop=3.8009049773755654
  k=    2  edges=  42 (  3.8%)  Δe=   5  obj=0.8624  gap=+0.04%  Δobj=+0.000%  build=0.01s solve=0.29s
2026-07-02 13:34:06.875 | INFO     | pycaalp.time_balancing.model:run_mip:430 - Running MIP solver ...
sub_stop=4.343891402714932
  k=    3  edges=  48 ( 4.34%)  Δe=   6  obj=0.8624  gap=+0.04%  Δobj=+0.000%  build=0.01s solve=0.10s
2026-07-02 13:34:06.998 | INFO     | pycaalp.time_balancing.model:run_mip:430 - Running MIP solver ...
sub_stop=4.886877828054299
  k=    4  edges=  54 ( 4.89%)  Δe=   6  obj=0.8624  gap=+0.04%  Δobj=+0.000%  build=0.02s solve=0.09s
2026-07-02 13:34:07.113 | INFO     | pycaalp.time_balancing.model:run_mip:430 - Running MIP solver ...
sub_stop=5.791855203619909
  k=    6  edges=  64 ( 5.79%)  Δe=  10  obj=0.8624  gap=+0.04%  Δobj=+0.000%  build=0.03s solve=0.13s
2026-07-02 13:34:07.282 | INFO     | pycaalp.time_balancing.model:run_mip:430 - Running MIP solver ...
sub_stop=6.60633484162896
  k=    8  edges=  73 ( 6.61%)  Δe=   9  obj=0.8624  gap=+0.04%  Δobj=-0.000%  build=0.03s solve=0.15s
2026-07-02 13:34:07.482 | INFO     | pycaalp.time_balancing.model:run_mip:430 - Running MIP solver ...
sub_stop=7.51131221719457
  k=   12  edges=  83 ( 7.51%)  Δe=  10  obj=0.8624  gap=+0.04%  Δobj=+0.000%  build=0.05s solve=0.16s
2026-07-02 13:34:07.713 | INFO     | pycaalp.time_balancing.model:run_mip:430 - Running MIP solver ...
sub_stop=8.054298642533936
  k=   16  edges=  89 ( 8.05%)  Δe=   6  obj=0.8624  gap=+0.04%  Δobj=+0.000%  build=0.07s solve=0.15s
2026-07-02 13:34:07.937 | INFO     | pycaalp.time_balancing.model:run_mip:430 - Running MIP solver ...
sub_stop=13.574660633484163
  k=   24  edges= 150 (13.57%)  Δe=  61  obj=0.8624  gap=+0.04%  Δobj=+0.000%  build=0.07s solve=0.18s
  → stop: stop_perc_graph (after 2 consecutive steps)

Results saved to experiments/bl_union_convergence/assembly_1_np_3_methods/bl_union_convergence_lambda_0.8.csv
Plot with:  python -m experiments.bl_union_convergence.plot_convergence experiments/bl_union_convergence/assembly_1_np_3_methods/bl_union_convergence_lambda_0.8.csv

----------------- λ = 0.9 -----------------
========================================================================
bl-union convergence — assembly_1  P=3  λ=0.9
========================================================================

Building assembly digraph …
2026-07-02 13:33:21.911 | INFO     | pycaalp.gapp.assembly_digraph:compute_assembly_digraph_complete:395 - Computing assembly digraph...
  343 nodes, 1105 edges  (0.1s)

[ref] Full MIP  P=3  λ=0.9 …
2026-07-02 13:33:22.025 | INFO     | pycaalp.time_balancing.model:run_mip:430 - Running MIP solver ...
  obj=0.8636  alpha=722.4s  time=53.42s

[bl_union] k-sweep (stop: none, stop at 10.0% of the full directed graph):
2026-07-02 13:34:15.454 | INFO     | pycaalp.time_balancing.model:run_mip:430 - Running MIP solver ...
sub_stop=3.3484162895927603
  k=    1  edges=  37 ( 3.35%)  Δe=  37  obj=0.8640  gap=+0.05%  Δobj=   —     build=0.01s solve=0.07s
2026-07-02 13:34:15.533 | INFO     | pycaalp.time_balancing.model:run_mip:430 - Running MIP solver ...
sub_stop=3.8009049773755654
  k=    2  edges=  42 (  3.8%)  Δe=   5  obj=0.8640  gap=+0.05%  Δobj=+0.000%  build=0.01s solve=0.08s
2026-07-02 13:34:15.629 | INFO     | pycaalp.time_balancing.model:run_mip:430 - Running MIP solver ...
sub_stop=4.343891402714932
  k=    3  edges=  48 ( 4.34%)  Δe=   6  obj=0.8640  gap=+0.05%  Δobj=+0.000%  build=0.01s solve=0.30s
2026-07-02 13:34:15.942 | INFO     | pycaalp.time_balancing.model:run_mip:430 - Running MIP solver ...
sub_stop=4.886877828054299
  k=    4  edges=  54 ( 4.89%)  Δe=   6  obj=0.8640  gap=+0.05%  Δobj=-0.000%  build=0.02s solve=0.12s
2026-07-02 13:34:16.089 | INFO     | pycaalp.time_balancing.model:run_mip:430 - Running MIP solver ...
sub_stop=5.791855203619909
  k=    6  edges=  64 ( 5.79%)  Δe=  10  obj=0.8640  gap=+0.05%  Δobj=+0.000%  build=0.03s solve=0.11s
2026-07-02 13:34:16.234 | INFO     | pycaalp.time_balancing.model:run_mip:430 - Running MIP solver ...
sub_stop=6.60633484162896
  k=    8  edges=  73 ( 6.61%)  Δe=   9  obj=0.8640  gap=+0.05%  Δobj=+0.000%  build=0.03s solve=0.12s
2026-07-02 13:34:16.409 | INFO     | pycaalp.time_balancing.model:run_mip:430 - Running MIP solver ...
sub_stop=7.51131221719457
  k=   12  edges=  83 ( 7.51%)  Δe=  10  obj=0.8640  gap=+0.05%  Δobj=+0.000%  build=0.05s solve=0.17s
2026-07-02 13:34:16.646 | INFO     | pycaalp.time_balancing.model:run_mip:430 - Running MIP solver ...
sub_stop=8.054298642533936
  k=   16  edges=  89 ( 8.05%)  Δe=   6  obj=0.8640  gap=+0.05%  Δobj=+0.000%  build=0.07s solve=0.13s
2026-07-02 13:34:16.875 | INFO     | pycaalp.time_balancing.model:run_mip:430 - Running MIP solver ...
sub_stop=9.95475113122172
  k=   24  edges= 110 ( 9.95%)  Δe=  21  obj=0.8640  gap=+0.05%  Δobj=+0.000%  build=0.10s solve=0.16s
2026-07-02 13:34:17.165 | INFO     | pycaalp.time_balancing.model:run_mip:430 - Running MIP solver ...
sub_stop=12.126696832579185
  k=   32  edges= 134 (12.13%)  Δe=  24  obj=0.8640  gap=+0.05%  Δobj=+0.000%  build=0.13s solve=0.46s
  → stop: stop_perc_graph (after 2 consecutive steps)

[adaptive] k-sweep (stop: none, stop at 10.0% of the full directed graph):
2026-07-02 13:34:17.634 | INFO     | pycaalp.time_balancing.model:run_mip:430 - Running MIP solver ...
sub_stop=3.3484162895927603
  k=    1  edges=  37 ( 3.35%)  Δe=  37  obj=0.8640  gap=+0.05%  Δobj=   —     build=0.01s solve=0.07s
2026-07-02 13:34:17.712 | INFO     | pycaalp.time_balancing.model:run_mip:430 - Running MIP solver ...
sub_stop=3.8009049773755654
  k=    2  edges=  42 (  3.8%)  Δe=   5  obj=0.8640  gap=+0.05%  Δobj=+0.000%  build=0.01s solve=0.08s
2026-07-02 13:34:17.808 | INFO     | pycaalp.time_balancing.model:run_mip:430 - Running MIP solver ...
sub_stop=4.343891402714932
  k=    3  edges=  48 ( 4.34%)  Δe=   6  obj=0.8640  gap=+0.05%  Δobj=+0.000%  build=0.01s solve=0.30s
2026-07-02 13:34:18.122 | INFO     | pycaalp.time_balancing.model:run_mip:430 - Running MIP solver ...
sub_stop=4.886877828054299
  k=    4  edges=  54 ( 4.89%)  Δe=   6  obj=0.8640  gap=+0.05%  Δobj=-0.000%  build=0.02s solve=0.12s
2026-07-02 13:34:18.269 | INFO     | pycaalp.time_balancing.model:run_mip:430 - Running MIP solver ...
sub_stop=5.791855203619909
  k=    6  edges=  64 ( 5.79%)  Δe=  10  obj=0.8640  gap=+0.05%  Δobj=+0.000%  build=0.03s solve=0.11s
2026-07-02 13:34:18.415 | INFO     | pycaalp.time_balancing.model:run_mip:430 - Running MIP solver ...
sub_stop=6.60633484162896
  k=    8  edges=  73 ( 6.61%)  Δe=   9  obj=0.8640  gap=+0.05%  Δobj=+0.000%  build=0.03s solve=0.12s
2026-07-02 13:34:18.591 | INFO     | pycaalp.time_balancing.model:run_mip:430 - Running MIP solver ...
sub_stop=7.51131221719457
  k=   12  edges=  83 ( 7.51%)  Δe=  10  obj=0.8640  gap=+0.05%  Δobj=+0.000%  build=0.05s solve=0.17s
2026-07-02 13:34:18.831 | INFO     | pycaalp.time_balancing.model:run_mip:430 - Running MIP solver ...
sub_stop=8.054298642533936
  k=   16  edges=  89 ( 8.05%)  Δe=   6  obj=0.8640  gap=+0.05%  Δobj=+0.000%  build=0.07s solve=0.13s
2026-07-02 13:34:19.038 | INFO     | pycaalp.time_balancing.model:run_mip:430 - Running MIP solver ...
sub_stop=13.484162895927602
  k=   24  edges= 149 (13.48%)  Δe=  60  obj=0.8636  gap=+0.00%  Δobj=+0.048%  build=0.07s solve=0.24s
  → stop: stop_perc_graph (after 2 consecutive steps)

Results saved to experiments/bl_union_convergence/assembly_1_np_3_methods/bl_union_convergence_lambda_0.9.csv
Plot with:  python -m experiments.bl_union_convergence.plot_convergence experiments/bl_union_convergence/assembly_1_np_3_methods/bl_union_convergence_lambda_0.9.csv

----------------- λ = 1.0 -----------------
========================================================================
bl-union convergence — assembly_1  P=3  λ=1.0
========================================================================

Building assembly digraph …
2026-07-02 13:33:21.982 | INFO     | pycaalp.gapp.assembly_digraph:compute_assembly_digraph_complete:395 - Computing assembly digraph...
  343 nodes, 1105 edges  (0.1s)

[ref] Full MIP  P=3  λ=1.0 …
2026-07-02 13:33:22.097 | INFO     | pycaalp.time_balancing.model:run_mip:430 - Running MIP solver ...
  obj=0.8369  alpha=722.4s  time=33.11s

[bl_union] k-sweep (stop: none, stop at 10.0% of the full directed graph):
2026-07-02 13:33:55.217 | INFO     | pycaalp.time_balancing.model:run_mip:430 - Running MIP solver ...
sub_stop=3.3484162895927603
  k=    1  edges=  37 ( 3.35%)  Δe=  37  obj=0.8369  gap=+0.00%  Δobj=   —     build=0.01s solve=0.16s
2026-07-02 13:33:55.384 | INFO     | pycaalp.time_balancing.model:run_mip:430 - Running MIP solver ...
sub_stop=3.8009049773755654
  k=    2  edges=  42 (  3.8%)  Δe=   5  obj=0.8369  gap=+0.00%  Δobj=+0.000%  build=0.01s solve=0.12s
2026-07-02 13:33:55.519 | INFO     | pycaalp.time_balancing.model:run_mip:430 - Running MIP solver ...
sub_stop=4.343891402714932
  k=    3  edges=  48 ( 4.34%)  Δe=   6  obj=0.8369  gap=+0.00%  Δobj=+0.000%  build=0.01s solve=0.07s
2026-07-02 13:33:55.610 | INFO     | pycaalp.time_balancing.model:run_mip:430 - Running MIP solver ...
sub_stop=4.886877828054299
  k=    4  edges=  54 ( 4.89%)  Δe=   6  obj=0.8369  gap=+0.00%  Δobj=+0.000%  build=0.02s solve=0.08s
2026-07-02 13:33:55.718 | INFO     | pycaalp.time_balancing.model:run_mip:430 - Running MIP solver ...
sub_stop=5.791855203619909
  k=    6  edges=  64 ( 5.79%)  Δe=  10  obj=0.8369  gap=+0.00%  Δobj=+0.000%  build=0.03s solve=0.09s
2026-07-02 13:33:55.848 | INFO     | pycaalp.time_balancing.model:run_mip:430 - Running MIP solver ...
sub_stop=6.60633484162896
  k=    8  edges=  73 ( 6.61%)  Δe=   9  obj=0.8369  gap=+0.00%  Δobj=+0.000%  build=0.04s solve=0.10s
2026-07-02 13:33:56.000 | INFO     | pycaalp.time_balancing.model:run_mip:430 - Running MIP solver ...
sub_stop=7.51131221719457
  k=   12  edges=  83 ( 7.51%)  Δe=  10  obj=0.8369  gap=+0.00%  Δobj=+0.000%  build=0.05s solve=0.13s
2026-07-02 13:33:56.201 | INFO     | pycaalp.time_balancing.model:run_mip:430 - Running MIP solver ...
sub_stop=8.054298642533936
  k=   16  edges=  89 ( 8.05%)  Δe=   6  obj=0.8369  gap=+0.00%  Δobj=+0.000%  build=0.07s solve=0.15s
2026-07-02 13:33:56.450 | INFO     | pycaalp.time_balancing.model:run_mip:430 - Running MIP solver ...
sub_stop=9.95475113122172
  k=   24  edges= 110 ( 9.95%)  Δe=  21  obj=0.8369  gap=+0.00%  Δobj=+0.000%  build=0.10s solve=0.24s
2026-07-02 13:33:56.827 | INFO     | pycaalp.time_balancing.model:run_mip:430 - Running MIP solver ...
sub_stop=12.126696832579185
  k=   32  edges= 134 (12.13%)  Δe=  24  obj=0.8369  gap=+0.00%  Δobj=+0.000%  build=0.13s solve=0.34s
  → stop: stop_perc_graph (after 2 consecutive steps)

[adaptive] k-sweep (stop: none, stop at 10.0% of the full directed graph):
2026-07-02 13:33:57.177 | INFO     | pycaalp.time_balancing.model:run_mip:430 - Running MIP solver ...
sub_stop=3.3484162895927603
  k=    1  edges=  37 ( 3.35%)  Δe=  37  obj=0.8369  gap=+0.00%  Δobj=   —     build=0.01s solve=0.16s
2026-07-02 13:33:57.344 | INFO     | pycaalp.time_balancing.model:run_mip:430 - Running MIP solver ...
sub_stop=3.8009049773755654
  k=    2  edges=  42 (  3.8%)  Δe=   5  obj=0.8369  gap=+0.00%  Δobj=+0.000%  build=0.01s solve=0.12s
2026-07-02 13:33:57.477 | INFO     | pycaalp.time_balancing.model:run_mip:430 - Running MIP solver ...
sub_stop=4.343891402714932
  k=    3  edges=  48 ( 4.34%)  Δe=   6  obj=0.8369  gap=+0.00%  Δobj=+0.000%  build=0.02s solve=0.07s
2026-07-02 13:33:57.568 | INFO     | pycaalp.time_balancing.model:run_mip:430 - Running MIP solver ...
sub_stop=4.886877828054299
  k=    4  edges=  54 ( 4.89%)  Δe=   6  obj=0.8369  gap=+0.00%  Δobj=+0.000%  build=0.02s solve=0.08s
2026-07-02 13:33:57.675 | INFO     | pycaalp.time_balancing.model:run_mip:430 - Running MIP solver ...
sub_stop=5.791855203619909
  k=    6  edges=  64 ( 5.79%)  Δe=  10  obj=0.8369  gap=+0.00%  Δobj=+0.000%  build=0.03s solve=0.09s
2026-07-02 13:33:57.805 | INFO     | pycaalp.time_balancing.model:run_mip:430 - Running MIP solver ...
sub_stop=6.60633484162896
  k=    8  edges=  73 ( 6.61%)  Δe=   9  obj=0.8369  gap=+0.00%  Δobj=+0.000%  build=0.04s solve=0.10s
2026-07-02 13:33:57.957 | INFO     | pycaalp.time_balancing.model:run_mip:430 - Running MIP solver ...
sub_stop=7.51131221719457
  k=   12  edges=  83 ( 7.51%)  Δe=  10  obj=0.8369  gap=+0.00%  Δobj=+0.000%  build=0.05s solve=0.13s
2026-07-02 13:33:58.159 | INFO     | pycaalp.time_balancing.model:run_mip:430 - Running MIP solver ...
sub_stop=8.054298642533936
  k=   16  edges=  89 ( 8.05%)  Δe=   6  obj=0.8369  gap=+0.00%  Δobj=+0.000%  build=0.07s solve=0.14s
2026-07-02 13:33:58.380 | INFO     | pycaalp.time_balancing.model:run_mip:430 - Running MIP solver ...
sub_stop=13.21266968325792
  k=   24  edges= 146 (13.21%)  Δe=  57  obj=0.8369  gap=+0.00%  Δobj=+0.000%  build=0.08s solve=0.46s
  → stop: stop_perc_graph (after 2 consecutive steps)

Results saved to experiments/bl_union_convergence/assembly_1_np_3_methods/bl_union_convergence_lambda_1.0.csv
Plot with:  python -m experiments.bl_union_convergence.plot_convergence experiments/bl_union_convergence/assembly_1_np_3_methods/bl_union_convergence_lambda_1.0.csv
Combined CSV → experiments/bl_union_convergence/assembly_1_np_3_methods/bl_union_convergence.csv
Saved experiments/bl_union_convergence/assembly_1_np_3_methods/convergence_obj_vs_pct_bl_union_assembly_1_P3.svg
Saved experiments/bl_union_convergence/assembly_1_np_3_methods/convergence_alpha_vs_pct_bl_union_assembly_1_P3.svg
Saved experiments/bl_union_convergence/assembly_1_np_3_methods/convergence_obj_vs_k_bl_union_assembly_1_P3.svg
Saved experiments/bl_union_convergence/assembly_1_np_3_methods/convergence_obj_vs_pct_adaptive_assembly_1_P3.svg
Saved experiments/bl_union_convergence/assembly_1_np_3_methods/convergence_alpha_vs_pct_adaptive_assembly_1_P3.svg
Saved experiments/bl_union_convergence/assembly_1_np_3_methods/convergence_obj_vs_k_adaptive_assembly_1_P3.svg
Saved experiments/bl_union_convergence/assembly_1_np_3_methods/method_best_gap_vs_lambda_assembly_1_P3.svg
Saved experiments/bl_union_convergence/assembly_1_np_3_methods/metrics_grid_bl_union_assembly_1_P3.svg
Saved experiments/bl_union_convergence/assembly_1_np_3_methods/metrics_grid_adaptive_assembly_1_P3.svg
