============ adaptive convergence (oracle-free) sweep ============
date         : 2026-07-06T15:40:08+02:00
host         : TUMWUTG-MIT148
git commit   : 3bac723 (research/wgp-2026)
python       : Python 3.14.4
instance     : assembly_1
parts file   : data/assembly_1/assembly_1_parts.json
dfm file     : (none)
num_phases   : 2
lambda grid  : 0.1 0.2 0.3 0.4 0.5 0.6 0.7 0.8 0.9
jobs (par.)  : 9
rundir       : experiments/adaptive_convergence/assembly_1_np_2
=================================================================
extra args   : --num-phases 2

----------------- λ = 0.1 -----------------
========================================================================
adaptive convergence (oracle-free) — assembly_1  P=2  λ=0.1
========================================================================

Building assembly digraph …
2026-07-06 15:40:08.936 | INFO     | pycaalp.gapp.assembly_digraph:compute_assembly_digraph_complete:396 - Computing assembly digraph...
  343 nodes, 1105 edges  (0.3s)
  ideal obj (Σ shortest-path bound) = 0.8329
  phase width (T_total/P)           = 1078.42

[adaptive] k-sweep (stop at 10.0% of edges):
2026-07-06 15:40:09.273 | INFO     | pycaalp.time_balancing.model:run_mip:430 - Running MIP solver ...
  k=    1    2.8% edges  obj=0.8348  obj_vs_ideal=0.22%  α_vs_width=2.19%  Δobj=   —     build=0.01s solve=0.01s
2026-07-06 15:40:09.312 | INFO     | pycaalp.time_balancing.model:run_mip:430 - Running MIP solver ...
  k=    2    3.3% edges  obj=0.8348  obj_vs_ideal=0.22%  α_vs_width=2.19%  Δobj=+0.000%  build=0.03s solve=0.01s
2026-07-06 15:40:09.354 | INFO     | pycaalp.time_balancing.model:run_mip:430 - Running MIP solver ...
  k=    3    3.8% edges  obj=0.8348  obj_vs_ideal=0.22%  α_vs_width=2.19%  Δobj=+0.000%  build=0.03s solve=0.09s
2026-07-06 15:40:09.499 | INFO     | pycaalp.time_balancing.model:run_mip:430 - Running MIP solver ...
  k=    4    4.1% edges  obj=0.8348  obj_vs_ideal=0.22%  α_vs_width=2.19%  Δobj=-0.000%  build=0.05s solve=0.09s
2026-07-06 15:40:09.648 | INFO     | pycaalp.time_balancing.model:run_mip:430 - Running MIP solver ...
  k=    6    4.7% edges  obj=0.8348  obj_vs_ideal=0.22%  α_vs_width=2.19%  Δobj=+0.000%  build=0.05s solve=0.15s
2026-07-06 15:40:09.853 | INFO     | pycaalp.time_balancing.model:run_mip:430 - Running MIP solver ...
  k=    8    5.5% edges  obj=0.8348  obj_vs_ideal=0.22%  α_vs_width=2.19%  Δobj=+0.000%  build=0.06s solve=0.10s
2026-07-06 15:40:10.060 | INFO     | pycaalp.time_balancing.model:run_mip:430 - Running MIP solver ...
  k=   12    6.4% edges  obj=0.8348  obj_vs_ideal=0.22%  α_vs_width=2.19%  Δobj=+0.000%  build=0.11s solve=0.14s
2026-07-06 15:40:10.336 | INFO     | pycaalp.time_balancing.model:run_mip:430 - Running MIP solver ...
  k=   16    7.4% edges  obj=0.8348  obj_vs_ideal=0.22%  α_vs_width=2.19%  Δobj=+0.000%  build=0.14s solve=0.17s
2026-07-06 15:40:10.676 | INFO     | pycaalp.time_balancing.model:run_mip:430 - Running MIP solver ...
  k=   24    8.4% edges  obj=0.8348  obj_vs_ideal=0.22%  α_vs_width=2.19%  Δobj=-0.000%  build=0.17s solve=0.16s
2026-07-06 15:40:11.050 | INFO     | pycaalp.time_balancing.model:run_mip:430 - Running MIP solver ...
  k=   32    9.9% edges  obj=0.8348  obj_vs_ideal=0.22%  α_vs_width=2.19%  Δobj=+0.000%  build=0.21s solve=0.26s
2026-07-06 15:40:11.560 | INFO     | pycaalp.time_balancing.model:run_mip:430 - Running MIP solver ...
  k=   48   22.2% edges  obj=0.8348  obj_vs_ideal=0.22%  α_vs_width=2.19%  Δobj=-0.000%  build=0.25s solve=0.46s
  → stop: stop_perc_graph

Done. CSV → experiments/adaptive_convergence/assembly_1_np_2/adaptive_convergence_lambda_0.1.csv

----------------- λ = 0.2 -----------------
========================================================================
adaptive convergence (oracle-free) — assembly_1  P=2  λ=0.2
========================================================================

Building assembly digraph …
2026-07-06 15:40:08.830 | INFO     | pycaalp.gapp.assembly_digraph:compute_assembly_digraph_complete:396 - Computing assembly digraph...
  343 nodes, 1105 edges  (0.4s)
  ideal obj (Σ shortest-path bound) = 0.8329
  phase width (T_total/P)           = 1078.42

[adaptive] k-sweep (stop at 10.0% of edges):
2026-07-06 15:40:09.205 | INFO     | pycaalp.time_balancing.model:run_mip:430 - Running MIP solver ...
  k=    1    2.8% edges  obj=0.8366  obj_vs_ideal=0.44%  α_vs_width=2.19%  Δobj=   —     build=0.02s solve=0.02s
2026-07-06 15:40:09.243 | INFO     | pycaalp.time_balancing.model:run_mip:430 - Running MIP solver ...
  k=    2    3.3% edges  obj=0.8366  obj_vs_ideal=0.44%  α_vs_width=2.19%  Δobj=-0.000%  build=0.01s solve=0.06s
2026-07-06 15:40:09.330 | INFO     | pycaalp.time_balancing.model:run_mip:430 - Running MIP solver ...
  k=    3    3.8% edges  obj=0.8366  obj_vs_ideal=0.44%  α_vs_width=2.19%  Δobj=+0.000%  build=0.02s solve=0.09s
2026-07-06 15:40:09.447 | INFO     | pycaalp.time_balancing.model:run_mip:430 - Running MIP solver ...
  k=    4    4.1% edges  obj=0.8366  obj_vs_ideal=0.44%  α_vs_width=2.19%  Δobj=-0.000%  build=0.03s solve=0.19s
2026-07-06 15:40:09.699 | INFO     | pycaalp.time_balancing.model:run_mip:430 - Running MIP solver ...
  k=    6    4.7% edges  obj=0.8366  obj_vs_ideal=0.44%  α_vs_width=2.19%  Δobj=-0.000%  build=0.06s solve=0.17s
2026-07-06 15:40:09.934 | INFO     | pycaalp.time_balancing.model:run_mip:430 - Running MIP solver ...
  k=    8    5.5% edges  obj=0.8366  obj_vs_ideal=0.44%  α_vs_width=2.19%  Δobj=+0.000%  build=0.06s solve=0.20s
2026-07-06 15:40:10.240 | INFO     | pycaalp.time_balancing.model:run_mip:430 - Running MIP solver ...
  k=   12    6.4% edges  obj=0.8366  obj_vs_ideal=0.44%  α_vs_width=2.19%  Δobj=+0.000%  build=0.10s solve=0.18s
2026-07-06 15:40:10.534 | INFO     | pycaalp.time_balancing.model:run_mip:430 - Running MIP solver ...
  k=   16    7.4% edges  obj=0.8366  obj_vs_ideal=0.44%  α_vs_width=2.19%  Δobj=-0.000%  build=0.11s solve=0.16s
2026-07-06 15:40:10.831 | INFO     | pycaalp.time_balancing.model:run_mip:430 - Running MIP solver ...
  k=   24    8.4% edges  obj=0.8366  obj_vs_ideal=0.44%  α_vs_width=2.19%  Δobj=+0.000%  build=0.13s solve=0.33s
2026-07-06 15:40:11.363 | INFO     | pycaalp.time_balancing.model:run_mip:430 - Running MIP solver ...
  k=   32    9.9% edges  obj=0.8366  obj_vs_ideal=0.44%  α_vs_width=2.19%  Δobj=-0.000%  build=0.20s solve=0.38s
2026-07-06 15:40:11.948 | INFO     | pycaalp.time_balancing.model:run_mip:430 - Running MIP solver ...
  k=   48   22.1% edges  obj=0.8366  obj_vs_ideal=0.44%  α_vs_width=2.19%  Δobj=+0.000%  build=0.20s solve=0.38s
  → stop: stop_perc_graph

Done. CSV → experiments/adaptive_convergence/assembly_1_np_2/adaptive_convergence_lambda_0.2.csv

----------------- λ = 0.3 -----------------
========================================================================
adaptive convergence (oracle-free) — assembly_1  P=2  λ=0.3
========================================================================

Building assembly digraph …
2026-07-06 15:40:08.894 | INFO     | pycaalp.gapp.assembly_digraph:compute_assembly_digraph_complete:396 - Computing assembly digraph...
  343 nodes, 1105 edges  (0.3s)
  ideal obj (Σ shortest-path bound) = 0.8329
  phase width (T_total/P)           = 1078.42

[adaptive] k-sweep (stop at 10.0% of edges):
2026-07-06 15:40:09.212 | INFO     | pycaalp.time_balancing.model:run_mip:430 - Running MIP solver ...
  k=    1    2.8% edges  obj=0.8384  obj_vs_ideal=0.65%  α_vs_width=1.31%  Δobj=   —     build=0.01s solve=0.05s
2026-07-06 15:40:09.286 | INFO     | pycaalp.time_balancing.model:run_mip:430 - Running MIP solver ...
  k=    2    3.3% edges  obj=0.8384  obj_vs_ideal=0.65%  α_vs_width=1.31%  Δobj=+0.000%  build=0.02s solve=0.11s
2026-07-06 15:40:09.436 | INFO     | pycaalp.time_balancing.model:run_mip:430 - Running MIP solver ...
  k=    3    3.8% edges  obj=0.8384  obj_vs_ideal=0.65%  α_vs_width=1.31%  Δobj=+0.000%  build=0.04s solve=0.10s
2026-07-06 15:40:09.576 | INFO     | pycaalp.time_balancing.model:run_mip:430 - Running MIP solver ...
  k=    4    4.1% edges  obj=0.8384  obj_vs_ideal=0.65%  α_vs_width=1.31%  Δobj=-0.000%  build=0.04s solve=0.09s
2026-07-06 15:40:09.718 | INFO     | pycaalp.time_balancing.model:run_mip:430 - Running MIP solver ...
  k=    6    4.7% edges  obj=0.8384  obj_vs_ideal=0.65%  α_vs_width=1.31%  Δobj=-0.000%  build=0.05s solve=0.11s
2026-07-06 15:40:09.902 | INFO     | pycaalp.time_balancing.model:run_mip:430 - Running MIP solver ...
  k=    8    5.5% edges  obj=0.8384  obj_vs_ideal=0.65%  α_vs_width=1.31%  Δobj=+0.000%  build=0.07s solve=0.33s
2026-07-06 15:40:10.340 | INFO     | pycaalp.time_balancing.model:run_mip:430 - Running MIP solver ...
  k=   12    6.4% edges  obj=0.8384  obj_vs_ideal=0.65%  α_vs_width=1.31%  Δobj=+0.000%  build=0.11s solve=0.18s
2026-07-06 15:40:10.667 | INFO     | pycaalp.time_balancing.model:run_mip:430 - Running MIP solver ...
  k=   16    7.4% edges  obj=0.8384  obj_vs_ideal=0.65%  α_vs_width=1.31%  Δobj=+0.000%  build=0.14s solve=0.33s
2026-07-06 15:40:11.152 | INFO     | pycaalp.time_balancing.model:run_mip:430 - Running MIP solver ...
  k=   24    8.4% edges  obj=0.8384  obj_vs_ideal=0.65%  α_vs_width=1.31%  Δobj=-0.000%  build=0.16s solve=0.34s
2026-07-06 15:40:11.716 | INFO     | pycaalp.time_balancing.model:run_mip:430 - Running MIP solver ...
  k=   32    9.9% edges  obj=0.8384  obj_vs_ideal=0.65%  α_vs_width=1.31%  Δobj=+0.000%  build=0.23s solve=0.50s
2026-07-06 15:40:12.412 | INFO     | pycaalp.time_balancing.model:run_mip:430 - Running MIP solver ...
  k=   48   22.3% edges  obj=0.8384  obj_vs_ideal=0.65%  α_vs_width=1.31%  Δobj=+0.000%  build=0.20s solve=0.31s
  → stop: stop_perc_graph

Done. CSV → experiments/adaptive_convergence/assembly_1_np_2/adaptive_convergence_lambda_0.3.csv

----------------- λ = 0.4 -----------------
========================================================================
adaptive convergence (oracle-free) — assembly_1  P=2  λ=0.4
========================================================================

Building assembly digraph …
2026-07-06 15:40:08.935 | INFO     | pycaalp.gapp.assembly_digraph:compute_assembly_digraph_complete:396 - Computing assembly digraph...
  343 nodes, 1105 edges  (0.3s)
  ideal obj (Σ shortest-path bound) = 0.8329
  phase width (T_total/P)           = 1078.42

[adaptive] k-sweep (stop at 10.0% of edges):
2026-07-06 15:40:09.203 | INFO     | pycaalp.time_balancing.model:run_mip:430 - Running MIP solver ...
  k=    1    2.8% edges  obj=0.8392  obj_vs_ideal=0.75%  α_vs_width=1.31%  Δobj=   —     build=0.01s solve=0.05s
2026-07-06 15:40:09.267 | INFO     | pycaalp.time_balancing.model:run_mip:430 - Running MIP solver ...
  k=    2    3.3% edges  obj=0.8392  obj_vs_ideal=0.75%  α_vs_width=1.31%  Δobj=-0.000%  build=0.01s solve=0.12s
2026-07-06 15:40:09.408 | INFO     | pycaalp.time_balancing.model:run_mip:430 - Running MIP solver ...
  k=    3    3.8% edges  obj=0.8392  obj_vs_ideal=0.75%  α_vs_width=1.31%  Δobj=+0.000%  build=0.02s solve=0.15s
2026-07-06 15:40:09.590 | INFO     | pycaalp.time_balancing.model:run_mip:430 - Running MIP solver ...
  k=    4    4.1% edges  obj=0.8392  obj_vs_ideal=0.75%  α_vs_width=1.31%  Δobj=+0.000%  build=0.03s solve=0.08s
2026-07-06 15:40:09.730 | INFO     | pycaalp.time_balancing.model:run_mip:430 - Running MIP solver ...
  k=    6    4.7% edges  obj=0.8392  obj_vs_ideal=0.75%  α_vs_width=1.31%  Δobj=-0.000%  build=0.06s solve=0.10s
2026-07-06 15:40:09.901 | INFO     | pycaalp.time_balancing.model:run_mip:430 - Running MIP solver ...
  k=    8    5.5% edges  obj=0.8392  obj_vs_ideal=0.75%  α_vs_width=1.31%  Δobj=+0.000%  build=0.07s solve=0.14s
2026-07-06 15:40:10.160 | INFO     | pycaalp.time_balancing.model:run_mip:430 - Running MIP solver ...
  k=   12    6.4% edges  obj=0.8392  obj_vs_ideal=0.75%  α_vs_width=1.31%  Δobj=-0.000%  build=0.11s solve=0.38s
2026-07-06 15:40:10.683 | INFO     | pycaalp.time_balancing.model:run_mip:430 - Running MIP solver ...
  k=   16    7.4% edges  obj=0.8392  obj_vs_ideal=0.75%  α_vs_width=1.31%  Δobj=+0.000%  build=0.14s solve=0.30s
2026-07-06 15:40:11.143 | INFO     | pycaalp.time_balancing.model:run_mip:430 - Running MIP solver ...
  k=   24    8.4% edges  obj=0.8392  obj_vs_ideal=0.75%  α_vs_width=1.31%  Δobj=+0.000%  build=0.16s solve=0.34s
2026-07-06 15:40:11.736 | INFO     | pycaalp.time_balancing.model:run_mip:430 - Running MIP solver ...
  k=   32    9.9% edges  obj=0.8392  obj_vs_ideal=0.75%  α_vs_width=1.31%  Δobj=-0.000%  build=0.25s solve=0.53s
2026-07-06 15:40:12.506 | INFO     | pycaalp.time_balancing.model:run_mip:430 - Running MIP solver ...
  k=   48   21.5% edges  obj=0.8392  obj_vs_ideal=0.75%  α_vs_width=1.31%  Δobj=+0.000%  build=0.24s solve=0.26s
  → stop: stop_perc_graph

Done. CSV → experiments/adaptive_convergence/assembly_1_np_2/adaptive_convergence_lambda_0.4.csv

----------------- λ = 0.5 -----------------
========================================================================
adaptive convergence (oracle-free) — assembly_1  P=2  λ=0.5
========================================================================

Building assembly digraph …
2026-07-06 15:40:08.866 | INFO     | pycaalp.gapp.assembly_digraph:compute_assembly_digraph_complete:396 - Computing assembly digraph...
  343 nodes, 1105 edges  (0.3s)
  ideal obj (Σ shortest-path bound) = 0.8329
  phase width (T_total/P)           = 1078.42

[adaptive] k-sweep (stop at 10.0% of edges):
2026-07-06 15:40:09.180 | INFO     | pycaalp.time_balancing.model:run_mip:430 - Running MIP solver ...
  k=    1    2.8% edges  obj=0.8399  obj_vs_ideal=0.84%  α_vs_width=1.31%  Δobj=   —     build=0.01s solve=0.04s
2026-07-06 15:40:09.239 | INFO     | pycaalp.time_balancing.model:run_mip:430 - Running MIP solver ...
  k=    2    3.3% edges  obj=0.8399  obj_vs_ideal=0.84%  α_vs_width=1.31%  Δobj=-0.000%  build=0.01s solve=0.13s
2026-07-06 15:40:09.397 | INFO     | pycaalp.time_balancing.model:run_mip:430 - Running MIP solver ...
  k=    3    3.8% edges  obj=0.8399  obj_vs_ideal=0.84%  α_vs_width=1.31%  Δobj=+0.000%  build=0.02s solve=0.12s
2026-07-06 15:40:09.550 | INFO     | pycaalp.time_balancing.model:run_mip:430 - Running MIP solver ...
  k=    4    4.1% edges  obj=0.8399  obj_vs_ideal=0.84%  α_vs_width=1.31%  Δobj=+0.000%  build=0.03s solve=0.11s
2026-07-06 15:40:09.707 | INFO     | pycaalp.time_balancing.model:run_mip:430 - Running MIP solver ...
  k=    6    4.7% edges  obj=0.8399  obj_vs_ideal=0.84%  α_vs_width=1.31%  Δobj=-0.000%  build=0.05s solve=0.15s
2026-07-06 15:40:09.947 | INFO     | pycaalp.time_balancing.model:run_mip:430 - Running MIP solver ...
  k=    8    5.5% edges  obj=0.8399  obj_vs_ideal=0.84%  α_vs_width=1.31%  Δobj=+0.000%  build=0.09s solve=0.13s
2026-07-06 15:40:10.173 | INFO     | pycaalp.time_balancing.model:run_mip:430 - Running MIP solver ...
  k=   12    6.4% edges  obj=0.8399  obj_vs_ideal=0.84%  α_vs_width=1.31%  Δobj=-0.000%  build=0.09s solve=0.37s
2026-07-06 15:40:10.666 | INFO     | pycaalp.time_balancing.model:run_mip:430 - Running MIP solver ...
  k=   16    7.4% edges  obj=0.8399  obj_vs_ideal=0.84%  α_vs_width=1.31%  Δobj=+0.000%  build=0.12s solve=0.25s
2026-07-06 15:40:11.085 | INFO     | pycaalp.time_balancing.model:run_mip:430 - Running MIP solver ...
  k=   24    8.4% edges  obj=0.8399  obj_vs_ideal=0.84%  α_vs_width=1.31%  Δobj=+0.000%  build=0.17s solve=0.33s
2026-07-06 15:40:11.662 | INFO     | pycaalp.time_balancing.model:run_mip:430 - Running MIP solver ...
  k=   32    9.9% edges  obj=0.8399  obj_vs_ideal=0.84%  α_vs_width=1.31%  Δobj=-0.000%  build=0.25s solve=0.32s
2026-07-06 15:40:12.199 | INFO     | pycaalp.time_balancing.model:run_mip:430 - Running MIP solver ...
  k=   48   21.7% edges  obj=0.8399  obj_vs_ideal=0.84%  α_vs_width=1.31%  Δobj=+0.000%  build=0.22s solve=0.28s
  → stop: stop_perc_graph

Done. CSV → experiments/adaptive_convergence/assembly_1_np_2/adaptive_convergence_lambda_0.5.csv

----------------- λ = 0.6 -----------------
========================================================================
adaptive convergence (oracle-free) — assembly_1  P=2  λ=0.6
========================================================================

Building assembly digraph …
2026-07-06 15:40:08.961 | INFO     | pycaalp.gapp.assembly_digraph:compute_assembly_digraph_complete:396 - Computing assembly digraph...
  343 nodes, 1105 edges  (0.3s)
  ideal obj (Σ shortest-path bound) = 0.8329
  phase width (T_total/P)           = 1078.42

[adaptive] k-sweep (stop at 10.0% of edges):
2026-07-06 15:40:09.259 | INFO     | pycaalp.time_balancing.model:run_mip:430 - Running MIP solver ...
  k=    1    2.8% edges  obj=0.8407  obj_vs_ideal=0.93%  α_vs_width=1.31%  Δobj=   —     build=0.01s solve=0.03s
2026-07-06 15:40:09.300 | INFO     | pycaalp.time_balancing.model:run_mip:430 - Running MIP solver ...
  k=    2    3.3% edges  obj=0.8407  obj_vs_ideal=0.93%  α_vs_width=1.31%  Δobj=-0.000%  build=0.02s solve=0.05s
2026-07-06 15:40:09.368 | INFO     | pycaalp.time_balancing.model:run_mip:430 - Running MIP solver ...
  k=    3    3.8% edges  obj=0.8407  obj_vs_ideal=0.93%  α_vs_width=1.31%  Δobj=+0.000%  build=0.02s solve=0.09s
2026-07-06 15:40:09.485 | INFO     | pycaalp.time_balancing.model:run_mip:430 - Running MIP solver ...
  k=    4    4.1% edges  obj=0.8407  obj_vs_ideal=0.93%  α_vs_width=1.31%  Δobj=+0.000%  build=0.03s solve=0.10s
2026-07-06 15:40:09.650 | INFO     | pycaalp.time_balancing.model:run_mip:430 - Running MIP solver ...
  k=    6    4.7% edges  obj=0.8407  obj_vs_ideal=0.93%  α_vs_width=1.31%  Δobj=-0.000%  build=0.07s solve=0.13s
2026-07-06 15:40:09.847 | INFO     | pycaalp.time_balancing.model:run_mip:430 - Running MIP solver ...
  k=    8    5.5% edges  obj=0.8407  obj_vs_ideal=0.93%  α_vs_width=1.31%  Δobj=-0.000%  build=0.07s solve=0.14s
2026-07-06 15:40:10.068 | INFO     | pycaalp.time_balancing.model:run_mip:430 - Running MIP solver ...
  k=   12    6.4% edges  obj=0.8407  obj_vs_ideal=0.93%  α_vs_width=1.31%  Δobj=+0.000%  build=0.08s solve=0.20s
2026-07-06 15:40:10.413 | INFO     | pycaalp.time_balancing.model:run_mip:430 - Running MIP solver ...
  k=   16    7.4% edges  obj=0.8407  obj_vs_ideal=0.93%  α_vs_width=1.31%  Δobj=+0.000%  build=0.14s solve=0.26s
2026-07-06 15:40:10.842 | INFO     | pycaalp.time_balancing.model:run_mip:430 - Running MIP solver ...
  k=   24    8.4% edges  obj=0.8407  obj_vs_ideal=0.93%  α_vs_width=1.31%  Δobj=-0.000%  build=0.17s solve=0.30s
2026-07-06 15:40:11.352 | INFO     | pycaalp.time_balancing.model:run_mip:430 - Running MIP solver ...
  k=   32    9.9% edges  obj=0.8407  obj_vs_ideal=0.93%  α_vs_width=1.31%  Δobj=+0.000%  build=0.21s solve=0.20s
2026-07-06 15:40:11.808 | INFO     | pycaalp.time_balancing.model:run_mip:430 - Running MIP solver ...
  k=   48   22.0% edges  obj=0.8407  obj_vs_ideal=0.93%  α_vs_width=1.31%  Δobj=+0.000%  build=0.26s solve=0.27s
  → stop: stop_perc_graph

Done. CSV → experiments/adaptive_convergence/assembly_1_np_2/adaptive_convergence_lambda_0.6.csv

----------------- λ = 0.7 -----------------
========================================================================
adaptive convergence (oracle-free) — assembly_1  P=2  λ=0.7
========================================================================

Building assembly digraph …
2026-07-06 15:40:08.906 | INFO     | pycaalp.gapp.assembly_digraph:compute_assembly_digraph_complete:396 - Computing assembly digraph...
  343 nodes, 1105 edges  (0.3s)
  ideal obj (Σ shortest-path bound) = 0.8329
  phase width (T_total/P)           = 1078.42

[adaptive] k-sweep (stop at 10.0% of edges):
2026-07-06 15:40:09.204 | INFO     | pycaalp.time_balancing.model:run_mip:430 - Running MIP solver ...
  k=    1    2.8% edges  obj=0.8415  obj_vs_ideal=1.03%  α_vs_width=1.31%  Δobj=   —     build=0.01s solve=0.09s
2026-07-06 15:40:09.327 | INFO     | pycaalp.time_balancing.model:run_mip:430 - Running MIP solver ...
  k=    2    3.3% edges  obj=0.8415  obj_vs_ideal=1.03%  α_vs_width=1.31%  Δobj=+0.000%  build=0.03s solve=0.04s
2026-07-06 15:40:09.394 | INFO     | pycaalp.time_balancing.model:run_mip:430 - Running MIP solver ...
  k=    3    3.8% edges  obj=0.8415  obj_vs_ideal=1.03%  α_vs_width=1.31%  Δobj=-0.000%  build=0.02s solve=0.07s
2026-07-06 15:40:09.495 | INFO     | pycaalp.time_balancing.model:run_mip:430 - Running MIP solver ...
  k=    4    4.1% edges  obj=0.8415  obj_vs_ideal=1.03%  α_vs_width=1.31%  Δobj=-0.000%  build=0.03s solve=0.08s
2026-07-06 15:40:09.623 | INFO     | pycaalp.time_balancing.model:run_mip:430 - Running MIP solver ...
  k=    6    4.7% edges  obj=0.8415  obj_vs_ideal=1.03%  α_vs_width=1.31%  Δobj=+0.000%  build=0.05s solve=0.09s
2026-07-06 15:40:09.784 | INFO     | pycaalp.time_balancing.model:run_mip:430 - Running MIP solver ...
  k=    8    5.5% edges  obj=0.8415  obj_vs_ideal=1.03%  α_vs_width=1.31%  Δobj=-0.000%  build=0.07s solve=0.14s
2026-07-06 15:40:10.038 | INFO     | pycaalp.time_balancing.model:run_mip:430 - Running MIP solver ...
  k=   12    6.4% edges  obj=0.8415  obj_vs_ideal=1.03%  α_vs_width=1.31%  Δobj=+0.000%  build=0.12s solve=0.18s
2026-07-06 15:40:10.321 | INFO     | pycaalp.time_balancing.model:run_mip:430 - Running MIP solver ...
  k=   16    7.4% edges  obj=0.8415  obj_vs_ideal=1.03%  α_vs_width=1.31%  Δobj=-0.000%  build=0.10s solve=0.32s
2026-07-06 15:40:10.834 | INFO     | pycaalp.time_balancing.model:run_mip:430 - Running MIP solver ...
  k=   24    8.4% edges  obj=0.8415  obj_vs_ideal=1.03%  α_vs_width=1.31%  Δobj=+0.000%  build=0.19s solve=0.27s
2026-07-06 15:40:11.331 | INFO     | pycaalp.time_balancing.model:run_mip:430 - Running MIP solver ...
  k=   32    9.9% edges  obj=0.8415  obj_vs_ideal=1.03%  α_vs_width=1.31%  Δobj=+0.000%  build=0.23s solve=0.49s
2026-07-06 15:40:12.029 | INFO     | pycaalp.time_balancing.model:run_mip:430 - Running MIP solver ...
  k=   48   22.4% edges  obj=0.8415  obj_vs_ideal=1.03%  α_vs_width=1.31%  Δobj=-0.000%  build=0.20s solve=0.29s
  → stop: stop_perc_graph

Done. CSV → experiments/adaptive_convergence/assembly_1_np_2/adaptive_convergence_lambda_0.7.csv

----------------- λ = 0.8 -----------------
========================================================================
adaptive convergence (oracle-free) — assembly_1  P=2  λ=0.8
========================================================================

Building assembly digraph …
2026-07-06 15:40:08.936 | INFO     | pycaalp.gapp.assembly_digraph:compute_assembly_digraph_complete:396 - Computing assembly digraph...
  343 nodes, 1105 edges  (0.3s)
  ideal obj (Σ shortest-path bound) = 0.8329
  phase width (T_total/P)           = 1078.42

[adaptive] k-sweep (stop at 10.0% of edges):
2026-07-06 15:40:09.230 | INFO     | pycaalp.time_balancing.model:run_mip:430 - Running MIP solver ...
  k=    1    2.8% edges  obj=0.8423  obj_vs_ideal=1.12%  α_vs_width=1.31%  Δobj=   —     build=0.01s solve=0.03s
2026-07-06 15:40:09.276 | INFO     | pycaalp.time_balancing.model:run_mip:430 - Running MIP solver ...
  k=    2    3.3% edges  obj=0.8423  obj_vs_ideal=1.12%  α_vs_width=1.31%  Δobj=-0.000%  build=0.01s solve=0.04s
2026-07-06 15:40:09.344 | INFO     | pycaalp.time_balancing.model:run_mip:430 - Running MIP solver ...
  k=    3    3.8% edges  obj=0.8423  obj_vs_ideal=1.12%  α_vs_width=1.31%  Δobj=+0.000%  build=0.02s solve=0.05s
2026-07-06 15:40:09.419 | INFO     | pycaalp.time_balancing.model:run_mip:430 - Running MIP solver ...
  k=    4    4.1% edges  obj=0.8423  obj_vs_ideal=1.12%  α_vs_width=1.31%  Δobj=+0.000%  build=0.03s solve=0.08s
2026-07-06 15:40:09.565 | INFO     | pycaalp.time_balancing.model:run_mip:430 - Running MIP solver ...
  k=    6    4.7% edges  obj=0.8423  obj_vs_ideal=1.12%  α_vs_width=1.31%  Δobj=+0.000%  build=0.07s solve=0.09s
2026-07-06 15:40:09.710 | INFO     | pycaalp.time_balancing.model:run_mip:430 - Running MIP solver ...
  k=    8    5.5% edges  obj=0.8423  obj_vs_ideal=1.12%  α_vs_width=1.31%  Δobj=+0.000%  build=0.06s solve=0.12s
2026-07-06 15:40:09.939 | INFO     | pycaalp.time_balancing.model:run_mip:430 - Running MIP solver ...
  k=   12    6.4% edges  obj=0.8423  obj_vs_ideal=1.12%  α_vs_width=1.31%  Δobj=+0.000%  build=0.11s solve=0.22s
2026-07-06 15:40:10.272 | INFO     | pycaalp.time_balancing.model:run_mip:430 - Running MIP solver ...
  k=   16    7.4% edges  obj=0.8423  obj_vs_ideal=1.12%  α_vs_width=1.31%  Δobj=+0.000%  build=0.11s solve=0.46s
2026-07-06 15:40:10.866 | INFO     | pycaalp.time_balancing.model:run_mip:430 - Running MIP solver ...
  k=   24    8.4% edges  obj=0.8423  obj_vs_ideal=1.12%  α_vs_width=1.31%  Δobj=+0.000%  build=0.14s solve=0.39s
2026-07-06 15:40:11.496 | INFO     | pycaalp.time_balancing.model:run_mip:430 - Running MIP solver ...
  k=   32    9.9% edges  obj=0.8423  obj_vs_ideal=1.12%  α_vs_width=1.31%  Δobj=-0.000%  build=0.24s solve=0.49s
2026-07-06 15:40:12.204 | INFO     | pycaalp.time_balancing.model:run_mip:430 - Running MIP solver ...
  k=   48   21.4% edges  obj=0.8423  obj_vs_ideal=1.12%  α_vs_width=1.31%  Δobj=+0.000%  build=0.22s solve=0.35s
  → stop: stop_perc_graph

Done. CSV → experiments/adaptive_convergence/assembly_1_np_2/adaptive_convergence_lambda_0.8.csv

----------------- λ = 0.9 -----------------
========================================================================
adaptive convergence (oracle-free) — assembly_1  P=2  λ=0.9
========================================================================

Building assembly digraph …
2026-07-06 15:40:08.919 | INFO     | pycaalp.gapp.assembly_digraph:compute_assembly_digraph_complete:396 - Computing assembly digraph...
  343 nodes, 1105 edges  (0.3s)
  ideal obj (Σ shortest-path bound) = 0.8329
  phase width (T_total/P)           = 1078.42

[adaptive] k-sweep (stop at 10.0% of edges):
2026-07-06 15:40:09.274 | INFO     | pycaalp.time_balancing.model:run_mip:430 - Running MIP solver ...
  k=    1    2.8% edges  obj=0.8430  obj_vs_ideal=1.21%  α_vs_width=1.31%  Δobj=   —     build=0.01s solve=0.07s
2026-07-06 15:40:09.380 | INFO     | pycaalp.time_balancing.model:run_mip:430 - Running MIP solver ...
  k=    2    3.3% edges  obj=0.8430  obj_vs_ideal=1.21%  α_vs_width=1.31%  Δobj=+0.000%  build=0.03s solve=0.10s
2026-07-06 15:40:09.519 | INFO     | pycaalp.time_balancing.model:run_mip:430 - Running MIP solver ...
  k=    3    3.8% edges  obj=0.8430  obj_vs_ideal=1.21%  α_vs_width=1.31%  Δobj=+0.000%  build=0.04s solve=0.08s
2026-07-06 15:40:09.630 | INFO     | pycaalp.time_balancing.model:run_mip:430 - Running MIP solver ...
  k=    4    4.1% edges  obj=0.8430  obj_vs_ideal=1.21%  α_vs_width=1.31%  Δobj=-0.000%  build=0.03s solve=0.08s
2026-07-06 15:40:09.751 | INFO     | pycaalp.time_balancing.model:run_mip:430 - Running MIP solver ...
  k=    6    4.7% edges  obj=0.8430  obj_vs_ideal=1.21%  α_vs_width=1.31%  Δobj=+0.000%  build=0.04s solve=0.08s
2026-07-06 15:40:09.915 | INFO     | pycaalp.time_balancing.model:run_mip:430 - Running MIP solver ...
  k=    8    5.5% edges  obj=0.8430  obj_vs_ideal=1.21%  α_vs_width=1.31%  Δobj=+0.000%  build=0.08s solve=0.18s
2026-07-06 15:40:10.191 | INFO     | pycaalp.time_balancing.model:run_mip:430 - Running MIP solver ...
  k=   12    6.4% edges  obj=0.8430  obj_vs_ideal=1.21%  α_vs_width=1.31%  Δobj=+0.000%  build=0.10s solve=0.19s
2026-07-06 15:40:10.486 | INFO     | pycaalp.time_balancing.model:run_mip:430 - Running MIP solver ...
  k=   16    7.4% edges  obj=0.8430  obj_vs_ideal=1.21%  α_vs_width=1.31%  Δobj=-0.000%  build=0.11s solve=0.32s
2026-07-06 15:40:10.984 | INFO     | pycaalp.time_balancing.model:run_mip:430 - Running MIP solver ...
  k=   24    8.4% edges  obj=0.8430  obj_vs_ideal=1.21%  α_vs_width=1.31%  Δobj=+0.000%  build=0.17s solve=0.32s
2026-07-06 15:40:11.507 | INFO     | pycaalp.time_balancing.model:run_mip:430 - Running MIP solver ...
  k=   32    9.9% edges  obj=0.8430  obj_vs_ideal=1.21%  α_vs_width=1.31%  Δobj=+0.000%  build=0.20s solve=0.27s
2026-07-06 15:40:12.008 | INFO     | pycaalp.time_balancing.model:run_mip:430 - Running MIP solver ...
  k=   48   22.3% edges  obj=0.8430  obj_vs_ideal=1.21%  α_vs_width=1.31%  Δobj=-0.000%  build=0.23s solve=0.51s
  → stop: stop_perc_graph

Done. CSV → experiments/adaptive_convergence/assembly_1_np_2/adaptive_convergence_lambda_0.9.csv
Combined CSV → experiments/adaptive_convergence/assembly_1_np_2/adaptive_convergence.csv
Saved experiments/adaptive_convergence/assembly_1_np_2/convergence_path_vs_cmin_assembly_1_P2.svg
Saved experiments/adaptive_convergence/assembly_1_np_2/convergence_alpha_vs_width_assembly_1_P2.svg
Saved experiments/adaptive_convergence/assembly_1_np_2/convergence_fused_assembly_1_P2.svg
Saved experiments/adaptive_convergence/assembly_1_np_2/solutions_asp_plp_assembly_1_P2.svg
